Archive member included because of file (symbol)

.\ARM_GCC_441\Debug\PioneerKit_P5LP_USB_Audio.a(PSOC_I2S_SCLK.o)
                              .\ARM_GCC_441\Debug\AudioControl.o (PSOC_I2S_SCLK_SetDriveMode)
.\ARM_GCC_441\Debug\PioneerKit_P5LP_USB_Audio.a(I2S.o)
                              .\ARM_GCC_441\Debug\AudioControl.o (I2S_Start)
.\ARM_GCC_441\Debug\PioneerKit_P5LP_USB_Audio.a(AudioClkGen.o)
                              .\ARM_GCC_441\Debug\AudioControl.o (AudioClkGen_Start)
.\ARM_GCC_441\Debug\PioneerKit_P5LP_USB_Audio.a(TxDMA_dma.o)
                              .\ARM_GCC_441\Debug\AudioControl.o (TxDMA_DmaInitialize)
.\ARM_GCC_441\Debug\PioneerKit_P5LP_USB_Audio.a(isr_TxDMADone.o)
                              .\ARM_GCC_441\Debug\AudioControl.o (isr_TxDMADone_Disable)
.\ARM_GCC_441\Debug\PioneerKit_P5LP_USB_Audio.a(PSOC_I2S_SDTO.o)
                              .\ARM_GCC_441\Debug\AudioControl.o (PSOC_I2S_SDTO_SetDriveMode)
.\ARM_GCC_441\Debug\PioneerKit_P5LP_USB_Audio.a(isr_InDMADone.o)
                              .\ARM_GCC_441\Debug\AudioControl.o (isr_InDMADone_StartEx)
.\ARM_GCC_441\Debug\PioneerKit_P5LP_USB_Audio.a(USBInDMA_dma.o)
                              .\ARM_GCC_441\Debug\AudioControl.o (USBInDMA_DmaInitialize)
.\ARM_GCC_441\Debug\PioneerKit_P5LP_USB_Audio.a(PSOC_I2S_MCLK.o)
                              .\ARM_GCC_441\Debug\AudioControl.o (PSOC_I2S_MCLK_SetDriveMode)
.\ARM_GCC_441\Debug\PioneerKit_P5LP_USB_Audio.a(USBOutDMA_dma.o)
                              .\ARM_GCC_441\Debug\AudioControl.o (USBOutDMA_DmaInitialize)
.\ARM_GCC_441\Debug\PioneerKit_P5LP_USB_Audio.a(PSOC_SW.o)
                              .\ARM_GCC_441\Debug\Application.o (PSOC_SW_Read)
.\ARM_GCC_441\Debug\PioneerKit_P5LP_USB_Audio.a(SystemTickTimer.o)
                              .\ARM_GCC_441\Debug\Application.o (SystemTickTimer_Start)
.\ARM_GCC_441\Debug\PioneerKit_P5LP_USB_Audio.a(isr_Tick.o)
                              .\ARM_GCC_441\Debug\Application.o (isr_Tick_StartEx)
.\ARM_GCC_441\Debug\PioneerKit_P5LP_USB_Audio.a(PSOC_I2S_LRCLK.o)
                              .\ARM_GCC_441\Debug\AudioControl.o (PSOC_I2S_LRCLK_SetDriveMode)
.\ARM_GCC_441\Debug\PioneerKit_P5LP_USB_Audio.a(I2S_Tx_DMA_dma.o)
                              .\ARM_GCC_441\Debug\AudioControl.o (I2S_Tx_DMA_DmaInitialize)
.\ARM_GCC_441\Debug\PioneerKit_P5LP_USB_Audio.a(ByteSwap_Tx.o)
                              .\ARM_GCC_441\Debug\AudioControl.o (ByteSwap_Tx_Start)
.\ARM_GCC_441\Debug\PioneerKit_P5LP_USB_Audio.a(clock_CIC.o)
                              .\ARM_GCC_441\Debug\AudioControl.o (Clock_CIC_Start)
.\ARM_GCC_441\Debug\PioneerKit_P5LP_USB_Audio.a(CICOut_L_dma.o)
                              .\ARM_GCC_441\Debug\AudioControl.o (CICOut_L_DmaInitialize)
.\ARM_GCC_441\Debug\PioneerKit_P5LP_USB_Audio.a(CICOut_R_dma.o)
                              .\ARM_GCC_441\Debug\AudioControl.o (CICOut_R_DmaInitialize)
.\ARM_GCC_441\Debug\PioneerKit_P5LP_USB_Audio.a(Droop_Filter.o)
                              .\ARM_GCC_441\Debug\AudioControl.o (Droop_Filter_Enable)
.\ARM_GCC_441\Debug\PioneerKit_P5LP_USB_Audio.a(Droop_Filter_RAM_Data.o)
                              .\ARM_GCC_441\Debug\PioneerKit_P5LP_USB_Audio.a(Droop_Filter.o) (Droop_Filter_control)
.\ARM_GCC_441\Debug\PioneerKit_P5LP_USB_Audio.a(RxDMA_dma.o)
                              .\ARM_GCC_441\Debug\AudioControl.o (RxDMA_DmaInitialize)
.\ARM_GCC_441\Debug\PioneerKit_P5LP_USB_Audio.a(isr_RxDMADone.o)
                              .\ARM_GCC_441\Debug\AudioControl.o (isr_RxDMADone_Disable)
.\ARM_GCC_441\Debug\PioneerKit_P5LP_USB_Audio.a(AudioClkGen_Clock_SCK.o)
                              .\ARM_GCC_441\Debug\PioneerKit_P5LP_USB_Audio.a(AudioClkGen.o) (AudioClkGen_Clock_SCK_SetDividerRegister)
.\ARM_GCC_441\Debug\PioneerKit_P5LP_USB_Audio.a(AudioClkGen_Clock_I2S.o)
                              .\ARM_GCC_441\Debug\PioneerKit_P5LP_USB_Audio.a(AudioClkGen.o) (AudioClkGen_Clock_I2S_SetDividerRegister)
.\ARM_GCC_441\Debug\PioneerKit_P5LP_USB_Audio.a(CyBootAsmGnu.o)
                              .\ARM_GCC_441\Debug\PioneerKit_P5LP_USB_Audio.a(I2S.o) (CyEnterCriticalSection)
.\ARM_GCC_441\Debug\PioneerKit_P5LP_USB_Audio.a(CyDmac.o)
                              .\ARM_GCC_441\Debug\Cm3Start.o (CyDmacConfigure)
.\ARM_GCC_441\Debug\PioneerKit_P5LP_USB_Audio.a(CyLib.o)
                              .\ARM_GCC_441\Debug\Cm3Start.o (CyResetStatus)
.\ARM_GCC_441\Debug\PioneerKit_P5LP_USB_Audio.a(cyPm.o)
                              .\ARM_GCC_441\Debug\USBInterface.o (CyPmSaveClocks)
.\ARM_GCC_441\Debug\PioneerKit_P5LP_USB_Audio.a(PSOC_STATUS_LED.o)
                              .\ARM_GCC_441\Debug\USBInterface.o (PSOC_STATUS_LED_Write)
.\ARM_GCC_441\Debug\PioneerKit_P5LP_USB_Audio.a(USBFS.o)
                              .\ARM_GCC_441\Debug\USBInterface.o (USBFS_initVar)
.\ARM_GCC_441\Debug\PioneerKit_P5LP_USB_Audio.a(USBFS_audio.o)
[...]
Memory Configuration

Name             Origin             Length             Attributes
rom              0x00004d00         0x0001b2c0         xr
ram              0x1fffc000         0x00005800         xrw
*default*        0x00000000         0xffffffff

Linker script and memory map

LOAD c:/program files/cypress/psoc creator/2.2/psoc creator/import/gnu_cs/arm/4.4.1/bin/../lib/gcc/arm-none-eabi/4.4.1/thumb2/crti.o
LOAD c:/program files/cypress/psoc creator/2.2/psoc creator/import/gnu_cs/arm/4.4.1/bin/../lib/gcc/arm-none-eabi/4.4.1/thumb2/crtbegin.o
START GROUP
LOAD .\ARM_GCC_441\Debug\Cm3Start.o
LOAD .\ARM_GCC_441\Debug\Timer.o
LOAD .\ARM_GCC_441\Debug\USBInterface.o
LOAD .\ARM_GCC_441\Debug\VolumeControl.o
LOAD .\ARM_GCC_441\Debug\Application.o
LOAD .\ARM_GCC_441\Debug\AudioControl.o
LOAD .\ARM_GCC_441\Debug\Codec.o
LOAD .\ARM_GCC_441\Debug\Interrupts.o
LOAD .\ARM_GCC_441\Debug\main.o
LOAD .\ARM_GCC_441\Debug\PioneerKit_P5LP_USB_Audio.a
LOAD C:\Program Files\Cypress\PSoC Creator\2.2\PSoC Creator\psoc\content\cycomponentlibrary\CyComponentLibrary.cylib\CortexM3\ARM_GCC_441\Debug\CyComponentLibrary.a
END GROUP
START GROUP
LOAD c:/program files/cypress/psoc creator/2.2/psoc creator/import/gnu_cs/arm/4.4.1/bin/../lib/gcc/arm-none-eabi/4.4.1/thumb2\libgcc.a
LOAD c:/program files/cypress/psoc creator/2.2/psoc creator/import/gnu_cs/arm/4.4.1/bin/../lib/gcc/arm-none-eabi/4.4.1/../../../../arm-none-eabi/lib/thumb2\libc.a
END GROUP
LOAD c:/program files/cypress/psoc creator/2.2/psoc creator/import/gnu_cs/arm/4.4.1/bin/../lib/gcc/arm-none-eabi/4.4.1/thumb2/crtend.o
LOAD c:/program files/cypress/psoc creator/2.2/psoc creator/import/gnu_cs/arm/4.4.1/bin/../lib/gcc/arm-none-eabi/4.4.1/thumb2/crtn.o
START GROUP
LOAD c:/program files/cypress/psoc creator/2.2/psoc creator/import/gnu_cs/arm/4.4.1/bin/../lib/gcc/arm-none-eabi/4.4.1/thumb2\libgcc.a
LOAD c:/program files/cypress/psoc creator/2.2/psoc creator/import/gnu_cs/arm/4.4.1/bin/../lib/gcc/arm-none-eabi/4.4.1/../../../../arm-none-eabi/lib/thumb2\libc.a
LOAD c:/program files/cypress/psoc creator/2.2/psoc creator/import/gnu_cs/arm/4.4.1/bin/../lib/gcc/arm-none-eabi/4.4.1/../../../../arm-none-eabi/lib/thumb2\libcs3.a
LOAD c:/program files/cypress/psoc creator/2.2/psoc creator/import/gnu_cs/arm/4.4.1/bin/../lib/gcc/arm-none-eabi/4.4.1/../../../../arm-none-eabi/lib/thumb2\libcs3unhosted.a
LOAD c:/program files/cypress/psoc creator/2.2/psoc creator/import/gnu_cs/arm/4.4.1/bin/../lib/gcc/arm-none-eabi/4.4.1/../../../../arm-none-eabi/lib/thumb2\libcs3micro.a
END GROUP
                0x1fffcc78                PROVIDE (__cs3_heap_start, _end)
                0x00000001                PROVIDE (__cs3_region_num, ((__cs3_regions_end - __cs3_regions) / 0x14))
                0x20004000                PROVIDE (__cs3_stack, 0x20004000)
                0x20002000                PROVIDE (__cs3_heap_end, (__cs3_stack - 0x2000))

.text           0x00004d00     0xa3bc
 CREATE_OBJECT_SYMBOLS
                0x00004d00                PROVIDE (__cs3_interrupt_vector, RomVectors)
 *(.romvectors)
 .romvectors    0x00004d00       0x10 .\ARM_GCC_441\Debug\Cm3Start.o
                0x00004d00                RomVectors
 *(.cs3.interrupt_vector)
                0x00004d01                ASSERT ((. != __cs3_interrupt_vector), No interrupt vector)
                0x00004da4                PROVIDE (__cs3_reset, Reset)
 *(.cs3.reset)
                0x00004d01                ASSERT ((. != __cs3_reset), No reset code)
 *(.dma_init)
                0x00004d01                ASSERT ((((0x4d00 + .) <= 0x10000) || 0x1), DMA Init must be within the first 64k of flash)
 *(.text.cs3.init)
 .text.cs3.init
                0x00004d10       0x5c c:/program files/cypress/psoc creator/2.2/psoc creator/import/gnu_cs/arm/4.4.1/bin/../lib/gcc/arm-none-eabi/4.4.1/../../../../arm-none-eabi/lib/thumb2\libcs3.a(start_c.o)
                0x00004d10                __cs3_start_c
 *(.text .text.* .gnu.linkonce.t.*)
 .text          0x00004d6c       0x30 c:/program files/cypress/psoc creator/2.2/psoc creator/import/gnu_cs/arm/4.4.1/bin/../lib/gcc/arm-none-eabi/4.4.1/thumb2/crtbegin.o
 .text.IntDefaultHandler
                0x00004d9c        0x8 .\ARM_GCC_441\Debug\Cm3Start.o
                0x00004d9c                IntDefaultHandler
 .text.Reset    0x00004da4        0xc .\ARM_GCC_441\Debug\Cm3Start.o
                0x00004da4                Reset
 .text.initialize_psoc
                0x00004db0       0xb8 .\ARM_GCC_441\Debug\Cm3Start.o
                0x00004db0                initialize_psoc
 .text.HandleApplicationTimerTick
                0x00004e68       0x78 .\ARM_GCC_441\Debug\Timer.o
                0x00004e68                HandleApplicationTimerTick
 .text.ServiceUSB
                0x00004ee0      0x204 .\ARM_GCC_441\Debug\USBInterface.o
                0x00004ee0                ServiceUSB
 .text.ServiceUSBSuspend
                0x000050e4      0x118 .\ARM_GCC_441\Debug\USBInterface.o
                0x000050e4                ServiceUSBSuspend
 .text.HandleUSBHostInterface
                0x000051fc       0x3c .\ARM_GCC_441\Debug\USBInterface.o
                0x000051fc                HandleUSBHostInterface
 .text.ConfigureApplication
                0x00005238       0x28 .\ARM_GCC_441\Debug\Application.o
                0x00005238                ConfigureApplication
 .text.HandleApplicationInterface
                0x00005260       0x10 .\ARM_GCC_441\Debug\Application.o
                0x00005260                HandleApplicationInterface
 .text.HandleUserInputs
                0x00005270       0x60 .\ARM_GCC_441\Debug\Application.o
 .text.CheckPlayPauseButton
                0x000052d0       0xd8 .\ARM_GCC_441\Debug\Application.o
 .text.ConfigureAudioPath
                0x000053a8      0x36c .\ARM_GCC_441\Debug\AudioControl.o
                0x000053a8                ConfigureAudioPath
 .text.ProcessAudioIn
                0x00005714      0x370 .\ARM_GCC_441\Debug\AudioControl.o
                0x00005714                ProcessAudioIn
 .text.Stop_I2S_Tx
                0x00005a84       0x7c .\ARM_GCC_441\Debug\AudioControl.o
                0x00005a84                Stop_I2S_Tx
 .text.Stop_PDM_InPath
                0x00005b00       0x74 .\ARM_GCC_441\Debug\AudioControl.o
                0x00005b00                Stop_PDM_InPath
 .text.SetClockRate
                0x00005b74       0xa0 .\ARM_GCC_441\Debug\AudioControl.o
                0x00005b74                SetClockRate
 .text.StartAudioComponents
                0x00005c14       0x5c .\ARM_GCC_441\Debug\AudioControl.o
                0x00005c14                StartAudioComponents
 .text.StopAudioComponents
                0x00005c70       0x74 .\ARM_GCC_441\Debug\AudioControl.o
                0x00005c70                StopAudioComponents
 .text.HandleSamplingFrequencyChangeRequest
                0x00005ce4      0x1b4 .\ARM_GCC_441\Debug\AudioControl.o
                0x00005ce4                HandleSamplingFrequencyChangeRequest
 .text.HandleDigitalAudioLowPowerMode
                0x00005e98      0x13c .\ARM_GCC_441\Debug\AudioControl.o
                0x00005e98                HandleDigitalAudioLowPowerMode
 .text.UpdateAudioStatusUI
                0x00005fd4       0x60 .\ARM_GCC_441\Debug\AudioControl.o
                0x00005fd4                UpdateAudioStatusUI
 .text.HandleAudioInBuffer
                0x00006034       0x6c .\ARM_GCC_441\Debug\AudioControl.o
                0x00006034                HandleAudioInBuffer
 .text.CICOutDMA_ConfigAndStart
                0x000060a0      0x120 .\ARM_GCC_441\Debug\AudioControl.o
                0x000060a0                CICOutDMA_ConfigAndStart
 .text.Droop_Filter_ModifiedSaveConfig
                0x000061c0       0x4c .\ARM_GCC_441\Debug\AudioControl.o
                0x000061c0                Droop_Filter_ModifiedSaveConfig
 .text.Droop_Filter_ModifiedRestoreConfig
                0x0000620c       0xa4 .\ARM_GCC_441\Debug\AudioControl.o
                0x0000620c                Droop_Filter_ModifiedRestoreConfig
 .text.Droop_Filter_ModifiedSleep
                0x000062b0       0x40 .\ARM_GCC_441\Debug\AudioControl.o
                0x000062b0                Droop_Filter_ModifiedSleep
 .text.Droop_Filter_ModifiedWakeup
                0x000062f0       0x1c .\ARM_GCC_441\Debug\AudioControl.o
                0x000062f0                Droop_Filter_ModifiedWakeup
 .text.Droop_Filter_ModifiedLoadReg32
                0x0000630c       0x50 .\ARM_GCC_441\Debug\AudioControl.o
                0x0000630c                Droop_Filter_ModifiedLoadReg32
 .text.Droop_Filter_ModifiedZeroReg32
                0x0000635c       0x44 .\ARM_GCC_441\Debug\AudioControl.o
                0x0000635c                Droop_Filter_ModifiedZeroReg32
 .text.InitCirrusCodec
                0x000063a0        0xc .\ARM_GCC_441\Debug\Codec.o
                0x000063a0                InitCirrusCodec
 .text.InDMADone_Interrupt
                0x000063ac       0x20 .\ARM_GCC_441\Debug\Interrupts.o
                0x000063ac                InDMADone_Interrupt
 .text.RxDMADone_Interrupt
                0x000063cc       0x8c .\ARM_GCC_441\Debug\Interrupts.o
                0x000063cc                RxDMADone_Interrupt
 .text.Tick_Interrupt
                0x00006458       0x30 .\ARM_GCC_441\Debug\Interrupts.o
                0x00006458                Tick_Interrupt
 .text.TxDMADone_Interrupt
                0x00006488       0x88 .\ARM_GCC_441\Debug\Interrupts.o
                0x00006488                TxDMADone_Interrupt
 .text.cicOverflow_Interrupt
                0x00006510       0x18 .\ARM_GCC_441\Debug\Interrupts.o
                0x00006510                cicOverflow_Interrupt
 .text.main     0x00006528       0x38 .\ARM_GCC_441\Debug\main.o
                0x00006528                main
 .text.PSOC_I2S_SCLK_SetDriveMode
                0x00006560       0x40 .\ARM_GCC_441\Debug\PioneerKit_P5LP_USB_Audio.a(PSOC_I2S_SCLK.o)
                0x00006560                PSOC_I2S_SCLK_SetDriveMode
 .text.I2S_Enable
                0x000065a0       0x58 .\ARM_GCC_441\Debug\PioneerKit_P5LP_USB_Audio.a(I2S.o)
                0x000065a0                I2S_Enable
 .text.I2S_Init
                0x000065f8       0x10 .\ARM_GCC_441\Debug\PioneerKit_P5LP_USB_Audio.a(I2S.o)
                0x000065f8                I2S_Init
 .text.I2S_Start
                0x00006608       0x2c .\ARM_GCC_441\Debug\PioneerKit_P5LP_USB_Audio.a(I2S.o)
                0x00006608                I2S_Start
 .text.I2S_Stop
                0x00006634       0x68 .\ARM_GCC_441\Debug\PioneerKit_P5LP_USB_Audio.a(I2S.o)
                0x00006634                I2S_Stop
 .text.I2S_DisableTx
                0x0000669c       0x54 .\ARM_GCC_441\Debug\PioneerKit_P5LP_USB_Audio.a(I2S.o)
                0x0000669c                I2S_DisableTx
 .text.I2S_SetTxInterruptMode
                0x000066f0       0x24 .\ARM_GCC_441\Debug\PioneerKit_P5LP_USB_Audio.a(I2S.o)
                0x000066f0                I2S_SetTxInterruptMode
 .text.I2S_ClearTxFIFO
                0x00006714       0x54 .\ARM_GCC_441\Debug\PioneerKit_P5LP_USB_Audio.a(I2S.o)
                0x00006714                I2S_ClearTxFIFO
 .text.AudioClkGen_Start
                0x00006768       0x60 .\ARM_GCC_441\Debug\PioneerKit_P5LP_USB_Audio.a(AudioClkGen.o)
                0x00006768                AudioClkGen_Start
 .text.AudioClkGen_SetAudioRate
                0x000067c8      0x240 .\ARM_GCC_441\Debug\PioneerKit_P5LP_USB_Audio.a(AudioClkGen.o)
                0x000067c8                AudioClkGen_SetAudioRate
 .text.TxDMA_DmaInitialize
                0x00006a08       0x84 .\ARM_GCC_441\Debug\PioneerKit_P5LP_USB_Audio.a(TxDMA_dma.o)
                0x00006a08                TxDMA_DmaInitialize
 .text.isr_TxDMADone_StartEx
                0x00006a8c       0x28 .\ARM_GCC_441\Debug\PioneerKit_P5LP_USB_Audio.a(isr_TxDMADone.o)
                0x00006a8c                isr_TxDMADone_StartEx
 .text.isr_TxDMADone_SetVector
                0x00006ab4       0x28 .\ARM_GCC_441\Debug\PioneerKit_P5LP_USB_Audio.a(isr_TxDMADone.o)
                0x00006ab4                isr_TxDMADone_SetVector
 .text.isr_TxDMADone_SetPriority
                0x00006adc       0x28 .\ARM_GCC_441\Debug\PioneerKit_P5LP_USB_Audio.a(isr_TxDMADone.o)
                0x00006adc                isr_TxDMADone_SetPriority
 .text.isr_TxDMADone_Enable
                0x00006b04       0x18 .\ARM_GCC_441\Debug\PioneerKit_P5LP_USB_Audio.a(isr_TxDMADone.o)
                0x00006b04                isr_TxDMADone_Enable
 .text.isr_TxDMADone_Disable
                0x00006b1c       0x18 .\ARM_GCC_441\Debug\PioneerKit_P5LP_USB_Audio.a(isr_TxDMADone.o)
                0x00006b1c                isr_TxDMADone_Disable
 .text.PSOC_I2S_SDTO_SetDriveMode
                0x00006b34       0x40 .\ARM_GCC_441\Debug\PioneerKit_P5LP_USB_Audio.a(PSOC_I2S_SDTO.o)
                0x00006b34                PSOC_I2S_SDTO_SetDriveMode
 .text.isr_InDMADone_StartEx
                0x00006b74       0x28 .\ARM_GCC_441\Debug\PioneerKit_P5LP_USB_Audio.a(isr_InDMADone.o)
                0x00006b74                isr_InDMADone_StartEx
 .text.isr_InDMADone_SetVector
                0x00006b9c       0x28 .\ARM_GCC_441\Debug\PioneerKit_P5LP_USB_Audio.a(isr_InDMADone.o)
                0x00006b9c                isr_InDMADone_SetVector
 .text.isr_InDMADone_SetPriority
                0x00006bc4       0x28 .\ARM_GCC_441\Debug\PioneerKit_P5LP_USB_Audio.a(isr_InDMADone.o)
                0x00006bc4                isr_InDMADone_SetPriority
 .text.isr_InDMADone_Enable
                0x00006bec       0x18 .\ARM_GCC_441\Debug\PioneerKit_P5LP_USB_Audio.a(isr_InDMADone.o)
                0x00006bec                isr_InDMADone_Enable
 .text.isr_InDMADone_Disable
                0x00006c04       0x18 .\ARM_GCC_441\Debug\PioneerKit_P5LP_USB_Audio.a(isr_InDMADone.o)
                0x00006c04                isr_InDMADone_Disable
 .text.USBInDMA_DmaInitialize
                0x00006c1c       0x84 .\ARM_GCC_441\Debug\PioneerKit_P5LP_USB_Audio.a(USBInDMA_dma.o)
                0x00006c1c                USBInDMA_DmaInitialize
 .text.PSOC_I2S_MCLK_SetDriveMode
                0x00006ca0       0x40 .\ARM_GCC_441\Debug\PioneerKit_P5LP_USB_Audio.a(PSOC_I2S_MCLK.o)
                0x00006ca0                PSOC_I2S_MCLK_SetDriveMode
 .text.USBOutDMA_DmaInitialize
                0x00006ce0       0x84 .\ARM_GCC_441\Debug\PioneerKit_P5LP_USB_Audio.a(USBOutDMA_dma.o)
                0x00006ce0                USBOutDMA_DmaInitialize
 .text.PSOC_SW_Read
                0x00006d64       0x24 .\ARM_GCC_441\Debug\PioneerKit_P5LP_USB_Audio.a(PSOC_SW.o)
                0x00006d64                PSOC_SW_Read
 .text.SystemTickTimer_Start
                0x00006d88       0x2c .\ARM_GCC_441\Debug\PioneerKit_P5LP_USB_Audio.a(SystemTickTimer.o)
                0x00006d88                SystemTickTimer_Start
 .text.SystemTickTimer_Init
                0x00006db4       0x14 .\ARM_GCC_441\Debug\PioneerKit_P5LP_USB_Audio.a(SystemTickTimer.o)
                0x00006db4                SystemTickTimer_Init
 .text.SystemTickTimer_Enable
                0x00006dc8       0x98 .\ARM_GCC_441\Debug\PioneerKit_P5LP_USB_Audio.a(SystemTickTimer.o)
                0x00006dc8                SystemTickTimer_Enable
 .text.SystemTickTimer_EnableInt
                0x00006e60       0x3c .\ARM_GCC_441\Debug\PioneerKit_P5LP_USB_Audio.a(SystemTickTimer.o)
                0x00006e60                SystemTickTimer_EnableInt
 .text.SystemTickTimer_SetInterval
                0x00006e9c       0x50 .\ARM_GCC_441\Debug\PioneerKit_P5LP_USB_Audio.a(SystemTickTimer.o)
                0x00006e9c                SystemTickTimer_SetInterval
 .text.isr_Tick_StartEx
                0x00006eec       0x28 .\ARM_GCC_441\Debug\PioneerKit_P5LP_USB_Audio.a(isr_Tick.o)
                0x00006eec                isr_Tick_StartEx
 .text.isr_Tick_SetVector
                0x00006f14       0x28 .\ARM_GCC_441\Debug\PioneerKit_P5LP_USB_Audio.a(isr_Tick.o)
                0x00006f14                isr_Tick_SetVector
 .text.isr_Tick_SetPriority
                0x00006f3c       0x28 .\ARM_GCC_441\Debug\PioneerKit_P5LP_USB_Audio.a(isr_Tick.o)
                0x00006f3c                isr_Tick_SetPriority
 .text.isr_Tick_Enable
                0x00006f64       0x18 .\ARM_GCC_441\Debug\PioneerKit_P5LP_USB_Audio.a(isr_Tick.o)
                0x00006f64                isr_Tick_Enable
 .text.isr_Tick_Disable
                0x00006f7c       0x18 .\ARM_GCC_441\Debug\PioneerKit_P5LP_USB_Audio.a(isr_Tick.o)
                0x00006f7c                isr_Tick_Disable
 .text.PSOC_I2S_LRCLK_SetDriveMode
                0x00006f94       0x40 .\ARM_GCC_441\Debug\PioneerKit_P5LP_USB_Audio.a(PSOC_I2S_LRCLK.o)
                0x00006f94                PSOC_I2S_LRCLK_SetDriveMode
 .text.I2S_Tx_DMA_DmaInitialize
                0x00006fd4       0x84 .\ARM_GCC_441\Debug\PioneerKit_P5LP_USB_Audio.a(I2S_Tx_DMA_dma.o)
                0x00006fd4                I2S_Tx_DMA_DmaInitialize
 .text.ByteSwap_Tx_Stop
                0x00007058       0x40 .\ARM_GCC_441\Debug\PioneerKit_P5LP_USB_Audio.a(ByteSwap_Tx.o)
                0x00007058                ByteSwap_Tx_Stop
 .text.Clock_CIC_Start
                0x00007098       0x44 .\ARM_GCC_441\Debug\PioneerKit_P5LP_USB_Audio.a(clock_CIC.o)
                0x00007098                Clock_CIC_Start
 .text.Clock_CIC_Stop
                0x000070dc       0x40 .\ARM_GCC_441\Debug\PioneerKit_P5LP_USB_Audio.a(clock_CIC.o)
                0x000070dc                Clock_CIC_Stop
 .text.Clock_CIC_SetDividerRegister
                0x0000711c      0x1e8 .\ARM_GCC_441\Debug\PioneerKit_P5LP_USB_Audio.a(clock_CIC.o)
                0x0000711c                Clock_CIC_SetDividerRegister
 .text.Clock_CIC_GetDividerRegister
                0x00007304       0x18 .\ARM_GCC_441\Debug\PioneerKit_P5LP_USB_Audio.a(clock_CIC.o)
                0x00007304                Clock_CIC_GetDividerRegister
 .text.Clock_CIC_GetSourceRegister
                0x0000731c       0x1c .\ARM_GCC_441\Debug\PioneerKit_P5LP_USB_Audio.a(clock_CIC.o)
                0x0000731c                Clock_CIC_GetSourceRegister
 .text.CICOut_L_DmaInitialize
                0x00007338       0x84 .\ARM_GCC_441\Debug\PioneerKit_P5LP_USB_Audio.a(CICOut_L_dma.o)
                0x00007338                CICOut_L_DmaInitialize
 .text.CICOut_R_DmaInitialize
                0x000073bc       0x84 .\ARM_GCC_441\Debug\PioneerKit_P5LP_USB_Audio.a(CICOut_R_dma.o)
                0x000073bc                CICOut_R_DmaInitialize
 .text.Droop_Filter_LoadReg32
                0x00007440       0x50 .\ARM_GCC_441\Debug\PioneerKit_P5LP_USB_Audio.a(Droop_Filter.o)
 .text.Droop_Filter_ZeroReg32
                0x00007490       0x44 .\ARM_GCC_441\Debug\PioneerKit_P5LP_USB_Audio.a(Droop_Filter.o)
 .text.Droop_Filter_Init
                0x000074d4      0x1b8 .\ARM_GCC_441\Debug\PioneerKit_P5LP_USB_Audio.a(Droop_Filter.o)
                0x000074d4                Droop_Filter_Init
 .text.Droop_Filter_Enable
                0x0000768c       0x80 .\ARM_GCC_441\Debug\PioneerKit_P5LP_USB_Audio.a(Droop_Filter.o)
                0x0000768c                Droop_Filter_Enable
 .text.Droop_Filter_Start
                0x0000770c       0x2c .\ARM_GCC_441\Debug\PioneerKit_P5LP_USB_Audio.a(Droop_Filter.o)
                0x0000770c                Droop_Filter_Start
 .text.Droop_Filter_Stop
                0x00007738       0x6c .\ARM_GCC_441\Debug\PioneerKit_P5LP_USB_Audio.a(Droop_Filter.o)
                0x00007738                Droop_Filter_Stop
 .text.Droop_Filter_SetInterruptMode
                0x000077a4       0x24 .\ARM_GCC_441\Debug\PioneerKit_P5LP_USB_Audio.a(Droop_Filter.o)
                0x000077a4                Droop_Filter_SetInterruptMode
 .text.Droop_Filter_SetDMAMode
                0x000077c8       0x24 .\ARM_GCC_441\Debug\PioneerKit_P5LP_USB_Audio.a(Droop_Filter.o)
                0x000077c8                Droop_Filter_SetDMAMode
 .text.Droop_Filter_SetOutput1Source
                0x000077ec       0x38 .\ARM_GCC_441\Debug\PioneerKit_P5LP_USB_Audio.a(Droop_Filter.o)
                0x000077ec                Droop_Filter_SetOutput1Source
 .text.Droop_Filter_SetOutput2Source
                0x00007824       0x38 .\ARM_GCC_441\Debug\PioneerKit_P5LP_USB_Audio.a(Droop_Filter.o)
                0x00007824                Droop_Filter_SetOutput2Source
 .text.RxDMA_DmaInitialize
                0x0000785c       0x84 .\ARM_GCC_441\Debug\PioneerKit_P5LP_USB_Audio.a(RxDMA_dma.o)
                0x0000785c                RxDMA_DmaInitialize
 .text.isr_RxDMADone_StartEx
                0x000078e0       0x28 .\ARM_GCC_441\Debug\PioneerKit_P5LP_USB_Audio.a(isr_RxDMADone.o)
                0x000078e0                isr_RxDMADone_StartEx
 .text.isr_RxDMADone_SetVector
                0x00007908       0x28 .\ARM_GCC_441\Debug\PioneerKit_P5LP_USB_Audio.a(isr_RxDMADone.o)
                0x00007908                isr_RxDMADone_SetVector
 .text.isr_RxDMADone_SetPriority
                0x00007930       0x28 .\ARM_GCC_441\Debug\PioneerKit_P5LP_USB_Audio.a(isr_RxDMADone.o)
                0x00007930                isr_RxDMADone_SetPriority
 .text.isr_RxDMADone_Enable
                0x00007958       0x18 .\ARM_GCC_441\Debug\PioneerKit_P5LP_USB_Audio.a(isr_RxDMADone.o)
                0x00007958                isr_RxDMADone_Enable
 .text.isr_RxDMADone_Disable
                0x00007970       0x18 .\ARM_GCC_441\Debug\PioneerKit_P5LP_USB_Audio.a(isr_RxDMADone.o)
                0x00007970                isr_RxDMADone_Disable
 .text.AudioClkGen_Clock_SCK_SetDividerRegister
                0x00007988      0x1e4 .\ARM_GCC_441\Debug\PioneerKit_P5LP_USB_Audio.a(AudioClkGen_Clock_SCK.o)
                0x00007988                AudioClkGen_Clock_SCK_SetDividerRegister
 .text.AudioClkGen_Clock_SCK_GetDividerRegister
                0x00007b6c       0x18 .\ARM_GCC_441\Debug\PioneerKit_P5LP_USB_Audio.a(AudioClkGen_Clock_SCK.o)
                0x00007b6c                AudioClkGen_Clock_SCK_GetDividerRegister
 .text.AudioClkGen_Clock_SCK_GetSourceRegister
                0x00007b84       0x1c .\ARM_GCC_441\Debug\PioneerKit_P5LP_USB_Audio.a(AudioClkGen_Clock_SCK.o)
                0x00007b84                AudioClkGen_Clock_SCK_GetSourceRegister
 .text.AudioClkGen_Clock_I2S_SetDividerRegister
                0x00007ba0      0x1e4 .\ARM_GCC_441\Debug\PioneerKit_P5LP_USB_Audio.a(AudioClkGen_Clock_I2S.o)
                0x00007ba0                AudioClkGen_Clock_I2S_SetDividerRegister
 .text.AudioClkGen_Clock_I2S_GetDividerRegister
                0x00007d84       0x18 .\ARM_GCC_441\Debug\PioneerKit_P5LP_USB_Audio.a(AudioClkGen_Clock_I2S.o)
                0x00007d84                AudioClkGen_Clock_I2S_GetDividerRegister
 .text.AudioClkGen_Clock_I2S_GetSourceRegister
                0x00007d9c       0x1c .\ARM_GCC_441\Debug\PioneerKit_P5LP_USB_Audio.a(AudioClkGen_Clock_I2S.o)
                0x00007d9c                AudioClkGen_Clock_I2S_GetSourceRegister
 .text          0x00007db8       0x20 .\ARM_GCC_441\Debug\PioneerKit_P5LP_USB_Audio.a(CyBootAsmGnu.o)
                0x00007db8                CyDelayCycles
                0x00007dc8                CyEnterCriticalSection
                0x00007dd0                CyExitCriticalSection
 .text.CyDmacConfigure
                0x00007dd8       0x70 .\ARM_GCC_441\Debug\PioneerKit_P5LP_USB_Audio.a(CyDmac.o)
                0x00007dd8                CyDmacConfigure
 .text.CyDmaChEnable
                0x00007e48       0x70 .\ARM_GCC_441\Debug\PioneerKit_P5LP_USB_Audio.a(CyDmac.o)
                0x00007e48                CyDmaChEnable
 .text.CyDmaChDisable
                0x00007eb8       0x54 .\ARM_GCC_441\Debug\PioneerKit_P5LP_USB_Audio.a(CyDmac.o)
                0x00007eb8                CyDmaChDisable
 .text.CyDmaClearPendingDrq
                0x00007f0c       0x84 .\ARM_GCC_441\Debug\PioneerKit_P5LP_USB_Audio.a(CyDmac.o)
                0x00007f0c                CyDmaClearPendingDrq
 .text.CyDmaChPriority
                0x00007f90       0x70 .\ARM_GCC_441\Debug\PioneerKit_P5LP_USB_Audio.a(CyDmac.o)
                0x00007f90                CyDmaChPriority
 .text.CyDmaChSetExtendedAddress
                0x00008000       0x88 .\ARM_GCC_441\Debug\PioneerKit_P5LP_USB_Audio.a(CyDmac.o)
                0x00008000                CyDmaChSetExtendedAddress
 .text.CyDmaChSetInitialTd
                0x00008088       0x44 .\ARM_GCC_441\Debug\PioneerKit_P5LP_USB_Audio.a(CyDmac.o)
                0x00008088                CyDmaChSetInitialTd
 .text.CyDmaChSetRequest
                0x000080cc       0x68 .\ARM_GCC_441\Debug\PioneerKit_P5LP_USB_Audio.a(CyDmac.o)
                0x000080cc                CyDmaChSetRequest
 .text.CyDmaChSetConfiguration
                0x00008134       0xa0 .\ARM_GCC_441\Debug\PioneerKit_P5LP_USB_Audio.a(CyDmac.o)
                0x00008134                CyDmaChSetConfiguration
 .text.CyDmaTdAllocate
                0x000081d4       0x78 .\ARM_GCC_441\Debug\PioneerKit_P5LP_USB_Audio.a(CyDmac.o)
                0x000081d4                CyDmaTdAllocate
 .text.CyDmaTdFree
                0x0000824c       0x6c .\ARM_GCC_441\Debug\PioneerKit_P5LP_USB_Audio.a(CyDmac.o)
                0x0000824c                CyDmaTdFree
 .text.CyDmaTdSetConfiguration
                0x000082b8       0x74 .\ARM_GCC_441\Debug\PioneerKit_P5LP_USB_Audio.a(CyDmac.o)
                0x000082b8                CyDmaTdSetConfiguration
 .text.CyDmaTdSetAddress
                0x0000832c       0x68 .\ARM_GCC_441\Debug\PioneerKit_P5LP_USB_Audio.a(CyDmac.o)
                0x0000832c                CyDmaTdSetAddress
 .text.CyPLL_OUT_Start
                0x00008394       0xdc .\ARM_GCC_441\Debug\PioneerKit_P5LP_USB_Audio.a(CyLib.o)
                0x00008394                CyPLL_OUT_Start
 .text.CyPLL_OUT_Stop
                0x00008470       0x24 .\ARM_GCC_441\Debug\PioneerKit_P5LP_USB_Audio.a(CyLib.o)
                0x00008470                CyPLL_OUT_Stop
 .text.CyPLL_OUT_SetSource
                0x00008494       0x64 .\ARM_GCC_441\Debug\PioneerKit_P5LP_USB_Audio.a(CyLib.o)
                0x00008494                CyPLL_OUT_SetSource
 .text.CyIMO_Start
                0x000084f8       0xd0 .\ARM_GCC_441\Debug\PioneerKit_P5LP_USB_Audio.a(CyLib.o)
                0x000084f8                CyIMO_Start
 .text.CyIMO_Stop
                0x000085c8       0x24 .\ARM_GCC_441\Debug\PioneerKit_P5LP_USB_Audio.a(CyLib.o)
                0x000085c8                CyIMO_Stop
 .text.CyUSB_PowerOnCheck
                0x000085ec       0x74 .\ARM_GCC_441\Debug\PioneerKit_P5LP_USB_Audio.a(CyLib.o)
 .text.CyIMO_SetTrimValue
                0x00008660      0x144 .\ARM_GCC_441\Debug\PioneerKit_P5LP_USB_Audio.a(CyLib.o)
 .text.CyIMO_SetFreq
                0x000087a4      0x1e4 .\ARM_GCC_441\Debug\PioneerKit_P5LP_USB_Audio.a(CyLib.o)
                0x000087a4                CyIMO_SetFreq
 .text.CyIMO_SetSource
                0x00008988       0xb8 .\ARM_GCC_441\Debug\PioneerKit_P5LP_USB_Audio.a(CyLib.o)
                0x00008988                CyIMO_SetSource
 .text.CyIMO_EnableDoubler
                0x00008a40       0x28 .\ARM_GCC_441\Debug\PioneerKit_P5LP_USB_Audio.a(CyLib.o)
                0x00008a40                CyIMO_EnableDoubler
 .text.CyIMO_DisableDoubler
                0x00008a68       0x24 .\ARM_GCC_441\Debug\PioneerKit_P5LP_USB_Audio.a(CyLib.o)
                0x00008a68                CyIMO_DisableDoubler
 .text.CyMasterClk_SetSource
                0x00008a8c       0x3c .\ARM_GCC_441\Debug\PioneerKit_P5LP_USB_Audio.a(CyLib.o)
                0x00008a8c                CyMasterClk_SetSource
 .text.CyMasterClk_SetDivider
                0x00008ac8       0x20 .\ARM_GCC_441\Debug\PioneerKit_P5LP_USB_Audio.a(CyLib.o)
                0x00008ac8                CyMasterClk_SetDivider
 .text.CyBusClk_Internal_SetDivider
                0x00008ae8       0x9c .\ARM_GCC_441\Debug\PioneerKit_P5LP_USB_Audio.a(CyLib.o)
 .text.CyBusClk_SetDivider
                0x00008b84       0xcc .\ARM_GCC_441\Debug\PioneerKit_P5LP_USB_Audio.a(CyLib.o)
                0x00008b84                CyBusClk_SetDivider
 .text.CyILO_Start1K
                0x00008c50       0x28 .\ARM_GCC_441\Debug\PioneerKit_P5LP_USB_Audio.a(CyLib.o)
                0x00008c50                CyILO_Start1K
 .text.CyILO_Start100K
                0x00008c78       0x28 .\ARM_GCC_441\Debug\PioneerKit_P5LP_USB_Audio.a(CyLib.o)
                0x00008c78                CyILO_Start100K
 .text.CyILO_Stop100K
                0x00008ca0       0x24 .\ARM_GCC_441\Debug\PioneerKit_P5LP_USB_Audio.a(CyLib.o)
                0x00008ca0                CyILO_Stop100K
 .text.CyXTAL_Start
                0x00008cc4      0x100 .\ARM_GCC_441\Debug\PioneerKit_P5LP_USB_Audio.a(CyLib.o)
                0x00008cc4                CyXTAL_Start
 .text.CyXTAL_Stop
                0x00008dc4       0x24 .\ARM_GCC_441\Debug\PioneerKit_P5LP_USB_Audio.a(CyLib.o)
                0x00008dc4                CyXTAL_Stop
 .text.CyHalt   0x00008de8       0x18 .\ARM_GCC_441\Debug\PioneerKit_P5LP_USB_Audio.a(CyLib.o)
                0x00008de8                CyHalt
 .text.CyDelay  0x00008e00       0x48 .\ARM_GCC_441\Debug\PioneerKit_P5LP_USB_Audio.a(CyLib.o)
                0x00008e00                CyDelay
 .text.CyDelayUs
                0x00008e48       0x28 .\ARM_GCC_441\Debug\PioneerKit_P5LP_USB_Audio.a(CyLib.o)
                0x00008e48                CyDelayUs
 .text.CyDelayFreq
                0x00008e70       0xac .\ARM_GCC_441\Debug\PioneerKit_P5LP_USB_Audio.a(CyLib.o)
                0x00008e70                CyDelayFreq
 .text.CyWdtStart
                0x00008f1c       0xc4 .\ARM_GCC_441\Debug\PioneerKit_P5LP_USB_Audio.a(CyLib.o)
                0x00008f1c                CyWdtStart
 .text.CyWdtClear
                0x00008fe0       0x18 .\ARM_GCC_441\Debug\PioneerKit_P5LP_USB_Audio.a(CyLib.o)
                0x00008fe0                CyWdtClear
 .text.CyIntSetVector
                0x00008ff8       0x60 .\ARM_GCC_441\Debug\PioneerKit_P5LP_USB_Audio.a(CyLib.o)
                0x00008ff8                CyIntSetVector
 .text.CyIntSetPriority
                0x00009058       0x4c .\ARM_GCC_441\Debug\PioneerKit_P5LP_USB_Audio.a(CyLib.o)
                0x00009058                CyIntSetPriority
 .text.CyPmSaveClocks
                0x000090a4      0x350 .\ARM_GCC_441\Debug\PioneerKit_P5LP_USB_Audio.a(cyPm.o)
                0x000090a4                CyPmSaveClocks
 .text.CyPmRestoreClocks
                0x000093f4      0x3f8 .\ARM_GCC_441\Debug\PioneerKit_P5LP_USB_Audio.a(cyPm.o)
                0x000093f4                CyPmRestoreClocks
 .text.CyPmSleep
                0x000097ec      0x218 .\ARM_GCC_441\Debug\PioneerKit_P5LP_USB_Audio.a(cyPm.o)
                0x000097ec                CyPmSleep
 .text.CyPmReadStatus
                0x00009a04       0x7c .\ARM_GCC_441\Debug\PioneerKit_P5LP_USB_Audio.a(cyPm.o)
                0x00009a04                CyPmReadStatus
 .text.CyPmFtwSetInterval
                0x00009a80       0xdc .\ARM_GCC_441\Debug\PioneerKit_P5LP_USB_Audio.a(cyPm.o)
                0x00009a80                CyPmFtwSetInterval
 .text.CyPmSlpSaveSet
                0x00009b5c        0xc .\ARM_GCC_441\Debug\PioneerKit_P5LP_USB_Audio.a(cyPm.o)
 .text.CyPmSlpRestore
                0x00009b68        0xc .\ARM_GCC_441\Debug\PioneerKit_P5LP_USB_Audio.a(cyPm.o)
 .text.CyPmHibSlpSaveSet
                0x00009b74      0x454 .\ARM_GCC_441\Debug\PioneerKit_P5LP_USB_Audio.a(cyPm.o)
 .text.CyPmHibSlpRestore
                0x00009fc8      0x270 .\ARM_GCC_441\Debug\PioneerKit_P5LP_USB_Audio.a(cyPm.o)
 .text.PSOC_STATUS_LED_Write
                0x0000a238       0x44 .\ARM_GCC_441\Debug\PioneerKit_P5LP_USB_Audio.a(PSOC_STATUS_LED.o)
                0x0000a238                PSOC_STATUS_LED_Write
 .text.PSOC_STATUS_LED_Read
                0x0000a27c       0x24 .\ARM_GCC_441\Debug\PioneerKit_P5LP_USB_Audio.a(PSOC_STATUS_LED.o)
                0x0000a27c                PSOC_STATUS_LED_Read
 .text.USBFS_Start
                0x0000a2a0       0x44 .\ARM_GCC_441\Debug\PioneerKit_P5LP_USB_Audio.a(USBFS.o)
                0x0000a2a0                USBFS_Start
 .text.USBFS_Init
                0x0000a2e4      0x270 .\ARM_GCC_441\Debug\PioneerKit_P5LP_USB_Audio.a(USBFS.o)
                0x0000a2e4                USBFS_Init
 .text.USBFS_InitComponent
                0x0000a554      0x188 .\ARM_GCC_441\Debug\PioneerKit_P5LP_USB_Audio.a(USBFS.o)
                0x0000a554                USBFS_InitComponent
 .text.USBFS_ReInitComponent
                0x0000a6dc       0xb4 .\ARM_GCC_441\Debug\PioneerKit_P5LP_USB_Audio.a(USBFS.o)
                0x0000a6dc                USBFS_ReInitComponent
 .text.USBFS_CheckActivity
                0x0000a790       0x3c .\ARM_GCC_441\Debug\PioneerKit_P5LP_USB_Audio.a(USBFS.o)
                0x0000a790                USBFS_CheckActivity
 .text.USBFS_GetConfiguration
                0x0000a7cc       0x18 .\ARM_GCC_441\Debug\PioneerKit_P5LP_USB_Audio.a(USBFS.o)
                0x0000a7cc                USBFS_GetConfiguration
 .text.USBFS_IsConfigurationChanged
                0x0000a7e4       0x44 .\ARM_GCC_441\Debug\PioneerKit_P5LP_USB_Audio.a(USBFS.o)
                0x0000a7e4                USBFS_IsConfigurationChanged
 .text.USBFS_GetInterfaceSetting
                0x0000a828       0x24 .\ARM_GCC_441\Debug\PioneerKit_P5LP_USB_Audio.a(USBFS.o)
                0x0000a828                USBFS_GetInterfaceSetting
 .text.USBFS_GetEPState
                0x0000a84c       0x34 .\ARM_GCC_441\Debug\PioneerKit_P5LP_USB_Audio.a(USBFS.o)
                0x0000a84c                USBFS_GetEPState
 .text.USBFS_InitEP_DMA
                0x0000a880      0x100 .\ARM_GCC_441\Debug\PioneerKit_P5LP_USB_Audio.a(USBFS.o)
                0x0000a880                USBFS_InitEP_DMA
 .text.USBFS_Stop_DMA
                0x0000a980       0x7c .\ARM_GCC_441\Debug\PioneerKit_P5LP_USB_Audio.a(USBFS.o)
                0x0000a980                USBFS_Stop_DMA
 .text.USBFS_LoadInEP
                0x0000a9fc      0x1c8 .\ARM_GCC_441\Debug\PioneerKit_P5LP_USB_Audio.a(USBFS.o)
                0x0000a9fc                USBFS_LoadInEP
 .text.USBFS_ReadOutEP
                0x0000abc4      0x10c .\ARM_GCC_441\Debug\PioneerKit_P5LP_USB_Audio.a(USBFS.o)
                0x0000abc4                USBFS_ReadOutEP
 .text.USBFS_EnableOutEP
                0x0000acd0       0x78 .\ARM_GCC_441\Debug\PioneerKit_P5LP_USB_Audio.a(USBFS.o)
                0x0000acd0                USBFS_EnableOutEP
 .text.USBFS_DispatchAUDIOClassRqst
                0x0000ad48      0x48c .\ARM_GCC_441\Debug\PioneerKit_P5LP_USB_Audio.a(USBFS_audio.o)
                0x0000ad48                USBFS_DispatchAUDIOClassRqst
 .text.USBFS_EP_0_ISR
                0x0000b1d4      0x144 .\ARM_GCC_441\Debug\PioneerKit_P5LP_USB_Audio.a(USBFS_drv.o)
                0x0000b1d4                USBFS_EP_0_ISR
 .text.USBFS_HandleSetup
                0x0000b318       0xa4 .\ARM_GCC_441\Debug\PioneerKit_P5LP_USB_Audio.a(USBFS_drv.o)
                0x0000b318                USBFS_HandleSetup
 .text.USBFS_HandleIN
                0x0000b3bc       0x4c .\ARM_GCC_441\Debug\PioneerKit_P5LP_USB_Audio.a(USBFS_drv.o)
                0x0000b3bc                USBFS_HandleIN
 .text.USBFS_HandleOUT
                0x0000b408       0x5c .\ARM_GCC_441\Debug\PioneerKit_P5LP_USB_Audio.a(USBFS_drv.o)
                0x0000b408                USBFS_HandleOUT
 .text.USBFS_LoadEP0
                0x0000b464      0x15c .\ARM_GCC_441\Debug\PioneerKit_P5LP_USB_Audio.a(USBFS_drv.o)
                0x0000b464                USBFS_LoadEP0
 .text.USBFS_InitControlRead
                0x0000b5c0       0x94 .\ARM_GCC_441\Debug\PioneerKit_P5LP_USB_Audio.a(USBFS_drv.o)
                0x0000b5c0                USBFS_InitControlRead
 .text.USBFS_InitZeroLengthControlTransfer
                0x0000b654       0x58 .\ARM_GCC_441\Debug\PioneerKit_P5LP_USB_Audio.a(USBFS_drv.o)
                0x0000b654                USBFS_InitZeroLengthControlTransfer
 .text.USBFS_ControlReadDataStage
                0x0000b6ac        0xc .\ARM_GCC_441\Debug\PioneerKit_P5LP_USB_Audio.a(USBFS_drv.o)
                0x0000b6ac                USBFS_ControlReadDataStage
 .text.USBFS_ControlReadStatusStage
                0x0000b6b8       0x54 .\ARM_GCC_441\Debug\PioneerKit_P5LP_USB_Audio.a(USBFS_drv.o)
                0x0000b6b8                USBFS_ControlReadStatusStage
 .text.USBFS_InitControlWrite
                0x0000b70c       0x88 .\ARM_GCC_441\Debug\PioneerKit_P5LP_USB_Audio.a(USBFS_drv.o)
                0x0000b70c                USBFS_InitControlWrite
 .text.USBFS_ControlWriteDataStage
                0x0000b794      0x114 .\ARM_GCC_441\Debug\PioneerKit_P5LP_USB_Audio.a(USBFS_drv.o)
                0x0000b794                USBFS_ControlWriteDataStage
 .text.USBFS_ControlWriteStatusStage
                0x0000b8a8       0x2c .\ARM_GCC_441\Debug\PioneerKit_P5LP_USB_Audio.a(USBFS_drv.o)
                0x0000b8a8                USBFS_ControlWriteStatusStage
 .text.USBFS_InitNoDataControlTransfer
                0x0000b8d4       0x48 .\ARM_GCC_441\Debug\PioneerKit_P5LP_USB_Audio.a(USBFS_drv.o)
                0x0000b8d4                USBFS_InitNoDataControlTransfer
 .text.USBFS_NoDataControlStatusStage
                0x0000b91c       0x68 .\ARM_GCC_441\Debug\PioneerKit_P5LP_USB_Audio.a(USBFS_drv.o)
                0x0000b91c                USBFS_NoDataControlStatusStage
 .text.USBFS_UpdateStatusBlock
                0x0000b984       0x58 .\ARM_GCC_441\Debug\PioneerKit_P5LP_USB_Audio.a(USBFS_drv.o)
                0x0000b984                USBFS_UpdateStatusBlock
 .text.USBFS_InitializeStatusBlock
                0x0000b9dc       0x48 .\ARM_GCC_441\Debug\PioneerKit_P5LP_USB_Audio.a(USBFS_drv.o)
                0x0000b9dc                USBFS_InitializeStatusBlock
 .text.USBFS_EP_2_ISR
                0x0000ba24       0x70 .\ARM_GCC_441\Debug\PioneerKit_P5LP_USB_Audio.a(USBFS_episr.o)
                0x0000ba24                USBFS_EP_2_ISR
 .text.USBFS_EP_4_ISR
                0x0000ba94       0x78 .\ARM_GCC_441\Debug\PioneerKit_P5LP_USB_Audio.a(USBFS_episr.o)
                0x0000ba94                USBFS_EP_4_ISR
 .text.USBFS_EP_6_ISR
                0x0000bb0c       0x78 .\ARM_GCC_441\Debug\PioneerKit_P5LP_USB_Audio.a(USBFS_episr.o)
                0x0000bb0c                USBFS_EP_6_ISR
 .text.USBFS_SOF_ISR
                0x0000bb84        0xc .\ARM_GCC_441\Debug\PioneerKit_P5LP_USB_Audio.a(USBFS_episr.o)
                0x0000bb84                USBFS_SOF_ISR
 .text.USBFS_BUS_RESET_ISR
                0x0000bb90        0xc .\ARM_GCC_441\Debug\PioneerKit_P5LP_USB_Audio.a(USBFS_episr.o)
                0x0000bb90                USBFS_BUS_RESET_ISR
 .text.USBFS_ARB_ISR
                0x0000bb9c       0xfc .\ARM_GCC_441\Debug\PioneerKit_P5LP_USB_Audio.a(USBFS_episr.o)
                0x0000bb9c                USBFS_ARB_ISR
 .text.USBFS_DispatchHIDClassRqst
                0x0000bc98      0x2b8 .\ARM_GCC_441\Debug\PioneerKit_P5LP_USB_Audio.a(USBFS_hid.o)
                0x0000bc98                USBFS_DispatchHIDClassRqst
 .text.USBFS_FindHidClassDecriptor
                0x0000bf50       0x9c .\ARM_GCC_441\Debug\PioneerKit_P5LP_USB_Audio.a(USBFS_hid.o)
                0x0000bf50                USBFS_FindHidClassDecriptor
 .text.USBFS_FindReportDescriptor
                0x0000bfec       0xb4 .\ARM_GCC_441\Debug\PioneerKit_P5LP_USB_Audio.a(USBFS_hid.o)
                0x0000bfec                USBFS_FindReportDescriptor
 .text.USBFS_FindReport
                0x0000c0a0      0x104 .\ARM_GCC_441\Debug\PioneerKit_P5LP_USB_Audio.a(USBFS_hid.o)
                0x0000c0a0                USBFS_FindReport
 .text.USBFS_DP_ISR
                0x0000c1a4       0x14 .\ARM_GCC_441\Debug\PioneerKit_P5LP_USB_Audio.a(USBFS_pm.o)
                0x0000c1a4                USBFS_DP_ISR
 .text.USBFS_RestoreConfig
                0x0000c1b8       0x1c .\ARM_GCC_441\Debug\PioneerKit_P5LP_USB_Audio.a(USBFS_pm.o)
                0x0000c1b8                USBFS_RestoreConfig
 .text.USBFS_Suspend
                0x0000c1d4      0x1a0 .\ARM_GCC_441\Debug\PioneerKit_P5LP_USB_Audio.a(USBFS_pm.o)
                0x0000c1d4                USBFS_Suspend
 .text.USBFS_Resume
                0x0000c374      0x188 .\ARM_GCC_441\Debug\PioneerKit_P5LP_USB_Audio.a(USBFS_pm.o)
                0x0000c374                USBFS_Resume
 .text.USBFS_HandleStandardRqst
                0x0000c4fc      0x638 .\ARM_GCC_441\Debug\PioneerKit_P5LP_USB_Audio.a(USBFS_std.o)
                0x0000c4fc                USBFS_HandleStandardRqst
 .text.USBFS_ReadDieID
                0x0000cb34       0x98 .\ARM_GCC_441\Debug\PioneerKit_P5LP_USB_Audio.a(USBFS_std.o)
                0x0000cb34                USBFS_ReadDieID
 .text.USBFS_ConfigReg
                0x0000cbcc      0x164 .\ARM_GCC_441\Debug\PioneerKit_P5LP_USB_Audio.a(USBFS_std.o)
                0x0000cbcc                USBFS_ConfigReg
 .text.USBFS_Config
                0x0000cd30      0x3d8 .\ARM_GCC_441\Debug\PioneerKit_P5LP_USB_Audio.a(USBFS_std.o)
                0x0000cd30                USBFS_Config
 .text.USBFS_ConfigAltChanged
                0x0000d108      0x31c .\ARM_GCC_441\Debug\PioneerKit_P5LP_USB_Audio.a(USBFS_std.o)
                0x0000d108                USBFS_ConfigAltChanged
 .text.USBFS_GetConfigTablePtr
                0x0000d424       0x2c .\ARM_GCC_441\Debug\PioneerKit_P5LP_USB_Audio.a(USBFS_std.o)
                0x0000d424                USBFS_GetConfigTablePtr
 .text.USBFS_GetDeviceTablePtr
                0x0000d450       0x28 .\ARM_GCC_441\Debug\PioneerKit_P5LP_USB_Audio.a(USBFS_std.o)
                0x0000d450                USBFS_GetDeviceTablePtr
 .text.USBFS_GetInterfaceClassTablePtr
                0x0000d478       0x50 .\ARM_GCC_441\Debug\PioneerKit_P5LP_USB_Audio.a(USBFS_std.o)
                0x0000d478                USBFS_GetInterfaceClassTablePtr
 .text.USBFS_SetEndpointHalt
                0x0000d4c8      0x130 .\ARM_GCC_441\Debug\PioneerKit_P5LP_USB_Audio.a(USBFS_std.o)
                0x0000d4c8                USBFS_SetEndpointHalt
 .text.USBFS_ClearEndpointHalt
                0x0000d5f8      0x1b8 .\ARM_GCC_441\Debug\PioneerKit_P5LP_USB_Audio.a(USBFS_std.o)
                0x0000d5f8                USBFS_ClearEndpointHalt
 .text.USBFS_ValidateAlternateSetting
                0x0000d7b0       0x94 .\ARM_GCC_441\Debug\PioneerKit_P5LP_USB_Audio.a(USBFS_std.o)
                0x0000d7b0                USBFS_ValidateAlternateSetting
 .text.USBFS_HandleVendorRqst
                0x0000d844       0x38 .\ARM_GCC_441\Debug\PioneerKit_P5LP_USB_Audio.a(USBFS_vnd.o)
                0x0000d844                USBFS_HandleVendorRqst
 .text.USBFS_ep2_DmaInitialize
                0x0000d87c       0x84 .\ARM_GCC_441\Debug\PioneerKit_P5LP_USB_Audio.a(USBFS_ep2_dma.o)
                0x0000d87c                USBFS_ep2_DmaInitialize
 .text.USBFS_ep4_DmaInitialize
                0x0000d900       0x84 .\ARM_GCC_441\Debug\PioneerKit_P5LP_USB_Audio.a(USBFS_ep4_dma.o)
                0x0000d900                USBFS_ep4_DmaInitialize
 .text.USBFS_ep6_DmaInitialize
                0x0000d984       0x84 .\ARM_GCC_441\Debug\PioneerKit_P5LP_USB_Audio.a(USBFS_ep6_dma.o)
                0x0000d984                USBFS_ep6_DmaInitialize
 .text.isr_CICOverflow_StartEx
                0x0000da08       0x28 .\ARM_GCC_441\Debug\PioneerKit_P5LP_USB_Audio.a(isr_CICOverflow.o)
                0x0000da08                isr_CICOverflow_StartEx
 .text.isr_CICOverflow_SetVector
                0x0000da30       0x28 .\ARM_GCC_441\Debug\PioneerKit_P5LP_USB_Audio.a(isr_CICOverflow.o)
                0x0000da30                isr_CICOverflow_SetVector
 .text.isr_CICOverflow_SetPriority
                0x0000da58       0x28 .\ARM_GCC_441\Debug\PioneerKit_P5LP_USB_Audio.a(isr_CICOverflow.o)
                0x0000da58                isr_CICOverflow_SetPriority
 .text.isr_CICOverflow_Enable
                0x0000da80       0x18 .\ARM_GCC_441\Debug\PioneerKit_P5LP_USB_Audio.a(isr_CICOverflow.o)
                0x0000da80                isr_CICOverflow_Enable
 .text.isr_CICOverflow_Disable
                0x0000da98       0x18 .\ARM_GCC_441\Debug\PioneerKit_P5LP_USB_Audio.a(isr_CICOverflow.o)
                0x0000da98                isr_CICOverflow_Disable
 .text.PDM_CIC_Start
                0x0000dab0       0x88 .\ARM_GCC_441\Debug\PioneerKit_P5LP_USB_Audio.a(PDM_CIC.o)
                0x0000dab0                PDM_CIC_Start
 .text.PDM_CIC_Stop
                0x0000db38       0x38 .\ARM_GCC_441\Debug\PioneerKit_P5LP_USB_Audio.a(PDM_CIC.o)
                0x0000db38                PDM_CIC_Stop
 .text.PDM_CIC_SaveConfig
                0x0000db70       0x20 .\ARM_GCC_441\Debug\PioneerKit_P5LP_USB_Audio.a(PDM_CIC.o)
                0x0000db70                PDM_CIC_SaveConfig
 .text.PDM_CIC_RestoreConfig
                0x0000db90       0x20 .\ARM_GCC_441\Debug\PioneerKit_P5LP_USB_Audio.a(PDM_CIC.o)
                0x0000db90                PDM_CIC_RestoreConfig
 .text.PDM_CIC_Sleep
                0x0000dbb0       0x2c .\ARM_GCC_441\Debug\PioneerKit_P5LP_USB_Audio.a(PDM_CIC.o)
                0x0000dbb0                PDM_CIC_Sleep
 .text.PDM_CIC_Wakeup
                0x0000dbdc       0x1c .\ARM_GCC_441\Debug\PioneerKit_P5LP_USB_Audio.a(PDM_CIC.o)
                0x0000dbdc                PDM_CIC_Wakeup
 .text.PDM_CIC_ReadInterruptStatus
                0x0000dbf8       0x10 .\ARM_GCC_441\Debug\PioneerKit_P5LP_USB_Audio.a(PDM_CIC.o)
                0x0000dbf8                PDM_CIC_ReadInterruptStatus
 .text.PDM_CIC_EnableInterruptGeneration
                0x0000dc08        0xc .\ARM_GCC_441\Debug\PioneerKit_P5LP_USB_Audio.a(PDM_CIC.o)
                0x0000dc08                PDM_CIC_EnableInterruptGeneration
 .text.PDM_CIC_DisableInterruptGeneration
                0x0000dc14        0xc .\ARM_GCC_441\Debug\PioneerKit_P5LP_USB_Audio.a(PDM_CIC.o)
                0x0000dc14                PDM_CIC_DisableInterruptGeneration
 .text.PDM_CIC_Integrator_Init
                0x0000dc20      0x1ec .\ARM_GCC_441\Debug\PioneerKit_P5LP_USB_Audio.a(PDM_CIC.o)
 .text.PDM_CIC_Comb_Init
                0x0000de0c      0x240 .\ARM_GCC_441\Debug\PioneerKit_P5LP_USB_Audio.a(PDM_CIC.o)
 .text.PDM_CIC_IntOutDma_R_Init
                0x0000e04c       0x8c .\ARM_GCC_441\Debug\PioneerKit_P5LP_USB_Audio.a(PDM_CIC.o)
 .text.PDM_CIC_IntOutDma_R_Start
                0x0000e0d8       0x2c .\ARM_GCC_441\Debug\PioneerKit_P5LP_USB_Audio.a(PDM_CIC.o)
 .text.PDM_CIC_IntOutDma_R_Stop
                0x0000e104       0x1c .\ARM_GCC_441\Debug\PioneerKit_P5LP_USB_Audio.a(PDM_CIC.o)
 .text.PDM_CIC_CombD0UpdateDma_R_Init
                0x0000e120       0x8c .\ARM_GCC_441\Debug\PioneerKit_P5LP_USB_Audio.a(PDM_CIC.o)
 .text.PDM_CIC_CombD0UpdateDma_R_Start
                0x0000e1ac       0x2c .\ARM_GCC_441\Debug\PioneerKit_P5LP_USB_Audio.a(PDM_CIC.o)
 .text.PDM_CIC_CombD0UpdateDma_R_Stop
                0x0000e1d8       0x1c .\ARM_GCC_441\Debug\PioneerKit_P5LP_USB_Audio.a(PDM_CIC.o)
 .text.PDM_CIC_IntOutDma_L_Init
                0x0000e1f4       0x8c .\ARM_GCC_441\Debug\PioneerKit_P5LP_USB_Audio.a(PDM_CIC.o)
 .text.PDM_CIC_IntOutDma_L_Start
                0x0000e280       0x2c .\ARM_GCC_441\Debug\PioneerKit_P5LP_USB_Audio.a(PDM_CIC.o)
 .text.PDM_CIC_IntOutDma_L_Stop
                0x0000e2ac       0x1c .\ARM_GCC_441\Debug\PioneerKit_P5LP_USB_Audio.a(PDM_CIC.o)
 .text.PDM_CIC_CombD0UpdateDma_L_Init
                0x0000e2c8       0x8c .\ARM_GCC_441\Debug\PioneerKit_P5LP_USB_Audio.a(PDM_CIC.o)
 .text.PDM_CIC_CombD0UpdateDma_L_Start
                0x0000e354       0x2c .\ARM_GCC_441\Debug\PioneerKit_P5LP_USB_Audio.a(PDM_CIC.o)
 .text.PDM_CIC_CombD0UpdateDma_L_Stop
                0x0000e380       0x1c .\ARM_GCC_441\Debug\PioneerKit_P5LP_USB_Audio.a(PDM_CIC.o)
 .text.PDM_CIC_DMA_CombD0Update_R_DmaInitialize
                0x0000e39c       0x84 .\ARM_GCC_441\Debug\PioneerKit_P5LP_USB_Audio.a(PDM_CIC_DMA_CombD0Update_R_dma.o)
                0x0000e39c                PDM_CIC_DMA_CombD0Update_R_DmaInitialize
 .text.PDM_CIC_DMA_CombD0Update_L_DmaInitialize
                0x0000e420       0x84 .\ARM_GCC_441\Debug\PioneerKit_P5LP_USB_Audio.a(PDM_CIC_DMA_CombD0Update_L_dma.o)
                0x0000e420                PDM_CIC_DMA_CombD0Update_L_DmaInitialize
 .text.PDM_CIC_Status_Reg_Read
                0x0000e4a4       0x18 .\ARM_GCC_441\Debug\PioneerKit_P5LP_USB_Audio.a(PDM_CIC_Status_Reg.o)
                0x0000e4a4                PDM_CIC_Status_Reg_Read
 .text.PDM_CIC_Status_Reg_InterruptEnable
                0x0000e4bc       0x3c .\ARM_GCC_441\Debug\PioneerKit_P5LP_USB_Audio.a(PDM_CIC_Status_Reg.o)
                0x0000e4bc                PDM_CIC_Status_Reg_InterruptEnable
 .text.PDM_CIC_Status_Reg_InterruptDisable
                0x0000e4f8       0x38 .\ARM_GCC_441\Debug\PioneerKit_P5LP_USB_Audio.a(PDM_CIC_Status_Reg.o)
                0x0000e4f8                PDM_CIC_Status_Reg_InterruptDisable
 .text.PDM_CIC_DMA_IntOut_L_DmaInitialize
                0x0000e530       0x84 .\ARM_GCC_441\Debug\PioneerKit_P5LP_USB_Audio.a(PDM_CIC_DMA_IntOut_L_dma.o)
                0x0000e530                PDM_CIC_DMA_IntOut_L_DmaInitialize
 .text.PDM_CIC_DMA_IntOut_R_DmaInitialize
                0x0000e5b4       0x84 .\ARM_GCC_441\Debug\PioneerKit_P5LP_USB_Audio.a(PDM_CIC_DMA_IntOut_R_dma.o)
                0x0000e5b4                PDM_CIC_DMA_IntOut_R_DmaInitialize
 .text.CYMEMZERO
                0x0000e638       0x20 .\ARM_GCC_441\Debug\PioneerKit_P5LP_USB_Audio.a(cyfitter_cfg.o)
 .text.CYCONFIGCPY
                0x0000e658       0x20 .\ARM_GCC_441\Debug\PioneerKit_P5LP_USB_Audio.a(cyfitter_cfg.o)
 .text.cfg_write_bytes32
                0x0000e678       0x84 .\ARM_GCC_441\Debug\PioneerKit_P5LP_USB_Audio.a(cyfitter_cfg.o)
 .text.ClockSetup
                0x0000e6fc      0x198 .\ARM_GCC_441\Debug\PioneerKit_P5LP_USB_Audio.a(cyfitter_cfg.o)
 .text.AnalogSetDefault
                0x0000e894       0x4c .\ARM_GCC_441\Debug\PioneerKit_P5LP_USB_Audio.a(cyfitter_cfg.o)
 .text.cyfitter_cfg
                0x0000e8e0      0x390 .\ARM_GCC_441\Debug\PioneerKit_P5LP_USB_Audio.a(cyfitter_cfg.o)
                0x0000e8e0                cyfitter_cfg
 .text.CyFlash_SetWaitCycles
                0x0000ec70       0xc4 .\ARM_GCC_441\Debug\PioneerKit_P5LP_USB_Audio.a(CyFlash.o)
                0x0000ec70                CyFlash_SetWaitCycles
 .text.USBFS_DispatchClassRqst
                0x0000ed34       0xa0 .\ARM_GCC_441\Debug\PioneerKit_P5LP_USB_Audio.a(USBFS_cls.o)
                0x0000ed34                USBFS_DispatchClassRqst
 .text          0x0000edd4      0x190 c:/program files/cypress/psoc creator/2.2/psoc creator/import/gnu_cs/arm/4.4.1/bin/../lib/gcc/arm-none-eabi/4.4.1/../../../../arm-none-eabi/lib/thumb2\libc.a(lib_a-memcpy.o)
                0x0000edd4                memcpy
 .text          0x0000ef64       0xd4 c:/program files/cypress/psoc creator/2.2/psoc creator/import/gnu_cs/arm/4.4.1/bin/../lib/gcc/arm-none-eabi/4.4.1/../../../../arm-none-eabi/lib/thumb2\libc.a(lib_a-memset.o)
                0x0000ef64                memset
 .text          0x0000f038       0x30 c:/program files/cypress/psoc creator/2.2/psoc creator/import/gnu_cs/arm/4.4.1/bin/../lib/gcc/arm-none-eabi/4.4.1/../../../../arm-none-eabi/lib/thumb2\libcs3.a(start_c.o)
                0x0000f038                __cs3_premain
 .text          0x0000f068        0x2 c:/program files/cypress/psoc creator/2.2/psoc creator/import/gnu_cs/arm/4.4.1/bin/../lib/gcc/arm-none-eabi/4.4.1/../../../../arm-none-eabi/lib/thumb2\libcs3micro.a(micro_isr_interrupt.o)
                0x0000f068                __cs3_isr_external_24
                0x0000f068                __cs3_isr_external_9
                0x0000f068                __cs3_isr_external_14
                0x0000f068                __cs3_isr_reserved_9
                0x0000f068                __cs3_isr_external_4
                0x0000f068                __cs3_isr_external_21
                0x0000f068                __cs3_isr_external_0
                0x0000f068                __cs3_isr_external_27
                0x0000f068                __cs3_isr_external_11
                0x0000f068                __cs3_isr_usage_fault
                0x0000f068                __cs3_isr_svcall
                0x0000f068                __cs3_isr_external_3
                0x0000f068                __cs3_isr_mpu_fault
                0x0000f068                __cs3_isr_external_16
                0x0000f068                __cs3_isr_pendsv
                0x0000f068                __cs3_isr_external_31
                0x0000f068                __cs3_isr_nmi
                0x0000f068                __cs3_isr_external_5
                0x0000f068                __cs3_isr_external_6
                0x0000f068                __cs3_isr_external_12
                0x0000f068                __cs3_isr_hard_fault
                0x0000f068                __cs3_isr_bus_fault
                0x0000f068                __cs3_isr_external_1
                0x0000f068                __cs3_isr_external_13
                0x0000f068                __cs3_isr_external_30
                0x0000f068                __cs3_isr_external_23
                0x0000f068                __cs3_isr_external_20
                0x0000f068                __cs3_isr_debug
                0x0000f068                __cs3_isr_reserved_13
                0x0000f068                __cs3_isr_external_8
                0x0000f068                __cs3_isr_external_26
                0x0000f068                __cs3_isr_reserved_8
                0x0000f068                __cs3_isr_reserved_7
                0x0000f068                __cs3_isr_external_7
                0x0000f068                __cs3_isr_external_28
                0x0000f068                __cs3_isr_systick
                0x0000f068                __cs3_isr_external_22
                0x0000f068                __cs3_isr_external_10
                0x0000f068                __cs3_isr_external_15
                0x0000f068                __cs3_isr_interrupt
                0x0000f068                __cs3_isr_external_18
                0x0000f068                __cs3_isr_external_29
                0x0000f068                __cs3_isr_external_25
                0x0000f068                __cs3_isr_reserved_10
                0x0000f068                __cs3_isr_external_2
                0x0000f068                __cs3_isr_external_17
                0x0000f068                __cs3_isr_external_19
 *fill*         0x0000f06a        0x2 00
 .text          0x0000f06c       0x50 c:/program files/cypress/psoc creator/2.2/psoc creator/import/gnu_cs/arm/4.4.1/bin/../lib/gcc/arm-none-eabi/4.4.1/../../../../arm-none-eabi/lib/thumb2\libc.a(lib_a-init.o)
                0x0000f06c                __libc_init_array
 *(.plt)
 *(.gnu.warning)
 *(.glue_7t)
 .glue_7t       0x00000000        0x0 linker stubs
 *(.glue_7)
 .glue_7        0x00000000        0x0 linker stubs
 *(.vfp11_veneer)
 .vfp11_veneer  0x00000000        0x0 linker stubs
 *(.bootloader)
 *(.ARM.extab* .gnu.linkonce.armextab.*)
 *(.gcc_except_table)

.v4_bx          0x0000f0bc        0x0
 .v4_bx         0x00000000        0x0 linker stubs

.eh_frame_hdr
 *(.eh_frame_hdr)

.eh_frame
 *(.eh_frame)
                0x0000f0bc                PROVIDE (__exidx_start, .)

.ARM.exidx
 *(.ARM.exidx* .gnu.linkonce.armexidx.*)
                0x0000f0bc                __exidx_end = .

.rodata         0x0000f0bc      0x8f4
 *(.rodata .rodata.* .gnu.linkonce.r.*)
 .rodata        0x0000f0bc      0x590 .\ARM_GCC_441\Debug\PioneerKit_P5LP_USB_Audio.a(Droop_Filter_RAM_Data.o)
                0x0000f0bc                Droop_Filter_control
                0x0000f1bc                Droop_Filter_data_a
                0x0000f3bc                Droop_Filter_data_b
                0x0000f5bc                Droop_Filter_acu
                0x0000f5f4                Droop_Filter_cfsm
 .rodata        0x0000f64c       0x10 .\ARM_GCC_441\Debug\PioneerKit_P5LP_USB_Audio.a(cyPm.o)
 .rodata        0x0000f65c       0x10 .\ARM_GCC_441\Debug\PioneerKit_P5LP_USB_Audio.a(USBFS_std.o)
 .rodata        0x0000f66c       0x50 .\ARM_GCC_441\Debug\PioneerKit_P5LP_USB_Audio.a(cyfitter_cfg.o)
 .rodata        0x0000f6bc      0x2bc .\ARM_GCC_441\Debug\PioneerKit_P5LP_USB_Audio.a(USBFS_descr.o)
                0x0000f6bc                USBFS_DEVICE0_DESCR
                0x0000f6d0                USBFS_DEVICE0_CONFIGURATION0_DESCR
                0x0000f75c                USBFS_STRING_DESCRIPTORS
                0x0000f8b8                USBFS_SN_STRING_DESCRIPTOR
                0x0000f8bc                USBFS_HIDREPORT_DESCRIPTOR1
                0x0000f8d8                USBFS_DEVICE0_CONFIGURATION0_INTERFACE2_ALTERNATE0_HID_IN_RPT_TABLE
                0x0000f8e4                USBFS_DEVICE0_CONFIGURATION0_INTERFACE2_ALTERNATE0_HID_TABLE
                0x0000f90c                USBFS_DEVICE0_CONFIGURATION0_INTERFACE2_TABLE
                0x0000f914                USBFS_DEVICE0_CONFIGURATION0_EP_SETTINGS_TABLE
                0x0000f92c                USBFS_DEVICE0_CONFIGURATION0_INTERFACE_CLASS
                0x0000f930                USBFS_DEVICE0_CONFIGURATION0_TABLE
                0x0000f960                USBFS_DEVICE0_TABLE
                0x0000f970                USBFS_TABLE
                0x0000f978                . = ALIGN (0x4)
 *(.init)
 .init          0x0000f978        0x4 c:/program files/cypress/psoc creator/2.2/psoc creator/import/gnu_cs/arm/4.4.1/bin/../lib/gcc/arm-none-eabi/4.4.1/thumb2/crti.o
                0x0000f978                _init
 .init          0x0000f97c        0x8 c:/program files/cypress/psoc creator/2.2/psoc creator/import/gnu_cs/arm/4.4.1/bin/../lib/gcc/arm-none-eabi/4.4.1/thumb2/crtn.o
                0x0000f984                . = ALIGN (0x4)
                0x0000f984                __preinit_array_start = .
 *(.preinit_array)
                0x0000f984                __preinit_array_end = .
                0x0000f984                . = ALIGN (0x4)
                0x0000f984                __init_array_start = .
 *(SORT(.init_array.*))
 *(.init_array)
 .init_array    0x0000f984        0x4 c:/program files/cypress/psoc creator/2.2/psoc creator/import/gnu_cs/arm/4.4.1/bin/../lib/gcc/arm-none-eabi/4.4.1/thumb2/crtbegin.o
 .init_array    0x0000f988        0x4 .\ARM_GCC_441\Debug\Cm3Start.o
                0x0000f98c                __init_array_end = .
                0x0000f98c                . = ALIGN (0x4)
 *(.fini)
 .fini          0x0000f98c        0x4 c:/program files/cypress/psoc creator/2.2/psoc creator/import/gnu_cs/arm/4.4.1/bin/../lib/gcc/arm-none-eabi/4.4.1/thumb2/crti.o
                0x0000f98c                _fini
 .fini          0x0000f990        0x8 c:/program files/cypress/psoc creator/2.2/psoc creator/import/gnu_cs/arm/4.4.1/bin/../lib/gcc/arm-none-eabi/4.4.1/thumb2/crtn.o
                0x0000f998                . = ALIGN (0x4)
                0x0000f998                __fini_array_start = .
 *(.fini_array)
 .fini_array    0x0000f998        0x4 c:/program files/cypress/psoc creator/2.2/psoc creator/import/gnu_cs/arm/4.4.1/bin/../lib/gcc/arm-none-eabi/4.4.1/thumb2/crtbegin.o
 *(SORT(.fini_array.*))
                0x0000f99c                __fini_array_end = .
                0x0000f99c                . = ALIGN (0x4)
 *crtbegin.o(.ctors)
 *(EXCLUDE_FILE(*crtend.o) .ctors)
 *(SORT(.ctors.*))
 *crtend.o(.ctors)
                0x0000f99c                . = ALIGN (0x4)
 *crtbegin.o(.dtors)
 *(EXCLUDE_FILE(*crtend.o) .dtors)
 *(SORT(.dtors.*))
 *crtend.o(.dtors)
                0x0000f99c                . = ALIGN (0x4)
                0x0000f99c                __cs3_regions = .
                0x0000f99c        0x4 LONG 0x0
                0x0000f9a0        0x4 LONG 0xf9b0 __cs3_region_init_ram
                0x0000f9a4        0x4 LONG 0x1fffc108 __cs3_region_start_data
                0x0000f9a8        0x4 LONG 0x68 __cs3_region_init_size_ram
                0x0000f9ac        0x4 LONG 0xb08 __cs3_region_zero_size_ram
                0x0000f9b0                __cs3_regions_end = .
                0x0000f9b0                . = ALIGN (0x8)
                0x0000f9b0                _etext = .

.ramvectors     0x1fffc000      0x100
                0x1fffc000                __cs3_region_start_ram = .
 *(.cs3.region-head.ram)
                0x1fffc001                ASSERT ((. == __cs3_region_start_ram), .cs3.region-head.ram not permitted)
 *(.ramvectors)
 .ramvectors    0x1fffc000      0x100 .\ARM_GCC_441\Debug\Cm3Start.o
                0x1fffc000                CyRamVectors

.noinit         0x1fffc100        0x4
 *(.noinit)
 .noinit        0x1fffc100        0x4 .\ARM_GCC_441\Debug\Cm3Start.o

.data           0x1fffc108       0x68 load address 0x0000f9b0
                0x1fffc108                __cs3_region_start_data = .
 *(.jcr)
 .jcr           0x1fffc108        0x0 c:/program files/cypress/psoc creator/2.2/psoc creator/import/gnu_cs/arm/4.4.1/bin/../lib/gcc/arm-none-eabi/4.4.1/thumb2/crtbegin.o
 .jcr           0x1fffc108        0x4 c:/program files/cypress/psoc creator/2.2/psoc creator/import/gnu_cs/arm/4.4.1/bin/../lib/gcc/arm-none-eabi/4.4.1/thumb2/crtend.o
 *(.got.plt)
 *(.got)
 *(.shdata)
 *(.data .data.* .gnu.linkonce.d.*)
 .data          0x1fffc10c        0x4 .\ARM_GCC_441\Debug\USBInterface.o
                0x1fffc10c                altSetting
 .data          0x1fffc110        0x8 .\ARM_GCC_441\Debug\AudioControl.o
                0x1fffc114                inLevel
                0x1fffc116                lowPowerIdle
                0x1fffc117                setRate
 .data          0x1fffc118        0x1 .\ARM_GCC_441\Debug\PioneerKit_P5LP_USB_Audio.a(TxDMA_dma.o)
                0x1fffc118                TxDMA_DmaHandle
 .data          0x1fffc119        0x1 .\ARM_GCC_441\Debug\PioneerKit_P5LP_USB_Audio.a(USBInDMA_dma.o)
                0x1fffc119                USBInDMA_DmaHandle
 .data          0x1fffc11a        0x1 .\ARM_GCC_441\Debug\PioneerKit_P5LP_USB_Audio.a(USBOutDMA_dma.o)
                0x1fffc11a                USBOutDMA_DmaHandle
 .data          0x1fffc11b        0x1 .\ARM_GCC_441\Debug\PioneerKit_P5LP_USB_Audio.a(I2S_Tx_DMA_dma.o)
                0x1fffc11b                I2S_Tx_DMA_DmaHandle
 .data          0x1fffc11c        0x1 .\ARM_GCC_441\Debug\PioneerKit_P5LP_USB_Audio.a(CICOut_L_dma.o)
                0x1fffc11c                CICOut_L_DmaHandle
 .data          0x1fffc11d        0x1 .\ARM_GCC_441\Debug\PioneerKit_P5LP_USB_Audio.a(CICOut_R_dma.o)
                0x1fffc11d                CICOut_R_DmaHandle
 .data          0x1fffc11e        0x1 .\ARM_GCC_441\Debug\PioneerKit_P5LP_USB_Audio.a(RxDMA_dma.o)
                0x1fffc11e                RxDMA_DmaHandle
 *fill*         0x1fffc11f        0x1 00
 .data          0x1fffc120       0x10 .\ARM_GCC_441\Debug\PioneerKit_P5LP_USB_Audio.a(CyLib.o)
                0x1fffc120                cydelay_freq_hz
                0x1fffc124                cydelay_freq_khz
                0x1fffc128                cydelay_freq_mhz
                0x1fffc12c                cydelay_32k_ms
 .data          0x1fffc130        0xc .\ARM_GCC_441\Debug\PioneerKit_P5LP_USB_Audio.a(USBFS_audio.o)
                0x1fffc130                USBFS_minimumVolume
                0x1fffc134                USBFS_maximumVolume
                0x1fffc138                USBFS_resolutionVolume
 .data          0x1fffc13c       0x24 .\ARM_GCC_441\Debug\PioneerKit_P5LP_USB_Audio.a(USBFS_std.o)
                0x1fffc13c                USBFS_idSerialNumberStringDescriptor
 .data          0x1fffc160        0x1 .\ARM_GCC_441\Debug\PioneerKit_P5LP_USB_Audio.a(USBFS_ep2_dma.o)
                0x1fffc160                USBFS_ep2_DmaHandle
 .data          0x1fffc161        0x1 .\ARM_GCC_441\Debug\PioneerKit_P5LP_USB_Audio.a(USBFS_ep4_dma.o)
                0x1fffc161                USBFS_ep4_DmaHandle
 .data          0x1fffc162        0x1 .\ARM_GCC_441\Debug\PioneerKit_P5LP_USB_Audio.a(USBFS_ep6_dma.o)
                0x1fffc162                USBFS_ep6_DmaHandle
 *fill*         0x1fffc163        0x1 00
 .data          0x1fffc164        0x4 .\ARM_GCC_441\Debug\PioneerKit_P5LP_USB_Audio.a(PDM_CIC.o)
 .data          0x1fffc168        0x1 .\ARM_GCC_441\Debug\PioneerKit_P5LP_USB_Audio.a(PDM_CIC_DMA_CombD0Update_R_dma.o)
                0x1fffc168                PDM_CIC_DMA_CombD0Update_R_DmaHandle
 .data          0x1fffc169        0x1 .\ARM_GCC_441\Debug\PioneerKit_P5LP_USB_Audio.a(PDM_CIC_DMA_CombD0Update_L_dma.o)
                0x1fffc169                PDM_CIC_DMA_CombD0Update_L_DmaHandle
 .data          0x1fffc16a        0x1 .\ARM_GCC_441\Debug\PioneerKit_P5LP_USB_Audio.a(PDM_CIC_DMA_IntOut_L_dma.o)
                0x1fffc16a                PDM_CIC_DMA_IntOut_L_DmaHandle
 .data          0x1fffc16b        0x1 .\ARM_GCC_441\Debug\PioneerKit_P5LP_USB_Audio.a(PDM_CIC_DMA_IntOut_R_dma.o)
                0x1fffc16b                PDM_CIC_DMA_IntOut_R_DmaHandle
                0x1fffc170                . = ALIGN (0x8)
 *fill*         0x1fffc16c        0x4 00
 *(.ram)
                0x1fffc170                _edata = .

.bss            0x1fffc170      0xb08 load address 0x0000fa18
 *(.shbss)
 *(.bss .bss.* .gnu.linkonce.b.*)
 .bss           0x1fffc170        0x1 c:/program files/cypress/psoc creator/2.2/psoc creator/import/gnu_cs/arm/4.4.1/bin/../lib/gcc/arm-none-eabi/4.4.1/thumb2/crtbegin.o
 .bss           0x1fffc171        0x1 .\ARM_GCC_441\Debug\Timer.o
                0x1fffc171                applicationTimerTick
 .bss           0x1fffc172        0x3 .\ARM_GCC_441\Debug\USBInterface.o
                0x1fffc172                usbActivityCounter
                0x1fffc173                usbMiniBActive
                0x1fffc174                USBDeviceState
 .bss           0x1fffc175        0x4 .\ARM_GCC_441\Debug\Application.o
                0x1fffc175                buttonStatus
                0x1fffc176                playlistControlReport
                0x1fffc177                prevReport
                0x1fffc178                switchDebounceTimer
 *fill*         0x1fffc179        0x1 00
 .bss           0x1fffc17a       0x18 .\ARM_GCC_441\Debug\AudioControl.o
                0x1fffc17a                resetTx
                0x1fffc17b                outPlaying
                0x1fffc17c                outLevel
                0x1fffc17e                outUsbCount
                0x1fffc180                outUsbShadow
                0x1fffc182                outBufIndex
                0x1fffc184                resetRx
                0x1fffc185                inPlaying
                0x1fffc186                inUsbCount
                0x1fffc188                inUsbShadow
                0x1fffc18a                clearInBuffer
                0x1fffc18c                inBufIndex
                0x1fffc18e                rateChangedWhileInactive
                0x1fffc18f                clockSwitchTimer
                0x1fffc190                audioClkConfigured
 .bss           0x1fffc192        0x1 .\ARM_GCC_441\Debug\Codec.o
                0x1fffc192                codecInit
 .bss           0x1fffc193        0x1 .\ARM_GCC_441\Debug\PioneerKit_P5LP_USB_Audio.a(I2S.o)
                0x1fffc193                I2S_initVar
 .bss           0x1fffc194        0x1 .\ARM_GCC_441\Debug\PioneerKit_P5LP_USB_Audio.a(SystemTickTimer.o)
                0x1fffc194                SystemTickTimer_initVar
 .bss           0x1fffc195        0x1 .\ARM_GCC_441\Debug\PioneerKit_P5LP_USB_Audio.a(Droop_Filter.o)
                0x1fffc195                Droop_Filter_initVar
 .bss           0x1fffc196        0x2 .\ARM_GCC_441\Debug\PioneerKit_P5LP_USB_Audio.a(CyDmac.o)
 .bss           0x1fffc198       0x44 .\ARM_GCC_441\Debug\PioneerKit_P5LP_USB_Audio.a(cyPm.o)
 .bss           0x1fffc1dc        0x1 .\ARM_GCC_441\Debug\PioneerKit_P5LP_USB_Audio.a(USBFS.o)
                0x1fffc1dc                USBFS_initVar
 *fill*         0x1fffc1dd        0x3 00
 .bss           0x1fffc1e0        0x4 .\ARM_GCC_441\Debug\PioneerKit_P5LP_USB_Audio.a(USBFS_pm.o)
 .bss           0x1fffc1e4        0x1 .\ARM_GCC_441\Debug\PioneerKit_P5LP_USB_Audio.a(USBFS_std.o)
                0x1fffc1e4                USBFS_snStringConfirm
 .bss           0x1fffc1e5        0x1 .\ARM_GCC_441\Debug\PioneerKit_P5LP_USB_Audio.a(PDM_CIC.o)
                0x1fffc1e5                PDM_CIC_initVar
 *(COMMON)
 *fill*         0x1fffc1e6        0x2 00
 COMMON         0x1fffc1e8      0x1e4 .\ARM_GCC_441\Debug\USBInterface.o
                0x1fffc1e8                inCnt
                0x1fffc1ec                inRam
                0x1fffc2ac                outRam
 COMMON         0x1fffc3cc      0x7a9 .\ARM_GCC_441\Debug\AudioControl.o
                0x1fffc3cc                rate
                0x1fffc3cd                I2STxTd
                0x1fffc3d0                USBOutTd
                0x1fffc3d4                rxTd
                0x1fffc3dc                USBInDmaChan
                0x1fffc3dd                txDmaChan
                0x1fffc3de                I2STxDMAChan
                0x1fffc3e0                txTd
                0x1fffc3e8                rxDmaChan
                0x1fffc3ec                USBInTd
                0x1fffc3f0                outBuffer
                0x1fffc870                I2SRxTd
                0x1fffc874                inBuffer
                0x1fffcb74                USBOutDmaChan
 COMMON         0x1fffcb75        0x1 .\ARM_GCC_441\Debug\PioneerKit_P5LP_USB_Audio.a(CyLib.o)
                0x1fffcb75                CyResetStatus
 *fill*         0x1fffcb76        0x2 00
 COMMON         0x1fffcb78       0x15 .\ARM_GCC_441\Debug\PioneerKit_P5LP_USB_Audio.a(USBFS.o)
                0x1fffcb78                USBFS_DmaChan
                0x1fffcb84                USBFS_DmaTd
 *fill*         0x1fffcb8d        0x3 00
 COMMON         0x1fffcb90       0x33 .\ARM_GCC_441\Debug\PioneerKit_P5LP_USB_Audio.a(USBFS_audio.o)
                0x1fffcb90                USBFS_currentTmpCH2InputVolume
                0x1fffcb92                USB_inputMute
                0x1fffcb94                USBFS_currentTmpCH1InputVolume
                0x1fffcb98                USBFS_currentCH1InputVolume
                0x1fffcb9c                USBFS_currentVolume
                0x1fffcba0                USB_inputVolume
                0x1fffcba4                USBFS_currentSampleFrequency
                0x1fffcbbf                USBFS_frequencyChanged
                0x1fffcbc0                USBFS_currentCH2InputVolume
                0x1fffcbc2                USBFS_currentMute
 *fill*         0x1fffcbc3        0x1 00
 COMMON         0x1fffcbc4       0x98 .\ARM_GCC_441\Debug\PioneerKit_P5LP_USB_Audio.a(USBFS_drv.o)
                0x1fffcbc4                USBFS_deviceAddress
                0x1fffcbc5                USBFS_ep0Mode
                0x1fffcbc8                USBFS_interfaceSetting
                0x1fffcbcc                USBFS_currentTD
                0x1fffcbd8                USBFS_device
                0x1fffcbd9                USBFS_interfaceNumber
                0x1fffcbda                USBFS_ep0Toggle
                0x1fffcbdb                USBFS_deviceStatus
                0x1fffcbdc                USBFS_configurationChanged
                0x1fffcbdd                USBFS_configuration
                0x1fffcbde                USBFS_transferState
                0x1fffcbe0                USBFS_interfaceStatus
                0x1fffcbe4                USBFS_interfaceClass
                0x1fffcbe8                USBFS_EP
                0x1fffcc54                USBFS_interfaceSetting_last
                0x1fffcc57                USBFS_lastPacketSize
                0x1fffcc58                USBFS_ep0Count
                0x1fffcc5a                USBFS_transferByteCount
 COMMON         0x1fffcc5c        0xb .\ARM_GCC_441\Debug\PioneerKit_P5LP_USB_Audio.a(USBFS_hid.o)
                0x1fffcc5c                USBFS_hidIdleRate
                0x1fffcc60                USBFS_hidIdleTimer
                0x1fffcc64                USBFS_hidProtocol
 *fill*         0x1fffcc67        0x1 00
 COMMON         0x1fffcc68        0x8 .\ARM_GCC_441\Debug\PioneerKit_P5LP_USB_Audio.a(USBFS_std.o)
                0x1fffcc68                USBFS_tBuffer
                0x1fffcc6c                USBFS_fwSerialNumberStringDescriptor
 COMMON         0x1fffcc70        0x8 .\ARM_GCC_441\Debug\PioneerKit_P5LP_USB_Audio.a(USBFS_descr.o)
                0x1fffcc70                USBFS_DEVICE0_CONFIGURATION0_INTERFACE2_ALTERNATE0_HID_IN_BUF
                0x1fffcc74                USBFS_DEVICE0_CONFIGURATION0_INTERFACE2_ALTERNATE0_HID_IN_RPT_SCB
                0x1fffcc78                . = ALIGN (0x8)
 *(.ram.b)
                0x1fffcc78                _end = .
                0x1fffcc78                __end = .
                0x20001800                __cs3_region_end_ram = (__cs3_region_start_ram + 0x5800)
                0x00005800                __cs3_region_size_ram = 0x5800
                0x0000f9b0                __cs3_region_init_ram = LOADADDR (.data)
                0x00000068                __cs3_region_init_size_ram = (_edata - ADDR (.data))
                0x00000b08                __cs3_region_zero_size_ram = (_end - _edata)

.stab
 *(.stab)

.stabstr
 *(.stabstr)

.debug
 *(.debug)

.line
 *(.line)

.debug_srcinfo
 *(.debug_srcinfo)

.debug_sfnames
 *(.debug_sfnames)

.comment        0x00000000      0xa3f
 .comment       0x00000000       0x2b .\ARM_GCC_441\Debug\Cm3Start.o
 .comment       0x0000002b       0x2b .\ARM_GCC_441\Debug\Timer.o
 .comment       0x00000056       0x2b .\ARM_GCC_441\Debug\USBInterface.o
 .comment       0x00000081       0x2b .\ARM_GCC_441\Debug\VolumeControl.o
 .comment       0x000000ac       0x2b .\ARM_GCC_441\Debug\Application.o
 .comment       0x000000d7       0x2b .\ARM_GCC_441\Debug\AudioControl.o
 .comment       0x00000102       0x2b .\ARM_GCC_441\Debug\Codec.o
 .comment       0x0000012d       0x2b .\ARM_GCC_441\Debug\Interrupts.o
 .comment       0x00000158       0x2b .\ARM_GCC_441\Debug\main.o
 .comment       0x00000183       0x2b .\ARM_GCC_441\Debug\PioneerKit_P5LP_USB_Audio.a(PSOC_I2S_SCLK.o)
 .comment       0x000001ae       0x2b .\ARM_GCC_441\Debug\PioneerKit_P5LP_USB_Audio.a(I2S.o)
 .comment       0x000001d9       0x2b .\ARM_GCC_441\Debug\PioneerKit_P5LP_USB_Audio.a(AudioClkGen.o)
 .comment       0x00000204       0x2b .\ARM_GCC_441\Debug\PioneerKit_P5LP_USB_Audio.a(TxDMA_dma.o)
 .comment       0x0000022f       0x2b .\ARM_GCC_441\Debug\PioneerKit_P5LP_USB_Audio.a(isr_TxDMADone.o)
 .comment       0x0000025a       0x2b .\ARM_GCC_441\Debug\PioneerKit_P5LP_USB_Audio.a(PSOC_I2S_SDTO.o)
 .comment       0x00000285       0x2b .\ARM_GCC_441\Debug\PioneerKit_P5LP_USB_Audio.a(isr_InDMADone.o)
 .comment       0x000002b0       0x2b .\ARM_GCC_441\Debug\PioneerKit_P5LP_USB_Audio.a(USBInDMA_dma.o)
 .comment       0x000002db       0x2b .\ARM_GCC_441\Debug\PioneerKit_P5LP_USB_Audio.a(PSOC_I2S_MCLK.o)
 .comment       0x00000306       0x2b .\ARM_GCC_441\Debug\PioneerKit_P5LP_USB_Audio.a(USBOutDMA_dma.o)
 .comment       0x00000331       0x2b .\ARM_GCC_441\Debug\PioneerKit_P5LP_USB_Audio.a(PSOC_SW.o)
 .comment       0x0000035c       0x2b .\ARM_GCC_441\Debug\PioneerKit_P5LP_USB_Audio.a(SystemTickTimer.o)
 .comment       0x00000387       0x2b .\ARM_GCC_441\Debug\PioneerKit_P5LP_USB_Audio.a(isr_Tick.o)
 .comment       0x000003b2       0x2b .\ARM_GCC_441\Debug\PioneerKit_P5LP_USB_Audio.a(PSOC_I2S_LRCLK.o)
 .comment       0x000003dd       0x2b .\ARM_GCC_441\Debug\PioneerKit_P5LP_USB_Audio.a(I2S_Tx_DMA_dma.o)
 .comment       0x00000408       0x2b .\ARM_GCC_441\Debug\PioneerKit_P5LP_USB_Audio.a(ByteSwap_Tx.o)
 .comment       0x00000433       0x2b .\ARM_GCC_441\Debug\PioneerKit_P5LP_USB_Audio.a(clock_CIC.o)
 .comment       0x0000045e       0x2b .\ARM_GCC_441\Debug\PioneerKit_P5LP_USB_Audio.a(CICOut_L_dma.o)
 .comment       0x00000489       0x2b .\ARM_GCC_441\Debug\PioneerKit_P5LP_USB_Audio.a(CICOut_R_dma.o)
 .comment       0x000004b4       0x2b .\ARM_GCC_441\Debug\PioneerKit_P5LP_USB_Audio.a(Droop_Filter.o)
 .comment       0x000004df       0x2b .\ARM_GCC_441\Debug\PioneerKit_P5LP_USB_Audio.a(Droop_Filter_RAM_Data.o)
 .comment       0x0000050a       0x2b .\ARM_GCC_441\Debug\PioneerKit_P5LP_USB_Audio.a(RxDMA_dma.o)
 .comment       0x00000535       0x2b .\ARM_GCC_441\Debug\PioneerKit_P5LP_USB_Audio.a(isr_RxDMADone.o)
 .comment       0x00000560       0x2b .\ARM_GCC_441\Debug\PioneerKit_P5LP_USB_Audio.a(AudioClkGen_Clock_SCK.o)
 .comment       0x0000058b       0x2b .\ARM_GCC_441\Debug\PioneerKit_P5LP_USB_Audio.a(AudioClkGen_Clock_I2S.o)
 .comment       0x000005b6       0x2b .\ARM_GCC_441\Debug\PioneerKit_P5LP_USB_Audio.a(CyDmac.o)
 .comment       0x000005e1       0x2b .\ARM_GCC_441\Debug\PioneerKit_P5LP_USB_Audio.a(CyLib.o)
 .comment       0x0000060c       0x2b .\ARM_GCC_441\Debug\PioneerKit_P5LP_USB_Audio.a(cyPm.o)
 .comment       0x00000637       0x2b .\ARM_GCC_441\Debug\PioneerKit_P5LP_USB_Audio.a(PSOC_STATUS_LED.o)
 .comment       0x00000662       0x2b .\ARM_GCC_441\Debug\PioneerKit_P5LP_USB_Audio.a(USBFS.o)
 .comment       0x0000068d       0x2b .\ARM_GCC_441\Debug\PioneerKit_P5LP_USB_Audio.a(USBFS_audio.o)
 .comment       0x000006b8       0x2b .\ARM_GCC_441\Debug\PioneerKit_P5LP_USB_Audio.a(USBFS_drv.o)
 .comment       0x000006e3       0x2b .\ARM_GCC_441\Debug\PioneerKit_P5LP_USB_Audio.a(USBFS_episr.o)
 .comment       0x0000070e       0x2b .\ARM_GCC_441\Debug\PioneerKit_P5LP_USB_Audio.a(USBFS_hid.o)
 .comment       0x00000739       0x2b .\ARM_GCC_441\Debug\PioneerKit_P5LP_USB_Audio.a(USBFS_pm.o)
 .comment       0x00000764       0x2b .\ARM_GCC_441\Debug\PioneerKit_P5LP_USB_Audio.a(USBFS_std.o)
 .comment       0x0000078f       0x2b .\ARM_GCC_441\Debug\PioneerKit_P5LP_USB_Audio.a(USBFS_vnd.o)
 .comment       0x000007ba       0x2b .\ARM_GCC_441\Debug\PioneerKit_P5LP_USB_Audio.a(USBFS_ep2_dma.o)
 .comment       0x000007e5       0x2b .\ARM_GCC_441\Debug\PioneerKit_P5LP_USB_Audio.a(USBFS_ep4_dma.o)
 .comment       0x00000810       0x2b .\ARM_GCC_441\Debug\PioneerKit_P5LP_USB_Audio.a(USBFS_ep6_dma.o)
 .comment       0x0000083b       0x2b .\ARM_GCC_441\Debug\PioneerKit_P5LP_USB_Audio.a(isr_CICOverflow.o)
 .comment       0x00000866       0x2b .\ARM_GCC_441\Debug\PioneerKit_P5LP_USB_Audio.a(PDM_CIC.o)
 .comment       0x00000891       0x2b .\ARM_GCC_441\Debug\PioneerKit_P5LP_USB_Audio.a(PDM_CIC_DMA_CombD0Update_R_dma.o)
 .comment       0x000008bc       0x2b .\ARM_GCC_441\Debug\PioneerKit_P5LP_USB_Audio.a(PDM_CIC_DMA_CombD0Update_L_dma.o)
 .comment       0x000008e7       0x2b .\ARM_GCC_441\Debug\PioneerKit_P5LP_USB_Audio.a(PDM_CIC_Status_Reg.o)
 .comment       0x00000912       0x2b .\ARM_GCC_441\Debug\PioneerKit_P5LP_USB_Audio.a(PDM_CIC_DMA_IntOut_L_dma.o)
 .comment       0x0000093d       0x2b .\ARM_GCC_441\Debug\PioneerKit_P5LP_USB_Audio.a(PDM_CIC_DMA_IntOut_R_dma.o)
 .comment       0x00000968       0x2b .\ARM_GCC_441\Debug\PioneerKit_P5LP_USB_Audio.a(cyfitter_cfg.o)
 .comment       0x00000993       0x2b .\ARM_GCC_441\Debug\PioneerKit_P5LP_USB_Audio.a(CyFlash.o)
 .comment       0x000009be       0x2b .\ARM_GCC_441\Debug\PioneerKit_P5LP_USB_Audio.a(CySpc.o)
 .comment       0x000009e9       0x2b .\ARM_GCC_441\Debug\PioneerKit_P5LP_USB_Audio.a(USBFS_cls.o)
 .comment       0x00000a14       0x2b .\ARM_GCC_441\Debug\PioneerKit_P5LP_USB_Audio.a(USBFS_descr.o)

.debug_aranges  0x00000000     0x1420
 *(.debug_aranges)
 .debug_aranges
                0x00000000       0x30 .\ARM_GCC_441\Debug\Cm3Start.o
 .debug_aranges
                0x00000030       0x20 .\ARM_GCC_441\Debug\Timer.o
 .debug_aranges
                0x00000050       0x30 .\ARM_GCC_441\Debug\USBInterface.o
 .debug_aranges
                0x00000080       0x38 .\ARM_GCC_441\Debug\Application.o
 .debug_aranges
                0x000000b8       0xb0 .\ARM_GCC_441\Debug\AudioControl.o
 .debug_aranges
                0x00000168       0x20 .\ARM_GCC_441\Debug\Codec.o
 .debug_aranges
                0x00000188       0x40 .\ARM_GCC_441\Debug\Interrupts.o
 .debug_aranges
                0x000001c8       0x20 .\ARM_GCC_441\Debug\main.o
 .debug_aranges
                0x000001e8       0x38 .\ARM_GCC_441\Debug\PioneerKit_P5LP_USB_Audio.a(PSOC_I2S_SCLK.o)
 .debug_aranges
                0x00000220       0x68 .\ARM_GCC_441\Debug\PioneerKit_P5LP_USB_Audio.a(I2S.o)
 .debug_aranges
                0x00000288       0x30 .\ARM_GCC_441\Debug\PioneerKit_P5LP_USB_Audio.a(AudioClkGen.o)
 .debug_aranges
                0x000002b8       0x28 .\ARM_GCC_441\Debug\PioneerKit_P5LP_USB_Audio.a(TxDMA_dma.o)
 .debug_aranges
                0x000002e0       0x80 .\ARM_GCC_441\Debug\PioneerKit_P5LP_USB_Audio.a(isr_TxDMADone.o)
 .debug_aranges
                0x00000360       0x38 .\ARM_GCC_441\Debug\PioneerKit_P5LP_USB_Audio.a(PSOC_I2S_SDTO.o)
 .debug_aranges
                0x00000398       0x80 .\ARM_GCC_441\Debug\PioneerKit_P5LP_USB_Audio.a(isr_InDMADone.o)
 .debug_aranges
                0x00000418       0x28 .\ARM_GCC_441\Debug\PioneerKit_P5LP_USB_Audio.a(USBInDMA_dma.o)
 .debug_aranges
                0x00000440       0x38 .\ARM_GCC_441\Debug\PioneerKit_P5LP_USB_Audio.a(PSOC_I2S_MCLK.o)
 .debug_aranges
                0x00000478       0x28 .\ARM_GCC_441\Debug\PioneerKit_P5LP_USB_Audio.a(USBOutDMA_dma.o)
 .debug_aranges
                0x000004a0       0x38 .\ARM_GCC_441\Debug\PioneerKit_P5LP_USB_Audio.a(PSOC_SW.o)
 .debug_aranges
                0x000004d8       0x58 .\ARM_GCC_441\Debug\PioneerKit_P5LP_USB_Audio.a(SystemTickTimer.o)
 .debug_aranges
                0x00000530       0x80 .\ARM_GCC_441\Debug\PioneerKit_P5LP_USB_Audio.a(isr_Tick.o)
 .debug_aranges
                0x000005b0       0x38 .\ARM_GCC_441\Debug\PioneerKit_P5LP_USB_Audio.a(PSOC_I2S_LRCLK.o)
 .debug_aranges
                0x000005e8       0x28 .\ARM_GCC_441\Debug\PioneerKit_P5LP_USB_Audio.a(I2S_Tx_DMA_dma.o)
 .debug_aranges
                0x00000610       0x28 .\ARM_GCC_441\Debug\PioneerKit_P5LP_USB_Audio.a(ByteSwap_Tx.o)
 .debug_aranges
                0x00000638       0x70 .\ARM_GCC_441\Debug\PioneerKit_P5LP_USB_Audio.a(clock_CIC.o)
 .debug_aranges
                0x000006a8       0x28 .\ARM_GCC_441\Debug\PioneerKit_P5LP_USB_Audio.a(CICOut_L_dma.o)
 .debug_aranges
                0x000006d0       0x28 .\ARM_GCC_441\Debug\PioneerKit_P5LP_USB_Audio.a(CICOut_R_dma.o)
 .debug_aranges
                0x000006f8       0xd0 .\ARM_GCC_441\Debug\PioneerKit_P5LP_USB_Audio.a(Droop_Filter.o)
 .debug_aranges
                0x000007c8       0x28 .\ARM_GCC_441\Debug\PioneerKit_P5LP_USB_Audio.a(RxDMA_dma.o)
 .debug_aranges
                0x000007f0       0x80 .\ARM_GCC_441\Debug\PioneerKit_P5LP_USB_Audio.a(isr_RxDMADone.o)
 .debug_aranges
                0x00000870       0x70 .\ARM_GCC_441\Debug\PioneerKit_P5LP_USB_Audio.a(AudioClkGen_Clock_SCK.o)
 .debug_aranges
                0x000008e0       0x70 .\ARM_GCC_441\Debug\PioneerKit_P5LP_USB_Audio.a(AudioClkGen_Clock_I2S.o)
 .debug_aranges
                0x00000950       0x20 .\ARM_GCC_441\Debug\PioneerKit_P5LP_USB_Audio.a(CyBootAsmGnu.o)
 .debug_aranges
                0x00000970       0xd8 .\ARM_GCC_441\Debug\PioneerKit_P5LP_USB_Audio.a(CyDmac.o)
 .debug_aranges
                0x00000a48      0x218 .\ARM_GCC_441\Debug\PioneerKit_P5LP_USB_Audio.a(CyLib.o)
 .debug_aranges
                0x00000c60       0xa0 .\ARM_GCC_441\Debug\PioneerKit_P5LP_USB_Audio.a(cyPm.o)
 .debug_aranges
                0x00000d00       0x38 .\ARM_GCC_441\Debug\PioneerKit_P5LP_USB_Audio.a(PSOC_STATUS_LED.o)
 .debug_aranges
                0x00000d38       0xc0 .\ARM_GCC_441\Debug\PioneerKit_P5LP_USB_Audio.a(USBFS.o)
 .debug_aranges
                0x00000df8       0x20 .\ARM_GCC_441\Debug\PioneerKit_P5LP_USB_Audio.a(USBFS_audio.o)
 .debug_aranges
                0x00000e18       0x98 .\ARM_GCC_441\Debug\PioneerKit_P5LP_USB_Audio.a(USBFS_drv.o)
 .debug_aranges
                0x00000eb0       0x48 .\ARM_GCC_441\Debug\PioneerKit_P5LP_USB_Audio.a(USBFS_episr.o)
 .debug_aranges
                0x00000ef8       0x48 .\ARM_GCC_441\Debug\PioneerKit_P5LP_USB_Audio.a(USBFS_hid.o)
 .debug_aranges
                0x00000f40       0x40 .\ARM_GCC_441\Debug\PioneerKit_P5LP_USB_Audio.a(USBFS_pm.o)
 .debug_aranges
                0x00000f80       0x80 .\ARM_GCC_441\Debug\PioneerKit_P5LP_USB_Audio.a(USBFS_std.o)
 .debug_aranges
                0x00001000       0x20 .\ARM_GCC_441\Debug\PioneerKit_P5LP_USB_Audio.a(USBFS_vnd.o)
 .debug_aranges
                0x00001020       0x28 .\ARM_GCC_441\Debug\PioneerKit_P5LP_USB_Audio.a(USBFS_ep2_dma.o)
 .debug_aranges
                0x00001048       0x28 .\ARM_GCC_441\Debug\PioneerKit_P5LP_USB_Audio.a(USBFS_ep4_dma.o)
 .debug_aranges
                0x00001070       0x28 .\ARM_GCC_441\Debug\PioneerKit_P5LP_USB_Audio.a(USBFS_ep6_dma.o)
 .debug_aranges
                0x00001098       0x80 .\ARM_GCC_441\Debug\PioneerKit_P5LP_USB_Audio.a(isr_CICOverflow.o)
 .debug_aranges
                0x00001118       0xd0 .\ARM_GCC_441\Debug\PioneerKit_P5LP_USB_Audio.a(PDM_CIC.o)
 .debug_aranges
                0x000011e8       0x28 .\ARM_GCC_441\Debug\PioneerKit_P5LP_USB_Audio.a(PDM_CIC_DMA_CombD0Update_R_dma.o)
 .debug_aranges
                0x00001210       0x28 .\ARM_GCC_441\Debug\PioneerKit_P5LP_USB_Audio.a(PDM_CIC_DMA_CombD0Update_L_dma.o)
 .debug_aranges
                0x00001238       0x40 .\ARM_GCC_441\Debug\PioneerKit_P5LP_USB_Audio.a(PDM_CIC_Status_Reg.o)
 .debug_aranges
                0x00001278       0x28 .\ARM_GCC_441\Debug\PioneerKit_P5LP_USB_Audio.a(PDM_CIC_DMA_IntOut_L_dma.o)
 .debug_aranges
                0x000012a0       0x28 .\ARM_GCC_441\Debug\PioneerKit_P5LP_USB_Audio.a(PDM_CIC_DMA_IntOut_R_dma.o)
 .debug_aranges
                0x000012c8       0x58 .\ARM_GCC_441\Debug\PioneerKit_P5LP_USB_Audio.a(cyfitter_cfg.o)
 .debug_aranges
                0x00001320       0x78 .\ARM_GCC_441\Debug\PioneerKit_P5LP_USB_Audio.a(CyFlash.o)
 .debug_aranges
                0x00001398       0x68 .\ARM_GCC_441\Debug\PioneerKit_P5LP_USB_Audio.a(CySpc.o)
 .debug_aranges
                0x00001400       0x20 .\ARM_GCC_441\Debug\PioneerKit_P5LP_USB_Audio.a(USBFS_cls.o)

.debug_pubnames
                0x00000000     0x3b6b
 *(.debug_pubnames)
 .debug_pubnames
                0x00000000       0x66 .\ARM_GCC_441\Debug\Cm3Start.o
 .debug_pubnames
                0x00000066       0x4a .\ARM_GCC_441\Debug\Timer.o
 .debug_pubnames
                0x000000b0       0xbd .\ARM_GCC_441\Debug\USBInterface.o
 .debug_pubnames
                0x0000016d       0xc3 .\ARM_GCC_441\Debug\Application.o
 .debug_pubnames
                0x00000230      0x3fb .\ARM_GCC_441\Debug\AudioControl.o
 .debug_pubnames
                0x0000062b       0x43 .\ARM_GCC_441\Debug\Codec.o
 .debug_pubnames
                0x0000066e       0x87 .\ARM_GCC_441\Debug\Interrupts.o
 .debug_pubnames
                0x000006f5       0x1b .\ARM_GCC_441\Debug\main.o
 .debug_pubnames
                0x00000710       0x7e .\ARM_GCC_441\Debug\PioneerKit_P5LP_USB_Audio.a(PSOC_I2S_SCLK.o)
 .debug_pubnames
                0x0000078e       0xd2 .\ARM_GCC_441\Debug\PioneerKit_P5LP_USB_Audio.a(I2S.o)
 .debug_pubnames
                0x00000860       0x5a .\ARM_GCC_441\Debug\PioneerKit_P5LP_USB_Audio.a(AudioClkGen.o)
 .debug_pubnames
                0x000008ba       0x53 .\ARM_GCC_441\Debug\PioneerKit_P5LP_USB_Audio.a(TxDMA_dma.o)
 .debug_pubnames
                0x0000090d      0x175 .\ARM_GCC_441\Debug\PioneerKit_P5LP_USB_Audio.a(isr_TxDMADone.o)
 .debug_pubnames
                0x00000a82       0x7e .\ARM_GCC_441\Debug\PioneerKit_P5LP_USB_Audio.a(PSOC_I2S_SDTO.o)
 .debug_pubnames
                0x00000b00      0x175 .\ARM_GCC_441\Debug\PioneerKit_P5LP_USB_Audio.a(isr_InDMADone.o)
 .debug_pubnames
                0x00000c75       0x5c .\ARM_GCC_441\Debug\PioneerKit_P5LP_USB_Audio.a(USBInDMA_dma.o)
 .debug_pubnames
                0x00000cd1       0x7e .\ARM_GCC_441\Debug\PioneerKit_P5LP_USB_Audio.a(PSOC_I2S_MCLK.o)
 .debug_pubnames
                0x00000d4f       0x5f .\ARM_GCC_441\Debug\PioneerKit_P5LP_USB_Audio.a(USBOutDMA_dma.o)
 .debug_pubnames
                0x00000dae       0x66 .\ARM_GCC_441\Debug\PioneerKit_P5LP_USB_Audio.a(PSOC_SW.o)
 .debug_pubnames
                0x00000e14      0x110 .\ARM_GCC_441\Debug\PioneerKit_P5LP_USB_Audio.a(SystemTickTimer.o)
 .debug_pubnames
                0x00000f24      0x134 .\ARM_GCC_441\Debug\PioneerKit_P5LP_USB_Audio.a(isr_Tick.o)
 .debug_pubnames
                0x00001058       0x82 .\ARM_GCC_441\Debug\PioneerKit_P5LP_USB_Audio.a(PSOC_I2S_LRCLK.o)
 .debug_pubnames
                0x000010da       0x62 .\ARM_GCC_441\Debug\PioneerKit_P5LP_USB_Audio.a(I2S_Tx_DMA_dma.o)
 .debug_pubnames
                0x0000113c       0x3d .\ARM_GCC_441\Debug\PioneerKit_P5LP_USB_Audio.a(ByteSwap_Tx.o)
 .debug_pubnames
                0x00001179      0x14a .\ARM_GCC_441\Debug\PioneerKit_P5LP_USB_Audio.a(clock_CIC.o)
 .debug_pubnames
                0x000012c3       0x5c .\ARM_GCC_441\Debug\PioneerKit_P5LP_USB_Audio.a(CICOut_L_dma.o)
 .debug_pubnames
                0x0000131f       0x5c .\ARM_GCC_441\Debug\PioneerKit_P5LP_USB_Audio.a(CICOut_R_dma.o)
 .debug_pubnames
                0x0000137b      0x28f .\ARM_GCC_441\Debug\PioneerKit_P5LP_USB_Audio.a(Droop_Filter.o)
 .debug_pubnames
                0x0000160a       0x86 .\ARM_GCC_441\Debug\PioneerKit_P5LP_USB_Audio.a(Droop_Filter_RAM_Data.o)
 .debug_pubnames
                0x00001690       0x53 .\ARM_GCC_441\Debug\PioneerKit_P5LP_USB_Audio.a(RxDMA_dma.o)
 .debug_pubnames
                0x000016e3      0x175 .\ARM_GCC_441\Debug\PioneerKit_P5LP_USB_Audio.a(isr_RxDMADone.o)
 .debug_pubnames
                0x00001858      0x1ce .\ARM_GCC_441\Debug\PioneerKit_P5LP_USB_Audio.a(AudioClkGen_Clock_SCK.o)
 .debug_pubnames
                0x00001a26      0x1ce .\ARM_GCC_441\Debug\PioneerKit_P5LP_USB_Audio.a(AudioClkGen_Clock_I2S.o)
 .debug_pubnames
                0x00001bf4      0x218 .\ARM_GCC_441\Debug\PioneerKit_P5LP_USB_Audio.a(CyDmac.o)
 .debug_pubnames
                0x00001e0c      0x57a .\ARM_GCC_441\Debug\PioneerKit_P5LP_USB_Audio.a(CyLib.o)
 .debug_pubnames
                0x00002386       0xbb .\ARM_GCC_441\Debug\PioneerKit_P5LP_USB_Audio.a(cyPm.o)
 .debug_pubnames
                0x00002441       0x86 .\ARM_GCC_441\Debug\PioneerKit_P5LP_USB_Audio.a(PSOC_STATUS_LED.o)
 .debug_pubnames
                0x000024c7      0x214 .\ARM_GCC_441\Debug\PioneerKit_P5LP_USB_Audio.a(USBFS.o)
 .debug_pubnames
                0x000026db      0x194 .\ARM_GCC_441\Debug\PioneerKit_P5LP_USB_Audio.a(USBFS_audio.o)
 .debug_pubnames
                0x0000286f      0x37c .\ARM_GCC_441\Debug\PioneerKit_P5LP_USB_Audio.a(USBFS_drv.o)
 .debug_pubnames
                0x00002beb       0x87 .\ARM_GCC_441\Debug\PioneerKit_P5LP_USB_Audio.a(USBFS_episr.o)
 .debug_pubnames
                0x00002c72       0xf7 .\ARM_GCC_441\Debug\PioneerKit_P5LP_USB_Audio.a(USBFS_hid.o)
 .debug_pubnames
                0x00002d69       0x73 .\ARM_GCC_441\Debug\PioneerKit_P5LP_USB_Audio.a(USBFS_pm.o)
 .debug_pubnames
                0x00002ddc      0x1e6 .\ARM_GCC_441\Debug\PioneerKit_P5LP_USB_Audio.a(USBFS_std.o)
 .debug_pubnames
                0x00002fc2       0x2d .\ARM_GCC_441\Debug\PioneerKit_P5LP_USB_Audio.a(USBFS_vnd.o)
 .debug_pubnames
                0x00002fef       0x5f .\ARM_GCC_441\Debug\PioneerKit_P5LP_USB_Audio.a(USBFS_ep2_dma.o)
 .debug_pubnames
                0x0000304e       0x5f .\ARM_GCC_441\Debug\PioneerKit_P5LP_USB_Audio.a(USBFS_ep4_dma.o)
 .debug_pubnames
                0x000030ad       0x5f .\ARM_GCC_441\Debug\PioneerKit_P5LP_USB_Audio.a(USBFS_ep6_dma.o)
 .debug_pubnames
                0x0000310c      0x18f .\ARM_GCC_441\Debug\PioneerKit_P5LP_USB_Audio.a(isr_CICOverflow.o)
 .debug_pubnames
                0x0000329b      0x10c .\ARM_GCC_441\Debug\PioneerKit_P5LP_USB_Audio.a(PDM_CIC.o)
 .debug_pubnames
                0x000033a7       0x92 .\ARM_GCC_441\Debug\PioneerKit_P5LP_USB_Audio.a(PDM_CIC_DMA_CombD0Update_R_dma.o)
 .debug_pubnames
                0x00003439       0x92 .\ARM_GCC_441\Debug\PioneerKit_P5LP_USB_Audio.a(PDM_CIC_DMA_CombD0Update_L_dma.o)
 .debug_pubnames
                0x000034cb       0xbe .\ARM_GCC_441\Debug\PioneerKit_P5LP_USB_Audio.a(PDM_CIC_Status_Reg.o)
 .debug_pubnames
                0x00003589       0x80 .\ARM_GCC_441\Debug\PioneerKit_P5LP_USB_Audio.a(PDM_CIC_DMA_IntOut_L_dma.o)
 .debug_pubnames
                0x00003609       0x80 .\ARM_GCC_441\Debug\PioneerKit_P5LP_USB_Audio.a(PDM_CIC_DMA_IntOut_R_dma.o)
 .debug_pubnames
                0x00003689       0x3d .\ARM_GCC_441\Debug\PioneerKit_P5LP_USB_Audio.a(cyfitter_cfg.o)
 .debug_pubnames
                0x000036c6      0x104 .\ARM_GCC_441\Debug\PioneerKit_P5LP_USB_Audio.a(CyFlash.o)
 .debug_pubnames