Archive member included because of file (symbol)

.\ARM_GCC_441\Release\KitProg_Bootloader.a(CyLib.o)
                              .\ARM_GCC_441\Release\main.o (CyHalt)
.\ARM_GCC_441\Release\KitProg_Bootloader.a(cyPm.o)
                              .\ARM_GCC_441\Release\KitProg_Bootloader.a(CyLib.o) (CyPmFtwSetInterval)
.\ARM_GCC_441\Release\KitProg_Bootloader.a(Pin_PSoC4A_XRES.o)
                              .\ARM_GCC_441\Release\main.o (Pin_PSoC4A_XRES_Read)
.\ARM_GCC_441\Release\KitProg_Bootloader.a(Bootloader.o)
                              .\ARM_GCC_441\Release\main.o (Bootloader_Calc8BitFlashSum)
.\ARM_GCC_441\Release\KitProg_Bootloader.a(USBFS_boot.o)
                              .\ARM_GCC_441\Release\KitProg_Bootloader.a(Bootloader.o) (USBFS_CyBtldrCommWrite)
.\ARM_GCC_441\Release\KitProg_Bootloader.a(PWM.o)
                              .\ARM_GCC_441\Release\main.o (PWM_Enable)
.\ARM_GCC_441\Release\KitProg_Bootloader.a(cyfitter_cfg.o)
                              .\ARM_GCC_441\Release\Cm3Start.o (cyfitter_cfg)
.\ARM_GCC_441\Release\KitProg_Bootloader.a(CyBootAsmGnu.o)
                              .\ARM_GCC_441\Release\KitProg_Bootloader.a(CyLib.o) (CyDelayCycles)
.\ARM_GCC_441\Release\KitProg_Bootloader.a(CyFlash.o)
                              .\ARM_GCC_441\Release\KitProg_Bootloader.a(cyPm.o) (CyFlash_SetWaitCycles)
.\ARM_GCC_441\Release\KitProg_Bootloader.a(CySpc.o)
                              .\ARM_GCC_441\Release\KitProg_Bootloader.a(CyFlash.o) (CySpcLoadRow)
.\ARM_GCC_441\Release\KitProg_Bootloader.a(USBFS.o)
                              .\ARM_GCC_441\Release\KitProg_Bootloader.a(USBFS_boot.o) (USBFS_Stop)
.\ARM_GCC_441\Release\KitProg_Bootloader.a(USBFS_drv.o)
                              .\ARM_GCC_441\Release\KitProg_Bootloader.a(USBFS.o) (USBFS_lastPacketSize)
.\ARM_GCC_441\Release\KitProg_Bootloader.a(USBFS_episr.o)
                              .\ARM_GCC_441\Release\KitProg_Bootloader.a(USBFS.o) (USBFS_EP_1_ISR)
.\ARM_GCC_441\Release\KitProg_Bootloader.a(USBFS_hid.o)
                              .\ARM_GCC_441\Release\KitProg_Bootloader.a(USBFS.o) (USBFS_hidProtocol)
.\ARM_GCC_441\Release\KitProg_Bootloader.a(USBFS_std.o)
                              .\ARM_GCC_441\Release\KitProg_Bootloader.a(USBFS_hid.o) (USBFS_GetConfigTablePtr)
.\ARM_GCC_441\Release\KitProg_Bootloader.a(USBFS_vnd.o)
                              .\ARM_GCC_441\Release\KitProg_Bootloader.a(USBFS_drv.o) (USBFS_HandleVendorRqst)
.\ARM_GCC_441\Release\KitProg_Bootloader.a(USBFS_cls.o)
                              .\ARM_GCC_441\Release\KitProg_Bootloader.a(USBFS_drv.o) (USBFS_DispatchClassRqst)
.\ARM_GCC_441\Release\KitProg_Bootloader.a(USBFS_descr.o)
                              .\ARM_GCC_441\Release\KitProg_Bootloader.a(USBFS_std.o) (USBFS_DEVICE0_DESCR)
c:/program files/cypress/psoc creator/2.2/psoc creator/import/gnu_cs/arm/4.4.1/bin/../lib/gcc/arm-none-eabi/4.4.1/../../../../arm-none-eabi/lib/thumb2\libc.a(lib_a-memcpy.o)
                              .\ARM_GCC_441\Release\KitProg_Bootloader.a(Bootloader.o) (memcpy)
c:/program files/cypress/psoc creator/2.2/psoc creator/import/gnu_cs/arm/4.4.1/bin/../lib/gcc/arm-none-eabi/4.4.1/../../../../arm-none-eabi/lib/thumb2\libc.a(lib_a-memset.o)
                              .\ARM_GCC_441\Release\KitProg_Bootloader.a(Bootloader.o) (memset)
c:/program files/cypress/psoc creator/2.2/psoc creator/import/gnu_cs/arm/4.4.1/bin/../lib/gcc/arm-none-eabi/4.4.1/../../../../arm-none-eabi/lib/thumb2\libcs3.a(start_c.o)
                              (__cs3_start_c)
c:/program files/cypress/psoc creator/2.2/psoc creator/import/gnu_cs/arm/4.4.1/bin/../lib/gcc/arm-none-eabi/4.4.1/../../../../arm-none-eabi/lib/thumb2\libcs3micro.a(micro_isr_interrupt.o)
                              (__cs3_isr_nmi)
c:/program files/cypress/psoc creator/2.2/psoc creator/import/gnu_cs/arm/4.4.1/bin/../lib/gcc/arm-none-eabi/4.4.1/../../../../arm-none-eabi/lib/thumb2\libc.a(lib_a-init.o)
                              c:/program files/cypress/psoc creator/2.2/psoc creator/import/gnu_cs/arm/4.4.1/bin/../lib/gcc/arm-none-eabi/4.4.1/../../../../arm-none-eabi/lib/thumb2\libcs3.a(start_c.o) (__libc_init_array)

Allocating common symbols
Common symbol       size              file

USBFS_deviceAddress
                    0x1               .\ARM_GCC_441\Release\KitProg_Bootloader.a(USBFS_drv.o)
USBFS_ep0Mode       0x1               .\ARM_GCC_441\Release\KitProg_Bootloader.a(USBFS_drv.o)
USBFS_interfaceSetting
                    0x1               .\ARM_GCC_441\Release\KitProg_Bootloader.a(USBFS_drv.o)
flashBuffer         0x120             .\ARM_GCC_441\Release\KitProg_Bootloader.a(Bootloader.o)
USBFS_DEVICE0_CONFIGURATION0_INTERFACE0_ALTERNATE0_HID_IN_RPT_SCB
                    0x4               .\ARM_GCC_441\Release\KitProg_Bootloader.a(USBFS_descr.o)
USBFS_hidIdleRate   0x1               .\ARM_GCC_441\Release\KitProg_Bootloader.a(USBFS_hid.o)
USBFS_currentTD     0xc               .\ARM_GCC_441\Release\KitProg_Bootloader.a(USBFS_drv.o)
USBFS_device        0x1               .\ARM_GCC_441\Release\KitProg_Bootloader.a(USBFS_drv.o)
USBFS_interfaceNumber
                    0x1               .\ARM_GCC_441\Release\KitProg_Bootloader.a(USBFS_drv.o)
USBFS_ep0Toggle     0x1               .\ARM_GCC_441\Release\KitProg_Bootloader.a(USBFS_drv.o)
USBFS_deviceStatus  0x1               .\ARM_GCC_441\Release\KitProg_Bootloader.a(USBFS_drv.o)
USBFS_tBuffer       0x2               .\ARM_GCC_441\Release\KitProg_Bootloader.a(USBFS_std.o)
USBFS_DEVICE0_CONFIGURATION0_INTERFACE0_ALTERNATE0_HID_IN_BUF
                    0x41              .\ARM_GCC_441\Release\KitProg_Bootloader.a(USBFS_descr.o)
USBFS_configurationChanged
                    0x1               .\ARM_GCC_441\Release\KitProg_Bootloader.a(USBFS_drv.o)
USBFS_configuration
                    0x1               .\ARM_GCC_441\Release\KitProg_Bootloader.a(USBFS_drv.o)
USBFS_transferState
                    0x1               .\ARM_GCC_441\Release\KitProg_Bootloader.a(USBFS_drv.o)
USBFS_interfaceStatus
                    0x1               .\ARM_GCC_441\Release\KitProg_Bootloader.a(USBFS_drv.o)
USBFS_interfaceClass
                    0x4               .\ARM_GCC_441\Release\KitProg_Bootloader.a(USBFS_drv.o)
USBFS_EP            0x6c              .\ARM_GCC_441\Release\KitProg_Bootloader.a(USBFS_drv.o)
USBFS_DEVICE0_CONFIGURATION0_INTERFACE0_ALTERNATE0_HID_OUT_BUF
                    0x41              .\ARM_GCC_441\Release\KitProg_Bootloader.a(USBFS_descr.o)
USBFS_interfaceSetting_last
                    0x1               .\ARM_GCC_441\Release\KitProg_Bootloader.a(USBFS_drv.o)
USBFS_hidIdleTimer  0x1               .\ARM_GCC_441\Release\KitProg_Bootloader.a(USBFS_hid.o)
CyResetStatus       0x1               .\ARM_GCC_441\Release\KitProg_Bootloader.a(CyLib.o)
USBFS_lastPacketSize
                    0x1               .\ARM_GCC_441\Release\KitProg_Bootloader.a(USBFS_drv.o)
USBFS_hidProtocol   0x1               .\ARM_GCC_441\Release\KitProg_Bootloader.a(USBFS_hid.o)
USBFS_DEVICE0_CONFIGURATION0_INTERFACE0_ALTERNATE0_HID_OUT_RPT_SCB
                    0x4               .\ARM_GCC_441\Release\KitProg_Bootloader.a(USBFS_descr.o)
dieTemperature      0x2               .\ARM_GCC_441\Release\KitProg_Bootloader.a(CyFlash.o)
USBFS_fwSerialNumberStringDescriptor
                    0x4               .\ARM_GCC_441\Release\KitProg_Bootloader.a(USBFS_std.o)
USBFS_ep0Count      0x1               .\ARM_GCC_441\Release\KitProg_Bootloader.a(USBFS_drv.o)
USBFS_transferByteCount
                    0x2               .\ARM_GCC_441\Release\KitProg_Bootloader.a(USBFS_drv.o)

Discarded input sections

 .text          0x00000000        0x0 c:/program files/cypress/psoc creator/2.2/psoc creator/import/gnu_cs/arm/4.4.1/bin/../lib/gcc/arm-none-eabi/4.4.1/thumb2/crti.o
 .data          0x00000000        0x0 c:/program files/cypress/psoc creator/2.2/psoc creator/import/gnu_cs/arm/4.4.1/bin/../lib/gcc/arm-none-eabi/4.4.1/thumb2/crti.o
 .bss           0x00000000        0x0 c:/program files/cypress/psoc creator/2.2/psoc creator/import/gnu_cs/arm/4.4.1/bin/../lib/gcc/arm-none-eabi/4.4.1/thumb2/crti.o
 .data          0x00000000        0x4 c:/program files/cypress/psoc creator/2.2/psoc creator/import/gnu_cs/arm/4.4.1/bin/../lib/gcc/arm-none-eabi/4.4.1/thumb2/crtbegin.o
 .text          0x00000000        0x0 .\ARM_GCC_441\Release\main.o
 .data          0x00000000        0x0 .\ARM_GCC_441\Release\main.o
 .bss           0x00000000        0x0 .\ARM_GCC_441\Release\main.o
 .text          0x00000000        0x0 .\ARM_GCC_441\Release\Cm3Start.o
 .data          0x00000000        0x0 .\ARM_GCC_441\Release\Cm3Start.o
 .bss           0x00000000        0x0 .\ARM_GCC_441\Release\Cm3Start.o
 .text          0x00000000        0x0 .\ARM_GCC_441\Release\KitProg_Bootloader.a(CyLib.o)
 .bss           0x00000000        0x0 .\ARM_GCC_441\Release\KitProg_Bootloader.a(CyLib.o)
 .text.CyPLL_OUT_Stop
                0x00000000       0x10 .\ARM_GCC_441\Release\KitProg_Bootloader.a(CyLib.o)
 .text.CyPLL_OUT_SetPQ
                0x00000000       0x34 .\ARM_GCC_441\Release\KitProg_Bootloader.a(CyLib.o)
 .text.CyPLL_OUT_SetSource
                0x00000000       0x18 .\ARM_GCC_441\Release\KitProg_Bootloader.a(CyLib.o)
 .text.CyIMO_Stop
                0x00000000       0x10 .\ARM_GCC_441\Release\KitProg_Bootloader.a(CyLib.o)
 .text.CyIMO_SetTrimValue
                0x00000000       0xb0 .\ARM_GCC_441\Release\KitProg_Bootloader.a(CyLib.o)
 .text.CyIMO_SetSource
                0x00000000       0x40 .\ARM_GCC_441\Release\KitProg_Bootloader.a(CyLib.o)
 .text.CyIMO_EnableDoubler
                0x00000000       0x10 .\ARM_GCC_441\Release\KitProg_Bootloader.a(CyLib.o)
 .text.CyIMO_DisableDoubler
                0x00000000       0x10 .\ARM_GCC_441\Release\KitProg_Bootloader.a(CyLib.o)
 .text.CyIMO_SetFreq
                0x00000000       0xcc .\ARM_GCC_441\Release\KitProg_Bootloader.a(CyLib.o)
 .text.CyMasterClk_SetSource
                0x00000000       0x18 .\ARM_GCC_441\Release\KitProg_Bootloader.a(CyLib.o)
 .text.CyMasterClk_SetDivider
                0x00000000        0xc .\ARM_GCC_441\Release\KitProg_Bootloader.a(CyLib.o)
 .text.CyBusClk_Internal_SetDivider
                0x00000000       0x38 .\ARM_GCC_441\Release\KitProg_Bootloader.a(CyLib.o)
 .text.CyUsbClk_SetSource
                0x00000000       0x18 .\ARM_GCC_441\Release\KitProg_Bootloader.a(CyLib.o)
 .text.CyILO_Start1K
                0x00000000       0x10 .\ARM_GCC_441\Release\KitProg_Bootloader.a(CyLib.o)
 .text.CyILO_Stop1K
                0x00000000       0x10 .\ARM_GCC_441\Release\KitProg_Bootloader.a(CyLib.o)
 .text.CyILO_Start100K
                0x00000000       0x10 .\ARM_GCC_441\Release\KitProg_Bootloader.a(CyLib.o)
 .text.CyILO_Stop100K
                0x00000000       0x10 .\ARM_GCC_441\Release\KitProg_Bootloader.a(CyLib.o)
 .text.CyILO_Enable33K
                0x00000000       0x10 .\ARM_GCC_441\Release\KitProg_Bootloader.a(CyLib.o)
 .text.CyILO_Disable33K
                0x00000000       0x10 .\ARM_GCC_441\Release\KitProg_Bootloader.a(CyLib.o)
 .text.CyILO_SetSource
                0x00000000       0x1c .\ARM_GCC_441\Release\KitProg_Bootloader.a(CyLib.o)
 .text.CyILO_SetPowerMode
                0x00000000       0x1c .\ARM_GCC_441\Release\KitProg_Bootloader.a(CyLib.o)
 .text.CyXTAL_32KHZ_Stop
                0x00000000       0x34 .\ARM_GCC_441\Release\KitProg_Bootloader.a(CyLib.o)
 .text.CyXTAL_32KHZ_ReadStatus
                0x00000000       0x10 .\ARM_GCC_441\Release\KitProg_Bootloader.a(CyLib.o)
 .text.CyXTAL_Stop
                0x00000000       0x10 .\ARM_GCC_441\Release\KitProg_Bootloader.a(CyLib.o)
 .text.CyXTAL_EnableErrStatus
                0x00000000       0x10 .\ARM_GCC_441\Release\KitProg_Bootloader.a(CyLib.o)
 .text.CyXTAL_DisableErrStatus
                0x00000000       0x10 .\ARM_GCC_441\Release\KitProg_Bootloader.a(CyLib.o)
 .text.CyXTAL_ReadStatus
                0x00000000        0xc .\ARM_GCC_441\Release\KitProg_Bootloader.a(CyLib.o)
 .text.CyXTAL_EnableFaultRecovery
                0x00000000       0x10 .\ARM_GCC_441\Release\KitProg_Bootloader.a(CyLib.o)
 .text.CyXTAL_DisableFaultRecovery
                0x00000000       0x10 .\ARM_GCC_441\Release\KitProg_Bootloader.a(CyLib.o)
 .text.CyXTAL_SetStartup
                0x00000000       0x18 .\ARM_GCC_441\Release\KitProg_Bootloader.a(CyLib.o)
 .text.CyXTAL_SetFbVoltage
                0x00000000       0x18 .\ARM_GCC_441\Release\KitProg_Bootloader.a(CyLib.o)
 .text.CyXTAL_SetWdVoltage
                0x00000000       0x1c .\ARM_GCC_441\Release\KitProg_Bootloader.a(CyLib.o)
 .text.CySoftwareReset
                0x00000000        0xc .\ARM_GCC_441\Release\KitProg_Bootloader.a(CyLib.o)
 .text.CyDelayFreq
                0x00000000       0x40 .\ARM_GCC_441\Release\KitProg_Bootloader.a(CyLib.o)
 .text.CyWdtStart
                0x00000000       0x44 .\ARM_GCC_441\Release\KitProg_Bootloader.a(CyLib.o)
 .text.CyWdtClear
                0x00000000        0xc .\ARM_GCC_441\Release\KitProg_Bootloader.a(CyLib.o)
 .text.CyVdLvDigitDisable
                0x00000000       0x28 .\ARM_GCC_441\Release\KitProg_Bootloader.a(CyLib.o)
 .text.CyVdLvAnalogDisable
                0x00000000       0x28 .\ARM_GCC_441\Release\KitProg_Bootloader.a(CyLib.o)
 .text.CyVdHvAnalogDisable
                0x00000000       0x10 .\ARM_GCC_441\Release\KitProg_Bootloader.a(CyLib.o)
 .text.CyVdStickyStatus
                0x00000000       0x14 .\ARM_GCC_441\Release\KitProg_Bootloader.a(CyLib.o)
 .text.CyIntSetSysVector
                0x00000000       0x18 .\ARM_GCC_441\Release\KitProg_Bootloader.a(CyLib.o)
 .text.CyIntGetSysVector
                0x00000000       0x14 .\ARM_GCC_441\Release\KitProg_Bootloader.a(CyLib.o)
 .text.CyIntGetVector
                0x00000000       0x14 .\ARM_GCC_441\Release\KitProg_Bootloader.a(CyLib.o)
 .text.CyIntGetPriority
                0x00000000       0x12 .\ARM_GCC_441\Release\KitProg_Bootloader.a(CyLib.o)
 .text.CyIntGetState
                0x00000000       0x14 .\ARM_GCC_441\Release\KitProg_Bootloader.a(CyLib.o)
 .text.CyFlushCache
                0x00000000       0x60 .\ARM_GCC_441\Release\KitProg_Bootloader.a(CyLib.o)
 .text.CyEnableInts
                0x00000000       0x18 .\ARM_GCC_441\Release\KitProg_Bootloader.a(CyLib.o)
 .text.CyDisableInts
                0x00000000       0x1c .\ARM_GCC_441\Release\KitProg_Bootloader.a(CyLib.o)
 .text.CyVdRealTimeStatus
                0x00000000       0x18 .\ARM_GCC_441\Release\KitProg_Bootloader.a(CyLib.o)
 .text.CyBusClk_SetDivider
                0x00000000       0x70 .\ARM_GCC_441\Release\KitProg_Bootloader.a(CyLib.o)
 .text.CyVdHvAnalogEnable
                0x00000000       0x44 .\ARM_GCC_441\Release\KitProg_Bootloader.a(CyLib.o)
 .text.CyVdLvAnalogEnable
                0x00000000       0x6c .\ARM_GCC_441\Release\KitProg_Bootloader.a(CyLib.o)
 .text.CyVdLvDigitEnable
                0x00000000       0x6c .\ARM_GCC_441\Release\KitProg_Bootloader.a(CyLib.o)
 .text.CyXTAL_32KHZ_SetPowerMode
                0x00000000       0x74 .\ARM_GCC_441\Release\KitProg_Bootloader.a(CyLib.o)
 .text.CyXTAL_32KHZ_Start
                0x00000000       0x70 .\ARM_GCC_441\Release\KitProg_Bootloader.a(CyLib.o)
 .text.CyXTAL_Start
                0x00000000       0x94 .\ARM_GCC_441\Release\KitProg_Bootloader.a(CyLib.o)
 .text.CyIMO_Start
                0x00000000       0x5c .\ARM_GCC_441\Release\KitProg_Bootloader.a(CyLib.o)
 .text.CyPLL_OUT_Start
                0x00000000       0x70 .\ARM_GCC_441\Release\KitProg_Bootloader.a(CyLib.o)
 .text          0x00000000        0x0 .\ARM_GCC_441\Release\KitProg_Bootloader.a(cyPm.o)
 .data          0x00000000        0x0 .\ARM_GCC_441\Release\KitProg_Bootloader.a(cyPm.o)
 .bss           0x00000000       0x44 .\ARM_GCC_441\Release\KitProg_Bootloader.a(cyPm.o)
 .text.CyPmAltAct
                0x00000000       0x64 .\ARM_GCC_441\Release\KitProg_Bootloader.a(cyPm.o)
 .text.CyPmHibSlpSaveSet
                0x00000000      0x1cc .\ARM_GCC_441\Release\KitProg_Bootloader.a(cyPm.o)
 .text.CyPmHibSlpRestore
                0x00000000       0xd4 .\ARM_GCC_441\Release\KitProg_Bootloader.a(cyPm.o)
 .text.CyPmFtwSetInterval
                0x00000000       0x50 .\ARM_GCC_441\Release\KitProg_Bootloader.a(cyPm.o)
 .text.CyPmOppsSet
                0x00000000       0x2c .\ARM_GCC_441\Release\KitProg_Bootloader.a(cyPm.o)
 .text.CyPmCtwSetInterval
                0x00000000       0x50 .\ARM_GCC_441\Release\KitProg_Bootloader.a(cyPm.o)
 .text.CyPmReadStatus
                0x00000000       0x2c .\ARM_GCC_441\Release\KitProg_Bootloader.a(cyPm.o)
 .text.CyPmSleep
                0x00000000       0xe0 .\ARM_GCC_441\Release\KitProg_Bootloader.a(cyPm.o)
 .text.CyPmHibernate
                0x00000000      0x24c .\ARM_GCC_441\Release\KitProg_Bootloader.a(cyPm.o)
 .text.CyPmRestoreClocks
                0x00000000      0x210 .\ARM_GCC_441\Release\KitProg_Bootloader.a(cyPm.o)
 .text.CyPmSaveClocks
                0x00000000      0x1a8 .\ARM_GCC_441\Release\KitProg_Bootloader.a(cyPm.o)
 .rodata        0x00000000       0x10 .\ARM_GCC_441\Release\KitProg_Bootloader.a(cyPm.o)
 .text          0x00000000        0x0 .\ARM_GCC_441\Release\KitProg_Bootloader.a(Pin_PSoC4A_XRES.o)
 .data          0x00000000        0x0 .\ARM_GCC_441\Release\KitProg_Bootloader.a(Pin_PSoC4A_XRES.o)
 .bss           0x00000000        0x0 .\ARM_GCC_441\Release\KitProg_Bootloader.a(Pin_PSoC4A_XRES.o)
 .text.Pin_PSoC4A_XRES_Write
                0x00000000       0x1c .\ARM_GCC_441\Release\KitProg_Bootloader.a(Pin_PSoC4A_XRES.o)
 .text.Pin_PSoC4A_XRES_SetDriveMode
                0x00000000       0x18 .\ARM_GCC_441\Release\KitProg_Bootloader.a(Pin_PSoC4A_XRES.o)
 .text.Pin_PSoC4A_XRES_ReadDataReg
                0x00000000       0x10 .\ARM_GCC_441\Release\KitProg_Bootloader.a(Pin_PSoC4A_XRES.o)
 .text          0x00000000        0x0 .\ARM_GCC_441\Release\KitProg_Bootloader.a(Bootloader.o)
 .bss           0x00000000        0x0 .\ARM_GCC_441\Release\KitProg_Bootloader.a(Bootloader.o)
 .text.Bootloader_SetFlashByte
                0x00000000       0x34 .\ARM_GCC_441\Release\KitProg_Bootloader.a(Bootloader.o)
 .text          0x00000000        0x0 .\ARM_GCC_441\Release\KitProg_Bootloader.a(USBFS_boot.o)
 .data          0x00000000        0x0 .\ARM_GCC_441\Release\KitProg_Bootloader.a(USBFS_boot.o)
 .text.USBFS_CyBtldrCommStop
                0x00000000        0x4 .\ARM_GCC_441\Release\KitProg_Bootloader.a(USBFS_boot.o)
 .text          0x00000000        0x0 .\ARM_GCC_441\Release\KitProg_Bootloader.a(PWM.o)
 .data          0x00000000        0x0 .\ARM_GCC_441\Release\KitProg_Bootloader.a(PWM.o)
 .bss           0x00000000        0x1 .\ARM_GCC_441\Release\KitProg_Bootloader.a(PWM.o)
 .text.PWM_Stop
                0x00000000       0x10 .\ARM_GCC_441\Release\KitProg_Bootloader.a(PWM.o)
 .text.PWM_ReadCounter
                0x00000000       0x14 .\ARM_GCC_441\Release\KitProg_Bootloader.a(PWM.o)
 .text.PWM_ReadStatusRegister
                0x00000000        0xc .\ARM_GCC_441\Release\KitProg_Bootloader.a(PWM.o)
 .text.PWM_ReadControlRegister
                0x00000000        0xc .\ARM_GCC_441\Release\KitProg_Bootloader.a(PWM.o)
 .text.PWM_WriteControlRegister
                0x00000000        0xc .\ARM_GCC_441\Release\KitProg_Bootloader.a(PWM.o)
 .text.PWM_ReadCapture
                0x00000000        0xc .\ARM_GCC_441\Release\KitProg_Bootloader.a(PWM.o)
 .text.PWM_ReadCompare
                0x00000000        0xc .\ARM_GCC_441\Release\KitProg_Bootloader.a(PWM.o)
 .text.PWM_ReadPeriod
                0x00000000        0xc .\ARM_GCC_441\Release\KitProg_Bootloader.a(PWM.o)
 .text.PWM_Start
                0x00000000       0x1c .\ARM_GCC_441\Release\KitProg_Bootloader.a(PWM.o)
 .text          0x00000000        0x0 .\ARM_GCC_441\Release\KitProg_Bootloader.a(cyfitter_cfg.o)
 .data          0x00000000        0x0 .\ARM_GCC_441\Release\KitProg_Bootloader.a(cyfitter_cfg.o)
 .bss           0x00000000        0x0 .\ARM_GCC_441\Release\KitProg_Bootloader.a(cyfitter_cfg.o)
 .text.SetAnalogRoutingPumps
                0x00000000        0xc .\ARM_GCC_441\Release\KitProg_Bootloader.a(cyfitter_cfg.o)
 .data          0x00000000        0x0 .\ARM_GCC_441\Release\KitProg_Bootloader.a(CyBootAsmGnu.o)
 .bss           0x00000000        0x0 .\ARM_GCC_441\Release\KitProg_Bootloader.a(CyBootAsmGnu.o)
 .text          0x00000000        0x0 .\ARM_GCC_441\Release\KitProg_Bootloader.a(CyFlash.o)
 .data          0x00000000        0x0 .\ARM_GCC_441\Release\KitProg_Bootloader.a(CyFlash.o)
 .text.CyFlash_Stop
                0x00000000       0x1c .\ARM_GCC_441\Release\KitProg_Bootloader.a(CyFlash.o)
 .text.CyEEPROM_Start
                0x00000000       0x1c .\ARM_GCC_441\Release\KitProg_Bootloader.a(CyFlash.o)
 .text.CyEEPROM_Stop
                0x00000000       0x1c .\ARM_GCC_441\Release\KitProg_Bootloader.a(CyFlash.o)
 .text.CyEEPROM_ReadReserve
                0x00000000       0x1c .\ARM_GCC_441\Release\KitProg_Bootloader.a(CyFlash.o)
 .text.CyEEPROM_ReadRelease
                0x00000000        0xc .\ARM_GCC_441\Release\KitProg_Bootloader.a(CyFlash.o)
 .text.CyFlash_SetWaitCycles
                0x00000000       0x4c .\ARM_GCC_441\Release\KitProg_Bootloader.a(CyFlash.o)
 .text.CyFlash_Start
                0x00000000       0x20 .\ARM_GCC_441\Release\KitProg_Bootloader.a(CyFlash.o)
 .text.CyWriteRowConfig
                0x00000000       0x48 .\ARM_GCC_441\Release\KitProg_Bootloader.a(CyFlash.o)
 .text.CyWriteRowData
                0x00000000       0x58 .\ARM_GCC_441\Release\KitProg_Bootloader.a(CyFlash.o)
 .text          0x00000000        0x0 .\ARM_GCC_441\Release\KitProg_Bootloader.a(CySpc.o)
 .data          0x00000000        0x0 .\ARM_GCC_441\Release\KitProg_Bootloader.a(CySpc.o)
 .text.CySpcLoadMultiByte
                0x00000000       0x84 .\ARM_GCC_441\Release\KitProg_Bootloader.a(CySpc.o)
 .text.CySpcEraseSector
                0x00000000       0x44 .\ARM_GCC_441\Release\KitProg_Bootloader.a(CySpc.o)
 .text.CySpcStop
                0x00000000       0x28 .\ARM_GCC_441\Release\KitProg_Bootloader.a(CySpc.o)
 .text          0x00000000        0x0 .\ARM_GCC_441\Release\KitProg_Bootloader.a(USBFS.o)
 .data          0x00000000        0x0 .\ARM_GCC_441\Release\KitProg_Bootloader.a(USBFS.o)
 .text.USBFS_Stop
                0x00000000       0x80 .\ARM_GCC_441\Release\KitProg_Bootloader.a(USBFS.o)
 .text.USBFS_CheckActivity
                0x00000000       0x14 .\ARM_GCC_441\Release\KitProg_Bootloader.a(USBFS.o)
 .text.USBFS_GetInterfaceSetting
                0x00000000        0xc .\ARM_GCC_441\Release\KitProg_Bootloader.a(USBFS.o)
 .text.USBFS_DisableOutEP
                0x00000000       0x18 .\ARM_GCC_441\Release\KitProg_Bootloader.a(USBFS.o)
 .text.USBFS_Force
                0x00000000        0xc .\ARM_GCC_441\Release\KitProg_Bootloader.a(USBFS.o)
 .text.USBFS_GetEPAckState
                0x00000000       0x20 .\ARM_GCC_441\Release\KitProg_Bootloader.a(USBFS.o)
 .text.USBFS_SetPowerStatus
                0x00000000       0x1c .\ARM_GCC_441\Release\KitProg_Bootloader.a(USBFS.o)
 .text.USBFS_RWUEnabled
                0x00000000       0x10 .\ARM_GCC_441\Release\KitProg_Bootloader.a(USBFS.o)
 .text          0x00000000        0x0 .\ARM_GCC_441\Release\KitProg_Bootloader.a(USBFS_drv.o)
 .data          0x00000000        0x0 .\ARM_GCC_441\Release\KitProg_Bootloader.a(USBFS_drv.o)
 .bss           0x00000000        0x0 .\ARM_GCC_441\Release\KitProg_Bootloader.a(USBFS_drv.o)
 .text          0x00000000        0x0 .\ARM_GCC_441\Release\KitProg_Bootloader.a(USBFS_episr.o)
 .data          0x00000000        0x0 .\ARM_GCC_441\Release\KitProg_Bootloader.a(USBFS_episr.o)
 .bss           0x00000000        0x0 .\ARM_GCC_441\Release\KitProg_Bootloader.a(USBFS_episr.o)
 .text          0x00000000        0x0 .\ARM_GCC_441\Release\KitProg_Bootloader.a(USBFS_hid.o)
 .data          0x00000000        0x0 .\ARM_GCC_441\Release\KitProg_Bootloader.a(USBFS_hid.o)
 .bss           0x00000000        0x0 .\ARM_GCC_441\Release\KitProg_Bootloader.a(USBFS_hid.o)
 .text.USBFS_UpdateHIDTimer
                0x00000000       0x2c .\ARM_GCC_441\Release\KitProg_Bootloader.a(USBFS_hid.o)
 .text.USBFS_GetProtocol
                0x00000000        0xc .\ARM_GCC_441\Release\KitProg_Bootloader.a(USBFS_hid.o)
 .text          0x00000000        0x0 .\ARM_GCC_441\Release\KitProg_Bootloader.a(USBFS_std.o)
 .text.USBFS_SerialNumString
                0x00000000        0x2 .\ARM_GCC_441\Release\KitProg_Bootloader.a(USBFS_std.o)
 .text.USBFS_GetDeviceTablePtr
                0x00000000       0x18 .\ARM_GCC_441\Release\KitProg_Bootloader.a(USBFS_std.o)
 .text.USBFS_TerminateEP
                0x00000000       0x48 .\ARM_GCC_441\Release\KitProg_Bootloader.a(USBFS_std.o)
 .text          0x00000000        0x0 .\ARM_GCC_441\Release\KitProg_Bootloader.a(USBFS_vnd.o)
 .data          0x00000000        0x0 .\ARM_GCC_441\Release\KitProg_Bootloader.a(USBFS_vnd.o)
 .bss           0x00000000        0x0 .\ARM_GCC_441\Release\KitProg_Bootloader.a(USBFS_vnd.o)
 .text          0x00000000        0x0 .\ARM_GCC_441\Release\KitProg_Bootloader.a(USBFS_cls.o)
 .data          0x00000000        0x0 .\ARM_GCC_441\Release\KitProg_Bootloader.a(USBFS_cls.o)
 .bss           0x00000000        0x0 .\ARM_GCC_441\Release\KitProg_Bootloader.a(USBFS_cls.o)
 .text          0x00000000        0x0 .\ARM_GCC_441\Release\KitProg_Bootloader.a(USBFS_descr.o)
 .data          0x00000000        0x0 .\ARM_GCC_441\Release\KitProg_Bootloader.a(USBFS_descr.o)
 .bss           0x00000000        0x0 .\ARM_GCC_441\Release\KitProg_Bootloader.a(USBFS_descr.o)
 .data          0x00000000        0x0 c:/program files/cypress/psoc creator/2.2/psoc creator/import/gnu_cs/arm/4.4.1/bin/../lib/gcc/arm-none-eabi/4.4.1/../../../../arm-none-eabi/lib/thumb2\libc.a(lib_a-memcpy.o)
 .bss           0x00000000        0x0 c:/program files/cypress/psoc creator/2.2/psoc creator/import/gnu_cs/arm/4.4.1/bin/../lib/gcc/arm-none-eabi/4.4.1/../../../../arm-none-eabi/lib/thumb2\libc.a(lib_a-memcpy.o)
 .data          0x00000000        0x0 c:/program files/cypress/psoc creator/2.2/psoc creator/import/gnu_cs/arm/4.4.1/bin/../lib/gcc/arm-none-eabi/4.4.1/../../../../arm-none-eabi/lib/thumb2\libc.a(lib_a-memset.o)
 .bss           0x00000000        0x0 c:/program files/cypress/psoc creator/2.2/psoc creator/import/gnu_cs/arm/4.4.1/bin/../lib/gcc/arm-none-eabi/4.4.1/../../../../arm-none-eabi/lib/thumb2\libc.a(lib_a-memset.o)
 .text          0x00000000        0x0 c:/program files/cypress/psoc creator/2.2/psoc creator/import/gnu_cs/arm/4.4.1/bin/../lib/gcc/arm-none-eabi/4.4.1/thumb2/crtend.o
 .data          0x00000000        0x0 c:/program files/cypress/psoc creator/2.2/psoc creator/import/gnu_cs/arm/4.4.1/bin/../lib/gcc/arm-none-eabi/4.4.1/thumb2/crtend.o
 .bss           0x00000000        0x0 c:/program files/cypress/psoc creator/2.2/psoc creator/import/gnu_cs/arm/4.4.1/bin/../lib/gcc/arm-none-eabi/4.4.1/thumb2/crtend.o
 .text          0x00000000        0x0 c:/program files/cypress/psoc creator/2.2/psoc creator/import/gnu_cs/arm/4.4.1/bin/../lib/gcc/arm-none-eabi/4.4.1/thumb2/crtn.o
 .data          0x00000000        0x0 c:/program files/cypress/psoc creator/2.2/psoc creator/import/gnu_cs/arm/4.4.1/bin/../lib/gcc/arm-none-eabi/4.4.1/thumb2/crtn.o
 .bss           0x00000000        0x0 c:/program files/cypress/psoc creator/2.2/psoc creator/import/gnu_cs/arm/4.4.1/bin/../lib/gcc/arm-none-eabi/4.4.1/thumb2/crtn.o
 .data          0x00000000        0x0 c:/program files/cypress/psoc creator/2.2/psoc creator/import/gnu_cs/arm/4.4.1/bin/../lib/gcc/arm-none-eabi/4.4.1/../../../../arm-none-eabi/lib/thumb2\libcs3.a(start_c.o)
 .bss           0x00000000        0x0 c:/program files/cypress/psoc creator/2.2/psoc creator/import/gnu_cs/arm/4.4.1/bin/../lib/gcc/arm-none-eabi/4.4.1/../../../../arm-none-eabi/lib/thumb2\libcs3.a(start_c.o)
 .data          0x00000000        0x0 c:/program files/cypress/psoc creator/2.2/psoc creator/import/gnu_cs/arm/4.4.1/bin/../lib/gcc/arm-none-eabi/4.4.1/../../../../arm-none-eabi/lib/thumb2\libcs3micro.a(micro_isr_interrupt.o)
 .bss           0x00000000        0x0 c:/program files/cypress/psoc creator/2.2/psoc creator/import/gnu_cs/arm/4.4.1/bin/../lib/gcc/arm-none-eabi/4.4.1/../../../../arm-none-eabi/lib/thumb2\libcs3micro.a(micro_isr_interrupt.o)
 .data          0x00000000        0x0 c:/program files/cypress/psoc creator/2.2/psoc creator/import/gnu_cs/arm/4.4.1/bin/../lib/gcc/arm-none-eabi/4.4.1/../../../../arm-none-eabi/lib/thumb2\libc.a(lib_a-init.o)
 .bss           0x00000000        0x0 c:/program files/cypress/psoc creator/2.2/psoc creator/import/gnu_cs/arm/4.4.1/bin/../lib/gcc/arm-none-eabi/4.4.1/../../../../arm-none-eabi/lib/thumb2\libc.a(lib_a-init.o)

Memory Configuration

Name             Origin             Length             Attributes
rom              0x00000000         0x0000ffc0         xr
ram              0x1fffe000         0x00002000         xrw
*default*        0x00000000         0xffffffff

Linker script and memory map

LOAD c:/program files/cypress/psoc creator/2.2/psoc creator/import/gnu_cs/arm/4.4.1/bin/../lib/gcc/arm-none-eabi/4.4.1/thumb2/crti.o
LOAD c:/program files/cypress/psoc creator/2.2/psoc creator/import/gnu_cs/arm/4.4.1/bin/../lib/gcc/arm-none-eabi/4.4.1/thumb2/crtbegin.o
START GROUP
LOAD .\ARM_GCC_441\Release\main.o
LOAD .\ARM_GCC_441\Release\Cm3Start.o
LOAD .\ARM_GCC_441\Release\KitProg_Bootloader.a
LOAD C:\Program Files\Cypress\PSoC Creator\2.2\PSoC Creator\psoc\content\cycomponentlibrary\CyComponentLibrary.cylib\CortexM3\ARM_GCC_441\Release\CyComponentLibrary.a
END GROUP
START GROUP
LOAD c:/program files/cypress/psoc creator/2.2/psoc creator/import/gnu_cs/arm/4.4.1/bin/../lib/gcc/arm-none-eabi/4.4.1/thumb2\libgcc.a
LOAD c:/program files/cypress/psoc creator/2.2/psoc creator/import/gnu_cs/arm/4.4.1/bin/../lib/gcc/arm-none-eabi/4.4.1/../../../../arm-none-eabi/lib/thumb2\libc.a
END GROUP
LOAD c:/program files/cypress/psoc creator/2.2/psoc creator/import/gnu_cs/arm/4.4.1/bin/../lib/gcc/arm-none-eabi/4.4.1/thumb2/crtend.o
LOAD c:/program files/cypress/psoc creator/2.2/psoc creator/import/gnu_cs/arm/4.4.1/bin/../lib/gcc/arm-none-eabi/4.4.1/thumb2/crtn.o
START GROUP
LOAD c:/program files/cypress/psoc creator/2.2/psoc creator/import/gnu_cs/arm/4.4.1/bin/../lib/gcc/arm-none-eabi/4.4.1/thumb2\libgcc.a
LOAD c:/program files/cypress/psoc creator/2.2/psoc creator/import/gnu_cs/arm/4.4.1/bin/../lib/gcc/arm-none-eabi/4.4.1/../../../../arm-none-eabi/lib/thumb2\libc.a
LOAD c:/program files/cypress/psoc creator/2.2/psoc creator/import/gnu_cs/arm/4.4.1/bin/../lib/gcc/arm-none-eabi/4.4.1/../../../../arm-none-eabi/lib/thumb2\libcs3.a
LOAD c:/program files/cypress/psoc creator/2.2/psoc creator/import/gnu_cs/arm/4.4.1/bin/../lib/gcc/arm-none-eabi/4.4.1/../../../../arm-none-eabi/lib/thumb2\libcs3unhosted.a
LOAD c:/program files/cypress/psoc creator/2.2/psoc creator/import/gnu_cs/arm/4.4.1/bin/../lib/gcc/arm-none-eabi/4.4.1/../../../../arm-none-eabi/lib/thumb2\libcs3micro.a
END GROUP
                0x1fffe3c0                PROVIDE (__cs3_heap_start, _end)
                0x00000001                PROVIDE (__cs3_region_num, ((__cs3_regions_end - __cs3_regions) / 0x14))
                0x20002000                PROVIDE (__cs3_stack, 0x20002000)
                0x20001000                PROVIDE (__cs3_heap_end, (__cs3_stack - 0x1000))

.text           0x00000000     0x225c
 CREATE_OBJECT_SYMBOLS
                0x00000000                PROVIDE (__cs3_interrupt_vector, RomVectors)
 *(.romvectors)
 .romvectors    0x00000000       0x10 .\ARM_GCC_441\Release\Cm3Start.o
                0x00000000                RomVectors
 *(.cs3.interrupt_vector)
                0x00000001                ASSERT ((. != __cs3_interrupt_vector), No interrupt vector)
                0x00000134                PROVIDE (__cs3_reset, Reset)
 *(.cs3.reset)
                0x00000001                ASSERT ((. != __cs3_reset), No reset code)
 *(.dma_init)
                0x00000001                ASSERT ((((0x0 + .) <= 0x10000) || 0x1), DMA Init must be within the first 64k of flash)
 *(.text.cs3.init)
 .text.cs3.init
                0x00000010       0x5c c:/program files/cypress/psoc creator/2.2/psoc creator/import/gnu_cs/arm/4.4.1/bin/../lib/gcc/arm-none-eabi/4.4.1/../../../../arm-none-eabi/lib/thumb2\libcs3.a(start_c.o)
                0x00000010                __cs3_start_c
 *(.text .text.* .gnu.linkonce.t.*)
 .text          0x0000006c       0x30 c:/program files/cypress/psoc creator/2.2/psoc creator/import/gnu_cs/arm/4.4.1/bin/../lib/gcc/arm-none-eabi/4.4.1/thumb2/crtbegin.o
 .text.ValidateBootloader
                0x0000009c       0x30 .\ARM_GCC_441\Release\main.o
                0x0000009c                ValidateBootloader
 .text.main     0x000000cc       0x64 .\ARM_GCC_441\Release\main.o
                0x000000cc                main
 .text.IntDefaultHandler
                0x00000130        0x2 .\ARM_GCC_441\Release\Cm3Start.o
                0x00000130                IntDefaultHandler
 *fill*         0x00000132        0x2 00
 .text.Reset    0x00000134       0x28 .\ARM_GCC_441\Release\Cm3Start.o
                0x00000134                Reset
 .text.initialize_psoc
                0x0000015c       0x68 .\ARM_GCC_441\Release\Cm3Start.o
                0x0000015c                initialize_psoc
 .text.CyHalt   0x000001c4        0x4 .\ARM_GCC_441\Release\KitProg_Bootloader.a(CyLib.o)
                0x000001c4                CyHalt
 .text.CyIntSetVector
                0x000001c8       0x18 .\ARM_GCC_441\Release\KitProg_Bootloader.a(CyLib.o)
                0x000001c8                CyIntSetVector
 .text.CyIntSetPriority
                0x000001e0       0x14 .\ARM_GCC_441\Release\KitProg_Bootloader.a(CyLib.o)
                0x000001e0                CyIntSetPriority
 .text.CyDelayUs
                0x000001f4       0x10 .\ARM_GCC_441\Release\KitProg_Bootloader.a(CyLib.o)
                0x000001f4                CyDelayUs
 .text.CyDelay  0x00000204       0x28 .\ARM_GCC_441\Release\KitProg_Bootloader.a(CyLib.o)
                0x00000204                CyDelay
 .text.Pin_PSoC4A_XRES_Read
                0x0000022c       0x10 .\ARM_GCC_441\Release\KitProg_Bootloader.a(Pin_PSoC4A_XRES.o)
                0x0000022c                Pin_PSoC4A_XRES_Read
 .text.Bootloader_CalcPacketChecksum
                0x0000023c       0x1e .\ARM_GCC_441\Release\KitProg_Bootloader.a(Bootloader.o)
                0x0000023c                Bootloader_CalcPacketChecksum
 .text.Bootloader_Calc8BitFlashSum
                0x0000025a       0x16 .\ARM_GCC_441\Release\KitProg_Bootloader.a(Bootloader.o)
                0x0000025a                Bootloader_Calc8BitFlashSum
 .text.Bootloader_LaunchApplication
                0x00000270       0x14 .\ARM_GCC_441\Release\KitProg_Bootloader.a(Bootloader.o)
                0x00000270                Bootloader_LaunchApplication
 .text.LaunchApp
                0x00000284       0x10 .\ARM_GCC_441\Release\KitProg_Bootloader.a(Bootloader.o)
                0x00000284                LaunchApp
 .text.CyBtldr_CheckLaunch
                0x00000294       0x24 .\ARM_GCC_441\Release\KitProg_Bootloader.a(Bootloader.o)
                0x00000294                CyBtldr_CheckLaunch
 .text.Bootloader_ValidateApplication
                0x000002b8       0x74 .\ARM_GCC_441\Release\KitProg_Bootloader.a(Bootloader.o)
                0x000002b8                Bootloader_ValidateApplication
 .text.Bootloader_WritePacket
                0x0000032c       0x40 .\ARM_GCC_441\Release\KitProg_Bootloader.a(Bootloader.o)
                0x0000032c                Bootloader_WritePacket
 .text.Bootloader_HostLink
                0x0000036c      0x2ac .\ARM_GCC_441\Release\KitProg_Bootloader.a(Bootloader.o)
                0x0000036c                Bootloader_HostLink
 .text.Bootloader_Start
                0x00000618       0x64 .\ARM_GCC_441\Release\KitProg_Bootloader.a(Bootloader.o)
                0x00000618                Bootloader_Start
 .text.USBFS_CyBtldrCommWrite
                0x0000067c       0x50 .\ARM_GCC_441\Release\KitProg_Bootloader.a(USBFS_boot.o)
                0x0000067c                USBFS_CyBtldrCommWrite
 .text.USBFS_CyBtldrCommReset
                0x000006cc        0x6 .\ARM_GCC_441\Release\KitProg_Bootloader.a(USBFS_boot.o)
                0x000006cc                USBFS_CyBtldrCommReset
 *fill*         0x000006d2        0x2 00
 .text.USBFS_CyBtldrCommRead
                0x000006d4       0xb8 .\ARM_GCC_441\Release\KitProg_Bootloader.a(USBFS_boot.o)
                0x000006d4                USBFS_CyBtldrCommRead
 .text.USBFS_CyBtldrCommStart
                0x0000078c       0x18 .\ARM_GCC_441\Release\KitProg_Bootloader.a(USBFS_boot.o)
                0x0000078c                USBFS_CyBtldrCommStart
 .text.PWM_Enable
                0x000007a4       0x10 .\ARM_GCC_441\Release\KitProg_Bootloader.a(PWM.o)
                0x000007a4                PWM_Enable
 .text.PWM_WriteCounter
                0x000007b4        0xc .\ARM_GCC_441\Release\KitProg_Bootloader.a(PWM.o)
                0x000007b4                PWM_WriteCounter
 .text.PWM_ClearFIFO
                0x000007c0       0x1c .\ARM_GCC_441\Release\KitProg_Bootloader.a(PWM.o)
                0x000007c0                PWM_ClearFIFO
 .text.PWM_WritePeriod
                0x000007dc        0xc .\ARM_GCC_441\Release\KitProg_Bootloader.a(PWM.o)
                0x000007dc                PWM_WritePeriod
 .text.PWM_WriteCompare
                0x000007e8        0xc .\ARM_GCC_441\Release\KitProg_Bootloader.a(PWM.o)
                0x000007e8                PWM_WriteCompare
 .text.PWM_SetInterruptMode
                0x000007f4        0xc .\ARM_GCC_441\Release\KitProg_Bootloader.a(PWM.o)
                0x000007f4                PWM_SetInterruptMode
 .text.PWM_Init
                0x00000800       0x64 .\ARM_GCC_441\Release\KitProg_Bootloader.a(PWM.o)
                0x00000800                PWM_Init
 .text.CYCONFIGCPYCODE
                0x00000864        0x4 .\ARM_GCC_441\Release\KitProg_Bootloader.a(cyfitter_cfg.o)
 .text.cyfitter_cfg
                0x00000868      0x198 .\ARM_GCC_441\Release\KitProg_Bootloader.a(cyfitter_cfg.o)
                0x00000868                cyfitter_cfg
 .text          0x00000a00       0x20 .\ARM_GCC_441\Release\KitProg_Bootloader.a(CyBootAsmGnu.o)
                0x00000a00                CyDelayCycles
                0x00000a10                CyEnterCriticalSection
                0x00000a18                CyExitCriticalSection
 .text.CyWriteRowFull
                0x00000a20       0x8c .\ARM_GCC_441\Release\KitProg_Bootloader.a(CyFlash.o)
                0x00000a20                CyWriteRowFull
 .text.CySetFlashEEBuffer
                0x00000aac       0x2c .\ARM_GCC_441\Release\KitProg_Bootloader.a(CyFlash.o)
                0x00000aac                CySetFlashEEBuffer
 .text.CySetTempInt
                0x00000ad8       0x5c .\ARM_GCC_441\Release\KitProg_Bootloader.a(CyFlash.o)
 .text.CySetTemp
                0x00000b34       0x12 .\ARM_GCC_441\Release\KitProg_Bootloader.a(CyFlash.o)
                0x00000b34                CySetTemp
 *fill*         0x00000b46        0x2 00
 .text.CySpcLoadRow
                0x00000b48       0x5c .\ARM_GCC_441\Release\KitProg_Bootloader.a(CySpc.o)
                0x00000b48                CySpcLoadRow
 .text.CySpcWriteRow
                0x00000ba4       0x54 .\ARM_GCC_441\Release\KitProg_Bootloader.a(CySpc.o)
                0x00000ba4                CySpcWriteRow
 .text.CySpcGetTemp
                0x00000bf8       0x38 .\ARM_GCC_441\Release\KitProg_Bootloader.a(CySpc.o)
                0x00000bf8                CySpcGetTemp
 .text.CySpcUnlock
                0x00000c30       0x34 .\ARM_GCC_441\Release\KitProg_Bootloader.a(CySpc.o)
                0x00000c30                CySpcUnlock
 .text.CySpcLock
                0x00000c64       0x48 .\ARM_GCC_441\Release\KitProg_Bootloader.a(CySpc.o)
                0x00000c64                CySpcLock
 .text.CySpcStart
                0x00000cac       0x28 .\ARM_GCC_441\Release\KitProg_Bootloader.a(CySpc.o)
                0x00000cac                CySpcStart
 .text.CySpcReadData
                0x00000cd4       0x34 .\ARM_GCC_441\Release\KitProg_Bootloader.a(CySpc.o)
                0x00000cd4                CySpcReadData
 .text.USBFS_ReInitComponent
                0x00000d08       0x58 .\ARM_GCC_441\Release\KitProg_Bootloader.a(USBFS.o)
                0x00000d08                USBFS_ReInitComponent
 .text.USBFS_GetConfiguration
                0x00000d60        0xc .\ARM_GCC_441\Release\KitProg_Bootloader.a(USBFS.o)
                0x00000d60                USBFS_GetConfiguration
 .text.USBFS_IsConfigurationChanged
                0x00000d6c       0x14 .\ARM_GCC_441\Release\KitProg_Bootloader.a(USBFS.o)
                0x00000d6c                USBFS_IsConfigurationChanged
 .text.USBFS_GetEPState
                0x00000d80       0x10 .\ARM_GCC_441\Release\KitProg_Bootloader.a(USBFS.o)
                0x00000d80                USBFS_GetEPState
 .text.USBFS_GetEPCount
                0x00000d90       0x2c .\ARM_GCC_441\Release\KitProg_Bootloader.a(USBFS.o)
                0x00000d90                USBFS_GetEPCount
 .text.USBFS_LoadInEP
                0x00000dbc       0x94 .\ARM_GCC_441\Release\KitProg_Bootloader.a(USBFS.o)
                0x00000dbc                USBFS_LoadInEP
 .text.USBFS_EnableOutEP
                0x00000e50       0x28 .\ARM_GCC_441\Release\KitProg_Bootloader.a(USBFS.o)
                0x00000e50                USBFS_EnableOutEP
 .text.USBFS_ReadOutEP
                0x00000e78       0x48 .\ARM_GCC_441\Release\KitProg_Bootloader.a(USBFS.o)
                0x00000e78                USBFS_ReadOutEP
 .text.USBFS_InitComponent
                0x00000ec0       0x9c .\ARM_GCC_441\Release\KitProg_Bootloader.a(USBFS.o)
                0x00000ec0                USBFS_InitComponent
 .text.USBFS_Init
                0x00000f5c      0x118 .\ARM_GCC_441\Release\KitProg_Bootloader.a(USBFS.o)
                0x00000f5c                USBFS_Init
 .text.USBFS_Start
                0x00001074       0x24 .\ARM_GCC_441\Release\KitProg_Bootloader.a(USBFS.o)
                0x00001074                USBFS_Start
 .text.USBFS_LoadEP0
                0x00001098       0xa0 .\ARM_GCC_441\Release\KitProg_Bootloader.a(USBFS_drv.o)
                0x00001098                USBFS_LoadEP0
 .text.USBFS_InitZeroLengthControlTransfer
                0x00001138       0x34 .\ARM_GCC_441\Release\KitProg_Bootloader.a(USBFS_drv.o)
                0x00001138                USBFS_InitZeroLengthControlTransfer
 .text.USBFS_ControlReadDataStage
                0x0000116c        0x4 .\ARM_GCC_441\Release\KitProg_Bootloader.a(USBFS_drv.o)
                0x0000116c                USBFS_ControlReadDataStage
 .text.USBFS_ControlWriteDataStage
                0x00001170       0x78 .\ARM_GCC_441\Release\KitProg_Bootloader.a(USBFS_drv.o)
                0x00001170                USBFS_ControlWriteDataStage
 .text.USBFS_InitNoDataControlTransfer
                0x000011e8       0x2c .\ARM_GCC_441\Release\KitProg_Bootloader.a(USBFS_drv.o)
                0x000011e8                USBFS_InitNoDataControlTransfer
 .text.USBFS_UpdateStatusBlock
                0x00001214       0x20 .\ARM_GCC_441\Release\KitProg_Bootloader.a(USBFS_drv.o)
                0x00001214                USBFS_UpdateStatusBlock
 .text.USBFS_NoDataControlStatusStage
                0x00001234       0x3c .\ARM_GCC_441\Release\KitProg_Bootloader.a(USBFS_drv.o)
                0x00001234                USBFS_NoDataControlStatusStage
 .text.USBFS_ControlWriteStatusStage
                0x00001270       0x20 .\ARM_GCC_441\Release\KitProg_Bootloader.a(USBFS_drv.o)
                0x00001270                USBFS_ControlWriteStatusStage
 .text.USBFS_HandleIN
                0x00001290       0x24 .\ARM_GCC_441\Release\KitProg_Bootloader.a(USBFS_drv.o)
                0x00001290                USBFS_HandleIN
 .text.USBFS_ControlReadStatusStage
                0x000012b4       0x34 .\ARM_GCC_441\Release\KitProg_Bootloader.a(USBFS_drv.o)
                0x000012b4                USBFS_ControlReadStatusStage
 .text.USBFS_HandleOUT
                0x000012e8       0x38 .\ARM_GCC_441\Release\KitProg_Bootloader.a(USBFS_drv.o)
                0x000012e8                USBFS_HandleOUT
 .text.USBFS_InitializeStatusBlock
                0x00001320       0x20 .\ARM_GCC_441\Release\KitProg_Bootloader.a(USBFS_drv.o)
                0x00001320                USBFS_InitializeStatusBlock
 .text.USBFS_InitControlWrite
                0x00001340       0x48 .\ARM_GCC_441\Release\KitProg_Bootloader.a(USBFS_drv.o)
                0x00001340                USBFS_InitControlWrite
 .text.USBFS_InitControlRead
                0x00001388       0x4c .\ARM_GCC_441\Release\KitProg_Bootloader.a(USBFS_drv.o)
                0x00001388                USBFS_InitControlRead
 .text.USBFS_HandleSetup
                0x000013d4       0x54 .\ARM_GCC_441\Release\KitProg_Bootloader.a(USBFS_drv.o)
                0x000013d4                USBFS_HandleSetup
 .text.USBFS_EP_0_ISR
                0x00001428       0x98 .\ARM_GCC_441\Release\KitProg_Bootloader.a(USBFS_drv.o)
                0x00001428                USBFS_EP_0_ISR
 .text.USBFS_EP_1_ISR
                0x000014c0       0x38 .\ARM_GCC_441\Release\KitProg_Bootloader.a(USBFS_episr.o)
                0x000014c0                USBFS_EP_1_ISR
 .text.USBFS_EP_2_ISR
                0x000014f8       0x38 .\ARM_GCC_441\Release\KitProg_Bootloader.a(USBFS_episr.o)
                0x000014f8                USBFS_EP_2_ISR
 .text.USBFS_SOF_ISR
                0x00001530        0x2 .\ARM_GCC_441\Release\KitProg_Bootloader.a(USBFS_episr.o)
                0x00001530                USBFS_SOF_ISR
 .text.USBFS_BUS_RESET_ISR
                0x00001532        0x4 .\ARM_GCC_441\Release\KitProg_Bootloader.a(USBFS_episr.o)
                0x00001532                USBFS_BUS_RESET_ISR
 *fill*         0x00001536        0x2 00
 .text.USBFS_FindReport
                0x00001538       0x74 .\ARM_GCC_441\Release\KitProg_Bootloader.a(USBFS_hid.o)
                0x00001538                USBFS_FindReport
 .text.USBFS_FindReportDescriptor
                0x000015ac       0x48 .\ARM_GCC_441\Release\KitProg_Bootloader.a(USBFS_hid.o)
                0x000015ac                USBFS_FindReportDescriptor
 .text.USBFS_FindHidClassDecriptor
                0x000015f4       0x40 .\ARM_GCC_441\Release\KitProg_Bootloader.a(USBFS_hid.o)
                0x000015f4                USBFS_FindHidClassDecriptor
 .text.USBFS_DispatchHIDClassRqst
                0x00001634      0x11c .\ARM_GCC_441\Release\KitProg_Bootloader.a(USBFS_hid.o)
                0x00001634                USBFS_DispatchHIDClassRqst
 .text.USBFS_ReadDieID
                0x00001750       0x4c .\ARM_GCC_441\Release\KitProg_Bootloader.a(USBFS_std.o)
                0x00001750                USBFS_ReadDieID
 .text.USBFS_ConfigReg
                0x0000179c       0xe0 .\ARM_GCC_441\Release\KitProg_Bootloader.a(USBFS_std.o)
                0x0000179c                USBFS_ConfigReg
 .text.USBFS_GetConfigTablePtr
                0x0000187c       0x1c .\ARM_GCC_441\Release\KitProg_Bootloader.a(USBFS_std.o)
                0x0000187c                USBFS_GetConfigTablePtr
 .text.USBFS_ConfigAltChanged
                0x00001898      0x128 .\ARM_GCC_441\Release\KitProg_Bootloader.a(USBFS_std.o)
                0x00001898                USBFS_ConfigAltChanged
 .text.USBFS_GetInterfaceClassTablePtr
                0x000019c0       0x20 .\ARM_GCC_441\Release\KitProg_Bootloader.a(USBFS_std.o)
                0x000019c0                USBFS_GetInterfaceClassTablePtr
 .text.USBFS_Config
                0x000019e0      0x170 .\ARM_GCC_441\Release\KitProg_Bootloader.a(USBFS_std.o)
                0x000019e0                USBFS_Config
 .text.USBFS_ValidateAlternateSetting
                0x00001b50       0x48 .\ARM_GCC_441\Release\KitProg_Bootloader.a(USBFS_std.o)
                0x00001b50                USBFS_ValidateAlternateSetting
 .text.USBFS_ClearEndpointHalt
                0x00001b98       0x78 .\ARM_GCC_441\Release\KitProg_Bootloader.a(USBFS_std.o)
                0x00001b98                USBFS_ClearEndpointHalt
 .text.USBFS_SetEndpointHalt
                0x00001c10       0x58 .\ARM_GCC_441\Release\KitProg_Bootloader.a(USBFS_std.o)
                0x00001c10                USBFS_SetEndpointHalt
 .text.USBFS_HandleStandardRqst
                0x00001c68      0x298 .\ARM_GCC_441\Release\KitProg_Bootloader.a(USBFS_std.o)
                0x00001c68                USBFS_HandleStandardRqst
 .text.USBFS_HandleVendorRqst
                0x00001f00       0x1c .\ARM_GCC_441\Release\KitProg_Bootloader.a(USBFS_vnd.o)
                0x00001f00                USBFS_HandleVendorRqst
 .text.USBFS_DispatchClassRqst
                0x00001f1c       0x50 .\ARM_GCC_441\Release\KitProg_Bootloader.a(USBFS_cls.o)
                0x00001f1c                USBFS_DispatchClassRqst
 .text          0x00001f6c      0x190 c:/program files/cypress/psoc creator/2.2/psoc creator/import/gnu_cs/arm/4.4.1/bin/../lib/gcc/arm-none-eabi/4.4.1/../../../../arm-none-eabi/lib/thumb2\libc.a(lib_a-memcpy.o)
                0x00001f6c                memcpy
 .text          0x000020fc       0xd4 c:/program files/cypress/psoc creator/2.2/psoc creator/import/gnu_cs/arm/4.4.1/bin/../lib/gcc/arm-none-eabi/4.4.1/../../../../arm-none-eabi/lib/thumb2\libc.a(lib_a-memset.o)
                0x000020fc                memset
 .text          0x000021d0       0x30 c:/program files/cypress/psoc creator/2.2/psoc creator/import/gnu_cs/arm/4.4.1/bin/../lib/gcc/arm-none-eabi/4.4.1/../../../../arm-none-eabi/lib/thumb2\libcs3.a(start_c.o)
                0x000021d0                __cs3_premain
 .text          0x00002200        0x2 c:/program files/cypress/psoc creator/2.2/psoc creator/import/gnu_cs/arm/4.4.1/bin/../lib/gcc/arm-none-eabi/4.4.1/../../../../arm-none-eabi/lib/thumb2\libcs3micro.a(micro_isr_interrupt.o)
                0x00002200                __cs3_isr_external_24
                0x00002200                __cs3_isr_external_9
                0x00002200                __cs3_isr_external_14
                0x00002200                __cs3_isr_reserved_9
                0x00002200                __cs3_isr_external_4
                0x00002200                __cs3_isr_external_21
                0x00002200                __cs3_isr_external_0
                0x00002200                __cs3_isr_external_27
                0x00002200                __cs3_isr_external_11
                0x00002200                __cs3_isr_usage_fault
                0x00002200                __cs3_isr_svcall
                0x00002200                __cs3_isr_external_3
                0x00002200                __cs3_isr_mpu_fault
                0x00002200                __cs3_isr_external_16
                0x00002200                __cs3_isr_pendsv
                0x00002200                __cs3_isr_external_31
                0x00002200                __cs3_isr_nmi
                0x00002200                __cs3_isr_external_5
                0x00002200                __cs3_isr_external_6
                0x00002200                __cs3_isr_external_12
                0x00002200                __cs3_isr_hard_fault
                0x00002200                __cs3_isr_bus_fault
                0x00002200                __cs3_isr_external_1
                0x00002200                __cs3_isr_external_13
                0x00002200                __cs3_isr_external_30
                0x00002200                __cs3_isr_external_23
                0x00002200                __cs3_isr_external_20
                0x00002200                __cs3_isr_debug
                0x00002200                __cs3_isr_reserved_13
                0x00002200                __cs3_isr_external_8
                0x00002200                __cs3_isr_external_26
                0x00002200                __cs3_isr_reserved_8
                0x00002200                __cs3_isr_reserved_7
                0x00002200                __cs3_isr_external_7
                0x00002200                __cs3_isr_external_28
                0x00002200                __cs3_isr_systick
                0x00002200                __cs3_isr_external_22
                0x00002200                __cs3_isr_external_10
                0x00002200                __cs3_isr_external_15
                0x00002200                __cs3_isr_interrupt
                0x00002200                __cs3_isr_external_18
                0x00002200                __cs3_isr_external_29
                0x00002200                __cs3_isr_external_25
                0x00002200                __cs3_isr_reserved_10
                0x00002200                __cs3_isr_external_2
                0x00002200                __cs3_isr_external_17
                0x00002200                __cs3_isr_external_19
 *fill*         0x00002202        0x2 00
 .text          0x00002204       0x50 c:/program files/cypress/psoc creator/2.2/psoc creator/import/gnu_cs/arm/4.4.1/bin/../lib/gcc/arm-none-eabi/4.4.1/../../../../arm-none-eabi/lib/thumb2\libc.a(lib_a-init.o)
                0x00002204                __libc_init_array
 *(.plt)
 *(.gnu.warning)
 *(.glue_7t)
 .glue_7t       0x00000000        0x0 linker stubs
 *(.glue_7)
 .glue_7        0x00000000        0x0 linker stubs
 *(.vfp11_veneer)
 .vfp11_veneer  0x00000000        0x0 linker stubs
 *(.bootloader)
 .bootloader    0x00002254        0x8 .\ARM_GCC_441\Release\KitProg_Bootloader.a(Bootloader.o)
                0x00002254                Bootloader_Checksum
                0x00002258                Bootloader_SizeBytes
 *(.ARM.extab* .gnu.linkonce.armextab.*)
 *(.gcc_except_table)

.v4_bx          0x0000225c        0x0
 .v4_bx         0x00000000        0x0 linker stubs

.eh_frame_hdr
 *(.eh_frame_hdr)

.eh_frame
 *(.eh_frame)
                0x0000225c                PROVIDE (__exidx_start, .)

.ARM.exidx
 *(.ARM.exidx* .gnu.linkonce.armexidx.*)
                0x0000225c                __exidx_end = .

.rodata         0x0000225c      0x384
 *(.rodata .rodata.* .gnu.linkonce.r.*)
 .rodata        0x0000225c        0x8 .\ARM_GCC_441\Release\KitProg_Bootloader.a(Bootloader.o)
 .rodata        0x00002264      0x18c .\ARM_GCC_441\Release\KitProg_Bootloader.a(cyfitter_cfg.o)
 .rodata        0x000023f0       0x10 .\ARM_GCC_441\Release\KitProg_Bootloader.a(USBFS_std.o)
 .rodata        0x00002400      0x1a4 .\ARM_GCC_441\Release\KitProg_Bootloader.a(USBFS_descr.o)
                0x00002400                USBFS_DEVICE0_DESCR
                0x00002414                USBFS_DEVICE0_CONFIGURATION0_DESCR
                0x00002440                USBFS_STRING_DESCRIPTORS
                0x000024e4                USBFS_SN_STRING_DESCRIPTOR
                0x000024e8                USBFS_HIDREPORT_DESCRIPTOR1
                0x00002510                USBFS_DEVICE0_CONFIGURATION0_INTERFACE0_ALTERNATE0_HID_IN_RPT_TABLE
                0x0000251c                USBFS_DEVICE0_CONFIGURATION0_INTERFACE0_ALTERNATE0_HID_OUT_RPT_TABLE
                0x00002528                USBFS_DEVICE0_CONFIGURATION0_INTERFACE0_ALTERNATE0_HID_TABLE
                0x00002550                USBFS_DEVICE0_CONFIGURATION0_INTERFACE0_TABLE
                0x00002558                USBFS_DEVICE0_CONFIGURATION0_EP_SETTINGS_TABLE
                0x00002568                USBFS_DEVICE0_CONFIGURATION0_INTERFACE_CLASS
                0x0000256c                USBFS_DEVICE0_CONFIGURATION0_TABLE
                0x0000258c                USBFS_DEVICE0_TABLE
                0x0000259c                USBFS_TABLE
                0x000025a4                . = ALIGN (0x4)
 *(.init)
 .init          0x000025a4        0x4 c:/program files/cypress/psoc creator/2.2/psoc creator/import/gnu_cs/arm/4.4.1/bin/../lib/gcc/arm-none-eabi/4.4.1/thumb2/crti.o
                0x000025a4                _init
 .init          0x000025a8        0x8 c:/program files/cypress/psoc creator/2.2/psoc creator/import/gnu_cs/arm/4.4.1/bin/../lib/gcc/arm-none-eabi/4.4.1/thumb2/crtn.o
                0x000025b0                . = ALIGN (0x4)
                0x000025b0                __preinit_array_start = .
 *(.preinit_array)
                0x000025b0                __preinit_array_end = .
                0x000025b0                . = ALIGN (0x4)
                0x000025b0                __init_array_start = .
 *(SORT(.init_array.*))
 *(.init_array)
 .init_array    0x000025b0        0x4 c:/program files/cypress/psoc creator/2.2/psoc creator/import/gnu_cs/arm/4.4.1/bin/../lib/gcc/arm-none-eabi/4.4.1/thumb2/crtbegin.o
 .init_array    0x000025b4        0x4 .\ARM_GCC_441\Release\Cm3Start.o
                0x000025b8                __init_array_end = .
                0x000025b8                . = ALIGN (0x4)
 *(.fini)
 .fini          0x000025b8        0x4 c:/program files/cypress/psoc creator/2.2/psoc creator/import/gnu_cs/arm/4.4.1/bin/../lib/gcc/arm-none-eabi/4.4.1/thumb2/crti.o
                0x000025b8                _fini
 .fini          0x000025bc        0x8 c:/program files/cypress/psoc creator/2.2/psoc creator/import/gnu_cs/arm/4.4.1/bin/../lib/gcc/arm-none-eabi/4.4.1/thumb2/crtn.o
                0x000025c4                . = ALIGN (0x4)
                0x000025c4                __fini_array_start = .
 *(.fini_array)
 .fini_array    0x000025c4        0x4 c:/program files/cypress/psoc creator/2.2/psoc creator/import/gnu_cs/arm/4.4.1/bin/../lib/gcc/arm-none-eabi/4.4.1/thumb2/crtbegin.o
 *(SORT(.fini_array.*))
                0x000025c8                __fini_array_end = .
                0x000025c8                . = ALIGN (0x4)
 *crtbegin.o(.ctors)
 *(EXCLUDE_FILE(*crtend.o) .ctors)
 *(SORT(.ctors.*))
 *crtend.o(.ctors)
                0x000025c8                . = ALIGN (0x4)
 *crtbegin.o(.dtors)
 *(EXCLUDE_FILE(*crtend.o) .dtors)
 *(SORT(.dtors.*))
 *crtend.o(.dtors)
                0x000025c8                . = ALIGN (0x4)
                0x000025c8                __cs3_regions = .
                0x000025c8        0x4 LONG 0x0
                0x000025cc        0x4 LONG 0x25e0 __cs3_region_init_ram
                0x000025d0        0x4 LONG 0x1fffe108 __cs3_region_start_data
                0x000025d4        0x4 LONG 0x40 __cs3_region_init_size_ram
                0x000025d8        0x4 LONG 0x278 __cs3_region_zero_size_ram
                0x000025dc                __cs3_regions_end = .
                0x000025e0                . = ALIGN (0x8)
 *fill*         0x000025dc        0x4 00
                0x000025e0                _etext = .

.ramvectors     0x1fffe000      0x100
                0x1fffe000                __cs3_region_start_ram = .
 *(.cs3.region-head.ram)
                0x1fffe001                ASSERT ((. == __cs3_region_start_ram), .cs3.region-head.ram not permitted)
 *(.ramvectors)
 .ramvectors    0x1fffe000      0x100 .\ARM_GCC_441\Release\Cm3Start.o
                0x1fffe000                CyRamVectors

.noinit         0x1fffe100        0x4
 *(.noinit)
 .noinit        0x1fffe100        0x4 .\ARM_GCC_441\Release\Cm3Start.o

.data           0x1fffe108       0x40 load address 0x000025e0
                0x1fffe108                __cs3_region_start_data = .
 *(.jcr)
 .jcr           0x1fffe108        0x0 c:/program files/cypress/psoc creator/2.2/psoc creator/import/gnu_cs/arm/4.4.1/bin/../lib/gcc/arm-none-eabi/4.4.1/thumb2/crtbegin.o
 .jcr           0x1fffe108        0x4 c:/program files/cypress/psoc creator/2.2/psoc creator/import/gnu_cs/arm/4.4.1/bin/../lib/gcc/arm-none-eabi/4.4.1/thumb2/crtend.o
 *(.got.plt)
 *(.got)
 *(.shdata)
 *(.data .data.* .gnu.linkonce.d.*)
 .data          0x1fffe10c       0x10 .\ARM_GCC_441\Release\KitProg_Bootloader.a(CyLib.o)
                0x1fffe10c                cydelay_freq_hz
                0x1fffe110                cydelay_freq_mhz
                0x1fffe114                cydelay_freq_khz
                0x1fffe118                cydelay_32k_ms
 .data          0x1fffe11c        0x8 .\ARM_GCC_441\Release\KitProg_Bootloader.a(Bootloader.o)
                0x1fffe11c                Bootloader_SizeBytesAccess
                0x1fffe120                Bootloader_ChecksumAccess
 .data          0x1fffe124       0x24 .\ARM_GCC_441\Release\KitProg_Bootloader.a(USBFS_std.o)
                0x1fffe124                USBFS_idSerialNumberStringDescriptor
                0x1fffe148                . = ALIGN (0x8)
 *(.ram)
                0x1fffe148                _edata = .

.bss            0x1fffe148      0x278 load address 0x00002620
 *(.shbss)
 *(.bss .bss.* .gnu.linkonce.b.*)
 .bss           0x1fffe148        0x1 c:/program files/cypress/psoc creator/2.2/psoc creator/import/gnu_cs/arm/4.4.1/bin/../lib/gcc/arm-none-eabi/4.4.1/thumb2/crtbegin.o
 *fill*         0x1fffe149        0x1 00
 .bss           0x1fffe14a        0x4 .\ARM_GCC_441\Release\KitProg_Bootloader.a(USBFS_boot.o)
                0x1fffe14a                USBFS_universalTime
                0x1fffe14c                USBFS_started
 *fill*         0x1fffe14e        0x2 00
 .bss           0x1fffe150        0x4 .\ARM_GCC_441\Release\KitProg_Bootloader.a(CyFlash.o)
 .bss           0x1fffe154        0x2 .\ARM_GCC_441\Release\KitProg_Bootloader.a(CySpc.o)
                0x1fffe154                SpcLockState
 .bss           0x1fffe156        0x1 .\ARM_GCC_441\Release\KitProg_Bootloader.a(USBFS.o)
                0x1fffe156                USBFS_initVar
 .bss           0x1fffe157        0x1 .\ARM_GCC_441\Release\KitProg_Bootloader.a(USBFS_std.o)
                0x1fffe157                USBFS_snStringConfirm
 *(COMMON)
 COMMON         0x1fffe158        0x1 .\ARM_GCC_441\Release\KitProg_Bootloader.a(CyLib.o)
                0x1fffe158                CyResetStatus
 *fill*         0x1fffe159        0x3 00
 COMMON         0x1fffe15c      0x120 .\ARM_GCC_441\Release\KitProg_Bootloader.a(Bootloader.o)
                0x1fffe15c                flashBuffer
 COMMON         0x1fffe27c        0x2 .\ARM_GCC_441\Release\KitProg_Bootloader.a(CyFlash.o)
                0x1fffe27c                dieTemperature
 *fill*         0x1fffe27e        0x2 00
 COMMON         0x1fffe280       0x96 .\ARM_GCC_441\Release\KitProg_Bootloader.a(USBFS_drv.o)
                0x1fffe280                USBFS_deviceAddress
                0x1fffe281                USBFS_ep0Mode
                0x1fffe284                USBFS_interfaceSetting
                0x1fffe288                USBFS_currentTD
                0x1fffe294                USBFS_device
                0x1fffe295                USBFS_interfaceNumber
                0x1fffe296                USBFS_ep0Toggle
                0x1fffe297                USBFS_deviceStatus
                0x1fffe298                USBFS_configurationChanged
                0x1fffe299                USBFS_configuration
                0x1fffe29a                USBFS_transferState
                0x1fffe29c                USBFS_interfaceStatus
                0x1fffe2a0                USBFS_interfaceClass
                0x1fffe2a4                USBFS_EP
                0x1fffe310                USBFS_interfaceSetting_last
                0x1fffe311                USBFS_lastPacketSize
                0x1fffe312                USBFS_ep0Count
                0x1fffe314                USBFS_transferByteCount
 *fill*         0x1fffe316        0x2 00
 COMMON         0x1fffe318        0x9 .\ARM_GCC_441\Release\KitProg_Bootloader.a(USBFS_hid.o)
                0x1fffe318                USBFS_hidIdleRate
                0x1fffe31c                USBFS_hidIdleTimer
                0x1fffe320                USBFS_hidProtocol
 *fill*         0x1fffe321        0x3 00
 COMMON         0x1fffe324        0x8 .\ARM_GCC_441\Release\KitProg_Bootloader.a(USBFS_std.o)
                0x1fffe324                USBFS_tBuffer
                0x1fffe328                USBFS_fwSerialNumberStringDescriptor
 COMMON         0x1fffe32c       0x90 .\ARM_GCC_441\Release\KitProg_Bootloader.a(USBFS_descr.o)
                0x1fffe32c                USBFS_DEVICE0_CONFIGURATION0_INTERFACE0_ALTERNATE0_HID_IN_RPT_SCB
                0x1fffe330                USBFS_DEVICE0_CONFIGURATION0_INTERFACE0_ALTERNATE0_HID_IN_BUF
                0x1fffe374                USBFS_DEVICE0_CONFIGURATION0_INTERFACE0_ALTERNATE0_HID_OUT_BUF
                0x1fffe3b8                USBFS_DEVICE0_CONFIGURATION0_INTERFACE0_ALTERNATE0_HID_OUT_RPT_SCB
                0x1fffe3c0                . = ALIGN (0x8)
 *fill*         0x1fffe3bc        0x4 00
 *(.ram.b)
                0x1fffe3c0                _end = .
                0x1fffe3c0                __end = .
                0x20000000                __cs3_region_end_ram = (__cs3_region_start_ram + 0x2000)
                0x00002000                __cs3_region_size_ram = 0x2000
                0x000025e0                __cs3_region_init_ram = LOADADDR (.data)
                0x00000040                __cs3_region_init_size_ram = (_edata - ADDR (.data))
                0x00000278                __cs3_region_zero_size_ram = (_end - _edata)

.stab
 *(.stab)

.stabstr
 *(.stabstr)

.debug
 *(.debug)

.line
 *(.line)

.debug_srcinfo
 *(.debug_srcinfo)

.debug_sfnames
 *(.debug_sfnames)

.comment        0x00000000      0x331
 .comment       0x00000000       0x2b .\ARM_GCC_441\Release\main.o
 .comment       0x0000002b       0x2b .\ARM_GCC_441\Release\Cm3Start.o
 .comment       0x00000056       0x2b .\ARM_GCC_441\Release\KitProg_Bootloader.a(CyLib.o)
 .comment       0x00000081       0x2b .\ARM_GCC_441\Release\KitProg_Bootloader.a(cyPm.o)
 .comment       0x000000ac       0x2b .\ARM_GCC_441\Release\KitProg_Bootloader.a(Pin_PSoC4A_XRES.o)
 .comment       0x000000d7       0x2b .\ARM_GCC_441\Release\KitProg_Bootloader.a(Bootloader.o)
 .comment       0x00000102       0x2b .\ARM_GCC_441\Release\KitProg_Bootloader.a(USBFS_boot.o)
 .comment       0x0000012d       0x2b .\ARM_GCC_441\Release\KitProg_Bootloader.a(PWM.o)
 .comment       0x00000158       0x2b .\ARM_GCC_441\Release\KitProg_Bootloader.a(cyfitter_cfg.o)
 .comment       0x00000183       0x2b .\ARM_GCC_441\Release\KitProg_Bootloader.a(CyFlash.o)
 .comment       0x000001ae       0x2b .\ARM_GCC_441\Release\KitProg_Bootloader.a(CySpc.o)
 .comment       0x000001d9       0x2b .\ARM_GCC_441\Release\KitProg_Bootloader.a(USBFS.o)
 .comment       0x00000204       0x2b .\ARM_GCC_441\Release\KitProg_Bootloader.a(USBFS_drv.o)
 .comment       0x0000022f       0x2b .\ARM_GCC_441\Release\KitProg_Bootloader.a(USBFS_episr.o)
 .comment       0x0000025a       0x2b .\ARM_GCC_441\Release\KitProg_Bootloader.a(USBFS_hid.o)
 .comment       0x00000285       0x2b .\ARM_GCC_441\Release\KitProg_Bootloader.a(USBFS_std.o)
 .comment       0x000002b0       0x2b .\ARM_GCC_441\Release\KitProg_Bootloader.a(USBFS_vnd.o)
 .comment       0x000002db       0x2b .\ARM_GCC_441\Release\KitProg_Bootloader.a(USBFS_cls.o)
 .comment       0x00000306       0x2b .\ARM_GCC_441\Release\KitProg_Bootloader.a(USBFS_descr.o)

.debug_aranges  0x00000000      0x810
 *(.debug_aranges)
 .debug_aranges
                0x00000000       0x28 .\ARM_GCC_441\Release\main.o
 .debug_aranges
                0x00000028       0x30 .\ARM_GCC_441\Release\Cm3Start.o
 .debug_aranges
                0x00000058      0x210 .\ARM_GCC_441\Release\KitProg_Bootloader.a(CyLib.o)
 .debug_aranges
                0x00000268       0x70 .\ARM_GCC_441\Release\KitProg_Bootloader.a(cyPm.o)
 .debug_aranges
                0x000002d8       0x38 .\ARM_GCC_441\Release\KitProg_Bootloader.a(Pin_PSoC4A_XRES.o)
 .debug_aranges
                0x00000310       0x68 .\ARM_GCC_441\Release\KitProg_Bootloader.a(Bootloader.o)
 .debug_aranges
                0x00000378       0x40 .\ARM_GCC_441\Release\KitProg_Bootloader.a(USBFS_boot.o)
 .debug_aranges
                0x000003b8       0x98 .\ARM_GCC_441\Release\KitProg_Bootloader.a(PWM.o)
 .debug_aranges
                0x00000450       0x30 .\ARM_GCC_441\Release\KitProg_Bootloader.a(cyfitter_cfg.o)
 .debug_aranges
                0x00000480       0x20 .\ARM_GCC_441\Release\KitProg_Bootloader.a(CyBootAsmGnu.o)
 .debug_aranges
                0x000004a0       0x80 .\ARM_GCC_441\Release\KitProg_Bootloader.a(CyFlash.o)
 .debug_aranges
                0x00000520       0x68 .\ARM_GCC_441\Release\KitProg_Bootloader.a(CySpc.o)
 .debug_aranges
                0x00000588       0xb0 .\ARM_GCC_441\Release\KitProg_Bootloader.a(USBFS.o)
 .debug_aranges
                0x00000638       0x98 .\ARM_GCC_441\Release\KitProg_Bootloader.a(USBFS_drv.o)
 .debug_aranges
                0x000006d0       0x38 .\ARM_GCC_441\Release\KitProg_Bootloader.a(USBFS_episr.o)
 .debug_aranges
                0x00000708       0x48 .\ARM_GCC_441\Release\KitProg_Bootloader.a(USBFS_hid.o)
 .debug_aranges
                0x00000750       0x80 .\ARM_GCC_441\Release\KitProg_Bootloader.a(USBFS_std.o)
 .debug_aranges
                0x000007d0       0x20 .\ARM_GCC_441\Release\KitProg_Bootloader.a(USBFS_vnd.o)
 .debug_aranges
                0x000007f0       0x20 .\ARM_GCC_441\Release\KitProg_Bootloader.a(USBFS_cls.o)

.debug_pubnames
                0x00000000     0x1995
 *(.debug_pubnames)
 .debug_pubnames
                0x00000000       0x32 .\ARM_GCC_441\Release\main.o
 .debug_pubnames
                0x00000032       0x66 .\ARM_GCC_441\Release\Cm3Start.o
 .debug_pubnames
                0x00000098      0x57a .\ARM_GCC_441\Release\KitProg_Bootloader.a(CyLib.o)
 .debug_pubnames
                0x00000612       0xbb .\ARM_GCC_441\Release\KitProg_Bootloader.a(cyPm.o)
 .debug_pubnames
                0x000006cd       0x86 .\ARM_GCC_441\Release\KitProg_Bootloader.a(Pin_PSoC4A_XRES.o)
 .debug_pubnames
                0x00000753      0x1a0 .\ARM_GCC_441\Release\KitProg_Bootloader.a(Bootloader.o)
 .debug_pubnames
                0x000008f3       0xc1 .\ARM_GCC_441\Release\KitProg_Bootloader.a(USBFS_boot.o)
 .debug_pubnames
                0x000009b4      0x165 .\ARM_GCC_441\Release\KitProg_Bootloader.a(PWM.o)
 .debug_pubnames
                0x00000b19       0x3d .\ARM_GCC_441\Release\KitProg_Bootloader.a(cyfitter_cfg.o)
 .debug_pubnames
                0x00000b56      0x119 .\ARM_GCC_441\Release\KitProg_Bootloader.a(CyFlash.o)
 .debug_pubnames
                0x00000c6f       0xd0 .\ARM_GCC_441\Release\KitProg_Bootloader.a(CySpc.o)
 .debug_pubnames
                0x00000d3f      0x1ca .\ARM_GCC_441\Release\KitProg_Bootloader.a(USBFS.o)
 .debug_pubnames
                0x00000f09      0x37c .\ARM_GCC_441\Release\KitProg_Bootloader.a(USBFS_drv.o)
 .debug_pubnames
                0x00001285       0x62 .\ARM_GCC_441\Release\KitProg_Bootloader.a(USBFS_episr.o)
 .debug_pubnames
                0x000012e7       0xf7 .\ARM_GCC_441\Release\KitProg_Bootloader.a(USBFS_hid.o)
 .debug_pubnames
                0x000013de      0x1e6 .\ARM_GCC_441\Release\KitProg_Bootloader.a(USBFS_std.o)
 .debug_pubnames
                0x000015c4       0x2d .\ARM_GCC_441\Release\KitProg_Bootloader.a(USBFS_vnd.o)
 .debug_pubnames
                0x000015f1       0x2e .\ARM_GCC_441\Release\KitProg_Bootloader.a(USBFS_cls.o)
 .debug_pubnames
                0x0000161f      0x376 .\ARM_GCC_441\Release\KitProg_Bootloader.a(USBFS_descr.o)

.debug_info     0x00000000     0x4b4c
 *(.debug_info .gnu.linkonce.wi.*)
 .debug_info    0x00000000      0x12f .\ARM_GCC_441\Release\main.o
 .debug_info    0x0000012f      0x167 .\ARM_GCC_441\Release\Cm3Start.o
 .debug_info    0x00000296      0xc1b .\ARM_GCC_441\Release\KitProg_Bootloader.a(CyLib.o)
 .debug_info    0x00000eb1      0x5da .\ARM_GCC_441\Release\KitProg_Bootloader.a(cyPm.o)
 .debug_info    0x0000148b      0x117 .\ARM_GCC_441\Release\KitProg_Bootloader.a(Pin_PSoC4A_XRES.o)
 .debug_info    0x000015a2      0x5d1 .\ARM_GCC_441\Release\KitProg_Bootloader.a(Bootloader.o)
 .debug_info    0x00001b73      0x204 .\ARM_GCC_441\Release\KitProg_Bootloader.a(USBFS_boot.o)
 .debug_info    0x00001d77      0x2ef .\ARM_GCC_441\Release\KitProg_Bootloader.a(PWM.o)
 .debug_info    0x00002066      0x459 .\ARM_GCC_441\Release\KitProg_Bootloader.a(cyfitter_cfg.o)
 .debug_info    0x000024bf       0x9a .\ARM_GCC_441\Release\KitProg_Bootloader.a(CyBootAsmGnu.o)
 .debug_info    0x00002559      0x3a1 .\ARM_GCC_441\Release\KitProg_Bootloader.a(CyFlash.o)
 .debug_info    0x000028fa      0x392 .\ARM_GCC_441\Release\KitProg_Bootloader.a(CySpc.o)
 .debug_info    0x00002c8c      0x601 .\ARM_GCC_441\Release\KitProg_Bootloader.a(USBFS.o)
 .debug_info    0x0000328d      0x532 .\ARM_GCC_441\Release\KitProg_Bootloader.a(USBFS_drv.o)
 .debug_info    0x000037bf      0x19f .\ARM_GCC_441\Release\KitProg_Bootloader.a(USBFS_episr.o)
 .debug_info    0x0000395e      0x379 .\ARM_GCC_441\Release\KitProg_Bootloader.a(USBFS_hid.o)
 .debug_info    0x00003cd7      0x807 .\ARM_GCC_441\Release\KitProg_Bootloader.a(USBFS_std.o)
 .debug_info    0x000044de       0xb6 .\ARM_GCC_441\Release\KitProg_Bootloader.a(USBFS_vnd.o)
 .debug_info    0x00004594      0x199 .\ARM_GCC_441\Release\KitProg_Bootloader.a(USBFS_cls.o)
 .debug_info    0x0000472d      0x41f .\ARM_GCC_441\Release\KitProg_Bootloader.a(USBFS_descr.o)

.debug_abbrev   0x00000000     0x18c4
 *(.debug_abbrev)
 .debug_abbrev  0x00000000       0xbc .\ARM_GCC_441\Release\main.o
 .debug_abbrev  0x000000bc       0xd7 .\ARM_GCC_441\Release\Cm3Start.o
 .debug_abbrev  0x00000193      0x22b .\ARM_GCC_441\Release\KitProg_Bootloader.a(CyLib.o)
 .debug_abbrev  0x000003be      0x1ab .\ARM_GCC_441\Release\KitProg_Bootloader.a(cyPm.o)
 .debug_abbrev  0x00000569       0x83 .\ARM_GCC_441\Release\KitProg_Bootloader.a(Pin_PSoC4A_XRES.o)
 .debug_abbrev  0x000005ec      0x1f1 .\ARM_GCC_441\Release\KitProg_Bootloader.a(Bootloader.o)
 .debug_abbrev  0x000007dd       0xbd .\ARM_GCC_441\Release\KitProg_Bootloader.a(USBFS_boot.o)
 .debug_abbrev  0x0000089a      0x176 .\ARM_GCC_441\Release\KitProg_Bootloader.a(PWM.o)
 .debug_abbrev  0x00000a10      0x222 .\ARM_GCC_441\Release\KitProg_Bootloader.a(cyfitter_cfg.o)
 .debug_abbrev  0x00000c32       0x14 .\ARM_GCC_441\Release\KitProg_Bootloader.a(CyBootAsmGnu.o)
 .debug_abbrev  0x00000c46      0x180 .\ARM_GCC_441\Release\KitProg_Bootloader.a(CyFlash.o)
 .debug_abbrev  0x00000dc6      0x16e .\ARM_GCC_441\Release\KitProg_Bootloader.a(CySpc.o)
 .debug_abbrev  0x00000f34      0x1d9 .\ARM_GCC_441\Release\KitProg_Bootloader.a(USBFS.o)
 .debug_abbrev  0x0000110d      0x173 .\ARM_GCC_441\Release\KitProg_Bootloader.a(USBFS_drv.o)
 .debug_abbrev  0x00001280       0xb0 .\ARM_GCC_441\Release\KitProg_Bootloader.a(USBFS_episr.o)
 .debug_abbrev  0x00001330      0x16b .\ARM_GCC_441\Release\KitProg_Bootloader.a(USBFS_hid.o)
 .debug_abbrev  0x0000149b      0x242 .\ARM_GCC_441\Release\KitProg_Bootloader.a(USBFS_std.o)
 .debug_abbrev  0x000016dd       0x66 .\ARM_GCC_441\Release\KitProg_Bootloader.a(USBFS_vnd.o)
 .debug_abbrev  0x00001743       0xc2 .\ARM_GCC_441\Release\KitProg_Bootloader.a(USBFS_cls.o)
 .debug_abbrev  0x00001805       0xbf .\ARM_GCC_441\Release\KitProg_Bootloader.a(USBFS_descr.o)

.debug_line     0x00000000     0x210c
 *(.debug_line)
 .debug_line    0x00000000       0x98 .\ARM_GCC_441\Release\main.o
 .debug_line    0x00000098       0xbb .\ARM_GCC_441\Release\Cm3Start.o
 .debug_line    0x00000153      0x63d .\ARM_GCC_441\Release\KitProg_Bootloader.a(CyLib.o)
 .debug_line    0x00000790      0x32f .\ARM_GCC_441\Release\KitProg_Bootloader.a(cyPm.o)
 .debug_line    0x00000abf       0xbb .\ARM_GCC_441\Release\KitProg_Bootloader.a(Pin_PSoC4A_XRES.o)
 .debug_line    0x00000b7a      0x21e .\ARM_GCC_441\Release\KitProg_Bootloader.a(Bootloader.o)
 .debug_line    0x00000d98       0xf8 .\ARM_GCC_441\Release\KitProg_Bootloader.a(USBFS_boot.o)
 .debug_line    0x00000e90      0x1b7 .\ARM_GCC_441\Release\KitProg_Bootloader.a(PWM.o)
 .debug_line    0x00001047      0x1a6 .\ARM_GCC_441\Release\KitProg_Bootloader.a(cyfitter_cfg.o)
 .debug_line    0x000011ed       0x67 .\ARM_GCC_441\Release\KitProg_Bootloader.a(CyBootAsmGnu.o)
 .debug_line    0x00001254      0x1b9 .\ARM_GCC_441\Release\KitProg_Bootloader.a(CyFlash.o)
 .debug_line    0x0000140d      0x17b .\ARM_GCC_441\Release\KitProg_Bootloader.a(CySpc.o)
 .debug_line    0x00001588      0x2a8 .\ARM_GCC_441\Release\KitProg_Bootloader.a(USBFS.o)
 .debug_line    0x00001830      0x219 .\ARM_GCC_441\Release\KitProg_Bootloader.a(USBFS_drv.o)
 .debug_line    0x00001a49       0xd0 .\ARM_GCC_441\Release\KitProg_Bootloader.a(USBFS_episr.o)
 .debug_line    0x00001b19      0x155 .\ARM_GCC_441\Release\KitProg_Bootloader.a(USBFS_hid.o)
 .debug_line    0x00001c6e      0x30d .\ARM_GCC_441\Release\KitProg_Bootloader.a(USBFS_std.o)
 .debug_line    0x00001f7b       0x81 .\ARM_GCC_441\Release\KitProg_Bootloader.a(USBFS_vnd.o)
 .debug_line    0x00001ffc       0x97 .\ARM_GCC_441\Release\KitProg_Bootloader.a(USBFS_cls.o)
 .debug_line    0x00002093       0x79 .\ARM_GCC_441\Release\KitProg_Bootloader.a(USBFS_descr.o)

.debug_frame    0x00000000     0x12fc
 *(.debug_frame)
 .debug_frame   0x00000000       0x48 .\ARM_GCC_441\Release\main.o
 .debug_frame   0x00000048       0x4c .\ARM_GCC_441\Release\Cm3Start.o
 .debug_frame   0x00000094      0x4ec .\ARM_GCC_441\Release\KitProg_Bootloader.a(CyLib.o)
 .debug_frame   0x00000580      0x168 .\ARM_GCC_441\Release\KitProg_Bootloader.a(cyPm.o)
 .debug_frame   0x000006e8       0x50 .\ARM_GCC_441\Release\KitProg_Bootloader.a(Pin_PSoC4A_XRES.o)
 .debug_frame   0x00000738      0x104 .\ARM_GCC_441\Release\KitProg_Bootloader.a(Bootloader.o)
 .debug_frame   0x0000083c       0x94 .\ARM_GCC_441\Release\KitProg_Bootloader.a(USBFS_boot.o)
 .debug_frame   0x000008d0      0x128 .\ARM_GCC_441\Release\KitProg_Bootloader.a(PWM.o)
 .debug_frame   0x000009f8       0x50 .\ARM_GCC_441\Release\KitProg_Bootloader.a(cyfitter_cfg.o)
 .debug_frame   0x00000a48      0x154 .\ARM_GCC_441\Release\KitProg_Bootloader.a(CyFlash.o)
 .debug_frame   0x00000b9c      0x114 .\ARM_GCC_441\Release\KitProg_Bootloader.a(CySpc.o)
 .debug_frame   0x00000cb0      0x198 .\ARM_GCC_441\Release\KitProg_Bootloader.a(USBFS.o)
 .debug_frame   0x00000e48      0x170 .\ARM_GCC_441\Release\KitProg_Bootloader.a(USBFS_drv.o)
 .debug_frame   0x00000fb8       0x50 .\ARM_GCC_441\Release\KitProg_Bootloader.a(USBFS_episr.o)
 .debug_frame   0x00001008       0xa0 .\ARM_GCC_441\Release\KitProg_Bootloader.a(USBFS_hid.o)
 .debug_frame   0x000010a8      0x14c .\ARM_GCC_441\Release\KitProg_Bootloader.a(USBFS_std.o)
 .debug_frame   0x000011f4       0x20 .\ARM_GCC_441\Release\KitProg_Bootloader.a(USBFS_vnd.o)
 .debug_frame   0x00001214       0x20 .\ARM_GCC_441\Release\KitProg_Bootloader.a(USBFS_cls.o)
 .debug_frame   0x00001234       0x34 c:/program files/cypress/psoc creator/2.2/psoc creator/import/gnu_cs/arm/4.4.1/bin/../lib/gcc/arm-none-eabi/4.4.1/../../../../arm-none-eabi/lib/thumb2\libc.a(lib_a-memcpy.o)
 .debug_frame   0x00001268       0x28 c:/program files/cypress/psoc creator/2.2/psoc creator/import/gnu_cs/arm/4.4.1/bin/../lib/gcc/arm-none-eabi/4.4.1/../../../../arm-none-eabi/lib/thumb2\libc.a(lib_a-memset.o)
 .debug_frame   0x00001290       0x40 c:/program files/cypress/psoc creator/2.2/psoc creator/import/gnu_cs/arm/4.4.1/bin/../lib/gcc/arm-none-eabi/4.4.1/../../../../arm-none-eabi/lib/thumb2\libcs3.a(start_c.o)
 .debug_frame   0x000012d0       0x2c c:/program files/cypress/psoc creator/2.2/psoc creator/import/gnu_cs/arm/4.4.1/bin/../lib/gcc/arm-none-eabi/4.4.1/../../../../arm-none-eabi/lib/thumb2\libc.a(lib_a-init.o)

.debug_str      0x00000000     0x2200
 *(.debug_str)
 .debug_str     0x00000000      0x140 .\ARM_GCC_441\Release\main.o
                                0x179 (size before relaxing)
 .debug_str     0x00000140       0x8e .\ARM_GCC_441\Release\Cm3Start.o
                                0x18c (size before relaxing)
 .debug_str     0x000001ce      0x641 .\ARM_GCC_441\Release\KitProg_Bootloader.a(CyLib.o)
                                0x779 (size before relaxing)
 .debug_str     0x0000080f      0x382 .\ARM_GCC_441\Release\KitProg_Bootloader.a(cyPm.o)
                                0x49e (size before relaxing)
 .debug_str     0x00000b91       0xa0 .\ARM_GCC_441\Release\KitProg_Bootloader.a(Pin_PSoC4A_XRES.o)
                                0x196 (size before relaxing)
 .debug_str     0x00000c31      0x29c .\ARM_GCC_441\Release\KitProg_Bootloader.a(Bootloader.o)
                                0x423 (size before relaxing)
 .debug_str     0x00000ecd       0xc4 .\ARM_GCC_441\Release\KitProg_Bootloader.a(USBFS_boot.o)
                                0x1df (size before relaxing)
 .debug_str     0x00000f91      0x172 .\ARM_GCC_441\Release\KitProg_Bootloader.a(PWM.o)
                                0x272 (size before relaxing)
 .debug_str     0x00001103      0x15c .\ARM_GCC_441\Release\KitProg_Bootloader.a(cyfitter_cfg.o)
                                0x293 (size before relaxing)
 .debug_str     0x0000125f      0x131 .\ARM_GCC_441\Release\KitProg_Bootloader.a(CyFlash.o)
                                0x272 (size before relaxing)
 .debug_str     0x00001390       0xfe .\ARM_GCC_441\Release\KitProg_Bootloader.a(CySpc.o)
                                0x229 (size before relaxing)
 .debug_str     0x0000148e      0x313 .\ARM_GCC_441\Release\KitProg_Bootloader.a(USBFS.o)
                                0x43a (size before relaxing)
 .debug_str     0x000017a1      0x2ce .\ARM_GCC_441\Release\KitProg_Bootloader.a(USBFS_drv.o)
                                0x524 (size before relaxing)
 .debug_str     0x00001a6f       0x67 .\ARM_GCC_441\Release\KitProg_Bootloader.a(USBFS_episr.o)
                                0x1e0 (size before relaxing)
 .debug_str     0x00001ad6      0x114 .\ARM_GCC_441\Release\KitProg_Bootloader.a(USBFS_hid.o)
                                0x2ef (size before relaxing)
 .debug_str     0x00001bea      0x2ae .\ARM_GCC_441\Release\KitProg_Bootloader.a(USBFS_std.o)
                                0x5ba (size before relaxing)
 .debug_str     0x00001e98       0x3c .\ARM_GCC_441\Release\KitProg_Bootloader.a(USBFS_vnd.o)
                                0x13c (size before relaxing)
 .debug_str     0x00001ed4       0x3d .\ARM_GCC_441\Release\KitProg_Bootloader.a(USBFS_cls.o)
                                0x1ea (size before relaxing)
 .debug_str     0x00001f11      0x2ef .\ARM_GCC_441\Release\KitProg_Bootloader.a(USBFS_descr.o)
                                0x52d (size before relaxing)

.debug_loc      0x00000000     0x21c1
 *(.debug_loc)
 .debug_loc     0x00000000       0x67 .\ARM_GCC_441\Release\main.o
 .debug_loc     0x00000067       0x32 .\ARM_GCC_441\Release\Cm3Start.o
 .debug_loc     0x00000099      0x6fa .\ARM_GCC_441\Release\KitProg_Bootloader.a(CyLib.o)
 .debug_loc     0x00000793      0x21b .\ARM_GCC_441\Release\KitProg_Bootloader.a(cyPm.o)
 .debug_loc     0x000009ae       0x26 .\ARM_GCC_441\Release\KitProg_Bootloader.a(Pin_PSoC4A_XRES.o)
 .debug_loc     0x000009d4      0x507 .\ARM_GCC_441\Release\KitProg_Bootloader.a(Bootloader.o)
 .debug_loc     0x00000edb      0x1f1 .\ARM_GCC_441\Release\KitProg_Bootloader.a(USBFS_boot.o)
 .debug_loc     0x000010cc       0x3e .\ARM_GCC_441\Release\KitProg_Bootloader.a(PWM.o)
 .debug_loc     0x0000110a       0xe6 .\ARM_GCC_441\Release\KitProg_Bootloader.a(cyfitter_cfg.o)
 .debug_loc     0x000011f0      0x316 .\ARM_GCC_441\Release\KitProg_Bootloader.a(CyFlash.o)
 .debug_loc     0x00001506      0x33e .\ARM_GCC_441\Release\KitProg_Bootloader.a(CySpc.o)
 .debug_loc     0x00001844      0x2d2 .\ARM_GCC_441\Release\KitProg_Bootloader.a(USBFS.o)
 .debug_loc     0x00001b16      0x1a4 .\ARM_GCC_441\Release\KitProg_Bootloader.a(USBFS_drv.o)
 .debug_loc     0x00001cba      0x1e7 .\ARM_GCC_441\Release\KitProg_Bootloader.a(USBFS_hid.o)
 .debug_loc     0x00001ea1      0x302 .\ARM_GCC_441\Release\KitProg_Bootloader.a(USBFS_std.o)
 .debug_loc     0x000021a3       0x1e .\ARM_GCC_441\Release\KitProg_Bootloader.a(USBFS_cls.o)

.debug_macinfo
 *(.debug_macinfo)

.debug_ranges   0x00000000      0x848
 *(.debug_ranges)
 .debug_ranges  0x00000000       0x20 .\ARM_GCC_441\Release\main.o
 .debug_ranges  0x00000020       0x28 .\ARM_GCC_441\Release\Cm3Start.o
 .debug_ranges  0x00000048      0x208 .\ARM_GCC_441\Release\KitProg_Bootloader.a(CyLib.o)
 .debug_ranges  0x00000250       0x80 .\ARM_GCC_441\Release\KitProg_Bootloader.a(cyPm.o)
 .debug_ranges  0x000002d0       0x30 .\ARM_GCC_441\Release\KitProg_Bootloader.a(Pin_PSoC4A_XRES.o)
 .debug_ranges  0x00000300       0x78 .\ARM_GCC_441\Release\KitProg_Bootloader.a(Bootloader.o)
 .debug_ranges  0x00000378       0x38 .\ARM_GCC_441\Release\KitProg_Bootloader.a(USBFS_boot.o)
 .debug_ranges  0x000003b0       0x90 .\ARM_GCC_441\Release\KitProg_Bootloader.a(PWM.o)
 .debug_ranges  0x00000440       0xe0 .\ARM_GCC_441\Release\KitProg_Bootloader.a(cyfitter_cfg.o)
 .debug_ranges  0x00000520       0x78 .\ARM_GCC_441\Release\KitProg_Bootloader.a(CyFlash.o)
 .debug_ranges  0x00000598       0x60 .\ARM_GCC_441\Release\KitProg_Bootloader.a(CySpc.o)
 .debug_ranges  0x000005f8       0xa8 .\ARM_GCC_441\Release\KitProg_Bootloader.a(USBFS.o)
 .debug_ranges  0x000006a0       0x90 .\ARM_GCC_441\Release\KitProg_Bootloader.a(USBFS_drv.o)
 .debug_ranges  0x00000730       0x30 .\ARM_GCC_441\Release\KitProg_Bootloader.a(USBFS_episr.o)
 .debug_ranges  0x00000760       0x40 .\ARM_GCC_441\Release\KitProg_Bootloader.a(USBFS_hid.o)
 .debug_ranges  0x000007a0       0x78 .\ARM_GCC_441\Release\KitProg_Bootloader.a(USBFS_std.o)
 .debug_ranges  0x00000818       0x18 .\ARM_GCC_441\Release\KitProg_Bootloader.a(USBFS_vnd.o)
 .debug_ranges  0x00000830       0x18 .\ARM_GCC_441\Release\KitProg_Bootloader.a(USBFS_cls.o)

.debug_weaknames
 *(.debug_weaknames)

.debug_funcnames
 *(.debug_funcnames)

.debug_typenames
 *(.debug_typenames)

.debug_varnames
 *(.debug_varnames)

.note.gnu.arm.ident
 *(.note.gnu.arm.ident)

.ARM.attributes
                0x00000000       0x25
 *(.ARM.attributes)
 .ARM.attributes
                0x00000000       0x19 c:/program files/cypress/psoc creator/2.2/psoc creator/import/gnu_cs/arm/4.4.1/bin/../lib/gcc/arm-none-eabi/4.4.1/thumb2/crti.o
 .ARM.attributes
                0x00000019       0x29 c:/program files/cypress/psoc creator/2.2/psoc creator/import/gnu_cs/arm/4.4.1/bin/../lib/gcc/arm-none-eabi/4.4.1/thumb2/crtbegin.o
 .ARM.attributes
                0x00000042       0x31 .\ARM_GCC_441\Release\main.o
 .ARM.attributes
                0x00000073       0x31 .\ARM_GCC_441\Release\Cm3Start.o
 .ARM.attributes
                0x000000a4       0x31 .\ARM_GCC_441\Release\KitProg_Bootloader.a(CyLib.o)
 .ARM.attributes
                0x000000d5       0x31 .\ARM_GCC_441\Release\KitProg_Bootloader.a(cyPm.o)
 .ARM.attributes
                0x00000106       0x31 .\ARM_GCC_441\Release\KitProg_Bootloader.a(Pin_PSoC4A_XRES.o)
 .ARM.attributes
                0x00000137       0x31 .\ARM_GCC_441\Release\KitProg_Bootloader.a(Bootloader.o)
 .ARM.attributes
                0x00000168       0x31 .\ARM_GCC_441\Release\KitProg_Bootloader.a(USBFS_boot.o)
 .ARM.attributes
                0x00000199       0x31 .\ARM_GCC_441\Release\KitProg_Bootloader.a(PWM.o)
 .ARM.attributes
                0x000001ca       0x31 .\ARM_GCC_441\Release\KitProg_Bootloader.a(cyfitter_cfg.o)
 .ARM.attributes
                0x000001fb       0x21 .\ARM_GCC_441\Release\KitProg_Bootloader.a(CyBootAsmGnu.o)
 .ARM.attributes
                0x0000021c       0x31 .\ARM_GCC_441\Release\KitProg_Bootloader.a(CyFlash.o)
 .ARM.attributes
                0x0000024d       0x31 .\ARM_GCC_441\Release\KitProg_Bootloader.a(CySpc.o)
 .ARM.attributes
                0x0000027e       0x31 .\ARM_GCC_441\Release\KitProg_Bootloader.a(USBFS.o)
 .ARM.attributes
                0x000002af       0x31 .\ARM_GCC_441\Release\KitProg_Bootloader.a(USBFS_drv.o)
 .ARM.attributes
                0x000002e0       0x31 .\ARM_GCC_441\Release\KitProg_Bootloader.a(USBFS_episr.o)
 .ARM.attributes
                0x00000311       0x31 .\ARM_GCC_441\Release\KitProg_Bootloader.a(USBFS_hid.o)
 .ARM.attributes
                0x00000342       0x31 .\ARM_GCC_441\Release\KitProg_Bootloader.a(USBFS_std.o)
 .ARM.attributes
                0x00000373       0x31 .\ARM_GCC_441\Release\KitProg_Bootloader.a(USBFS_vnd.o)
 .ARM.attributes
                0x000003a4       0x31 .\ARM_GCC_441\Release\KitProg_Bootloader.a(USBFS_cls.o)
 .ARM.attributes
                0x000003d5       0x31 .\ARM_GCC_441\Release\KitProg_Bootloader.a(USBFS_descr.o)
 .ARM.attributes
                0x00000406       0x29 c:/program files/cypress/psoc creator/2.2/psoc creator/import/gnu_cs/arm/4.4.1/bin/../lib/gcc/arm-none-eabi/4.4.1/../../../../arm-none-eabi/lib/thumb2\libc.a(lib_a-memcpy.o)
 .ARM.attributes
                0x0000042f       0x29 c:/program files/cypress/psoc creator/2.2/psoc creator/import/gnu_cs/arm/4.4.1/bin/../lib/gcc/arm-none-eabi/4.4.1/../../../../arm-none-eabi/lib/thumb2\libc.a(lib_a-memset.o)
 .ARM.attributes
                0x00000458       0x29 c:/program files/cypress/psoc creator/2.2/psoc creator/import/gnu_cs/arm/4.4.1/bin/../lib/gcc/arm-none-eabi/4.4.1/thumb2/crtend.o
 .ARM.attributes
                0x00000481       0x19 c:/program files/cypress/psoc creator/2.2/psoc creator/import/gnu_cs/arm/4.4.1/bin/../lib/gcc/arm-none-eabi/4.4.1/thumb2/crtn.o
 .ARM.attributes
                0x0000049a       0x29 c:/program files/cypress/psoc creator/2.2/psoc creator/import/gnu_cs/arm/4.4.1/bin/../lib/gcc/arm-none-eabi/4.4.1/../../../../arm-none-eabi/lib/thumb2\libcs3.a(start_c.o)
 .ARM.attributes
                0x000004c3       0x19 c:/program files/cypress/psoc creator/2.2/psoc creator/import/gnu_cs/arm/4.4.1/bin/../lib/gcc/arm-none-eabi/4.4.1/../../../../arm-none-eabi/lib/thumb2\libcs3micro.a(micro_isr_interrupt.o)
 .ARM.attributes
                0x000004dc       0x29 c:/program files/cypress/psoc creator/2.2/psoc creator/import/gnu_cs/arm/4.4.1/bin/../lib/gcc/arm-none-eabi/4.4.1/../../../../arm-none-eabi/lib/thumb2\libc.a(lib_a-init.o)

/DISCARD/
 *(.note.GNU-stack)
OUTPUT(.\ARM_GCC_441\Release\KitProg_Bootloader.elf elf32-littlearm)
