ARM GAS  C:\DOCUME~1\ADMINI~1\LOCALS~1\Temp\cc64cdHq.s 			page 1


   1              		.syntax unified
   2              		.cpu cortex-m3
   3              		.fpu softvfp
   4              		.eabi_attribute 20, 1
   5              		.eabi_attribute 21, 1
   6              		.eabi_attribute 23, 3
   7              		.eabi_attribute 24, 1
   8              		.eabi_attribute 25, 1
   9              		.eabi_attribute 26, 1
  10              		.eabi_attribute 30, 6
  11              		.eabi_attribute 18, 4
  12              		.thumb
  13              		.file	"I2S_PM.c"
  14              		.section	.debug_abbrev,"",%progbits
  15              	.Ldebug_abbrev0:
  16              		.section	.debug_info,"",%progbits
  17              	.Ldebug_info0:
  18              		.section	.debug_line,"",%progbits
  19              	.Ldebug_line0:
  20 0000 C2000000 		.text
  20      02006800 
  20      00000201 
  20      FB0E0D00 
  20      01010101 
  21              	.Ltext0:
  22              		.cfi_sections	.debug_frame
  23              		.bss
  24              		.align	2
  25              	I2S_backup:
  26 0000 0000     		.space	2
  27 0002 0000     		.section	.text.I2S_SaveConfig,"ax",%progbits
  28              		.align	2
  29              		.global	I2S_SaveConfig
  30              		.thumb
  31              		.thumb_func
  32              		.type	I2S_SaveConfig, %function
  33              	I2S_SaveConfig:
  34              	.LFB0:
  35              		.file 1 ".\\Generated_Source\\PSoC5\\I2S_PM.c"
   1:.\Generated_Source\PSoC5/I2S_PM.c **** /*******************************************************************************
   2:.\Generated_Source\PSoC5/I2S_PM.c **** * File Name: I2S_PM.c
   3:.\Generated_Source\PSoC5/I2S_PM.c **** * Version 2.40
   4:.\Generated_Source\PSoC5/I2S_PM.c **** *
   5:.\Generated_Source\PSoC5/I2S_PM.c **** * Description:
   6:.\Generated_Source\PSoC5/I2S_PM.c **** *  This file contains the setup, control and status commands to support
   7:.\Generated_Source\PSoC5/I2S_PM.c **** *  component operations in low power mode.
   8:.\Generated_Source\PSoC5/I2S_PM.c **** *
   9:.\Generated_Source\PSoC5/I2S_PM.c **** * Note:
  10:.\Generated_Source\PSoC5/I2S_PM.c **** *
  11:.\Generated_Source\PSoC5/I2S_PM.c **** ********************************************************************************
  12:.\Generated_Source\PSoC5/I2S_PM.c **** * Copyright 2008-2012, Cypress Semiconductor Corporation.  All rights reserved.
  13:.\Generated_Source\PSoC5/I2S_PM.c **** * You may use this file only in accordance with the license, terms, conditions,
  14:.\Generated_Source\PSoC5/I2S_PM.c **** * disclaimers, and limitations in the end user license agreement accompanying
  15:.\Generated_Source\PSoC5/I2S_PM.c **** * the software package with which this file was provided.
  16:.\Generated_Source\PSoC5/I2S_PM.c **** *******************************************************************************/
  17:.\Generated_Source\PSoC5/I2S_PM.c **** 
  18:.\Generated_Source\PSoC5/I2S_PM.c **** #include "I2S.h"
ARM GAS  C:\DOCUME~1\ADMINI~1\LOCALS~1\Temp\cc64cdHq.s 			page 2


  19:.\Generated_Source\PSoC5/I2S_PM.c **** 
  20:.\Generated_Source\PSoC5/I2S_PM.c **** static I2S_BACKUP_STRUCT  I2S_backup =
  21:.\Generated_Source\PSoC5/I2S_PM.c **** {
  22:.\Generated_Source\PSoC5/I2S_PM.c ****     /* Generation of WS and SCK is disabled */
  23:.\Generated_Source\PSoC5/I2S_PM.c ****     I2S_DISABLED,
  24:.\Generated_Source\PSoC5/I2S_PM.c **** 
  25:.\Generated_Source\PSoC5/I2S_PM.c ****     /* RX and/or TX directions are disabled */
  26:.\Generated_Source\PSoC5/I2S_PM.c ****     I2S_DISABLED,
  27:.\Generated_Source\PSoC5/I2S_PM.c **** 
  28:.\Generated_Source\PSoC5/I2S_PM.c ****     #if(CY_UDB_V0)
  29:.\Generated_Source\PSoC5/I2S_PM.c ****         /* WS Period */
  30:.\Generated_Source\PSoC5/I2S_PM.c ****         I2S_DEFAULT_WS_PERIOD,
  31:.\Generated_Source\PSoC5/I2S_PM.c **** 
  32:.\Generated_Source\PSoC5/I2S_PM.c ****         #if(I2S_TX_DIRECTION_ENABLE)
  33:.\Generated_Source\PSoC5/I2S_PM.c ****             I2S_DEFAULT_TX_INT_SOURCE,
  34:.\Generated_Source\PSoC5/I2S_PM.c ****         #endif /* (I2S_TX_DIRECTION_ENABLE) */
  35:.\Generated_Source\PSoC5/I2S_PM.c ****        
  36:.\Generated_Source\PSoC5/I2S_PM.c ****         #if(I2S_RX_DIRECTION_ENABLE)
  37:.\Generated_Source\PSoC5/I2S_PM.c ****             I2S_DEFAULT_RX_INT_SOURCE
  38:.\Generated_Source\PSoC5/I2S_PM.c ****         #endif /* (I2S_RX_DIRECTION_ENABLE) */
  39:.\Generated_Source\PSoC5/I2S_PM.c **** 
  40:.\Generated_Source\PSoC5/I2S_PM.c ****     #endif /* (CY_UDB_V0) */
  41:.\Generated_Source\PSoC5/I2S_PM.c **** };
  42:.\Generated_Source\PSoC5/I2S_PM.c **** 
  43:.\Generated_Source\PSoC5/I2S_PM.c **** 
  44:.\Generated_Source\PSoC5/I2S_PM.c **** /*******************************************************************************
  45:.\Generated_Source\PSoC5/I2S_PM.c **** * Function Name: I2S_SaveConfig
  46:.\Generated_Source\PSoC5/I2S_PM.c **** ********************************************************************************
  47:.\Generated_Source\PSoC5/I2S_PM.c **** *
  48:.\Generated_Source\PSoC5/I2S_PM.c **** * Summary:
  49:.\Generated_Source\PSoC5/I2S_PM.c **** *  Saves I2S configuration.
  50:.\Generated_Source\PSoC5/I2S_PM.c **** *
  51:.\Generated_Source\PSoC5/I2S_PM.c **** * Parameters:
  52:.\Generated_Source\PSoC5/I2S_PM.c **** *  None.
  53:.\Generated_Source\PSoC5/I2S_PM.c **** *
  54:.\Generated_Source\PSoC5/I2S_PM.c **** * Return:
  55:.\Generated_Source\PSoC5/I2S_PM.c **** *  None.
  56:.\Generated_Source\PSoC5/I2S_PM.c **** *
  57:.\Generated_Source\PSoC5/I2S_PM.c **** * Global Variables:
  58:.\Generated_Source\PSoC5/I2S_PM.c **** *  I2S_backup - modified when non-retention registers are saved.
  59:.\Generated_Source\PSoC5/I2S_PM.c **** *
  60:.\Generated_Source\PSoC5/I2S_PM.c **** * Reentrant:
  61:.\Generated_Source\PSoC5/I2S_PM.c **** *  No.
  62:.\Generated_Source\PSoC5/I2S_PM.c **** *
  63:.\Generated_Source\PSoC5/I2S_PM.c **** *******************************************************************************/
  64:.\Generated_Source\PSoC5/I2S_PM.c **** void I2S_SaveConfig(void) 
  65:.\Generated_Source\PSoC5/I2S_PM.c **** {
  36              		.loc 1 65 0
  37              		.cfi_startproc
  38              		@ args = 0, pretend = 0, frame = 0
  39              		@ frame_needed = 1, uses_anonymous_args = 0
  40              		@ link register save eliminated.
  41 0000 80B4     		push	{r7}
  42              	.LCFI0:
  43              		.cfi_def_cfa_offset 4
  44 0002 00AF     		add	r7, sp, #0
  45              		.cfi_offset 7, -4
ARM GAS  C:\DOCUME~1\ADMINI~1\LOCALS~1\Temp\cc64cdHq.s 			page 3


  46              	.LCFI1:
  47              		.cfi_def_cfa_register 7
  66:.\Generated_Source\PSoC5/I2S_PM.c ****     /* Saves CTL_REG bits to define what direction was enabled */
  67:.\Generated_Source\PSoC5/I2S_PM.c ****     I2S_backup.CtrlReg = I2S_CONTROL_REG;
  48              		.loc 1 67 0
  49 0004 46F27853 		movw	r3, #:lower16:1073767800
  50 0008 C4F20003 		movt	r3, #:upper16:1073767800
  51 000c 1B78     		ldrb	r3, [r3, #0]
  52 000e DAB2     		uxtb	r2, r3
  53 0010 40F20003 		movw	r3, #:lower16:I2S_backup
  54 0014 C0F20003 		movt	r3, #:upper16:I2S_backup
  55 0018 5A70     		strb	r2, [r3, #1]
  68:.\Generated_Source\PSoC5/I2S_PM.c **** 
  69:.\Generated_Source\PSoC5/I2S_PM.c ****     /* Saves CNT7 and STATUSI MSK/PER for UDB array version 0 */
  70:.\Generated_Source\PSoC5/I2S_PM.c ****     #if(CY_UDB_V0)
  71:.\Generated_Source\PSoC5/I2S_PM.c ****         I2S_backup.Cnt7Period = I2S_CNT7_PERIOD_REG;
  72:.\Generated_Source\PSoC5/I2S_PM.c **** 
  73:.\Generated_Source\PSoC5/I2S_PM.c ****         #if(I2S_TX_DIRECTION_ENABLE)
  74:.\Generated_Source\PSoC5/I2S_PM.c ****             I2S_backup.TxIntMask = I2S_TX_STATUS_MASK_REG;
  75:.\Generated_Source\PSoC5/I2S_PM.c ****         #endif /* (I2S_TX_DIRECTION_ENABLE) */
  76:.\Generated_Source\PSoC5/I2S_PM.c ****         
  77:.\Generated_Source\PSoC5/I2S_PM.c ****         #if(I2S_RX_DIRECTION_ENABLE)
  78:.\Generated_Source\PSoC5/I2S_PM.c ****             I2S_backup.RxIntMask = I2S_RX_STATUS_MASK_REG;
  79:.\Generated_Source\PSoC5/I2S_PM.c ****         #endif /* (I2S_RX_DIRECTION_ENABLE) */
  80:.\Generated_Source\PSoC5/I2S_PM.c **** 
  81:.\Generated_Source\PSoC5/I2S_PM.c ****     #endif /* (CY_UDB_V0) */
  82:.\Generated_Source\PSoC5/I2S_PM.c **** }
  56              		.loc 1 82 0
  57 001a BD46     		mov	sp, r7
  58 001c 80BC     		pop	{r7}
  59 001e 7047     		bx	lr
  60              		.cfi_endproc
  61              	.LFE0:
  62              		.size	I2S_SaveConfig, .-I2S_SaveConfig
  63              		.section	.text.I2S_RestoreConfig,"ax",%progbits
  64              		.align	2
  65              		.global	I2S_RestoreConfig
  66              		.thumb
  67              		.thumb_func
  68              		.type	I2S_RestoreConfig, %function
  69              	I2S_RestoreConfig:
  70              	.LFB1:
  83:.\Generated_Source\PSoC5/I2S_PM.c **** 
  84:.\Generated_Source\PSoC5/I2S_PM.c **** 
  85:.\Generated_Source\PSoC5/I2S_PM.c **** /*******************************************************************************
  86:.\Generated_Source\PSoC5/I2S_PM.c **** * Function Name: I2S_RestoreConfig
  87:.\Generated_Source\PSoC5/I2S_PM.c **** ********************************************************************************
  88:.\Generated_Source\PSoC5/I2S_PM.c **** *
  89:.\Generated_Source\PSoC5/I2S_PM.c **** * Summary:
  90:.\Generated_Source\PSoC5/I2S_PM.c **** *  Restores I2S configuration.
  91:.\Generated_Source\PSoC5/I2S_PM.c **** *
  92:.\Generated_Source\PSoC5/I2S_PM.c **** * Parameters:
  93:.\Generated_Source\PSoC5/I2S_PM.c **** *  None.
  94:.\Generated_Source\PSoC5/I2S_PM.c **** *
  95:.\Generated_Source\PSoC5/I2S_PM.c **** * Return:
  96:.\Generated_Source\PSoC5/I2S_PM.c **** *  None.
  97:.\Generated_Source\PSoC5/I2S_PM.c **** *
ARM GAS  C:\DOCUME~1\ADMINI~1\LOCALS~1\Temp\cc64cdHq.s 			page 4


  98:.\Generated_Source\PSoC5/I2S_PM.c **** * Global Variables:
  99:.\Generated_Source\PSoC5/I2S_PM.c **** *  I2S_backup - used when non-retention registers are restored.
 100:.\Generated_Source\PSoC5/I2S_PM.c **** *
 101:.\Generated_Source\PSoC5/I2S_PM.c **** *******************************************************************************/
 102:.\Generated_Source\PSoC5/I2S_PM.c **** void I2S_RestoreConfig(void) 
 103:.\Generated_Source\PSoC5/I2S_PM.c **** {
  71              		.loc 1 103 0
  72              		.cfi_startproc
  73              		@ args = 0, pretend = 0, frame = 0
  74              		@ frame_needed = 1, uses_anonymous_args = 0
  75              		@ link register save eliminated.
  76 0000 80B4     		push	{r7}
  77              	.LCFI2:
  78              		.cfi_def_cfa_offset 4
  79 0002 00AF     		add	r7, sp, #0
  80              		.cfi_offset 7, -4
  81              	.LCFI3:
  82              		.cfi_def_cfa_register 7
 104:.\Generated_Source\PSoC5/I2S_PM.c ****     /* Restores CNT7 and STATUSI MSK/PER registers for UDB array version 0 */
 105:.\Generated_Source\PSoC5/I2S_PM.c ****     #if(CY_UDB_V0)
 106:.\Generated_Source\PSoC5/I2S_PM.c ****         I2S_CNT7_PERIOD_REG = I2S_backup.Cnt7Period;
 107:.\Generated_Source\PSoC5/I2S_PM.c **** 
 108:.\Generated_Source\PSoC5/I2S_PM.c ****         #if(I2S_TX_DIRECTION_ENABLE)
 109:.\Generated_Source\PSoC5/I2S_PM.c ****             I2S_TX_STATUS_MASK_REG = I2S_backup.TxIntMask;
 110:.\Generated_Source\PSoC5/I2S_PM.c ****         #endif /* (I2S_TX_DIRECTION_ENABLE) */
 111:.\Generated_Source\PSoC5/I2S_PM.c ****         
 112:.\Generated_Source\PSoC5/I2S_PM.c ****         #if(I2S_RX_DIRECTION_ENABLE)
 113:.\Generated_Source\PSoC5/I2S_PM.c ****             I2S_RX_STATUS_MASK_REG = I2S_backup.RxIntMask;
 114:.\Generated_Source\PSoC5/I2S_PM.c ****         #endif /* (I2S_RX_DIRECTION_ENABLE) */
 115:.\Generated_Source\PSoC5/I2S_PM.c **** 
 116:.\Generated_Source\PSoC5/I2S_PM.c ****     #endif /* CY_UDB_V0 */
 117:.\Generated_Source\PSoC5/I2S_PM.c **** }
  83              		.loc 1 117 0
  84 0004 BD46     		mov	sp, r7
  85 0006 80BC     		pop	{r7}
  86 0008 7047     		bx	lr
  87              		.cfi_endproc
  88              	.LFE1:
  89              		.size	I2S_RestoreConfig, .-I2S_RestoreConfig
  90 000a 00BF     		.section	.text.I2S_Sleep,"ax",%progbits
  91              		.align	2
  92              		.global	I2S_Sleep
  93              		.thumb
  94              		.thumb_func
  95              		.type	I2S_Sleep, %function
  96              	I2S_Sleep:
  97              	.LFB2:
 118:.\Generated_Source\PSoC5/I2S_PM.c **** 
 119:.\Generated_Source\PSoC5/I2S_PM.c **** 
 120:.\Generated_Source\PSoC5/I2S_PM.c **** /*******************************************************************************
 121:.\Generated_Source\PSoC5/I2S_PM.c **** * Function Name: I2S_Sleep
 122:.\Generated_Source\PSoC5/I2S_PM.c **** ********************************************************************************
 123:.\Generated_Source\PSoC5/I2S_PM.c **** *
 124:.\Generated_Source\PSoC5/I2S_PM.c **** * Summary:
 125:.\Generated_Source\PSoC5/I2S_PM.c **** *  Prepares I2S goes to sleep.
 126:.\Generated_Source\PSoC5/I2S_PM.c **** *
 127:.\Generated_Source\PSoC5/I2S_PM.c **** * Parameters:
ARM GAS  C:\DOCUME~1\ADMINI~1\LOCALS~1\Temp\cc64cdHq.s 			page 5


 128:.\Generated_Source\PSoC5/I2S_PM.c **** *  None.
 129:.\Generated_Source\PSoC5/I2S_PM.c **** *
 130:.\Generated_Source\PSoC5/I2S_PM.c **** * Return:
 131:.\Generated_Source\PSoC5/I2S_PM.c **** *  None.
 132:.\Generated_Source\PSoC5/I2S_PM.c **** *
 133:.\Generated_Source\PSoC5/I2S_PM.c **** * Global Variables:
 134:.\Generated_Source\PSoC5/I2S_PM.c **** *  I2S_backup - modified when non-retention registers are saved.
 135:.\Generated_Source\PSoC5/I2S_PM.c **** *
 136:.\Generated_Source\PSoC5/I2S_PM.c **** * Reentrant:
 137:.\Generated_Source\PSoC5/I2S_PM.c **** *  No.
 138:.\Generated_Source\PSoC5/I2S_PM.c **** *
 139:.\Generated_Source\PSoC5/I2S_PM.c **** *******************************************************************************/
 140:.\Generated_Source\PSoC5/I2S_PM.c **** void I2S_Sleep(void) 
 141:.\Generated_Source\PSoC5/I2S_PM.c **** {
  98              		.loc 1 141 0
  99              		.cfi_startproc
 100              		@ args = 0, pretend = 0, frame = 0
 101              		@ frame_needed = 1, uses_anonymous_args = 0
 102 0000 80B5     		push	{r7, lr}
 103              	.LCFI4:
 104              		.cfi_def_cfa_offset 8
 105 0002 00AF     		add	r7, sp, #0
 106              		.cfi_offset 14, -4
 107              		.cfi_offset 7, -8
 108              	.LCFI5:
 109              		.cfi_def_cfa_register 7
 142:.\Generated_Source\PSoC5/I2S_PM.c ****     /* Get component state */
 143:.\Generated_Source\PSoC5/I2S_PM.c ****     I2S_backup.enableState = ((uint8) I2S_IS_ENABLE);
 110              		.loc 1 143 0
 111 0004 46F27853 		movw	r3, #:lower16:1073767800
 112 0008 C4F20003 		movt	r3, #:upper16:1073767800
 113 000c 1B78     		ldrb	r3, [r3, #0]
 114 000e DBB2     		uxtb	r3, r3
 115 0010 03F00403 		and	r3, r3, #4
 116 0014 002B     		cmp	r3, #0
 117 0016 0CBF     		ite	eq
 118 0018 0022     		moveq	r2, #0
 119 001a 0122     		movne	r2, #1
 120 001c 40F20003 		movw	r3, #:lower16:I2S_backup
 121 0020 C0F20003 		movt	r3, #:upper16:I2S_backup
 122 0024 1A70     		strb	r2, [r3, #0]
 144:.\Generated_Source\PSoC5/I2S_PM.c **** 
 145:.\Generated_Source\PSoC5/I2S_PM.c ****     /* Save registers configuration */
 146:.\Generated_Source\PSoC5/I2S_PM.c ****     I2S_SaveConfig();
 123              		.loc 1 146 0
 124 0026 FFF7FEFF 		bl	I2S_SaveConfig
 147:.\Generated_Source\PSoC5/I2S_PM.c **** 
 148:.\Generated_Source\PSoC5/I2S_PM.c ****     /* Stop component */
 149:.\Generated_Source\PSoC5/I2S_PM.c ****     I2S_Stop();
 125              		.loc 1 149 0
 126 002a FFF7FEFF 		bl	I2S_Stop
 150:.\Generated_Source\PSoC5/I2S_PM.c **** }
 127              		.loc 1 150 0
 128 002e 80BD     		pop	{r7, pc}
 129              		.cfi_endproc
 130              	.LFE2:
 131              		.size	I2S_Sleep, .-I2S_Sleep
ARM GAS  C:\DOCUME~1\ADMINI~1\LOCALS~1\Temp\cc64cdHq.s 			page 6


 132              		.section	.text.I2S_Wakeup,"ax",%progbits
 133              		.align	2
 134              		.global	I2S_Wakeup
 135              		.thumb
 136              		.thumb_func
 137              		.type	I2S_Wakeup, %function
 138              	I2S_Wakeup:
 139              	.LFB3:
 151:.\Generated_Source\PSoC5/I2S_PM.c **** 
 152:.\Generated_Source\PSoC5/I2S_PM.c **** 
 153:.\Generated_Source\PSoC5/I2S_PM.c **** /*******************************************************************************
 154:.\Generated_Source\PSoC5/I2S_PM.c **** * Function Name: I2S_Wakeup
 155:.\Generated_Source\PSoC5/I2S_PM.c **** ********************************************************************************
 156:.\Generated_Source\PSoC5/I2S_PM.c **** *
 157:.\Generated_Source\PSoC5/I2S_PM.c **** * Summary:
 158:.\Generated_Source\PSoC5/I2S_PM.c **** *  Prepares I2S to wake up.
 159:.\Generated_Source\PSoC5/I2S_PM.c **** *
 160:.\Generated_Source\PSoC5/I2S_PM.c **** * Parameters:
 161:.\Generated_Source\PSoC5/I2S_PM.c **** *  None.
 162:.\Generated_Source\PSoC5/I2S_PM.c **** *
 163:.\Generated_Source\PSoC5/I2S_PM.c **** * Return:
 164:.\Generated_Source\PSoC5/I2S_PM.c **** *  None.
 165:.\Generated_Source\PSoC5/I2S_PM.c **** *
 166:.\Generated_Source\PSoC5/I2S_PM.c **** * Global Variables:
 167:.\Generated_Source\PSoC5/I2S_PM.c **** *  I2S_backup - used when non-retention registers are restored.
 168:.\Generated_Source\PSoC5/I2S_PM.c **** *
 169:.\Generated_Source\PSoC5/I2S_PM.c **** * Reentrant:
 170:.\Generated_Source\PSoC5/I2S_PM.c **** *  Yes.
 171:.\Generated_Source\PSoC5/I2S_PM.c **** *
 172:.\Generated_Source\PSoC5/I2S_PM.c **** *******************************************************************************/
 173:.\Generated_Source\PSoC5/I2S_PM.c **** void I2S_Wakeup(void) 
 174:.\Generated_Source\PSoC5/I2S_PM.c **** {
 140              		.loc 1 174 0
 141              		.cfi_startproc
 142              		@ args = 0, pretend = 0, frame = 0
 143              		@ frame_needed = 1, uses_anonymous_args = 0
 144 0000 80B5     		push	{r7, lr}
 145              	.LCFI6:
 146              		.cfi_def_cfa_offset 8
 147 0002 00AF     		add	r7, sp, #0
 148              		.cfi_offset 14, -4
 149              		.cfi_offset 7, -8
 150              	.LCFI7:
 151              		.cfi_def_cfa_register 7
 175:.\Generated_Source\PSoC5/I2S_PM.c ****     /* Restore registers values */
 176:.\Generated_Source\PSoC5/I2S_PM.c ****     I2S_RestoreConfig();
 152              		.loc 1 176 0
 153 0004 FFF7FEFF 		bl	I2S_RestoreConfig
 177:.\Generated_Source\PSoC5/I2S_PM.c **** 
 178:.\Generated_Source\PSoC5/I2S_PM.c ****     if(0u != I2S_backup.enableState)
 154              		.loc 1 178 0
 155 0008 40F20003 		movw	r3, #:lower16:I2S_backup
 156 000c C0F20003 		movt	r3, #:upper16:I2S_backup
 157 0010 1B78     		ldrb	r3, [r3, #0]	@ zero_extendqisi2
 158 0012 002B     		cmp	r3, #0
 159 0014 0DD0     		beq	.L9
 179:.\Generated_Source\PSoC5/I2S_PM.c ****     {
ARM GAS  C:\DOCUME~1\ADMINI~1\LOCALS~1\Temp\cc64cdHq.s 			page 7


 180:.\Generated_Source\PSoC5/I2S_PM.c ****         /* Enable component's operation */
 181:.\Generated_Source\PSoC5/I2S_PM.c ****         I2S_Enable();
 160              		.loc 1 181 0
 161 0016 FFF7FEFF 		bl	I2S_Enable
 182:.\Generated_Source\PSoC5/I2S_PM.c **** 
 183:.\Generated_Source\PSoC5/I2S_PM.c ****         /* Enable Tx/Rx direction if they were enabled before sleep */
 184:.\Generated_Source\PSoC5/I2S_PM.c ****         #if(I2S_TX_DIRECTION_ENABLE)
 185:.\Generated_Source\PSoC5/I2S_PM.c ****             if(0u != (I2S_backup.CtrlReg & I2S_TX_EN))
 162              		.loc 1 185 0
 163 001a 40F20003 		movw	r3, #:lower16:I2S_backup
 164 001e C0F20003 		movt	r3, #:upper16:I2S_backup
 165 0022 5B78     		ldrb	r3, [r3, #1]	@ zero_extendqisi2
 166 0024 03F00103 		and	r3, r3, #1
 167 0028 DBB2     		uxtb	r3, r3
 168 002a 002B     		cmp	r3, #0
 169 002c 01D0     		beq	.L9
 186:.\Generated_Source\PSoC5/I2S_PM.c ****             {
 187:.\Generated_Source\PSoC5/I2S_PM.c ****                 I2S_EnableTx();
 170              		.loc 1 187 0
 171 002e FFF7FEFF 		bl	I2S_EnableTx
 172              	.L9:
 188:.\Generated_Source\PSoC5/I2S_PM.c ****             }
 189:.\Generated_Source\PSoC5/I2S_PM.c ****         #endif /* (I2S_TX_DIRECTION_ENABLE) */
 190:.\Generated_Source\PSoC5/I2S_PM.c ****         
 191:.\Generated_Source\PSoC5/I2S_PM.c ****         #if(I2S_RX_DIRECTION_ENABLE)
 192:.\Generated_Source\PSoC5/I2S_PM.c ****             if(0u != (I2S_backup.CtrlReg & I2S_RX_EN))
 193:.\Generated_Source\PSoC5/I2S_PM.c ****             {
 194:.\Generated_Source\PSoC5/I2S_PM.c ****                 I2S_EnableRx();
 195:.\Generated_Source\PSoC5/I2S_PM.c ****             }
 196:.\Generated_Source\PSoC5/I2S_PM.c ****         #endif /* (I2S_RX_DIRECTION_ENABLE) */
 197:.\Generated_Source\PSoC5/I2S_PM.c ****     }
 198:.\Generated_Source\PSoC5/I2S_PM.c **** }
 173              		.loc 1 198 0
 174 0032 80BD     		pop	{r7, pc}
 175              		.cfi_endproc
 176              	.LFE3:
 177              		.size	I2S_Wakeup, .-I2S_Wakeup
 178              		.text
 179              	.Letext0:
 180              		.section	.debug_loc,"",%progbits
 181              	.Ldebug_loc0:
 182              	.LLST0:
 183 0000 00000000 		.4byte	.LFB0
 184 0004 02000000 		.4byte	.LCFI0
 185 0008 0100     		.2byte	0x1
 186 000a 5D       		.byte	0x5d
 187 000b 02000000 		.4byte	.LCFI0
 188 000f 04000000 		.4byte	.LCFI1
 189 0013 0200     		.2byte	0x2
 190 0015 7D       		.byte	0x7d
 191 0016 04       		.sleb128 4
 192 0017 04000000 		.4byte	.LCFI1
 193 001b 20000000 		.4byte	.LFE0
 194 001f 0200     		.2byte	0x2
 195 0021 77       		.byte	0x77
 196 0022 04       		.sleb128 4
 197 0023 00000000 		.4byte	0x0
ARM GAS  C:\DOCUME~1\ADMINI~1\LOCALS~1\Temp\cc64cdHq.s 			page 8


 198 0027 00000000 		.4byte	0x0
 199              	.LLST1:
 200 002b 00000000 		.4byte	.LFB1
 201 002f 02000000 		.4byte	.LCFI2
 202 0033 0100     		.2byte	0x1
 203 0035 5D       		.byte	0x5d
 204 0036 02000000 		.4byte	.LCFI2
 205 003a 04000000 		.4byte	.LCFI3
 206 003e 0200     		.2byte	0x2
 207 0040 7D       		.byte	0x7d
 208 0041 04       		.sleb128 4
 209 0042 04000000 		.4byte	.LCFI3
 210 0046 0A000000 		.4byte	.LFE1
 211 004a 0200     		.2byte	0x2
 212 004c 77       		.byte	0x77
 213 004d 04       		.sleb128 4
 214 004e 00000000 		.4byte	0x0
 215 0052 00000000 		.4byte	0x0
 216              	.LLST2:
 217 0056 00000000 		.4byte	.LFB2
 218 005a 02000000 		.4byte	.LCFI4
 219 005e 0100     		.2byte	0x1
 220 0060 5D       		.byte	0x5d
 221 0061 02000000 		.4byte	.LCFI4
 222 0065 04000000 		.4byte	.LCFI5
 223 0069 0200     		.2byte	0x2
 224 006b 7D       		.byte	0x7d
 225 006c 08       		.sleb128 8
 226 006d 04000000 		.4byte	.LCFI5
 227 0071 30000000 		.4byte	.LFE2
 228 0075 0200     		.2byte	0x2
 229 0077 77       		.byte	0x77
 230 0078 08       		.sleb128 8
 231 0079 00000000 		.4byte	0x0
 232 007d 00000000 		.4byte	0x0
 233              	.LLST3:
 234 0081 00000000 		.4byte	.LFB3
 235 0085 02000000 		.4byte	.LCFI6
 236 0089 0100     		.2byte	0x1
 237 008b 5D       		.byte	0x5d
 238 008c 02000000 		.4byte	.LCFI6
 239 0090 04000000 		.4byte	.LCFI7
 240 0094 0200     		.2byte	0x2
 241 0096 7D       		.byte	0x7d
 242 0097 08       		.sleb128 8
 243 0098 04000000 		.4byte	.LCFI7
 244 009c 34000000 		.4byte	.LFE3
 245 00a0 0200     		.2byte	0x2
 246 00a2 77       		.byte	0x77
 247 00a3 08       		.sleb128 8
 248 00a4 00000000 		.4byte	0x0
 249 00a8 00000000 		.4byte	0x0
 250              		.file 2 ".\\Generated_Source\\PSoC5\\/I2S.h"
 251              		.file 3 ".\\Generated_Source\\PSoC5\\/cytypes.h"
 252              		.section	.debug_info
 253 0000 24010000 		.4byte	0x124
 254 0004 0200     		.2byte	0x2
ARM GAS  C:\DOCUME~1\ADMINI~1\LOCALS~1\Temp\cc64cdHq.s 			page 9


 255 0006 00000000 		.4byte	.Ldebug_abbrev0
 256 000a 04       		.byte	0x4
 257 000b 01       		.uleb128 0x1
 258 000c 95000000 		.4byte	.LASF20
 259 0010 01       		.byte	0x1
 260 0011 32000000 		.4byte	.LASF21
 261 0015 0F010000 		.4byte	.LASF22
 262 0019 00000000 		.4byte	0x0
 263 001d 00000000 		.4byte	0x0
 264 0021 00000000 		.4byte	.Ldebug_ranges0+0x0
 265 0025 00000000 		.4byte	.Ldebug_line0
 266 0029 02       		.uleb128 0x2
 267 002a 01       		.byte	0x1
 268 002b 06       		.byte	0x6
 269 002c 03010000 		.4byte	.LASF0
 270 0030 02       		.uleb128 0x2
 271 0031 01       		.byte	0x1
 272 0032 08       		.byte	0x8
 273 0033 AB000000 		.4byte	.LASF1
 274 0037 02       		.uleb128 0x2
 275 0038 02       		.byte	0x2
 276 0039 05       		.byte	0x5
 277 003a 8A010000 		.4byte	.LASF2
 278 003e 02       		.uleb128 0x2
 279 003f 02       		.byte	0x2
 280 0040 07       		.byte	0x7
 281 0041 F0000000 		.4byte	.LASF3
 282 0045 02       		.uleb128 0x2
 283 0046 04       		.byte	0x4
 284 0047 05       		.byte	0x5
 285 0048 C9000000 		.4byte	.LASF4
 286 004c 02       		.uleb128 0x2
 287 004d 04       		.byte	0x4
 288 004e 07       		.byte	0x7
 289 004f 5A000000 		.4byte	.LASF5
 290 0053 02       		.uleb128 0x2
 291 0054 08       		.byte	0x8
 292 0055 05       		.byte	0x5
 293 0056 00000000 		.4byte	.LASF6
 294 005a 02       		.uleb128 0x2
 295 005b 08       		.byte	0x8
 296 005c 07       		.byte	0x7
 297 005d 6C000000 		.4byte	.LASF7
 298 0061 03       		.uleb128 0x3
 299 0062 04       		.byte	0x4
 300 0063 05       		.byte	0x5
 301 0064 696E7400 		.ascii	"int\000"
 302 0068 02       		.uleb128 0x2
 303 0069 04       		.byte	0x4
 304 006a 07       		.byte	0x7
 305 006b 1A000000 		.4byte	.LASF8
 306 006f 04       		.uleb128 0x4
 307 0070 54000000 		.4byte	.LASF14
 308 0074 03       		.byte	0x3
 309 0075 4C       		.byte	0x4c
 310 0076 30000000 		.4byte	0x30
 311 007a 02       		.uleb128 0x2
ARM GAS  C:\DOCUME~1\ADMINI~1\LOCALS~1\Temp\cc64cdHq.s 			page 10


 312 007b 04       		.byte	0x4
 313 007c 04       		.byte	0x4
 314 007d 84010000 		.4byte	.LASF9
 315 0081 02       		.uleb128 0x2
 316 0082 08       		.byte	0x8
 317 0083 04       		.byte	0x4
 318 0084 D2000000 		.4byte	.LASF10
 319 0088 02       		.uleb128 0x2
 320 0089 01       		.byte	0x1
 321 008a 08       		.byte	0x8
 322 008b B9000000 		.4byte	.LASF11
 323 008f 05       		.uleb128 0x5
 324 0090 04       		.byte	0x4
 325 0091 07       		.byte	0x7
 326 0092 06       		.uleb128 0x6
 327 0093 02       		.byte	0x2
 328 0094 02       		.byte	0x2
 329 0095 41       		.byte	0x41
 330 0096 B7000000 		.4byte	0xb7
 331 009a 07       		.uleb128 0x7
 332 009b 0E000000 		.4byte	.LASF12
 333 009f 02       		.byte	0x2
 334 00a0 42       		.byte	0x42
 335 00a1 6F000000 		.4byte	0x6f
 336 00a5 02       		.byte	0x2
 337 00a6 23       		.byte	0x23
 338 00a7 00       		.uleb128 0x0
 339 00a8 07       		.uleb128 0x7
 340 00a9 D9000000 		.4byte	.LASF13
 341 00ad 02       		.byte	0x2
 342 00ae 43       		.byte	0x43
 343 00af 6F000000 		.4byte	0x6f
 344 00b3 02       		.byte	0x2
 345 00b4 23       		.byte	0x23
 346 00b5 01       		.uleb128 0x1
 347 00b6 00       		.byte	0x0
 348 00b7 04       		.uleb128 0x4
 349 00b8 94010000 		.4byte	.LASF15
 350 00bc 02       		.byte	0x2
 351 00bd 50       		.byte	0x50
 352 00be 92000000 		.4byte	0x92
 353 00c2 08       		.uleb128 0x8
 354 00c3 01       		.byte	0x1
 355 00c4 E1000000 		.4byte	.LASF16
 356 00c8 01       		.byte	0x1
 357 00c9 40       		.byte	0x40
 358 00ca 01       		.byte	0x1
 359 00cb 00000000 		.4byte	.LFB0
 360 00cf 20000000 		.4byte	.LFE0
 361 00d3 00000000 		.4byte	.LLST0
 362 00d7 08       		.uleb128 0x8
 363 00d8 01       		.byte	0x1
 364 00d9 83000000 		.4byte	.LASF17
 365 00dd 01       		.byte	0x1
 366 00de 66       		.byte	0x66
 367 00df 01       		.byte	0x1
 368 00e0 00000000 		.4byte	.LFB1
ARM GAS  C:\DOCUME~1\ADMINI~1\LOCALS~1\Temp\cc64cdHq.s 			page 11


 369 00e4 0A000000 		.4byte	.LFE1
 370 00e8 2B000000 		.4byte	.LLST1
 371 00ec 08       		.uleb128 0x8
 372 00ed 01       		.byte	0x1
 373 00ee A1000000 		.4byte	.LASF18
 374 00f2 01       		.byte	0x1
 375 00f3 8C       		.byte	0x8c
 376 00f4 01       		.byte	0x1
 377 00f5 00000000 		.4byte	.LFB2
 378 00f9 30000000 		.4byte	.LFE2
 379 00fd 56000000 		.4byte	.LLST2
 380 0101 08       		.uleb128 0x8
 381 0102 01       		.byte	0x1
 382 0103 BE000000 		.4byte	.LASF19
 383 0107 01       		.byte	0x1
 384 0108 AD       		.byte	0xad
 385 0109 01       		.byte	0x1
 386 010a 00000000 		.4byte	.LFB3
 387 010e 34000000 		.4byte	.LFE3
 388 0112 81000000 		.4byte	.LLST3
 389 0116 09       		.uleb128 0x9
 390 0117 27000000 		.4byte	.LASF23
 391 011b 01       		.byte	0x1
 392 011c 14       		.byte	0x14
 393 011d B7000000 		.4byte	0xb7
 394 0121 05       		.byte	0x5
 395 0122 03       		.byte	0x3
 396 0123 00000000 		.4byte	I2S_backup
 397 0127 00       		.byte	0x0
 398              		.section	.debug_abbrev
 399 0000 01       		.uleb128 0x1
 400 0001 11       		.uleb128 0x11
 401 0002 01       		.byte	0x1
 402 0003 25       		.uleb128 0x25
 403 0004 0E       		.uleb128 0xe
 404 0005 13       		.uleb128 0x13
 405 0006 0B       		.uleb128 0xb
 406 0007 03       		.uleb128 0x3
 407 0008 0E       		.uleb128 0xe
 408 0009 1B       		.uleb128 0x1b
 409 000a 0E       		.uleb128 0xe
 410 000b 11       		.uleb128 0x11
 411 000c 01       		.uleb128 0x1
 412 000d 52       		.uleb128 0x52
 413 000e 01       		.uleb128 0x1
 414 000f 55       		.uleb128 0x55
 415 0010 06       		.uleb128 0x6
 416 0011 10       		.uleb128 0x10
 417 0012 06       		.uleb128 0x6
 418 0013 00       		.byte	0x0
 419 0014 00       		.byte	0x0
 420 0015 02       		.uleb128 0x2
 421 0016 24       		.uleb128 0x24
 422 0017 00       		.byte	0x0
 423 0018 0B       		.uleb128 0xb
 424 0019 0B       		.uleb128 0xb
 425 001a 3E       		.uleb128 0x3e
ARM GAS  C:\DOCUME~1\ADMINI~1\LOCALS~1\Temp\cc64cdHq.s 			page 12


 426 001b 0B       		.uleb128 0xb
 427 001c 03       		.uleb128 0x3
 428 001d 0E       		.uleb128 0xe
 429 001e 00       		.byte	0x0
 430 001f 00       		.byte	0x0
 431 0020 03       		.uleb128 0x3
 432 0021 24       		.uleb128 0x24
 433 0022 00       		.byte	0x0
 434 0023 0B       		.uleb128 0xb
 435 0024 0B       		.uleb128 0xb
 436 0025 3E       		.uleb128 0x3e
 437 0026 0B       		.uleb128 0xb
 438 0027 03       		.uleb128 0x3
 439 0028 08       		.uleb128 0x8
 440 0029 00       		.byte	0x0
 441 002a 00       		.byte	0x0
 442 002b 04       		.uleb128 0x4
 443 002c 16       		.uleb128 0x16
 444 002d 00       		.byte	0x0
 445 002e 03       		.uleb128 0x3
 446 002f 0E       		.uleb128 0xe
 447 0030 3A       		.uleb128 0x3a
 448 0031 0B       		.uleb128 0xb
 449 0032 3B       		.uleb128 0x3b
 450 0033 0B       		.uleb128 0xb
 451 0034 49       		.uleb128 0x49
 452 0035 13       		.uleb128 0x13
 453 0036 00       		.byte	0x0
 454 0037 00       		.byte	0x0
 455 0038 05       		.uleb128 0x5
 456 0039 24       		.uleb128 0x24
 457 003a 00       		.byte	0x0
 458 003b 0B       		.uleb128 0xb
 459 003c 0B       		.uleb128 0xb
 460 003d 3E       		.uleb128 0x3e
 461 003e 0B       		.uleb128 0xb
 462 003f 00       		.byte	0x0
 463 0040 00       		.byte	0x0
 464 0041 06       		.uleb128 0x6
 465 0042 13       		.uleb128 0x13
 466 0043 01       		.byte	0x1
 467 0044 0B       		.uleb128 0xb
 468 0045 0B       		.uleb128 0xb
 469 0046 3A       		.uleb128 0x3a
 470 0047 0B       		.uleb128 0xb
 471 0048 3B       		.uleb128 0x3b
 472 0049 0B       		.uleb128 0xb
 473 004a 01       		.uleb128 0x1
 474 004b 13       		.uleb128 0x13
 475 004c 00       		.byte	0x0
 476 004d 00       		.byte	0x0
 477 004e 07       		.uleb128 0x7
 478 004f 0D       		.uleb128 0xd
 479 0050 00       		.byte	0x0
 480 0051 03       		.uleb128 0x3
 481 0052 0E       		.uleb128 0xe
 482 0053 3A       		.uleb128 0x3a
ARM GAS  C:\DOCUME~1\ADMINI~1\LOCALS~1\Temp\cc64cdHq.s 			page 13


 483 0054 0B       		.uleb128 0xb
 484 0055 3B       		.uleb128 0x3b
 485 0056 0B       		.uleb128 0xb
 486 0057 49       		.uleb128 0x49
 487 0058 13       		.uleb128 0x13
 488 0059 38       		.uleb128 0x38
 489 005a 0A       		.uleb128 0xa
 490 005b 00       		.byte	0x0
 491 005c 00       		.byte	0x0
 492 005d 08       		.uleb128 0x8
 493 005e 2E       		.uleb128 0x2e
 494 005f 00       		.byte	0x0
 495 0060 3F       		.uleb128 0x3f
 496 0061 0C       		.uleb128 0xc
 497 0062 03       		.uleb128 0x3
 498 0063 0E       		.uleb128 0xe
 499 0064 3A       		.uleb128 0x3a
 500 0065 0B       		.uleb128 0xb
 501 0066 3B       		.uleb128 0x3b
 502 0067 0B       		.uleb128 0xb
 503 0068 27       		.uleb128 0x27
 504 0069 0C       		.uleb128 0xc
 505 006a 11       		.uleb128 0x11
 506 006b 01       		.uleb128 0x1
 507 006c 12       		.uleb128 0x12
 508 006d 01       		.uleb128 0x1
 509 006e 40       		.uleb128 0x40
 510 006f 06       		.uleb128 0x6
 511 0070 00       		.byte	0x0
 512 0071 00       		.byte	0x0
 513 0072 09       		.uleb128 0x9
 514 0073 34       		.uleb128 0x34
 515 0074 00       		.byte	0x0
 516 0075 03       		.uleb128 0x3
 517 0076 0E       		.uleb128 0xe
 518 0077 3A       		.uleb128 0x3a
 519 0078 0B       		.uleb128 0xb
 520 0079 3B       		.uleb128 0x3b
 521 007a 0B       		.uleb128 0xb
 522 007b 49       		.uleb128 0x49
 523 007c 13       		.uleb128 0x13
 524 007d 02       		.uleb128 0x2
 525 007e 0A       		.uleb128 0xa
 526 007f 00       		.byte	0x0
 527 0080 00       		.byte	0x0
 528 0081 00       		.byte	0x0
 529              		.section	.debug_pubnames,"",%progbits
 530 0000 54000000 		.4byte	0x54
 531 0004 0200     		.2byte	0x2
 532 0006 00000000 		.4byte	.Ldebug_info0
 533 000a 28010000 		.4byte	0x128
 534 000e C2000000 		.4byte	0xc2
 535 0012 4932535F 		.ascii	"I2S_SaveConfig\000"
 535      53617665 
 535      436F6E66 
 535      696700
 536 0021 D7000000 		.4byte	0xd7
ARM GAS  C:\DOCUME~1\ADMINI~1\LOCALS~1\Temp\cc64cdHq.s 			page 14


 537 0025 4932535F 		.ascii	"I2S_RestoreConfig\000"
 537      52657374 
 537      6F726543 
 537      6F6E6669 
 537      6700
 538 0037 EC000000 		.4byte	0xec
 539 003b 4932535F 		.ascii	"I2S_Sleep\000"
 539      536C6565 
 539      7000
 540 0045 01010000 		.4byte	0x101
 541 0049 4932535F 		.ascii	"I2S_Wakeup\000"
 541      57616B65 
 541      757000
 542 0054 00000000 		.4byte	0x0
 543              		.section	.debug_aranges,"",%progbits
 544 0000 34000000 		.4byte	0x34
 545 0004 0200     		.2byte	0x2
 546 0006 00000000 		.4byte	.Ldebug_info0
 547 000a 04       		.byte	0x4
 548 000b 00       		.byte	0x0
 549 000c 0000     		.2byte	0x0
 550 000e 0000     		.2byte	0x0
 551 0010 00000000 		.4byte	.LFB0
 552 0014 20000000 		.4byte	.LFE0-.LFB0
 553 0018 00000000 		.4byte	.LFB1
 554 001c 0A000000 		.4byte	.LFE1-.LFB1
 555 0020 00000000 		.4byte	.LFB2
 556 0024 30000000 		.4byte	.LFE2-.LFB2
 557 0028 00000000 		.4byte	.LFB3
 558 002c 34000000 		.4byte	.LFE3-.LFB3
 559 0030 00000000 		.4byte	0x0
 560 0034 00000000 		.4byte	0x0
 561              		.section	.debug_ranges,"",%progbits
 562              	.Ldebug_ranges0:
 563 0000 00000000 		.4byte	.Ltext0
 564 0004 00000000 		.4byte	.Letext0
 565 0008 00000000 		.4byte	.LFB0
 566 000c 20000000 		.4byte	.LFE0
 567 0010 00000000 		.4byte	.LFB1
 568 0014 0A000000 		.4byte	.LFE1
 569 0018 00000000 		.4byte	.LFB2
 570 001c 30000000 		.4byte	.LFE2
 571 0020 00000000 		.4byte	.LFB3
 572 0024 34000000 		.4byte	.LFE3
 573 0028 00000000 		.4byte	0x0
 574 002c 00000000 		.4byte	0x0
 575              		.section	.debug_str,"MS",%progbits,1
 576              	.LASF6:
 577 0000 6C6F6E67 		.ascii	"long long int\000"
 577      206C6F6E 
 577      6720696E 
 577      7400
 578              	.LASF12:
 579 000e 656E6162 		.ascii	"enableState\000"
 579      6C655374 
 579      61746500 
 580              	.LASF8:
ARM GAS  C:\DOCUME~1\ADMINI~1\LOCALS~1\Temp\cc64cdHq.s 			page 15


 581 001a 756E7369 		.ascii	"unsigned int\000"
 581      676E6564 
 581      20696E74 
 581      00
 582              	.LASF23:
 583 0027 4932535F 		.ascii	"I2S_backup\000"
 583      6261636B 
 583      757000
 584              	.LASF21:
 585 0032 2E5C4765 		.ascii	".\\Generated_Source\\PSoC5\\I2S_PM.c\000"
 585      6E657261 
 585      7465645F 
 585      536F7572 
 585      63655C50 
 586              	.LASF14:
 587 0054 75696E74 		.ascii	"uint8\000"
 587      3800
 588              	.LASF5:
 589 005a 6C6F6E67 		.ascii	"long unsigned int\000"
 589      20756E73 
 589      69676E65 
 589      6420696E 
 589      7400
 590              	.LASF7:
 591 006c 6C6F6E67 		.ascii	"long long unsigned int\000"
 591      206C6F6E 
 591      6720756E 
 591      7369676E 
 591      65642069 
 592              	.LASF17:
 593 0083 4932535F 		.ascii	"I2S_RestoreConfig\000"
 593      52657374 
 593      6F726543 
 593      6F6E6669 
 593      6700
 594              	.LASF20:
 595 0095 474E5520 		.ascii	"GNU C 4.4.1\000"
 595      4320342E 
 595      342E3100 
 596              	.LASF18:
 597 00a1 4932535F 		.ascii	"I2S_Sleep\000"
 597      536C6565 
 597      7000
 598              	.LASF1:
 599 00ab 756E7369 		.ascii	"unsigned char\000"
 599      676E6564 
 599      20636861 
 599      7200
 600              	.LASF11:
 601 00b9 63686172 		.ascii	"char\000"
 601      00
 602              	.LASF19:
 603 00be 4932535F 		.ascii	"I2S_Wakeup\000"
 603      57616B65 
 603      757000
 604              	.LASF4:
 605 00c9 6C6F6E67 		.ascii	"long int\000"
ARM GAS  C:\DOCUME~1\ADMINI~1\LOCALS~1\Temp\cc64cdHq.s 			page 16


 605      20696E74 
 605      00
 606              	.LASF10:
 607 00d2 646F7562 		.ascii	"double\000"
 607      6C6500
 608              	.LASF13:
 609 00d9 4374726C 		.ascii	"CtrlReg\000"
 609      52656700 
 610              	.LASF16:
 611 00e1 4932535F 		.ascii	"I2S_SaveConfig\000"
 611      53617665 
 611      436F6E66 
 611      696700
 612              	.LASF3:
 613 00f0 73686F72 		.ascii	"short unsigned int\000"
 613      7420756E 
 613      7369676E 
 613      65642069 
 613      6E7400
 614              	.LASF0:
 615 0103 7369676E 		.ascii	"signed char\000"
 615      65642063 
 615      68617200 
 616              	.LASF22:
 617 010f 5C5C7073 		.ascii	"\\\\psf\\Home\\Desktop\\PSOC5LP dev\\non-boot-bit-s"
 617      665C486F 
 617      6D655C44 
 617      65736B74 
 617      6F705C50 
 618 013c 68696674 		.ascii	"hift-CY8C5667\\PioneerKit_P5LP_USB_Audio\\PioneerKi"
 618      2D435938 
 618      43353636 
 618      375C5069 
 618      6F6E6565 
 619 016d 745F5035 		.ascii	"t_P5LP_USB_Audio.cydsn\000"
 619      4C505F55 
 619      53425F41 
 619      7564696F 
 619      2E637964 
 620              	.LASF9:
 621 0184 666C6F61 		.ascii	"float\000"
 621      7400
 622              	.LASF2:
 623 018a 73686F72 		.ascii	"short int\000"
 623      7420696E 
 623      7400
 624              	.LASF15:
 625 0194 4932535F 		.ascii	"I2S_BACKUP_STRUCT\000"
 625      4241434B 
 625      55505F53 
 625      54525543 
 625      5400
 626              		.ident	"GCC: (Sourcery G++ Lite 2010q1-188) 4.4.1"
