Archive member included because of file (symbol)

.\ARM_GCC_441\Debug\PioneerKit_P5LP_USB_Audio.a(PSOC_I2S_SCLK.o)
                              .\ARM_GCC_441\Debug\AudioControl.o (PSOC_I2S_SCLK_SetDriveMode)
.\ARM_GCC_441\Debug\PioneerKit_P5LP_USB_Audio.a(I2S.o)
                              .\ARM_GCC_441\Debug\AudioControl.o (I2S_Start)
.\ARM_GCC_441\Debug\PioneerKit_P5LP_USB_Audio.a(AudioClkGen.o)
                              .\ARM_GCC_441\Debug\AudioControl.o (AudioClkGen_Start)
.\ARM_GCC_441\Debug\PioneerKit_P5LP_USB_Audio.a(TxDMA_dma.o)
                              .\ARM_GCC_441\Debug\AudioControl.o (TxDMA_DmaInitialize)
.\ARM_GCC_441\Debug\PioneerKit_P5LP_USB_Audio.a(isr_TxDMADone.o)
                              .\ARM_GCC_441\Debug\AudioControl.o (isr_TxDMADone_Disable)
.\ARM_GCC_441\Debug\PioneerKit_P5LP_USB_Audio.a(PSOC_I2S_SDTO.o)
                              .\ARM_GCC_441\Debug\AudioControl.o (PSOC_I2S_SDTO_SetDriveMode)
.\ARM_GCC_441\Debug\PioneerKit_P5LP_USB_Audio.a(isr_InDMADone.o)
                              .\ARM_GCC_441\Debug\AudioControl.o (isr_InDMADone_StartEx)
.\ARM_GCC_441\Debug\PioneerKit_P5LP_USB_Audio.a(USBInDMA_dma.o)
                              .\ARM_GCC_441\Debug\AudioControl.o (USBInDMA_DmaInitialize)
.\ARM_GCC_441\Debug\PioneerKit_P5LP_USB_Audio.a(PSOC_I2S_MCLK.o)
                              .\ARM_GCC_441\Debug\AudioControl.o (PSOC_I2S_MCLK_SetDriveMode)
.\ARM_GCC_441\Debug\PioneerKit_P5LP_USB_Audio.a(USBOutDMA_dma.o)
                              .\ARM_GCC_441\Debug\AudioControl.o (USBOutDMA_DmaInitialize)
.\ARM_GCC_441\Debug\PioneerKit_P5LP_USB_Audio.a(PSOC_SW.o)
                              .\ARM_GCC_441\Debug\Application.o (PSOC_SW_Read)
.\ARM_GCC_441\Debug\PioneerKit_P5LP_USB_Audio.a(SystemTickTimer.o)
                              .\ARM_GCC_441\Debug\Application.o (SystemTickTimer_Start)
.\ARM_GCC_441\Debug\PioneerKit_P5LP_USB_Audio.a(isr_Tick.o)
                              .\ARM_GCC_441\Debug\Application.o (isr_Tick_StartEx)
.\ARM_GCC_441\Debug\PioneerKit_P5LP_USB_Audio.a(PSOC_I2S_LRCLK.o)
                              .\ARM_GCC_441\Debug\AudioControl.o (PSOC_I2S_LRCLK_SetDriveMode)
.\ARM_GCC_441\Debug\PioneerKit_P5LP_USB_Audio.a(I2S_Tx_DMA_dma.o)
                              .\ARM_GCC_441\Debug\AudioControl.o (I2S_Tx_DMA_DmaInitialize)
.\ARM_GCC_441\Debug\PioneerKit_P5LP_USB_Audio.a(ByteSwap_Tx.o)
                              .\ARM_GCC_441\Debug\AudioControl.o (ByteSwap_Tx_Start)
.\ARM_GCC_441\Debug\PioneerKit_P5LP_USB_Audio.a(clock_CIC.o)
                              .\ARM_GCC_441\Debug\AudioControl.o (Clock_CIC_Start)
.\ARM_GCC_441\Debug\PioneerKit_P5LP_USB_Audio.a(CICOut_L_dma.o)
                              .\ARM_GCC_441\Debug\AudioControl.o (CICOut_L_DmaInitialize)
.\ARM_GCC_441\Debug\PioneerKit_P5LP_USB_Audio.a(CICOut_R_dma.o)
                              .\ARM_GCC_441\Debug\AudioControl.o (CICOut_R_DmaInitialize)
.\ARM_GCC_441\Debug\PioneerKit_P5LP_USB_Audio.a(Droop_Filter.o)
                              .\ARM_GCC_441\Debug\AudioControl.o (Droop_Filter_Enable)
.\ARM_GCC_441\Debug\PioneerKit_P5LP_USB_Audio.a(Droop_Filter_RAM_Data.o)
                              .\ARM_GCC_441\Debug\PioneerKit_P5LP_USB_Audio.a(Droop_Filter.o) (Droop_Filter_control)
.\ARM_GCC_441\Debug\PioneerKit_P5LP_USB_Audio.a(RxDMA_dma.o)
                              .\ARM_GCC_441\Debug\AudioControl.o (RxDMA_DmaInitialize)
.\ARM_GCC_441\Debug\PioneerKit_P5LP_USB_Audio.a(isr_RxDMADone.o)
                              .\ARM_GCC_441\Debug\AudioControl.o (isr_RxDMADone_Disable)
.\ARM_GCC_441\Debug\PioneerKit_P5LP_USB_Audio.a(AudioClkGen_Clock_SCK.o)
                              .\ARM_GCC_441\Debug\PioneerKit_P5LP_USB_Audio.a(AudioClkGen.o) (AudioClkGen_Clock_SCK_SetDividerRegister)
.\ARM_GCC_441\Debug\PioneerKit_P5LP_USB_Audio.a(AudioClkGen_Clock_I2S.o)
                              .\ARM_GCC_441\Debug\PioneerKit_P5LP_USB_Audio.a(AudioClkGen.o) (AudioClkGen_Clock_I2S_SetDividerRegister)
.\ARM_GCC_441\Debug\PioneerKit_P5LP_USB_Audio.a(CyBootAsmGnu.o)
                              .\ARM_GCC_441\Debug\PioneerKit_P5LP_USB_Audio.a(I2S.o) (CyEnterCriticalSection)
.\ARM_GCC_441\Debug\PioneerKit_P5LP_USB_Audio.a(CyDmac.o)
                              .\ARM_GCC_441\Debug\Cm3Start.o (CyDmacConfigure)
.\ARM_GCC_441\Debug\PioneerKit_P5LP_USB_Audio.a(CyLib.o)
                              .\ARM_GCC_441\Debug\Cm3Start.o (CyResetStatus)
.\ARM_GCC_441\Debug\PioneerKit_P5LP_USB_Audio.a(cyPm.o)
                              .\ARM_GCC_441\Debug\USBInterface.o (CyPmSaveClocks)
.\ARM_GCC_441\Debug\PioneerKit_P5LP_USB_Audio.a(PSOC_STATUS_LED.o)
                              .\ARM_GCC_441\Debug\USBInterface.o (PSOC_STATUS_LED_Write)
.\ARM_GCC_441\Debug\PioneerKit_P5LP_USB_Audio.a(USBFS.o)
                              .\ARM_GCC_441\Debug\USBInterface.o (USBFS_initVar)
.\ARM_GCC_441\Debug\PioneerKit_P5LP_USB_Audio.a(USBFS_audio.o)
[...]
Memory Configuration

Name             Origin             Length             Attributes
rom              0x00000000         0x00020000         xr
ram              0x1fffc000         0x00005800         xrw
*default*        0x00000000         0xffffffff

Linker script and memory map

LOAD c:/program files/cypress/psoc creator/2.2/psoc creator/import/gnu_cs/arm/4.4.1/bin/../lib/gcc/arm-none-eabi/4.4.1/thumb2/crti.o
LOAD c:/program files/cypress/psoc creator/2.2/psoc creator/import/gnu_cs/arm/4.4.1/bin/../lib/gcc/arm-none-eabi/4.4.1/thumb2/crtbegin.o
START GROUP
LOAD .\ARM_GCC_441\Debug\Cm3Start.o
LOAD .\ARM_GCC_441\Debug\Timer.o
LOAD .\ARM_GCC_441\Debug\USBInterface.o
LOAD .\ARM_GCC_441\Debug\VolumeControl.o
LOAD .\ARM_GCC_441\Debug\Application.o
LOAD .\ARM_GCC_441\Debug\AudioControl.o
LOAD .\ARM_GCC_441\Debug\Codec.o
LOAD .\ARM_GCC_441\Debug\Interrupts.o
LOAD .\ARM_GCC_441\Debug\main.o
LOAD .\ARM_GCC_441\Debug\PioneerKit_P5LP_USB_Audio.a
LOAD C:\Program Files\Cypress\PSoC Creator\2.2\PSoC Creator\psoc\content\cycomponentlibrary\CyComponentLibrary.cylib\CortexM3\ARM_GCC_441\Debug\CyComponentLibrary.a
END GROUP
START GROUP
LOAD c:/program files/cypress/psoc creator/2.2/psoc creator/import/gnu_cs/arm/4.4.1/bin/../lib/gcc/arm-none-eabi/4.4.1/thumb2\libgcc.a
LOAD c:/program files/cypress/psoc creator/2.2/psoc creator/import/gnu_cs/arm/4.4.1/bin/../lib/gcc/arm-none-eabi/4.4.1/../../../../arm-none-eabi/lib/thumb2\libc.a
END GROUP
LOAD c:/program files/cypress/psoc creator/2.2/psoc creator/import/gnu_cs/arm/4.4.1/bin/../lib/gcc/arm-none-eabi/4.4.1/thumb2/crtend.o
LOAD c:/program files/cypress/psoc creator/2.2/psoc creator/import/gnu_cs/arm/4.4.1/bin/../lib/gcc/arm-none-eabi/4.4.1/thumb2/crtn.o
START GROUP
LOAD c:/program files/cypress/psoc creator/2.2/psoc creator/import/gnu_cs/arm/4.4.1/bin/../lib/gcc/arm-none-eabi/4.4.1/thumb2\libgcc.a
LOAD c:/program files/cypress/psoc creator/2.2/psoc creator/import/gnu_cs/arm/4.4.1/bin/../lib/gcc/arm-none-eabi/4.4.1/../../../../arm-none-eabi/lib/thumb2\libc.a
LOAD c:/program files/cypress/psoc creator/2.2/psoc creator/import/gnu_cs/arm/4.4.1/bin/../lib/gcc/arm-none-eabi/4.4.1/../../../../arm-none-eabi/lib/thumb2\libcs3.a
LOAD c:/program files/cypress/psoc creator/2.2/psoc creator/import/gnu_cs/arm/4.4.1/bin/../lib/gcc/arm-none-eabi/4.4.1/../../../../arm-none-eabi/lib/thumb2\libcs3unhosted.a
LOAD c:/program files/cypress/psoc creator/2.2/psoc creator/import/gnu_cs/arm/4.4.1/bin/../lib/gcc/arm-none-eabi/4.4.1/../../../../arm-none-eabi/lib/thumb2\libcs3micro.a
END GROUP
                0x1fffcc78                PROVIDE (__cs3_heap_start, _end)
                0x00000001                PROVIDE (__cs3_region_num, ((__cs3_regions_end - __cs3_regions) / 0x14))
                0x20004000                PROVIDE (__cs3_stack, 0x20004000)
                0x20002000                PROVIDE (__cs3_heap_end, (__cs3_stack - 0x2000))

.text           0x00000000     0xaaa8
 CREATE_OBJECT_SYMBOLS
                0x00000000                PROVIDE (__cs3_interrupt_vector, RomVectors)
 *(.romvectors)
 .romvectors    0x00000000       0x10 .\ARM_GCC_441\Debug\Cm3Start.o
                0x00000000                RomVectors
 *(.cs3.interrupt_vector)
                0x00000001                ASSERT ((. != __cs3_interrupt_vector), No interrupt vector)
                0x000000a4                PROVIDE (__cs3_reset, Reset)
 *(.cs3.reset)
                0x00000001                ASSERT ((. != __cs3_reset), No reset code)
 *(.dma_init)
                0x00000001                ASSERT ((((0x0 + .) <= 0x10000) || 0x1), DMA Init must be within the first 64k of flash)
 *(.text.cs3.init)
 .text.cs3.init
                0x00000010       0x5c c:/program files/cypress/psoc creator/2.2/psoc creator/import/gnu_cs/arm/4.4.1/bin/../lib/gcc/arm-none-eabi/4.4.1/../../../../arm-none-eabi/lib/thumb2\libcs3.a(start_c.o)
                0x00000010                __cs3_start_c
 *(.text .text.* .gnu.linkonce.t.*)
 .text          0x0000006c       0x30 c:/program files/cypress/psoc creator/2.2/psoc creator/import/gnu_cs/arm/4.4.1/bin/../lib/gcc/arm-none-eabi/4.4.1/thumb2/crtbegin.o
 .text.IntDefaultHandler
                0x0000009c        0x8 .\ARM_GCC_441\Debug\Cm3Start.o
                0x0000009c                IntDefaultHandler
 .text.Reset    0x000000a4       0x24 .\ARM_GCC_441\Debug\Cm3Start.o
                0x000000a4                Reset
 .text.initialize_psoc
                0x000000c8       0xb8 .\ARM_GCC_441\Debug\Cm3Start.o
                0x000000c8                initialize_psoc
 .text.HandleApplicationTimerTick
                0x00000180       0x78 .\ARM_GCC_441\Debug\Timer.o
                0x00000180                HandleApplicationTimerTick
 .text.ServiceUSB
                0x000001f8      0x204 .\ARM_GCC_441\Debug\USBInterface.o
                0x000001f8                ServiceUSB
 .text.ServiceUSBSuspend
                0x000003fc      0x118 .\ARM_GCC_441\Debug\USBInterface.o
                0x000003fc                ServiceUSBSuspend
 .text.HandleUSBHostInterface
                0x00000514       0x3c .\ARM_GCC_441\Debug\USBInterface.o
                0x00000514                HandleUSBHostInterface
 .text.ConfigureApplication
                0x00000550       0x28 .\ARM_GCC_441\Debug\Application.o
                0x00000550                ConfigureApplication
 .text.HandleApplicationInterface
                0x00000578       0x10 .\ARM_GCC_441\Debug\Application.o
                0x00000578                HandleApplicationInterface
 .text.HandleUserInputs
                0x00000588       0x60 .\ARM_GCC_441\Debug\Application.o
 .text.CheckPlayPauseButton
                0x000005e8       0xd8 .\ARM_GCC_441\Debug\Application.o
 .text.ConfigureAudioPath
                0x000006c0      0x36c .\ARM_GCC_441\Debug\AudioControl.o
                0x000006c0                ConfigureAudioPath
 .text.ProcessAudioOut
                0x00000a2c      0x358 .\ARM_GCC_441\Debug\AudioControl.o
                0x00000a2c                ProcessAudioOut
 .text.ProcessAudioIn
                0x00000d84      0x370 .\ARM_GCC_441\Debug\AudioControl.o
                0x00000d84                ProcessAudioIn
 .text.Stop_I2S_Tx
                0x000010f4       0x7c .\ARM_GCC_441\Debug\AudioControl.o
                0x000010f4                Stop_I2S_Tx
 .text.Stop_PDM_InPath
                0x00001170       0x74 .\ARM_GCC_441\Debug\AudioControl.o
                0x00001170                Stop_PDM_InPath
 .text.SetClockRate
                0x000011e4       0xa0 .\ARM_GCC_441\Debug\AudioControl.o
                0x000011e4                SetClockRate
 .text.StartAudioComponents
                0x00001284       0x5c .\ARM_GCC_441\Debug\AudioControl.o
                0x00001284                StartAudioComponents
 .text.StopAudioComponents
                0x000012e0       0x74 .\ARM_GCC_441\Debug\AudioControl.o
                0x000012e0                StopAudioComponents
 .text.HandleSamplingFrequencyChangeRequest
                0x00001354      0x1b4 .\ARM_GCC_441\Debug\AudioControl.o
                0x00001354                HandleSamplingFrequencyChangeRequest
 .text.HandleDigitalAudioLowPowerMode
                0x00001508      0x13c .\ARM_GCC_441\Debug\AudioControl.o
                0x00001508                HandleDigitalAudioLowPowerMode
 .text.UpdateAudioStatusUI
                0x00001644       0x60 .\ARM_GCC_441\Debug\AudioControl.o
                0x00001644                UpdateAudioStatusUI
 .text.HandleAudioInBuffer
                0x000016a4       0x6c .\ARM_GCC_441\Debug\AudioControl.o
                0x000016a4                HandleAudioInBuffer
 .text.CICOutDMA_ConfigAndStart
                0x00001710      0x120 .\ARM_GCC_441\Debug\AudioControl.o
                0x00001710                CICOutDMA_ConfigAndStart
 .text.Droop_Filter_ModifiedSaveConfig
                0x00001830       0x4c .\ARM_GCC_441\Debug\AudioControl.o
                0x00001830                Droop_Filter_ModifiedSaveConfig
 .text.Droop_Filter_ModifiedRestoreConfig
                0x0000187c       0xa4 .\ARM_GCC_441\Debug\AudioControl.o
                0x0000187c                Droop_Filter_ModifiedRestoreConfig
 .text.Droop_Filter_ModifiedSleep
                0x00001920       0x40 .\ARM_GCC_441\Debug\AudioControl.o
                0x00001920                Droop_Filter_ModifiedSleep
 .text.Droop_Filter_ModifiedWakeup
                0x00001960       0x1c .\ARM_GCC_441\Debug\AudioControl.o
                0x00001960                Droop_Filter_ModifiedWakeup
 .text.Droop_Filter_ModifiedLoadReg32
                0x0000197c       0x50 .\ARM_GCC_441\Debug\AudioControl.o
                0x0000197c                Droop_Filter_ModifiedLoadReg32
 .text.Droop_Filter_ModifiedZeroReg32
                0x000019cc       0x44 .\ARM_GCC_441\Debug\AudioControl.o
                0x000019cc                Droop_Filter_ModifiedZeroReg32
 .text.InitCirrusCodec
                0x00001a10        0xc .\ARM_GCC_441\Debug\Codec.o
                0x00001a10                InitCirrusCodec
 .text.InDMADone_Interrupt
                0x00001a1c       0x20 .\ARM_GCC_441\Debug\Interrupts.o
                0x00001a1c                InDMADone_Interrupt
 .text.RxDMADone_Interrupt
                0x00001a3c       0x8c .\ARM_GCC_441\Debug\Interrupts.o
                0x00001a3c                RxDMADone_Interrupt
 .text.Tick_Interrupt
                0x00001ac8       0x30 .\ARM_GCC_441\Debug\Interrupts.o
                0x00001ac8                Tick_Interrupt
 .text.TxDMADone_Interrupt
                0x00001af8       0x88 .\ARM_GCC_441\Debug\Interrupts.o
                0x00001af8                TxDMADone_Interrupt
 .text.cicOverflow_Interrupt
                0x00001b80       0x18 .\ARM_GCC_441\Debug\Interrupts.o
                0x00001b80                cicOverflow_Interrupt
 .text.main     0x00001b98       0x38 .\ARM_GCC_441\Debug\main.o
                0x00001b98                main
 .text.PSOC_I2S_SCLK_SetDriveMode
                0x00001bd0       0x40 .\ARM_GCC_441\Debug\PioneerKit_P5LP_USB_Audio.a(PSOC_I2S_SCLK.o)
                0x00001bd0                PSOC_I2S_SCLK_SetDriveMode
 .text.I2S_Enable
                0x00001c10       0x58 .\ARM_GCC_441\Debug\PioneerKit_P5LP_USB_Audio.a(I2S.o)
                0x00001c10                I2S_Enable
 .text.I2S_Init
                0x00001c68       0x10 .\ARM_GCC_441\Debug\PioneerKit_P5LP_USB_Audio.a(I2S.o)
                0x00001c68                I2S_Init
 .text.I2S_Start
                0x00001c78       0x2c .\ARM_GCC_441\Debug\PioneerKit_P5LP_USB_Audio.a(I2S.o)
                0x00001c78                I2S_Start
 .text.I2S_Stop
                0x00001ca4       0x68 .\ARM_GCC_441\Debug\PioneerKit_P5LP_USB_Audio.a(I2S.o)
                0x00001ca4                I2S_Stop
 .text.I2S_EnableTx
                0x00001d0c       0x58 .\ARM_GCC_441\Debug\PioneerKit_P5LP_USB_Audio.a(I2S.o)
                0x00001d0c                I2S_EnableTx
 .text.I2S_DisableTx
                0x00001d64       0x54 .\ARM_GCC_441\Debug\PioneerKit_P5LP_USB_Audio.a(I2S.o)
                0x00001d64                I2S_DisableTx
 .text.I2S_SetTxInterruptMode
                0x00001db8       0x24 .\ARM_GCC_441\Debug\PioneerKit_P5LP_USB_Audio.a(I2S.o)
                0x00001db8                I2S_SetTxInterruptMode
 .text.I2S_ClearTxFIFO
                0x00001ddc       0x54 .\ARM_GCC_441\Debug\PioneerKit_P5LP_USB_Audio.a(I2S.o)
                0x00001ddc                I2S_ClearTxFIFO
 .text.AudioClkGen_Start
                0x00001e30       0x60 .\ARM_GCC_441\Debug\PioneerKit_P5LP_USB_Audio.a(AudioClkGen.o)
                0x00001e30                AudioClkGen_Start
 .text.AudioClkGen_SetAudioRate
                0x00001e90      0x240 .\ARM_GCC_441\Debug\PioneerKit_P5LP_USB_Audio.a(AudioClkGen.o)
                0x00001e90                AudioClkGen_SetAudioRate
 .text.TxDMA_DmaInitialize
                0x000020d0       0x84 .\ARM_GCC_441\Debug\PioneerKit_P5LP_USB_Audio.a(TxDMA_dma.o)
                0x000020d0                TxDMA_DmaInitialize
 .text.isr_TxDMADone_StartEx
                0x00002154       0x28 .\ARM_GCC_441\Debug\PioneerKit_P5LP_USB_Audio.a(isr_TxDMADone.o)
                0x00002154                isr_TxDMADone_StartEx
 .text.isr_TxDMADone_SetVector
                0x0000217c       0x28 .\ARM_GCC_441\Debug\PioneerKit_P5LP_USB_Audio.a(isr_TxDMADone.o)
                0x0000217c                isr_TxDMADone_SetVector
 .text.isr_TxDMADone_SetPriority
                0x000021a4       0x28 .\ARM_GCC_441\Debug\PioneerKit_P5LP_USB_Audio.a(isr_TxDMADone.o)
                0x000021a4                isr_TxDMADone_SetPriority
 .text.isr_TxDMADone_Enable
                0x000021cc       0x18 .\ARM_GCC_441\Debug\PioneerKit_P5LP_USB_Audio.a(isr_TxDMADone.o)
                0x000021cc                isr_TxDMADone_Enable
 .text.isr_TxDMADone_Disable
                0x000021e4       0x18 .\ARM_GCC_441\Debug\PioneerKit_P5LP_USB_Audio.a(isr_TxDMADone.o)
                0x000021e4                isr_TxDMADone_Disable
 .text.PSOC_I2S_SDTO_SetDriveMode
                0x000021fc       0x40 .\ARM_GCC_441\Debug\PioneerKit_P5LP_USB_Audio.a(PSOC_I2S_SDTO.o)
                0x000021fc                PSOC_I2S_SDTO_SetDriveMode
 .text.isr_InDMADone_StartEx
                0x0000223c       0x28 .\ARM_GCC_441\Debug\PioneerKit_P5LP_USB_Audio.a(isr_InDMADone.o)
                0x0000223c                isr_InDMADone_StartEx
 .text.isr_InDMADone_SetVector
                0x00002264       0x28 .\ARM_GCC_441\Debug\PioneerKit_P5LP_USB_Audio.a(isr_InDMADone.o)
                0x00002264                isr_InDMADone_SetVector
 .text.isr_InDMADone_SetPriority
                0x0000228c       0x28 .\ARM_GCC_441\Debug\PioneerKit_P5LP_USB_Audio.a(isr_InDMADone.o)
                0x0000228c                isr_InDMADone_SetPriority
 .text.isr_InDMADone_Enable
                0x000022b4       0x18 .\ARM_GCC_441\Debug\PioneerKit_P5LP_USB_Audio.a(isr_InDMADone.o)
                0x000022b4                isr_InDMADone_Enable
 .text.isr_InDMADone_Disable
                0x000022cc       0x18 .\ARM_GCC_441\Debug\PioneerKit_P5LP_USB_Audio.a(isr_InDMADone.o)
                0x000022cc                isr_InDMADone_Disable
 .text.USBInDMA_DmaInitialize
                0x000022e4       0x84 .\ARM_GCC_441\Debug\PioneerKit_P5LP_USB_Audio.a(USBInDMA_dma.o)
                0x000022e4                USBInDMA_DmaInitialize
 .text.PSOC_I2S_MCLK_SetDriveMode
                0x00002368       0x40 .\ARM_GCC_441\Debug\PioneerKit_P5LP_USB_Audio.a(PSOC_I2S_MCLK.o)
                0x00002368                PSOC_I2S_MCLK_SetDriveMode
 .text.USBOutDMA_DmaInitialize
                0x000023a8       0x84 .\ARM_GCC_441\Debug\PioneerKit_P5LP_USB_Audio.a(USBOutDMA_dma.o)
                0x000023a8                USBOutDMA_DmaInitialize
 .text.PSOC_SW_Read
                0x0000242c       0x24 .\ARM_GCC_441\Debug\PioneerKit_P5LP_USB_Audio.a(PSOC_SW.o)
                0x0000242c                PSOC_SW_Read
 .text.SystemTickTimer_Start
                0x00002450       0x2c .\ARM_GCC_441\Debug\PioneerKit_P5LP_USB_Audio.a(SystemTickTimer.o)
                0x00002450                SystemTickTimer_Start
 .text.SystemTickTimer_Init
                0x0000247c       0x14 .\ARM_GCC_441\Debug\PioneerKit_P5LP_USB_Audio.a(SystemTickTimer.o)
                0x0000247c                SystemTickTimer_Init
 .text.SystemTickTimer_Enable
                0x00002490       0x98 .\ARM_GCC_441\Debug\PioneerKit_P5LP_USB_Audio.a(SystemTickTimer.o)
                0x00002490                SystemTickTimer_Enable
 .text.SystemTickTimer_EnableInt
                0x00002528       0x3c .\ARM_GCC_441\Debug\PioneerKit_P5LP_USB_Audio.a(SystemTickTimer.o)
                0x00002528                SystemTickTimer_EnableInt
 .text.SystemTickTimer_SetInterval
                0x00002564       0x50 .\ARM_GCC_441\Debug\PioneerKit_P5LP_USB_Audio.a(SystemTickTimer.o)
                0x00002564                SystemTickTimer_SetInterval
 .text.isr_Tick_StartEx
                0x000025b4       0x28 .\ARM_GCC_441\Debug\PioneerKit_P5LP_USB_Audio.a(isr_Tick.o)
                0x000025b4                isr_Tick_StartEx
 .text.isr_Tick_SetVector
                0x000025dc       0x28 .\ARM_GCC_441\Debug\PioneerKit_P5LP_USB_Audio.a(isr_Tick.o)
                0x000025dc                isr_Tick_SetVector
 .text.isr_Tick_SetPriority
                0x00002604       0x28 .\ARM_GCC_441\Debug\PioneerKit_P5LP_USB_Audio.a(isr_Tick.o)
                0x00002604                isr_Tick_SetPriority
 .text.isr_Tick_Enable
                0x0000262c       0x18 .\ARM_GCC_441\Debug\PioneerKit_P5LP_USB_Audio.a(isr_Tick.o)
                0x0000262c                isr_Tick_Enable
 .text.isr_Tick_Disable
                0x00002644       0x18 .\ARM_GCC_441\Debug\PioneerKit_P5LP_USB_Audio.a(isr_Tick.o)
                0x00002644                isr_Tick_Disable
 .text.PSOC_I2S_LRCLK_SetDriveMode
                0x0000265c       0x40 .\ARM_GCC_441\Debug\PioneerKit_P5LP_USB_Audio.a(PSOC_I2S_LRCLK.o)
                0x0000265c                PSOC_I2S_LRCLK_SetDriveMode
 .text.I2S_Tx_DMA_DmaInitialize
                0x0000269c       0x84 .\ARM_GCC_441\Debug\PioneerKit_P5LP_USB_Audio.a(I2S_Tx_DMA_dma.o)
                0x0000269c                I2S_Tx_DMA_DmaInitialize
 .text.ByteSwap_Tx_Start
                0x00002720       0x5c .\ARM_GCC_441\Debug\PioneerKit_P5LP_USB_Audio.a(ByteSwap_Tx.o)
                0x00002720                ByteSwap_Tx_Start
 .text.ByteSwap_Tx_Stop
                0x0000277c       0x40 .\ARM_GCC_441\Debug\PioneerKit_P5LP_USB_Audio.a(ByteSwap_Tx.o)
                0x0000277c                ByteSwap_Tx_Stop
 .text.Clock_CIC_Start
                0x000027bc       0x44 .\ARM_GCC_441\Debug\PioneerKit_P5LP_USB_Audio.a(clock_CIC.o)
                0x000027bc                Clock_CIC_Start
 .text.Clock_CIC_Stop
                0x00002800       0x40 .\ARM_GCC_441\Debug\PioneerKit_P5LP_USB_Audio.a(clock_CIC.o)
                0x00002800                Clock_CIC_Stop
 .text.Clock_CIC_SetDividerRegister
                0x00002840      0x1e8 .\ARM_GCC_441\Debug\PioneerKit_P5LP_USB_Audio.a(clock_CIC.o)
                0x00002840                Clock_CIC_SetDividerRegister
 .text.Clock_CIC_GetDividerRegister
                0x00002a28       0x18 .\ARM_GCC_441\Debug\PioneerKit_P5LP_USB_Audio.a(clock_CIC.o)
                0x00002a28                Clock_CIC_GetDividerRegister
 .text.Clock_CIC_GetSourceRegister
                0x00002a40       0x1c .\ARM_GCC_441\Debug\PioneerKit_P5LP_USB_Audio.a(clock_CIC.o)
                0x00002a40                Clock_CIC_GetSourceRegister
 .text.CICOut_L_DmaInitialize
                0x00002a5c       0x84 .\ARM_GCC_441\Debug\PioneerKit_P5LP_USB_Audio.a(CICOut_L_dma.o)
                0x00002a5c                CICOut_L_DmaInitialize
 .text.CICOut_R_DmaInitialize
                0x00002ae0       0x84 .\ARM_GCC_441\Debug\PioneerKit_P5LP_USB_Audio.a(CICOut_R_dma.o)
                0x00002ae0                CICOut_R_DmaInitialize
 .text.Droop_Filter_LoadReg32
                0x00002b64       0x50 .\ARM_GCC_441\Debug\PioneerKit_P5LP_USB_Audio.a(Droop_Filter.o)
 .text.Droop_Filter_ZeroReg32
                0x00002bb4       0x44 .\ARM_GCC_441\Debug\PioneerKit_P5LP_USB_Audio.a(Droop_Filter.o)
 .text.Droop_Filter_Init
                0x00002bf8      0x1b8 .\ARM_GCC_441\Debug\PioneerKit_P5LP_USB_Audio.a(Droop_Filter.o)
                0x00002bf8                Droop_Filter_Init
 .text.Droop_Filter_Enable
                0x00002db0       0x80 .\ARM_GCC_441\Debug\PioneerKit_P5LP_USB_Audio.a(Droop_Filter.o)
                0x00002db0                Droop_Filter_Enable
 .text.Droop_Filter_Start
                0x00002e30       0x2c .\ARM_GCC_441\Debug\PioneerKit_P5LP_USB_Audio.a(Droop_Filter.o)
                0x00002e30                Droop_Filter_Start
 .text.Droop_Filter_Stop
                0x00002e5c       0x6c .\ARM_GCC_441\Debug\PioneerKit_P5LP_USB_Audio.a(Droop_Filter.o)
                0x00002e5c                Droop_Filter_Stop
 .text.Droop_Filter_SetInterruptMode
                0x00002ec8       0x24 .\ARM_GCC_441\Debug\PioneerKit_P5LP_USB_Audio.a(Droop_Filter.o)
                0x00002ec8                Droop_Filter_SetInterruptMode
 .text.Droop_Filter_SetDMAMode
                0x00002eec       0x24 .\ARM_GCC_441\Debug\PioneerKit_P5LP_USB_Audio.a(Droop_Filter.o)
                0x00002eec                Droop_Filter_SetDMAMode
 .text.Droop_Filter_SetOutput1Source
                0x00002f10       0x38 .\ARM_GCC_441\Debug\PioneerKit_P5LP_USB_Audio.a(Droop_Filter.o)
                0x00002f10                Droop_Filter_SetOutput1Source
 .text.Droop_Filter_SetOutput2Source
                0x00002f48       0x38 .\ARM_GCC_441\Debug\PioneerKit_P5LP_USB_Audio.a(Droop_Filter.o)
                0x00002f48                Droop_Filter_SetOutput2Source
 .text.RxDMA_DmaInitialize
                0x00002f80       0x84 .\ARM_GCC_441\Debug\PioneerKit_P5LP_USB_Audio.a(RxDMA_dma.o)
                0x00002f80                RxDMA_DmaInitialize
 .text.isr_RxDMADone_StartEx
                0x00003004       0x28 .\ARM_GCC_441\Debug\PioneerKit_P5LP_USB_Audio.a(isr_RxDMADone.o)
                0x00003004                isr_RxDMADone_StartEx
 .text.isr_RxDMADone_SetVector
                0x0000302c       0x28 .\ARM_GCC_441\Debug\PioneerKit_P5LP_USB_Audio.a(isr_RxDMADone.o)
                0x0000302c                isr_RxDMADone_SetVector
 .text.isr_RxDMADone_SetPriority
                0x00003054       0x28 .\ARM_GCC_441\Debug\PioneerKit_P5LP_USB_Audio.a(isr_RxDMADone.o)
                0x00003054                isr_RxDMADone_SetPriority
 .text.isr_RxDMADone_Enable
                0x0000307c       0x18 .\ARM_GCC_441\Debug\PioneerKit_P5LP_USB_Audio.a(isr_RxDMADone.o)
                0x0000307c                isr_RxDMADone_Enable
 .text.isr_RxDMADone_Disable
                0x00003094       0x18 .\ARM_GCC_441\Debug\PioneerKit_P5LP_USB_Audio.a(isr_RxDMADone.o)
                0x00003094                isr_RxDMADone_Disable
 .text.AudioClkGen_Clock_SCK_SetDividerRegister
                0x000030ac      0x1e4 .\ARM_GCC_441\Debug\PioneerKit_P5LP_USB_Audio.a(AudioClkGen_Clock_SCK.o)
                0x000030ac                AudioClkGen_Clock_SCK_SetDividerRegister
 .text.AudioClkGen_Clock_SCK_GetDividerRegister
                0x00003290       0x18 .\ARM_GCC_441\Debug\PioneerKit_P5LP_USB_Audio.a(AudioClkGen_Clock_SCK.o)
                0x00003290                AudioClkGen_Clock_SCK_GetDividerRegister
 .text.AudioClkGen_Clock_SCK_GetSourceRegister
                0x000032a8       0x1c .\ARM_GCC_441\Debug\PioneerKit_P5LP_USB_Audio.a(AudioClkGen_Clock_SCK.o)
                0x000032a8                AudioClkGen_Clock_SCK_GetSourceRegister
 .text.AudioClkGen_Clock_I2S_SetDividerRegister
                0x000032c4      0x1e4 .\ARM_GCC_441\Debug\PioneerKit_P5LP_USB_Audio.a(AudioClkGen_Clock_I2S.o)
                0x000032c4                AudioClkGen_Clock_I2S_SetDividerRegister
 .text.AudioClkGen_Clock_I2S_GetDividerRegister
                0x000034a8       0x18 .\ARM_GCC_441\Debug\PioneerKit_P5LP_USB_Audio.a(AudioClkGen_Clock_I2S.o)
                0x000034a8                AudioClkGen_Clock_I2S_GetDividerRegister
 .text.AudioClkGen_Clock_I2S_GetSourceRegister
                0x000034c0       0x1c .\ARM_GCC_441\Debug\PioneerKit_P5LP_USB_Audio.a(AudioClkGen_Clock_I2S.o)
                0x000034c0                AudioClkGen_Clock_I2S_GetSourceRegister
 *fill*         0x000034dc        0x4 00
 .text          0x000034e0       0x20 .\ARM_GCC_441\Debug\PioneerKit_P5LP_USB_Audio.a(CyBootAsmGnu.o)
                0x000034e0                CyDelayCycles
                0x000034f0                CyEnterCriticalSection
                0x000034f8                CyExitCriticalSection
 .text.CyDmacConfigure
                0x00003500       0x70 .\ARM_GCC_441\Debug\PioneerKit_P5LP_USB_Audio.a(CyDmac.o)
                0x00003500                CyDmacConfigure
 .text.CyDmaChEnable
                0x00003570       0x70 .\ARM_GCC_441\Debug\PioneerKit_P5LP_USB_Audio.a(CyDmac.o)
                0x00003570                CyDmaChEnable
 .text.CyDmaChDisable
                0x000035e0       0x54 .\ARM_GCC_441\Debug\PioneerKit_P5LP_USB_Audio.a(CyDmac.o)
                0x000035e0                CyDmaChDisable
 .text.CyDmaClearPendingDrq
                0x00003634       0x84 .\ARM_GCC_441\Debug\PioneerKit_P5LP_USB_Audio.a(CyDmac.o)
                0x00003634                CyDmaClearPendingDrq
 .text.CyDmaChPriority
                0x000036b8       0x70 .\ARM_GCC_441\Debug\PioneerKit_P5LP_USB_Audio.a(CyDmac.o)
                0x000036b8                CyDmaChPriority
 .text.CyDmaChSetExtendedAddress
                0x00003728       0x88 .\ARM_GCC_441\Debug\PioneerKit_P5LP_USB_Audio.a(CyDmac.o)
                0x00003728                CyDmaChSetExtendedAddress
 .text.CyDmaChSetInitialTd
                0x000037b0       0x44 .\ARM_GCC_441\Debug\PioneerKit_P5LP_USB_Audio.a(CyDmac.o)
                0x000037b0                CyDmaChSetInitialTd
 .text.CyDmaChSetRequest
                0x000037f4       0x68 .\ARM_GCC_441\Debug\PioneerKit_P5LP_USB_Audio.a(CyDmac.o)
                0x000037f4                CyDmaChSetRequest
 .text.CyDmaChSetConfiguration
                0x0000385c       0xa0 .\ARM_GCC_441\Debug\PioneerKit_P5LP_USB_Audio.a(CyDmac.o)
                0x0000385c                CyDmaChSetConfiguration
 .text.CyDmaTdAllocate
                0x000038fc       0x78 .\ARM_GCC_441\Debug\PioneerKit_P5LP_USB_Audio.a(CyDmac.o)
                0x000038fc                CyDmaTdAllocate
 .text.CyDmaTdFree
                0x00003974       0x6c .\ARM_GCC_441\Debug\PioneerKit_P5LP_USB_Audio.a(CyDmac.o)
                0x00003974                CyDmaTdFree
 .text.CyDmaTdSetConfiguration
                0x000039e0       0x74 .\ARM_GCC_441\Debug\PioneerKit_P5LP_USB_Audio.a(CyDmac.o)
                0x000039e0                CyDmaTdSetConfiguration
 .text.CyDmaTdSetAddress
                0x00003a54       0x68 .\ARM_GCC_441\Debug\PioneerKit_P5LP_USB_Audio.a(CyDmac.o)
                0x00003a54                CyDmaTdSetAddress
 .text.CyPLL_OUT_Start
                0x00003abc       0xdc .\ARM_GCC_441\Debug\PioneerKit_P5LP_USB_Audio.a(CyLib.o)
                0x00003abc                CyPLL_OUT_Start
 .text.CyPLL_OUT_Stop
                0x00003b98       0x24 .\ARM_GCC_441\Debug\PioneerKit_P5LP_USB_Audio.a(CyLib.o)
                0x00003b98                CyPLL_OUT_Stop
 .text.CyPLL_OUT_SetSource
                0x00003bbc       0x64 .\ARM_GCC_441\Debug\PioneerKit_P5LP_USB_Audio.a(CyLib.o)
                0x00003bbc                CyPLL_OUT_SetSource
 .text.CyIMO_Start
                0x00003c20       0xd0 .\ARM_GCC_441\Debug\PioneerKit_P5LP_USB_Audio.a(CyLib.o)
                0x00003c20                CyIMO_Start
 .text.CyIMO_Stop
                0x00003cf0       0x24 .\ARM_GCC_441\Debug\PioneerKit_P5LP_USB_Audio.a(CyLib.o)
                0x00003cf0                CyIMO_Stop
 .text.CyUSB_PowerOnCheck
                0x00003d14       0x74 .\ARM_GCC_441\Debug\PioneerKit_P5LP_USB_Audio.a(CyLib.o)
 .text.CyIMO_SetTrimValue
                0x00003d88      0x144 .\ARM_GCC_441\Debug\PioneerKit_P5LP_USB_Audio.a(CyLib.o)
 .text.CyIMO_SetFreq
                0x00003ecc      0x1e4 .\ARM_GCC_441\Debug\PioneerKit_P5LP_USB_Audio.a(CyLib.o)
                0x00003ecc                CyIMO_SetFreq
 .text.CyIMO_SetSource
                0x000040b0       0xb8 .\ARM_GCC_441\Debug\PioneerKit_P5LP_USB_Audio.a(CyLib.o)
                0x000040b0                CyIMO_SetSource
 .text.CyIMO_EnableDoubler
                0x00004168       0x28 .\ARM_GCC_441\Debug\PioneerKit_P5LP_USB_Audio.a(CyLib.o)
                0x00004168                CyIMO_EnableDoubler
 .text.CyIMO_DisableDoubler
                0x00004190       0x24 .\ARM_GCC_441\Debug\PioneerKit_P5LP_USB_Audio.a(CyLib.o)
                0x00004190                CyIMO_DisableDoubler
 .text.CyMasterClk_SetSource
                0x000041b4       0x3c .\ARM_GCC_441\Debug\PioneerKit_P5LP_USB_Audio.a(CyLib.o)
                0x000041b4                CyMasterClk_SetSource
 .text.CyMasterClk_SetDivider
                0x000041f0       0x20 .\ARM_GCC_441\Debug\PioneerKit_P5LP_USB_Audio.a(CyLib.o)
                0x000041f0                CyMasterClk_SetDivider
 .text.CyBusClk_Internal_SetDivider
                0x00004210       0x9c .\ARM_GCC_441\Debug\PioneerKit_P5LP_USB_Audio.a(CyLib.o)
 .text.CyBusClk_SetDivider
                0x000042ac       0xcc .\ARM_GCC_441\Debug\PioneerKit_P5LP_USB_Audio.a(CyLib.o)
                0x000042ac                CyBusClk_SetDivider
 .text.CyILO_Start1K
                0x00004378       0x28 .\ARM_GCC_441\Debug\PioneerKit_P5LP_USB_Audio.a(CyLib.o)
                0x00004378                CyILO_Start1K
 .text.CyILO_Start100K
                0x000043a0       0x28 .\ARM_GCC_441\Debug\PioneerKit_P5LP_USB_Audio.a(CyLib.o)
                0x000043a0                CyILO_Start100K
 .text.CyILO_Stop100K
                0x000043c8       0x24 .\ARM_GCC_441\Debug\PioneerKit_P5LP_USB_Audio.a(CyLib.o)
                0x000043c8                CyILO_Stop100K
 .text.CyXTAL_Start
                0x000043ec      0x100 .\ARM_GCC_441\Debug\PioneerKit_P5LP_USB_Audio.a(CyLib.o)
                0x000043ec                CyXTAL_Start
 .text.CyXTAL_Stop
                0x000044ec       0x24 .\ARM_GCC_441\Debug\PioneerKit_P5LP_USB_Audio.a(CyLib.o)
                0x000044ec                CyXTAL_Stop
 .text.CyHalt   0x00004510       0x18 .\ARM_GCC_441\Debug\PioneerKit_P5LP_USB_Audio.a(CyLib.o)
                0x00004510                CyHalt
 .text.CyDelay  0x00004528       0x48 .\ARM_GCC_441\Debug\PioneerKit_P5LP_USB_Audio.a(CyLib.o)
                0x00004528                CyDelay
 .text.CyDelayUs
                0x00004570       0x28 .\ARM_GCC_441\Debug\PioneerKit_P5LP_USB_Audio.a(CyLib.o)
                0x00004570                CyDelayUs
 .text.CyDelayFreq
                0x00004598       0xac .\ARM_GCC_441\Debug\PioneerKit_P5LP_USB_Audio.a(CyLib.o)
                0x00004598                CyDelayFreq
 .text.CyWdtStart
                0x00004644       0xc4 .\ARM_GCC_441\Debug\PioneerKit_P5LP_USB_Audio.a(CyLib.o)
                0x00004644                CyWdtStart
 .text.CyWdtClear
                0x00004708       0x18 .\ARM_GCC_441\Debug\PioneerKit_P5LP_USB_Audio.a(CyLib.o)
                0x00004708                CyWdtClear
 .text.CyIntSetVector
                0x00004720       0x60 .\ARM_GCC_441\Debug\PioneerKit_P5LP_USB_Audio.a(CyLib.o)
                0x00004720                CyIntSetVector
 .text.CyIntSetPriority
                0x00004780       0x4c .\ARM_GCC_441\Debug\PioneerKit_P5LP_USB_Audio.a(CyLib.o)
                0x00004780                CyIntSetPriority
 .text.CyPmSaveClocks
                0x000047cc      0x350 .\ARM_GCC_441\Debug\PioneerKit_P5LP_USB_Audio.a(cyPm.o)
                0x000047cc                CyPmSaveClocks
 .text.CyPmRestoreClocks
                0x00004b1c      0x3f8 .\ARM_GCC_441\Debug\PioneerKit_P5LP_USB_Audio.a(cyPm.o)
                0x00004b1c                CyPmRestoreClocks
 .text.CyPmSleep
                0x00004f14      0x218 .\ARM_GCC_441\Debug\PioneerKit_P5LP_USB_Audio.a(cyPm.o)
                0x00004f14                CyPmSleep
 .text.CyPmReadStatus
                0x0000512c       0x7c .\ARM_GCC_441\Debug\PioneerKit_P5LP_USB_Audio.a(cyPm.o)
                0x0000512c                CyPmReadStatus
 .text.CyPmFtwSetInterval
                0x000051a8       0xdc .\ARM_GCC_441\Debug\PioneerKit_P5LP_USB_Audio.a(cyPm.o)
                0x000051a8                CyPmFtwSetInterval
 .text.CyPmSlpSaveSet
                0x00005284        0xc .\ARM_GCC_441\Debug\PioneerKit_P5LP_USB_Audio.a(cyPm.o)
 .text.CyPmSlpRestore
                0x00005290        0xc .\ARM_GCC_441\Debug\PioneerKit_P5LP_USB_Audio.a(cyPm.o)
 .text.CyPmHibSlpSaveSet
                0x0000529c      0x454 .\ARM_GCC_441\Debug\PioneerKit_P5LP_USB_Audio.a(cyPm.o)
 .text.CyPmHibSlpRestore
                0x000056f0      0x270 .\ARM_GCC_441\Debug\PioneerKit_P5LP_USB_Audio.a(cyPm.o)
 .text.PSOC_STATUS_LED_Write
                0x00005960       0x44 .\ARM_GCC_441\Debug\PioneerKit_P5LP_USB_Audio.a(PSOC_STATUS_LED.o)
                0x00005960                PSOC_STATUS_LED_Write
 .text.PSOC_STATUS_LED_Read
                0x000059a4       0x24 .\ARM_GCC_441\Debug\PioneerKit_P5LP_USB_Audio.a(PSOC_STATUS_LED.o)
                0x000059a4                PSOC_STATUS_LED_Read
 .text.USBFS_Start
                0x000059c8       0x44 .\ARM_GCC_441\Debug\PioneerKit_P5LP_USB_Audio.a(USBFS.o)
                0x000059c8                USBFS_Start
 .text.USBFS_Init
                0x00005a0c      0x28c .\ARM_GCC_441\Debug\PioneerKit_P5LP_USB_Audio.a(USBFS.o)
                0x00005a0c                USBFS_Init
 .text.USBFS_InitComponent
                0x00005c98      0x194 .\ARM_GCC_441\Debug\PioneerKit_P5LP_USB_Audio.a(USBFS.o)
                0x00005c98                USBFS_InitComponent
 .text.USBFS_ReInitComponent
                0x00005e2c       0xb4 .\ARM_GCC_441\Debug\PioneerKit_P5LP_USB_Audio.a(USBFS.o)
                0x00005e2c                USBFS_ReInitComponent
 .text.USBFS_CheckActivity
                0x00005ee0       0x3c .\ARM_GCC_441\Debug\PioneerKit_P5LP_USB_Audio.a(USBFS.o)
                0x00005ee0                USBFS_CheckActivity
 .text.USBFS_GetConfiguration
                0x00005f1c       0x18 .\ARM_GCC_441\Debug\PioneerKit_P5LP_USB_Audio.a(USBFS.o)
                0x00005f1c                USBFS_GetConfiguration
 .text.USBFS_IsConfigurationChanged
                0x00005f34       0x44 .\ARM_GCC_441\Debug\PioneerKit_P5LP_USB_Audio.a(USBFS.o)
                0x00005f34                USBFS_IsConfigurationChanged
 .text.USBFS_GetInterfaceSetting
                0x00005f78       0x24 .\ARM_GCC_441\Debug\PioneerKit_P5LP_USB_Audio.a(USBFS.o)
                0x00005f78                USBFS_GetInterfaceSetting
 .text.USBFS_GetEPState
                0x00005f9c       0x34 .\ARM_GCC_441\Debug\PioneerKit_P5LP_USB_Audio.a(USBFS.o)
                0x00005f9c                USBFS_GetEPState
 .text.USBFS_GetEPCount
                0x00005fd0       0x70 .\ARM_GCC_441\Debug\PioneerKit_P5LP_USB_Audio.a(USBFS.o)
                0x00005fd0                USBFS_GetEPCount
 .text.USBFS_InitEP_DMA
                0x00006040      0x124 .\ARM_GCC_441\Debug\PioneerKit_P5LP_USB_Audio.a(USBFS.o)
                0x00006040                USBFS_InitEP_DMA
 .text.USBFS_Stop_DMA
                0x00006164       0x7c .\ARM_GCC_441\Debug\PioneerKit_P5LP_USB_Audio.a(USBFS.o)
                0x00006164                USBFS_Stop_DMA
 .text.USBFS_LoadInEP
                0x000061e0      0x1c8 .\ARM_GCC_441\Debug\PioneerKit_P5LP_USB_Audio.a(USBFS.o)
                0x000061e0                USBFS_LoadInEP
 .text.USBFS_ReadOutEP
                0x000063a8      0x10c .\ARM_GCC_441\Debug\PioneerKit_P5LP_USB_Audio.a(USBFS.o)
                0x000063a8                USBFS_ReadOutEP
 .text.USBFS_EnableOutEP
                0x000064b4       0x78 .\ARM_GCC_441\Debug\PioneerKit_P5LP_USB_Audio.a(USBFS.o)
                0x000064b4                USBFS_EnableOutEP
 .text.USBFS_DispatchAUDIOClassRqst
                0x0000652c      0x48c .\ARM_GCC_441\Debug\PioneerKit_P5LP_USB_Audio.a(USBFS_audio.o)
                0x0000652c                USBFS_DispatchAUDIOClassRqst
 .text.USBFS_EP_0_ISR
                0x000069b8      0x144 .\ARM_GCC_441\Debug\PioneerKit_P5LP_USB_Audio.a(USBFS_drv.o)
                0x000069b8                USBFS_EP_0_ISR
 .text.USBFS_HandleSetup
                0x00006afc       0xa4 .\ARM_GCC_441\Debug\PioneerKit_P5LP_USB_Audio.a(USBFS_drv.o)
                0x00006afc                USBFS_HandleSetup
 .text.USBFS_HandleIN
                0x00006ba0       0x4c .\ARM_GCC_441\Debug\PioneerKit_P5LP_USB_Audio.a(USBFS_drv.o)
                0x00006ba0                USBFS_HandleIN
 .text.USBFS_HandleOUT
                0x00006bec       0x5c .\ARM_GCC_441\Debug\PioneerKit_P5LP_USB_Audio.a(USBFS_drv.o)
                0x00006bec                USBFS_HandleOUT
 .text.USBFS_LoadEP0
                0x00006c48      0x15c .\ARM_GCC_441\Debug\PioneerKit_P5LP_USB_Audio.a(USBFS_drv.o)
                0x00006c48                USBFS_LoadEP0
 .text.USBFS_InitControlRead
                0x00006da4       0x94 .\ARM_GCC_441\Debug\PioneerKit_P5LP_USB_Audio.a(USBFS_drv.o)
                0x00006da4                USBFS_InitControlRead
 .text.USBFS_InitZeroLengthControlTransfer
                0x00006e38       0x58 .\ARM_GCC_441\Debug\PioneerKit_P5LP_USB_Audio.a(USBFS_drv.o)
                0x00006e38                USBFS_InitZeroLengthControlTransfer
 .text.USBFS_ControlReadDataStage
                0x00006e90        0xc .\ARM_GCC_441\Debug\PioneerKit_P5LP_USB_Audio.a(USBFS_drv.o)
                0x00006e90                USBFS_ControlReadDataStage
 .text.USBFS_ControlReadStatusStage
                0x00006e9c       0x54 .\ARM_GCC_441\Debug\PioneerKit_P5LP_USB_Audio.a(USBFS_drv.o)
                0x00006e9c                USBFS_ControlReadStatusStage
 .text.USBFS_InitControlWrite
                0x00006ef0       0x88 .\ARM_GCC_441\Debug\PioneerKit_P5LP_USB_Audio.a(USBFS_drv.o)
                0x00006ef0                USBFS_InitControlWrite
 .text.USBFS_ControlWriteDataStage
                0x00006f78      0x114 .\ARM_GCC_441\Debug\PioneerKit_P5LP_USB_Audio.a(USBFS_drv.o)
                0x00006f78                USBFS_ControlWriteDataStage
 .text.USBFS_ControlWriteStatusStage
                0x0000708c       0x2c .\ARM_GCC_441\Debug\PioneerKit_P5LP_USB_Audio.a(USBFS_drv.o)
                0x0000708c                USBFS_ControlWriteStatusStage
 .text.USBFS_InitNoDataControlTransfer
                0x000070b8       0x48 .\ARM_GCC_441\Debug\PioneerKit_P5LP_USB_Audio.a(USBFS_drv.o)
                0x000070b8                USBFS_InitNoDataControlTransfer
 .text.USBFS_NoDataControlStatusStage
                0x00007100       0x68 .\ARM_GCC_441\Debug\PioneerKit_P5LP_USB_Audio.a(USBFS_drv.o)
                0x00007100                USBFS_NoDataControlStatusStage
 .text.USBFS_UpdateStatusBlock
                0x00007168       0x58 .\ARM_GCC_441\Debug\PioneerKit_P5LP_USB_Audio.a(USBFS_drv.o)
                0x00007168                USBFS_UpdateStatusBlock
 .text.USBFS_InitializeStatusBlock
                0x000071c0       0x48 .\ARM_GCC_441\Debug\PioneerKit_P5LP_USB_Audio.a(USBFS_drv.o)
                0x000071c0                USBFS_InitializeStatusBlock
 .text.USBFS_EP_1_ISR
                0x00007208       0x70 .\ARM_GCC_441\Debug\PioneerKit_P5LP_USB_Audio.a(USBFS_episr.o)
                0x00007208                USBFS_EP_1_ISR
 .text.USBFS_EP_2_ISR
                0x00007278       0x70 .\ARM_GCC_441\Debug\PioneerKit_P5LP_USB_Audio.a(USBFS_episr.o)
                0x00007278                USBFS_EP_2_ISR
 .text.USBFS_EP_4_ISR
                0x000072e8       0x78 .\ARM_GCC_441\Debug\PioneerKit_P5LP_USB_Audio.a(USBFS_episr.o)
                0x000072e8                USBFS_EP_4_ISR
 .text.USBFS_EP_6_ISR
                0x00007360       0x78 .\ARM_GCC_441\Debug\PioneerKit_P5LP_USB_Audio.a(USBFS_episr.o)
                0x00007360                USBFS_EP_6_ISR
 .text.USBFS_SOF_ISR
                0x000073d8        0xc .\ARM_GCC_441\Debug\PioneerKit_P5LP_USB_Audio.a(USBFS_episr.o)
                0x000073d8                USBFS_SOF_ISR
 .text.USBFS_BUS_RESET_ISR
                0x000073e4        0xc .\ARM_GCC_441\Debug\PioneerKit_P5LP_USB_Audio.a(USBFS_episr.o)
                0x000073e4                USBFS_BUS_RESET_ISR
 .text.USBFS_ARB_ISR
                0x000073f0       0xfc .\ARM_GCC_441\Debug\PioneerKit_P5LP_USB_Audio.a(USBFS_episr.o)
                0x000073f0                USBFS_ARB_ISR
 .text.USBFS_DispatchHIDClassRqst
                0x000074ec      0x2b8 .\ARM_GCC_441\Debug\PioneerKit_P5LP_USB_Audio.a(USBFS_hid.o)
                0x000074ec                USBFS_DispatchHIDClassRqst
 .text.USBFS_FindHidClassDecriptor
                0x000077a4       0x9c .\ARM_GCC_441\Debug\PioneerKit_P5LP_USB_Audio.a(USBFS_hid.o)
                0x000077a4                USBFS_FindHidClassDecriptor
 .text.USBFS_FindReportDescriptor
                0x00007840       0xb4 .\ARM_GCC_441\Debug\PioneerKit_P5LP_USB_Audio.a(USBFS_hid.o)
                0x00007840                USBFS_FindReportDescriptor
 .text.USBFS_FindReport
                0x000078f4      0x104 .\ARM_GCC_441\Debug\PioneerKit_P5LP_USB_Audio.a(USBFS_hid.o)
                0x000078f4                USBFS_FindReport
 .text.USBFS_DP_ISR
                0x000079f8       0x14 .\ARM_GCC_441\Debug\PioneerKit_P5LP_USB_Audio.a(USBFS_pm.o)
                0x000079f8                USBFS_DP_ISR
 .text.USBFS_RestoreConfig
                0x00007a0c       0x1c .\ARM_GCC_441\Debug\PioneerKit_P5LP_USB_Audio.a(USBFS_pm.o)
                0x00007a0c                USBFS_RestoreConfig
 .text.USBFS_Suspend
                0x00007a28      0x1a0 .\ARM_GCC_441\Debug\PioneerKit_P5LP_USB_Audio.a(USBFS_pm.o)
                0x00007a28                USBFS_Suspend
 .text.USBFS_Resume
                0x00007bc8      0x188 .\ARM_GCC_441\Debug\PioneerKit_P5LP_USB_Audio.a(USBFS_pm.o)
                0x00007bc8                USBFS_Resume
 .text.USBFS_HandleStandardRqst
                0x00007d50      0x638 .\ARM_GCC_441\Debug\PioneerKit_P5LP_USB_Audio.a(USBFS_std.o)
                0x00007d50                USBFS_HandleStandardRqst
 .text.USBFS_ReadDieID
                0x00008388       0x98 .\ARM_GCC_441\Debug\PioneerKit_P5LP_USB_Audio.a(USBFS_std.o)
                0x00008388                USBFS_ReadDieID
 .text.USBFS_ConfigReg
                0x00008420      0x164 .\ARM_GCC_441\Debug\PioneerKit_P5LP_USB_Audio.a(USBFS_std.o)
                0x00008420                USBFS_ConfigReg
 .text.USBFS_Config
                0x00008584      0x3d8 .\ARM_GCC_441\Debug\PioneerKit_P5LP_USB_Audio.a(USBFS_std.o)
                0x00008584                USBFS_Config
 .text.USBFS_ConfigAltChanged
                0x0000895c      0x31c .\ARM_GCC_441\Debug\PioneerKit_P5LP_USB_Audio.a(USBFS_std.o)
                0x0000895c                USBFS_ConfigAltChanged
 .text.USBFS_GetConfigTablePtr
                0x00008c78       0x2c .\ARM_GCC_441\Debug\PioneerKit_P5LP_USB_Audio.a(USBFS_std.o)
                0x00008c78                USBFS_GetConfigTablePtr
 .text.USBFS_GetDeviceTablePtr
                0x00008ca4       0x28 .\ARM_GCC_441\Debug\PioneerKit_P5LP_USB_Audio.a(USBFS_std.o)
                0x00008ca4                USBFS_GetDeviceTablePtr
 .text.USBFS_GetInterfaceClassTablePtr
                0x00008ccc       0x50 .\ARM_GCC_441\Debug\PioneerKit_P5LP_USB_Audio.a(USBFS_std.o)
                0x00008ccc                USBFS_GetInterfaceClassTablePtr
 .text.USBFS_SetEndpointHalt
                0x00008d1c      0x130 .\ARM_GCC_441\Debug\PioneerKit_P5LP_USB_Audio.a(USBFS_std.o)
                0x00008d1c                USBFS_SetEndpointHalt
 .text.USBFS_ClearEndpointHalt
                0x00008e4c      0x1b8 .\ARM_GCC_441\Debug\PioneerKit_P5LP_USB_Audio.a(USBFS_std.o)
                0x00008e4c                USBFS_ClearEndpointHalt
 .text.USBFS_ValidateAlternateSetting
                0x00009004       0x94 .\ARM_GCC_441\Debug\PioneerKit_P5LP_USB_Audio.a(USBFS_std.o)
                0x00009004                USBFS_ValidateAlternateSetting
 .text.USBFS_HandleVendorRqst
                0x00009098       0x38 .\ARM_GCC_441\Debug\PioneerKit_P5LP_USB_Audio.a(USBFS_vnd.o)
                0x00009098                USBFS_HandleVendorRqst
 .text.USBFS_ep1_DmaInitialize
                0x000090d0       0x84 .\ARM_GCC_441\Debug\PioneerKit_P5LP_USB_Audio.a(USBFS_ep1_dma.o)
                0x000090d0                USBFS_ep1_DmaInitialize
 .text.USBFS_ep2_DmaInitialize
                0x00009154       0x84 .\ARM_GCC_441\Debug\PioneerKit_P5LP_USB_Audio.a(USBFS_ep2_dma.o)
                0x00009154                USBFS_ep2_DmaInitialize
 .text.USBFS_ep4_DmaInitialize
                0x000091d8       0x84 .\ARM_GCC_441\Debug\PioneerKit_P5LP_USB_Audio.a(USBFS_ep4_dma.o)
                0x000091d8                USBFS_ep4_DmaInitialize
 .text.USBFS_ep6_DmaInitialize
                0x0000925c       0x84 .\ARM_GCC_441\Debug\PioneerKit_P5LP_USB_Audio.a(USBFS_ep6_dma.o)
                0x0000925c                USBFS_ep6_DmaInitialize
 .text.isr_CICOverflow_StartEx
                0x000092e0       0x28 .\ARM_GCC_441\Debug\PioneerKit_P5LP_USB_Audio.a(isr_CICOverflow.o)
                0x000092e0                isr_CICOverflow_StartEx
 .text.isr_CICOverflow_SetVector
                0x00009308       0x28 .\ARM_GCC_441\Debug\PioneerKit_P5LP_USB_Audio.a(isr_CICOverflow.o)
                0x00009308                isr_CICOverflow_SetVector
 .text.isr_CICOverflow_SetPriority
                0x00009330       0x28 .\ARM_GCC_441\Debug\PioneerKit_P5LP_USB_Audio.a(isr_CICOverflow.o)
                0x00009330                isr_CICOverflow_SetPriority
 .text.isr_CICOverflow_Enable
                0x00009358       0x18 .\ARM_GCC_441\Debug\PioneerKit_P5LP_USB_Audio.a(isr_CICOverflow.o)
                0x00009358                isr_CICOverflow_Enable
 .text.isr_CICOverflow_Disable
                0x00009370       0x18 .\ARM_GCC_441\Debug\PioneerKit_P5LP_USB_Audio.a(isr_CICOverflow.o)
                0x00009370                isr_CICOverflow_Disable
 .text.PDM_CIC_Start
                0x00009388       0x88 .\ARM_GCC_441\Debug\PioneerKit_P5LP_USB_Audio.a(PDM_CIC.o)
                0x00009388                PDM_CIC_Start
 .text.PDM_CIC_Stop
                0x00009410       0x38 .\ARM_GCC_441\Debug\PioneerKit_P5LP_USB_Audio.a(PDM_CIC.o)
                0x00009410                PDM_CIC_Stop
 .text.PDM_CIC_SaveConfig
                0x00009448       0x20 .\ARM_GCC_441\Debug\PioneerKit_P5LP_USB_Audio.a(PDM_CIC.o)
                0x00009448                PDM_CIC_SaveConfig
 .text.PDM_CIC_RestoreConfig
                0x00009468       0x20 .\ARM_GCC_441\Debug\PioneerKit_P5LP_USB_Audio.a(PDM_CIC.o)
                0x00009468                PDM_CIC_RestoreConfig
 .text.PDM_CIC_Sleep
                0x00009488       0x2c .\ARM_GCC_441\Debug\PioneerKit_P5LP_USB_Audio.a(PDM_CIC.o)
                0x00009488                PDM_CIC_Sleep
 .text.PDM_CIC_Wakeup
                0x000094b4       0x1c .\ARM_GCC_441\Debug\PioneerKit_P5LP_USB_Audio.a(PDM_CIC.o)
                0x000094b4                PDM_CIC_Wakeup
 .text.PDM_CIC_ReadInterruptStatus
                0x000094d0       0x10 .\ARM_GCC_441\Debug\PioneerKit_P5LP_USB_Audio.a(PDM_CIC.o)
                0x000094d0                PDM_CIC_ReadInterruptStatus
 .text.PDM_CIC_EnableInterruptGeneration
                0x000094e0        0xc .\ARM_GCC_441\Debug\PioneerKit_P5LP_USB_Audio.a(PDM_CIC.o)
                0x000094e0                PDM_CIC_EnableInterruptGeneration
 .text.PDM_CIC_DisableInterruptGeneration
                0x000094ec        0xc .\ARM_GCC_441\Debug\PioneerKit_P5LP_USB_Audio.a(PDM_CIC.o)
                0x000094ec                PDM_CIC_DisableInterruptGeneration
 .text.PDM_CIC_Integrator_Init
                0x000094f8      0x1ec .\ARM_GCC_441\Debug\PioneerKit_P5LP_USB_Audio.a(PDM_CIC.o)
 .text.PDM_CIC_Comb_Init
                0x000096e4      0x240 .\ARM_GCC_441\Debug\PioneerKit_P5LP_USB_Audio.a(PDM_CIC.o)
 .text.PDM_CIC_IntOutDma_R_Init
                0x00009924       0x8c .\ARM_GCC_441\Debug\PioneerKit_P5LP_USB_Audio.a(PDM_CIC.o)
 .text.PDM_CIC_IntOutDma_R_Start
                0x000099b0       0x2c .\ARM_GCC_441\Debug\PioneerKit_P5LP_USB_Audio.a(PDM_CIC.o)
 .text.PDM_CIC_IntOutDma_R_Stop
                0x000099dc       0x1c .\ARM_GCC_441\Debug\PioneerKit_P5LP_USB_Audio.a(PDM_CIC.o)
 .text.PDM_CIC_CombD0UpdateDma_R_Init
                0x000099f8       0x8c .\ARM_GCC_441\Debug\PioneerKit_P5LP_USB_Audio.a(PDM_CIC.o)
 .text.PDM_CIC_CombD0UpdateDma_R_Start
                0x00009a84       0x2c .\ARM_GCC_441\Debug\PioneerKit_P5LP_USB_Audio.a(PDM_CIC.o)
 .text.PDM_CIC_CombD0UpdateDma_R_Stop
                0x00009ab0       0x1c .\ARM_GCC_441\Debug\PioneerKit_P5LP_USB_Audio.a(PDM_CIC.o)
 .text.PDM_CIC_IntOutDma_L_Init
                0x00009acc       0x8c .\ARM_GCC_441\Debug\PioneerKit_P5LP_USB_Audio.a(PDM_CIC.o)
 .text.PDM_CIC_IntOutDma_L_Start
                0x00009b58       0x2c .\ARM_GCC_441\Debug\PioneerKit_P5LP_USB_Audio.a(PDM_CIC.o)
 .text.PDM_CIC_IntOutDma_L_Stop
                0x00009b84       0x1c .\ARM_GCC_441\Debug\PioneerKit_P5LP_USB_Audio.a(PDM_CIC.o)
 .text.PDM_CIC_CombD0UpdateDma_L_Init
                0x00009ba0       0x8c .\ARM_GCC_441\Debug\PioneerKit_P5LP_USB_Audio.a(PDM_CIC.o)
 .text.PDM_CIC_CombD0UpdateDma_L_Start
                0x00009c2c       0x2c .\ARM_GCC_441\Debug\PioneerKit_P5LP_USB_Audio.a(PDM_CIC.o)
 .text.PDM_CIC_CombD0UpdateDma_L_Stop
                0x00009c58       0x1c .\ARM_GCC_441\Debug\PioneerKit_P5LP_USB_Audio.a(PDM_CIC.o)
 .text.PDM_CIC_DMA_CombD0Update_R_DmaInitialize
                0x00009c74       0x84 .\ARM_GCC_441\Debug\PioneerKit_P5LP_USB_Audio.a(PDM_CIC_DMA_CombD0Update_R_dma.o)
                0x00009c74                PDM_CIC_DMA_CombD0Update_R_DmaInitialize
 .text.PDM_CIC_DMA_CombD0Update_L_DmaInitialize
                0x00009cf8       0x84 .\ARM_GCC_441\Debug\PioneerKit_P5LP_USB_Audio.a(PDM_CIC_DMA_CombD0Update_L_dma.o)
                0x00009cf8                PDM_CIC_DMA_CombD0Update_L_DmaInitialize
 .text.PDM_CIC_Status_Reg_Read
                0x00009d7c       0x18 .\ARM_GCC_441\Debug\PioneerKit_P5LP_USB_Audio.a(PDM_CIC_Status_Reg.o)
                0x00009d7c                PDM_CIC_Status_Reg_Read
 .text.PDM_CIC_Status_Reg_InterruptEnable
                0x00009d94       0x3c .\ARM_GCC_441\Debug\PioneerKit_P5LP_USB_Audio.a(PDM_CIC_Status_Reg.o)
                0x00009d94                PDM_CIC_Status_Reg_InterruptEnable
 .text.PDM_CIC_Status_Reg_InterruptDisable
                0x00009dd0       0x38 .\ARM_GCC_441\Debug\PioneerKit_P5LP_USB_Audio.a(PDM_CIC_Status_Reg.o)
                0x00009dd0                PDM_CIC_Status_Reg_InterruptDisable
 .text.PDM_CIC_DMA_IntOut_L_DmaInitialize
                0x00009e08       0x84 .\ARM_GCC_441\Debug\PioneerKit_P5LP_USB_Audio.a(PDM_CIC_DMA_IntOut_L_dma.o)
                0x00009e08                PDM_CIC_DMA_IntOut_L_DmaInitialize
 .text.PDM_CIC_DMA_IntOut_R_DmaInitialize
                0x00009e8c       0x84 .\ARM_GCC_441\Debug\PioneerKit_P5LP_USB_Audio.a(PDM_CIC_DMA_IntOut_R_dma.o)
                0x00009e8c                PDM_CIC_DMA_IntOut_R_DmaInitialize
 .text.CYMEMZERO
                0x00009f10       0x20 .\ARM_GCC_441\Debug\PioneerKit_P5LP_USB_Audio.a(cyfitter_cfg.o)
 .text.CYCONFIGCPY
                0x00009f30       0x20 .\ARM_GCC_441\Debug\PioneerKit_P5LP_USB_Audio.a(cyfitter_cfg.o)
 .text.cfg_write_bytes32
                0x00009f50       0x84 .\ARM_GCC_441\Debug\PioneerKit_P5LP_USB_Audio.a(cyfitter_cfg.o)
 .text.ClockSetup
                0x00009fd4      0x1fc .\ARM_GCC_441\Debug\PioneerKit_P5LP_USB_Audio.a(cyfitter_cfg.o)
 .text.AnalogSetDefault
                0x0000a1d0       0x4c .\ARM_GCC_441\Debug\PioneerKit_P5LP_USB_Audio.a(cyfitter_cfg.o)
 .text.cyfitter_cfg
                0x0000a21c      0x440 .\ARM_GCC_441\Debug\PioneerKit_P5LP_USB_Audio.a(cyfitter_cfg.o)
                0x0000a21c                cyfitter_cfg
 .text.CyFlash_SetWaitCycles
                0x0000a65c       0xc4 .\ARM_GCC_441\Debug\PioneerKit_P5LP_USB_Audio.a(CyFlash.o)
                0x0000a65c                CyFlash_SetWaitCycles
 .text.USBFS_DispatchClassRqst
                0x0000a720       0xa0 .\ARM_GCC_441\Debug\PioneerKit_P5LP_USB_Audio.a(USBFS_cls.o)
                0x0000a720                USBFS_DispatchClassRqst
 .text          0x0000a7c0      0x190 c:/program files/cypress/psoc creator/2.2/psoc creator/import/gnu_cs/arm/4.4.1/bin/../lib/gcc/arm-none-eabi/4.4.1/../../../../arm-none-eabi/lib/thumb2\libc.a(lib_a-memcpy.o)
                0x0000a7c0                memcpy
 .text          0x0000a950       0xd4 c:/program files/cypress/psoc creator/2.2/psoc creator/import/gnu_cs/arm/4.4.1/bin/../lib/gcc/arm-none-eabi/4.4.1/../../../../arm-none-eabi/lib/thumb2\libc.a(lib_a-memset.o)
                0x0000a950                memset
 .text          0x0000aa24       0x30 c:/program files/cypress/psoc creator/2.2/psoc creator/import/gnu_cs/arm/4.4.1/bin/../lib/gcc/arm-none-eabi/4.4.1/../../../../arm-none-eabi/lib/thumb2\libcs3.a(start_c.o)
                0x0000aa24                __cs3_premain
 .text          0x0000aa54        0x2 c:/program files/cypress/psoc creator/2.2/psoc creator/import/gnu_cs/arm/4.4.1/bin/../lib/gcc/arm-none-eabi/4.4.1/../../../../arm-none-eabi/lib/thumb2\libcs3micro.a(micro_isr_interrupt.o)
                0x0000aa54                __cs3_isr_external_24
                0x0000aa54                __cs3_isr_external_9
                0x0000aa54                __cs3_isr_external_14
                0x0000aa54                __cs3_isr_reserved_9
                0x0000aa54                __cs3_isr_external_4
                0x0000aa54                __cs3_isr_external_21
                0x0000aa54                __cs3_isr_external_0
                0x0000aa54                __cs3_isr_external_27
                0x0000aa54                __cs3_isr_external_11
                0x0000aa54                __cs3_isr_usage_fault
                0x0000aa54                __cs3_isr_svcall
                0x0000aa54                __cs3_isr_external_3
                0x0000aa54                __cs3_isr_mpu_fault
                0x0000aa54                __cs3_isr_external_16
                0x0000aa54                __cs3_isr_pendsv
                0x0000aa54                __cs3_isr_external_31
                0x0000aa54                __cs3_isr_nmi
                0x0000aa54                __cs3_isr_external_5
                0x0000aa54                __cs3_isr_external_6
                0x0000aa54                __cs3_isr_external_12
                0x0000aa54                __cs3_isr_hard_fault
                0x0000aa54                __cs3_isr_bus_fault
                0x0000aa54                __cs3_isr_external_1
                0x0000aa54                __cs3_isr_external_13
                0x0000aa54                __cs3_isr_external_30
                0x0000aa54                __cs3_isr_external_23
                0x0000aa54                __cs3_isr_external_20
                0x0000aa54                __cs3_isr_debug
                0x0000aa54                __cs3_isr_reserved_13
                0x0000aa54                __cs3_isr_external_8
                0x0000aa54                __cs3_isr_external_26
                0x0000aa54                __cs3_isr_reserved_8
                0x0000aa54                __cs3_isr_reserved_7
                0x0000aa54                __cs3_isr_external_7
                0x0000aa54                __cs3_isr_external_28
                0x0000aa54                __cs3_isr_systick
                0x0000aa54                __cs3_isr_external_22
                0x0000aa54                __cs3_isr_external_10
                0x0000aa54                __cs3_isr_external_15
                0x0000aa54                __cs3_isr_interrupt
                0x0000aa54                __cs3_isr_external_18
                0x0000aa54                __cs3_isr_external_29
                0x0000aa54                __cs3_isr_external_25
                0x0000aa54                __cs3_isr_reserved_10
                0x0000aa54                __cs3_isr_external_2
                0x0000aa54                __cs3_isr_external_17
                0x0000aa54                __cs3_isr_external_19
 *fill*         0x0000aa56        0x2 00
 .text          0x0000aa58       0x50 c:/program files/cypress/psoc creator/2.2/psoc creator/import/gnu_cs/arm/4.4.1/bin/../lib/gcc/arm-none-eabi/4.4.1/../../../../arm-none-eabi/lib/thumb2\libc.a(lib_a-init.o)
                0x0000aa58                __libc_init_array
 *(.plt)
 *(.gnu.warning)
 *(.glue_7t)
 .glue_7t       0x00000000        0x0 linker stubs
 *(.glue_7)
 .glue_7        0x00000000        0x0 linker stubs
 *(.vfp11_veneer)
 .vfp11_veneer  0x00000000        0x0 linker stubs
 *(.bootloader)
 *(.ARM.extab* .gnu.linkonce.armextab.*)
 *(.gcc_except_table)

.v4_bx          0x0000aaa8        0x0
 .v4_bx         0x00000000        0x0 linker stubs

.eh_frame_hdr
 *(.eh_frame_hdr)

.eh_frame
 *(.eh_frame)
                0x0000aaa8                PROVIDE (__exidx_start, .)

.ARM.exidx
 *(.ARM.exidx* .gnu.linkonce.armexidx.*)
                0x0000aaa8                __exidx_end = .

.rodata         0x0000aaa8      0x980
 *(.rodata .rodata.* .gnu.linkonce.r.*)
 .rodata        0x0000aaa8      0x590 .\ARM_GCC_441\Debug\PioneerKit_P5LP_USB_Audio.a(Droop_Filter_RAM_Data.o)
                0x0000aaa8                Droop_Filter_control
                0x0000aba8                Droop_Filter_data_a
                0x0000ada8                Droop_Filter_data_b
                0x0000afa8                Droop_Filter_acu
                0x0000afe0                Droop_Filter_cfsm
 .rodata        0x0000b038       0x10 .\ARM_GCC_441\Debug\PioneerKit_P5LP_USB_Audio.a(cyPm.o)
 .rodata        0x0000b048       0x10 .\ARM_GCC_441\Debug\PioneerKit_P5LP_USB_Audio.a(USBFS_std.o)
 .rodata        0x0000b058       0x6c .\ARM_GCC_441\Debug\PioneerKit_P5LP_USB_Audio.a(cyfitter_cfg.o)
 .rodata        0x0000b0c4      0x328 .\ARM_GCC_441\Debug\PioneerKit_P5LP_USB_Audio.a(USBFS_descr.o)
                0x0000b0c4                USBFS_DEVICE0_DESCR
                0x0000b0d8                USBFS_DEVICE0_CONFIGURATION0_DESCR
                0x0000b1e8                USBFS_STRING_DESCRIPTORS
                0x0000b314                USBFS_SN_STRING_DESCRIPTOR
                0x0000b318                USBFS_HIDREPORT_DESCRIPTOR1
                0x0000b334                USBFS_DEVICE0_CONFIGURATION0_INTERFACE3_ALTERNATE0_HID_IN_RPT_TABLE
                0x0000b340                USBFS_DEVICE0_CONFIGURATION0_INTERFACE3_ALTERNATE0_HID_TABLE
                0x0000b368                USBFS_DEVICE0_CONFIGURATION0_INTERFACE3_TABLE
                0x0000b370                USBFS_DEVICE0_CONFIGURATION0_EP_SETTINGS_TABLE
                0x0000b398                USBFS_DEVICE0_CONFIGURATION0_INTERFACE_CLASS
                0x0000b39c                USBFS_DEVICE0_CONFIGURATION0_TABLE
                0x0000b3d4                USBFS_DEVICE0_TABLE
                0x0000b3e4                USBFS_TABLE
                0x0000b3ec                . = ALIGN (0x4)
 *(.init)
 .init          0x0000b3ec        0x4 c:/program files/cypress/psoc creator/2.2/psoc creator/import/gnu_cs/arm/4.4.1/bin/../lib/gcc/arm-none-eabi/4.4.1/thumb2/crti.o
                0x0000b3ec                _init
 .init          0x0000b3f0        0x8 c:/program files/cypress/psoc creator/2.2/psoc creator/import/gnu_cs/arm/4.4.1/bin/../lib/gcc/arm-none-eabi/4.4.1/thumb2/crtn.o
                0x0000b3f8                . = ALIGN (0x4)
                0x0000b3f8                __preinit_array_start = .
 *(.preinit_array)
                0x0000b3f8                __preinit_array_end = .
                0x0000b3f8                . = ALIGN (0x4)
                0x0000b3f8                __init_array_start = .
 *(SORT(.init_array.*))
 *(.init_array)
 .init_array    0x0000b3f8        0x4 c:/program files/cypress/psoc creator/2.2/psoc creator/import/gnu_cs/arm/4.4.1/bin/../lib/gcc/arm-none-eabi/4.4.1/thumb2/crtbegin.o
 .init_array    0x0000b3fc        0x4 .\ARM_GCC_441\Debug\Cm3Start.o
                0x0000b400                __init_array_end = .
                0x0000b400                . = ALIGN (0x4)
 *(.fini)
 .fini          0x0000b400        0x4 c:/program files/cypress/psoc creator/2.2/psoc creator/import/gnu_cs/arm/4.4.1/bin/../lib/gcc/arm-none-eabi/4.4.1/thumb2/crti.o
                0x0000b400                _fini
 .fini          0x0000b404        0x8 c:/program files/cypress/psoc creator/2.2/psoc creator/import/gnu_cs/arm/4.4.1/bin/../lib/gcc/arm-none-eabi/4.4.1/thumb2/crtn.o
                0x0000b40c                . = ALIGN (0x4)
                0x0000b40c                __fini_array_start = .
 *(.fini_array)
 .fini_array    0x0000b40c        0x4 c:/program files/cypress/psoc creator/2.2/psoc creator/import/gnu_cs/arm/4.4.1/bin/../lib/gcc/arm-none-eabi/4.4.1/thumb2/crtbegin.o
 *(SORT(.fini_array.*))
                0x0000b410                __fini_array_end = .
                0x0000b410                . = ALIGN (0x4)
 *crtbegin.o(.ctors)
 *(EXCLUDE_FILE(*crtend.o) .ctors)
 *(SORT(.ctors.*))
 *crtend.o(.ctors)
                0x0000b410                . = ALIGN (0x4)
 *crtbegin.o(.dtors)
 *(EXCLUDE_FILE(*crtend.o) .dtors)
 *(SORT(.dtors.*))
 *crtend.o(.dtors)
                0x0000b410                . = ALIGN (0x4)
                0x0000b410                __cs3_regions = .
                0x0000b410        0x4 LONG 0x0
                0x0000b414        0x4 LONG 0xb428 __cs3_region_init_ram
                0x0000b418        0x4 LONG 0x1fffc108 __cs3_region_start_data
                0x0000b41c        0x4 LONG 0x68 __cs3_region_init_size_ram
                0x0000b420        0x4 LONG 0xb08 __cs3_region_zero_size_ram
                0x0000b424                __cs3_regions_end = .
                0x0000b428                . = ALIGN (0x8)
 *fill*         0x0000b424        0x4 00
                0x0000b428                _etext = .

.ramvectors     0x1fffc000      0x100
                0x1fffc000                __cs3_region_start_ram = .
 *(.cs3.region-head.ram)
                0x1fffc001                ASSERT ((. == __cs3_region_start_ram), .cs3.region-head.ram not permitted)
 *(.ramvectors)
 .ramvectors    0x1fffc000      0x100 .\ARM_GCC_441\Debug\Cm3Start.o
                0x1fffc000                CyRamVectors

.noinit         0x1fffc100        0x4
 *(.noinit)
 .noinit        0x1fffc100        0x4 .\ARM_GCC_441\Debug\Cm3Start.o

.data           0x1fffc108       0x68 load address 0x0000b428
                0x1fffc108                __cs3_region_start_data = .
 *(.jcr)
 .jcr           0x1fffc108        0x0 c:/program files/cypress/psoc creator/2.2/psoc creator/import/gnu_cs/arm/4.4.1/bin/../lib/gcc/arm-none-eabi/4.4.1/thumb2/crtbegin.o
 .jcr           0x1fffc108        0x4 c:/program files/cypress/psoc creator/2.2/psoc creator/import/gnu_cs/arm/4.4.1/bin/../lib/gcc/arm-none-eabi/4.4.1/thumb2/crtend.o
 *(.got.plt)
 *(.got)
 *(.shdata)
 *(.data .data.* .gnu.linkonce.d.*)
 .data          0x1fffc10c        0x4 .\ARM_GCC_441\Debug\USBInterface.o
                0x1fffc10c                altSetting
 .data          0x1fffc110        0x8 .\ARM_GCC_441\Debug\AudioControl.o
                0x1fffc114                inLevel
                0x1fffc116                lowPowerIdle
                0x1fffc117                setRate
 .data          0x1fffc118        0x1 .\ARM_GCC_441\Debug\PioneerKit_P5LP_USB_Audio.a(TxDMA_dma.o)
                0x1fffc118                TxDMA_DmaHandle
 .data          0x1fffc119        0x1 .\ARM_GCC_441\Debug\PioneerKit_P5LP_USB_Audio.a(USBInDMA_dma.o)
                0x1fffc119                USBInDMA_DmaHandle
 .data          0x1fffc11a        0x1 .\ARM_GCC_441\Debug\PioneerKit_P5LP_USB_Audio.a(USBOutDMA_dma.o)
                0x1fffc11a                USBOutDMA_DmaHandle
 .data          0x1fffc11b        0x1 .\ARM_GCC_441\Debug\PioneerKit_P5LP_USB_Audio.a(I2S_Tx_DMA_dma.o)
                0x1fffc11b                I2S_Tx_DMA_DmaHandle
 .data          0x1fffc11c        0x1 .\ARM_GCC_441\Debug\PioneerKit_P5LP_USB_Audio.a(CICOut_L_dma.o)
                0x1fffc11c                CICOut_L_DmaHandle
 .data          0x1fffc11d        0x1 .\ARM_GCC_441\Debug\PioneerKit_P5LP_USB_Audio.a(CICOut_R_dma.o)
                0x1fffc11d                CICOut_R_DmaHandle
 .data          0x1fffc11e        0x1 .\ARM_GCC_441\Debug\PioneerKit_P5LP_USB_Audio.a(RxDMA_dma.o)
                0x1fffc11e                RxDMA_DmaHandle
 *fill*         0x1fffc11f        0x1 00
 .data          0x1fffc120       0x14 .\ARM_GCC_441\Debug\PioneerKit_P5LP_USB_Audio.a(CyLib.o)
                0x1fffc120                CyScPumpEnabled
                0x1fffc124                cydelay_freq_hz
                0x1fffc128                cydelay_freq_khz
                0x1fffc12c                cydelay_freq_mhz
                0x1fffc130                cydelay_32k_ms
 .data          0x1fffc134        0xc .\ARM_GCC_441\Debug\PioneerKit_P5LP_USB_Audio.a(USBFS_audio.o)
                0x1fffc134                USBFS_minimumVolume
                0x1fffc138                USBFS_maximumVolume
                0x1fffc13c                USBFS_resolutionVolume
 .data          0x1fffc140       0x24 .\ARM_GCC_441\Debug\PioneerKit_P5LP_USB_Audio.a(USBFS_std.o)
                0x1fffc140                USBFS_idSerialNumberStringDescriptor
 .data          0x1fffc164        0x1 .\ARM_GCC_441\Debug\PioneerKit_P5LP_USB_Audio.a(USBFS_ep1_dma.o)
                0x1fffc164                USBFS_ep1_DmaHandle
 .data          0x1fffc165        0x1 .\ARM_GCC_441\Debug\PioneerKit_P5LP_USB_Audio.a(USBFS_ep2_dma.o)
                0x1fffc165                USBFS_ep2_DmaHandle
 .data          0x1fffc166        0x1 .\ARM_GCC_441\Debug\PioneerKit_P5LP_USB_Audio.a(USBFS_ep4_dma.o)
                0x1fffc166                USBFS_ep4_DmaHandle
 .data          0x1fffc167        0x1 .\ARM_GCC_441\Debug\PioneerKit_P5LP_USB_Audio.a(USBFS_ep6_dma.o)
                0x1fffc167                USBFS_ep6_DmaHandle
 .data          0x1fffc168        0x4 .\ARM_GCC_441\Debug\PioneerKit_P5LP_USB_Audio.a(PDM_CIC.o)
 .data          0x1fffc16c        0x1 .\ARM_GCC_441\Debug\PioneerKit_P5LP_USB_Audio.a(PDM_CIC_DMA_CombD0Update_R_dma.o)
                0x1fffc16c                PDM_CIC_DMA_CombD0Update_R_DmaHandle
 .data          0x1fffc16d        0x1 .\ARM_GCC_441\Debug\PioneerKit_P5LP_USB_Audio.a(PDM_CIC_DMA_CombD0Update_L_dma.o)
                0x1fffc16d                PDM_CIC_DMA_CombD0Update_L_DmaHandle
 .data          0x1fffc16e        0x1 .\ARM_GCC_441\Debug\PioneerKit_P5LP_USB_Audio.a(PDM_CIC_DMA_IntOut_L_dma.o)
                0x1fffc16e                PDM_CIC_DMA_IntOut_L_DmaHandle
 .data          0x1fffc16f        0x1 .\ARM_GCC_441\Debug\PioneerKit_P5LP_USB_Audio.a(PDM_CIC_DMA_IntOut_R_dma.o)
                0x1fffc16f                PDM_CIC_DMA_IntOut_R_DmaHandle
                0x1fffc170                . = ALIGN (0x8)
 *(.ram)
                0x1fffc170                _edata = .

.bss            0x1fffc170      0xb08 load address 0x0000b490
 *(.shbss)
 *(.bss .bss.* .gnu.linkonce.b.*)
 .bss           0x1fffc170        0x1 c:/program files/cypress/psoc creator/2.2/psoc creator/import/gnu_cs/arm/4.4.1/bin/../lib/gcc/arm-none-eabi/4.4.1/thumb2/crtbegin.o
 .bss           0x1fffc171        0x1 .\ARM_GCC_441\Debug\Timer.o
                0x1fffc171                applicationTimerTick
 .bss           0x1fffc172        0x3 .\ARM_GCC_441\Debug\USBInterface.o
                0x1fffc172                usbActivityCounter
                0x1fffc173                usbMiniBActive
                0x1fffc174                USBDeviceState
 .bss           0x1fffc175        0x4 .\ARM_GCC_441\Debug\Application.o
                0x1fffc175                buttonStatus
                0x1fffc176                playlistControlReport
                0x1fffc177                prevReport
                0x1fffc178                switchDebounceTimer
 *fill*         0x1fffc179        0x1 00
 .bss           0x1fffc17a       0x18 .\ARM_GCC_441\Debug\AudioControl.o
                0x1fffc17a                resetTx
                0x1fffc17b                outPlaying
                0x1fffc17c                outLevel
                0x1fffc17e                outUsbCount
                0x1fffc180                outUsbShadow
                0x1fffc182                outBufIndex
                0x1fffc184                resetRx
                0x1fffc185                inPlaying
                0x1fffc186                inUsbCount
                0x1fffc188                inUsbShadow
                0x1fffc18a                clearInBuffer
                0x1fffc18c                inBufIndex
                0x1fffc18e                rateChangedWhileInactive
                0x1fffc18f                clockSwitchTimer
                0x1fffc190                audioClkConfigured
 .bss           0x1fffc192        0x1 .\ARM_GCC_441\Debug\Codec.o
                0x1fffc192                codecInit
 .bss           0x1fffc193        0x1 .\ARM_GCC_441\Debug\PioneerKit_P5LP_USB_Audio.a(I2S.o)
                0x1fffc193                I2S_initVar
 .bss           0x1fffc194        0x1 .\ARM_GCC_441\Debug\PioneerKit_P5LP_USB_Audio.a(SystemTickTimer.o)
                0x1fffc194                SystemTickTimer_initVar
 .bss           0x1fffc195        0x1 .\ARM_GCC_441\Debug\PioneerKit_P5LP_USB_Audio.a(Droop_Filter.o)
                0x1fffc195                Droop_Filter_initVar
 .bss           0x1fffc196        0x2 .\ARM_GCC_441\Debug\PioneerKit_P5LP_USB_Audio.a(CyDmac.o)
 .bss           0x1fffc198       0x44 .\ARM_GCC_441\Debug\PioneerKit_P5LP_USB_Audio.a(cyPm.o)
 .bss           0x1fffc1dc        0x1 .\ARM_GCC_441\Debug\PioneerKit_P5LP_USB_Audio.a(USBFS.o)
                0x1fffc1dc                USBFS_initVar
 *fill*         0x1fffc1dd        0x3 00
 .bss           0x1fffc1e0        0x4 .\ARM_GCC_441\Debug\PioneerKit_P5LP_USB_Audio.a(USBFS_pm.o)
 .bss           0x1fffc1e4        0x1 .\ARM_GCC_441\Debug\PioneerKit_P5LP_USB_Audio.a(USBFS_std.o)
                0x1fffc1e4                USBFS_snStringConfirm
 .bss           0x1fffc1e5        0x1 .\ARM_GCC_441\Debug\PioneerKit_P5LP_USB_Audio.a(PDM_CIC.o)
                0x1fffc1e5                PDM_CIC_initVar
 *(COMMON)
 *fill*         0x1fffc1e6        0x2 00
 COMMON         0x1fffc1e8      0x1e4 .\ARM_GCC_441\Debug\USBInterface.o
                0x1fffc1e8                inCnt
                0x1fffc1ec                inRam
                0x1fffc2ac                outRam
 COMMON         0x1fffc3cc      0x7a9 .\ARM_GCC_441\Debug\AudioControl.o
                0x1fffc3cc                rate
                0x1fffc3cd                I2STxTd
                0x1fffc3d0                USBOutTd
                0x1fffc3d4                rxTd
                0x1fffc3dc                USBInDmaChan
                0x1fffc3dd                txDmaChan
                0x1fffc3de                I2STxDMAChan
                0x1fffc3e0                txTd
                0x1fffc3e8                rxDmaChan
                0x1fffc3ec                USBInTd
                0x1fffc3f0                outBuffer
                0x1fffc870                I2SRxTd
                0x1fffc874                inBuffer
                0x1fffcb74                USBOutDmaChan
 COMMON         0x1fffcb75        0x1 .\ARM_GCC_441\Debug\PioneerKit_P5LP_USB_Audio.a(CyLib.o)
                0x1fffcb75                CyResetStatus
 *fill*         0x1fffcb76        0x2 00
 COMMON         0x1fffcb78       0x15 .\ARM_GCC_441\Debug\PioneerKit_P5LP_USB_Audio.a(USBFS.o)
                0x1fffcb78                USBFS_DmaChan
                0x1fffcb84                USBFS_DmaTd
 *fill*         0x1fffcb8d        0x3 00
 COMMON         0x1fffcb90       0x33 .\ARM_GCC_441\Debug\PioneerKit_P5LP_USB_Audio.a(USBFS_audio.o)
                0x1fffcb90                USBFS_currentTmpCH2InputVolume
                0x1fffcb92                USB_inputMute
                0x1fffcb94                USBFS_currentTmpCH1InputVolume
                0x1fffcb98                USBFS_currentCH1InputVolume
                0x1fffcb9c                USBFS_currentVolume
                0x1fffcba0                USB_inputVolume
                0x1fffcba4                USBFS_currentSampleFrequency
                0x1fffcbbf                USBFS_frequencyChanged
                0x1fffcbc0                USBFS_currentCH2InputVolume
                0x1fffcbc2                USBFS_currentMute
 *fill*         0x1fffcbc3        0x1 00
 COMMON         0x1fffcbc4       0x98 .\ARM_GCC_441\Debug\PioneerKit_P5LP_USB_Audio.a(USBFS_drv.o)
                0x1fffcbc4                USBFS_deviceAddress
                0x1fffcbc5                USBFS_ep0Mode
                0x1fffcbc8                USBFS_interfaceSetting
                0x1fffcbcc                USBFS_currentTD
                0x1fffcbd8                USBFS_device
                0x1fffcbd9                USBFS_interfaceNumber
                0x1fffcbda                USBFS_ep0Toggle
                0x1fffcbdb                USBFS_deviceStatus
                0x1fffcbdc                USBFS_configurationChanged
                0x1fffcbdd                USBFS_configuration
                0x1fffcbde                USBFS_transferState
                0x1fffcbe0                USBFS_interfaceStatus
                0x1fffcbe4                USBFS_interfaceClass
                0x1fffcbe8                USBFS_EP
                0x1fffcc54                USBFS_interfaceSetting_last
                0x1fffcc58                USBFS_lastPacketSize
                0x1fffcc59                USBFS_ep0Count
                0x1fffcc5a                USBFS_transferByteCount
 COMMON         0x1fffcc5c        0xc .\ARM_GCC_441\Debug\PioneerKit_P5LP_USB_Audio.a(USBFS_hid.o)
                0x1fffcc5c                USBFS_hidIdleRate
                0x1fffcc60                USBFS_hidIdleTimer
                0x1fffcc64                USBFS_hidProtocol
 COMMON         0x1fffcc68        0x8 .\ARM_GCC_441\Debug\PioneerKit_P5LP_USB_Audio.a(USBFS_std.o)
                0x1fffcc68                USBFS_tBuffer
                0x1fffcc6c                USBFS_fwSerialNumberStringDescriptor
 COMMON         0x1fffcc70        0x8 .\ARM_GCC_441\Debug\PioneerKit_P5LP_USB_Audio.a(USBFS_descr.o)
                0x1fffcc70                USBFS_DEVICE0_CONFIGURATION0_INTERFACE3_ALTERNATE0_HID_IN_BUF
                0x1fffcc74                USBFS_DEVICE0_CONFIGURATION0_INTERFACE3_ALTERNATE0_HID_IN_RPT_SCB
                0x1fffcc78                . = ALIGN (0x8)
 *(.ram.b)
                0x1fffcc78                _end = .
                0x1fffcc78                __end = .
                0x20001800                __cs3_region_end_ram = (__cs3_region_start_ram + 0x5800)
                0x00005800                __cs3_region_size_ram = 0x5800
                0x0000b428                __cs3_region_init_ram = LOADADDR (.data)
                0x00000068                __cs3_region_init_size_ram = (_edata - ADDR (.data))
                0x00000b08                __cs3_region_zero_size_ram = (_end - _edata)

.stab
 *(.stab)

.stabstr
 *(.stabstr)

.debug
 *(.debug)

.line
 *(.line)

.debug_srcinfo
 *(.debug_srcinfo)

.debug_sfnames
 *(.debug_sfnames)

.comment        0x00000000      0xa95
 .comment       0x00000000       0x2b .\ARM_GCC_441\Debug\Cm3Start.o
 .comment       0x0000002b       0x2b .\ARM_GCC_441\Debug\Timer.o
 .comment       0x00000056       0x2b .\ARM_GCC_441\Debug\USBInterface.o
 .comment       0x00000081       0x2b .\ARM_GCC_441\Debug\VolumeControl.o
 .comment       0x000000ac       0x2b .\ARM_GCC_441\Debug\Application.o
 .comment       0x000000d7       0x2b .\ARM_GCC_441\Debug\AudioControl.o
 .comment       0x00000102       0x2b .\ARM_GCC_441\Debug\Codec.o
 .comment       0x0000012d       0x2b .\ARM_GCC_441\Debug\Interrupts.o
 .comment       0x00000158       0x2b .\ARM_GCC_441\Debug\main.o
 .comment       0x00000183       0x2b .\ARM_GCC_441\Debug\PioneerKit_P5LP_USB_Audio.a(PSOC_I2S_SCLK.o)
 .comment       0x000001ae       0x2b .\ARM_GCC_441\Debug\PioneerKit_P5LP_USB_Audio.a(I2S.o)
 .comment       0x000001d9       0x2b .\ARM_GCC_441\Debug\PioneerKit_P5LP_USB_Audio.a(AudioClkGen.o)
 .comment       0x00000204       0x2b .\ARM_GCC_441\Debug\PioneerKit_P5LP_USB_Audio.a(TxDMA_dma.o)
 .comment       0x0000022f       0x2b .\ARM_GCC_441\Debug\PioneerKit_P5LP_USB_Audio.a(isr_TxDMADone.o)
 .comment       0x0000025a       0x2b .\ARM_GCC_441\Debug\PioneerKit_P5LP_USB_Audio.a(PSOC_I2S_SDTO.o)
 .comment       0x00000285       0x2b .\ARM_GCC_441\Debug\PioneerKit_P5LP_USB_Audio.a(isr_InDMADone.o)
 .comment       0x000002b0       0x2b .\ARM_GCC_441\Debug\PioneerKit_P5LP_USB_Audio.a(USBInDMA_dma.o)
 .comment       0x000002db       0x2b .\ARM_GCC_441\Debug\PioneerKit_P5LP_USB_Audio.a(PSOC_I2S_MCLK.o)
 .comment       0x00000306       0x2b .\ARM_GCC_441\Debug\PioneerKit_P5LP_USB_Audio.a(USBOutDMA_dma.o)
 .comment       0x00000331       0x2b .\ARM_GCC_441\Debug\PioneerKit_P5LP_USB_Audio.a(PSOC_SW.o)
 .comment       0x0000035c       0x2b .\ARM_GCC_441\Debug\PioneerKit_P5LP_USB_Audio.a(SystemTickTimer.o)
 .comment       0x00000387       0x2b .\ARM_GCC_441\Debug\PioneerKit_P5LP_USB_Audio.a(isr_Tick.o)
 .comment       0x000003b2       0x2b .\ARM_GCC_441\Debug\PioneerKit_P5LP_USB_Audio.a(PSOC_I2S_LRCLK.o)
 .comment       0x000003dd       0x2b .\ARM_GCC_441\Debug\PioneerKit_P5LP_USB_Audio.a(I2S_Tx_DMA_dma.o)
 .comment       0x00000408       0x2b .\ARM_GCC_441\Debug\PioneerKit_P5LP_USB_Audio.a(ByteSwap_Tx.o)
 .comment       0x00000433       0x2b .\ARM_GCC_441\Debug\PioneerKit_P5LP_USB_Audio.a(clock_CIC.o)
 .comment       0x0000045e       0x2b .\ARM_GCC_441\Debug\PioneerKit_P5LP_USB_Audio.a(CICOut_L_dma.o)
 .comment       0x00000489       0x2b .\ARM_GCC_441\Debug\PioneerKit_P5LP_USB_Audio.a(CICOut_R_dma.o)
 .comment       0x000004b4       0x2b .\ARM_GCC_441\Debug\PioneerKit_P5LP_USB_Audio.a(Droop_Filter.o)
 .comment       0x000004df       0x2b .\ARM_GCC_441\Debug\PioneerKit_P5LP_USB_Audio.a(Droop_Filter_RAM_Data.o)
 .comment       0x0000050a       0x2b .\ARM_GCC_441\Debug\PioneerKit_P5LP_USB_Audio.a(RxDMA_dma.o)
 .comment       0x00000535       0x2b .\ARM_GCC_441\Debug\PioneerKit_P5LP_USB_Audio.a(isr_RxDMADone.o)
 .comment       0x00000560       0x2b .\ARM_GCC_441\Debug\PioneerKit_P5LP_USB_Audio.a(AudioClkGen_Clock_SCK.o)
 .comment       0x0000058b       0x2b .\ARM_GCC_441\Debug\PioneerKit_P5LP_USB_Audio.a(AudioClkGen_Clock_I2S.o)
 .comment       0x000005b6       0x2b .\ARM_GCC_441\Debug\PioneerKit_P5LP_USB_Audio.a(CyDmac.o)
 .comment       0x000005e1       0x2b .\ARM_GCC_441\Debug\PioneerKit_P5LP_USB_Audio.a(CyLib.o)
 .comment       0x0000060c       0x2b .\ARM_GCC_441\Debug\PioneerKit_P5LP_USB_Audio.a(cyPm.o)
 .comment       0x00000637       0x2b .\ARM_GCC_441\Debug\PioneerKit_P5LP_USB_Audio.a(PSOC_STATUS_LED.o)
 .comment       0x00000662       0x2b .\ARM_GCC_441\Debug\PioneerKit_P5LP_USB_Audio.a(USBFS.o)
 .comment       0x0000068d       0x2b .\ARM_GCC_441\Debug\PioneerKit_P5LP_USB_Audio.a(USBFS_audio.o)
 .comment       0x000006b8       0x2b .\ARM_GCC_441\Debug\PioneerKit_P5LP_USB_Audio.a(USBFS_drv.o)
 .comment       0x000006e3       0x2b .\ARM_GCC_441\Debug\PioneerKit_P5LP_USB_Audio.a(USBFS_episr.o)
 .comment       0x0000070e       0x2b .\ARM_GCC_441\Debug\PioneerKit_P5LP_USB_Audio.a(USBFS_hid.o)
 .comment       0x00000739       0x2b .\ARM_GCC_441\Debug\PioneerKit_P5LP_USB_Audio.a(USBFS_pm.o)
 .comment       0x00000764       0x2b .\ARM_GCC_441\Debug\PioneerKit_P5LP_USB_Audio.a(USBFS_std.o)
 .comment       0x0000078f       0x2b .\ARM_GCC_441\Debug\PioneerKit_P5LP_USB_Audio.a(USBFS_vnd.o)
 .comment       0x000007ba       0x2b .\ARM_GCC_441\Debug\PioneerKit_P5LP_USB_Audio.a(USBFS_ep1_dma.o)
 .comment       0x000007e5       0x2b .\ARM_GCC_441\Debug\PioneerKit_P5LP_USB_Audio.a(USBFS_ep2_dma.o)
 .comment       0x00000810       0x2b .\ARM_GCC_441\Debug\PioneerKit_P5LP_USB_Audio.a(USBFS_ep4_dma.o)
 .comment       0x0000083b       0x2b .\ARM_GCC_441\Debug\PioneerKit_P5LP_USB_Audio.a(USBFS_ep6_dma.o)
 .comment       0x00000866       0x2b .\ARM_GCC_441\Debug\PioneerKit_P5LP_USB_Audio.a(isr_CICOverflow.o)
 .comment       0x00000891       0x2b .\ARM_GCC_441\Debug\PioneerKit_P5LP_USB_Audio.a(PDM_CIC.o)
 .comment       0x000008bc       0x2b .\ARM_GCC_441\Debug\PioneerKit_P5LP_USB_Audio.a(PDM_CIC_DMA_CombD0Update_R_dma.o)
 .comment       0x000008e7       0x2b .\ARM_GCC_441\Debug\PioneerKit_P5LP_USB_Audio.a(PDM_CIC_DMA_CombD0Update_L_dma.o)
 .comment       0x00000912       0x2b .\ARM_GCC_441\Debug\PioneerKit_P5LP_USB_Audio.a(PDM_CIC_Status_Reg.o)
 .comment       0x0000093d       0x2b .\ARM_GCC_441\Debug\PioneerKit_P5LP_USB_Audio.a(PDM_CIC_DMA_IntOut_L_dma.o)
 .comment       0x00000968       0x2b .\ARM_GCC_441\Debug\PioneerKit_P5LP_USB_Audio.a(PDM_CIC_DMA_IntOut_R_dma.o)
 .comment       0x00000993       0x2b .\ARM_GCC_441\Debug\PioneerKit_P5LP_USB_Audio.a(CyScBoostClk.o)
 .comment       0x000009be       0x2b .\ARM_GCC_441\Debug\PioneerKit_P5LP_USB_Audio.a(cyfitter_cfg.o)
 .comment       0x000009e9       0x2b .\ARM_GCC_441\Debug\PioneerKit_P5LP_USB_Audio.a(CyFlash.o)
 .comment       0x00000a14       0x2b .\ARM_GCC_441\Debug\PioneerKit_P5LP_USB_Audio.a(CySpc.o)
 .comment       0x00000a3f       0x2b .\ARM_GCC_441\Debug\PioneerKit_P5LP_USB_Audio.a(USBFS_cls.o)
 .comment       0x00000a6a       0x2b .\ARM_GCC_441\Debug\PioneerKit_P5LP_USB_Audio.a(USBFS_descr.o)

.debug_aranges  0x00000000     0x14d8
 *(.debug_aranges)
 .debug_aranges
                0x00000000       0x30 .\ARM_GCC_441\Debug\Cm3Start.o
 .debug_aranges
                0x00000030       0x20 .\ARM_GCC_441\Debug\Timer.o
 .debug_aranges
                0x00000050       0x30 .\ARM_GCC_441\Debug\USBInterface.o
 .debug_aranges
                0x00000080       0x38 .\ARM_GCC_441\Debug\Application.o
 .debug_aranges
                0x000000b8       0xb0 .\ARM_GCC_441\Debug\AudioControl.o
 .debug_aranges
                0x00000168       0x20 .\ARM_GCC_441\Debug\Codec.o
 .debug_aranges
                0x00000188       0x40 .\ARM_GCC_441\Debug\Interrupts.o
 .debug_aranges
                0x000001c8       0x20 .\ARM_GCC_441\Debug\main.o
 .debug_aranges
                0x000001e8       0x38 .\ARM_GCC_441\Debug\PioneerKit_P5LP_USB_Audio.a(PSOC_I2S_SCLK.o)
 .debug_aranges
                0x00000220       0x68 .\ARM_GCC_441\Debug\PioneerKit_P5LP_USB_Audio.a(I2S.o)
 .debug_aranges
                0x00000288       0x30 .\ARM_GCC_441\Debug\PioneerKit_P5LP_USB_Audio.a(AudioClkGen.o)
 .debug_aranges
                0x000002b8       0x28 .\ARM_GCC_441\Debug\PioneerKit_P5LP_USB_Audio.a(TxDMA_dma.o)
 .debug_aranges
                0x000002e0       0x80 .\ARM_GCC_441\Debug\PioneerKit_P5LP_USB_Audio.a(isr_TxDMADone.o)
 .debug_aranges
                0x00000360       0x38 .\ARM_GCC_441\Debug\PioneerKit_P5LP_USB_Audio.a(PSOC_I2S_SDTO.o)
 .debug_aranges
                0x00000398       0x80 .\ARM_GCC_441\Debug\PioneerKit_P5LP_USB_Audio.a(isr_InDMADone.o)
 .debug_aranges
                0x00000418       0x28 .\ARM_GCC_441\Debug\PioneerKit_P5LP_USB_Audio.a(USBInDMA_dma.o)
 .debug_aranges
                0x00000440       0x38 .\ARM_GCC_441\Debug\PioneerKit_P5LP_USB_Audio.a(PSOC_I2S_MCLK.o)
 .debug_aranges
                0x00000478       0x28 .\ARM_GCC_441\Debug\PioneerKit_P5LP_USB_Audio.a(USBOutDMA_dma.o)
 .debug_aranges
                0x000004a0       0x38 .\ARM_GCC_441\Debug\PioneerKit_P5LP_USB_Audio.a(PSOC_SW.o)
 .debug_aranges
                0x000004d8       0x58 .\ARM_GCC_441\Debug\PioneerKit_P5LP_USB_Audio.a(SystemTickTimer.o)
 .debug_aranges
                0x00000530       0x80 .\ARM_GCC_441\Debug\PioneerKit_P5LP_USB_Audio.a(isr_Tick.o)
 .debug_aranges
                0x000005b0       0x38 .\ARM_GCC_441\Debug\PioneerKit_P5LP_USB_Audio.a(PSOC_I2S_LRCLK.o)
 .debug_aranges
                0x000005e8       0x28 .\ARM_GCC_441\Debug\PioneerKit_P5LP_USB_Audio.a(I2S_Tx_DMA_dma.o)
 .debug_aranges
                0x00000610       0x28 .\ARM_GCC_441\Debug\PioneerKit_P5LP_USB_Audio.a(ByteSwap_Tx.o)
 .debug_aranges
                0x00000638       0x70 .\ARM_GCC_441\Debug\PioneerKit_P5LP_USB_Audio.a(clock_CIC.o)
 .debug_aranges
                0x000006a8       0x28 .\ARM_GCC_441\Debug\PioneerKit_P5LP_USB_Audio.a(CICOut_L_dma.o)
 .debug_aranges
                0x000006d0       0x28 .\ARM_GCC_441\Debug\PioneerKit_P5LP_USB_Audio.a(CICOut_R_dma.o)
 .debug_aranges
                0x000006f8       0xd0 .\ARM_GCC_441\Debug\PioneerKit_P5LP_USB_Audio.a(Droop_Filter.o)
 .debug_aranges
                0x000007c8       0x28 .\ARM_GCC_441\Debug\PioneerKit_P5LP_USB_Audio.a(RxDMA_dma.o)
 .debug_aranges
                0x000007f0       0x80 .\ARM_GCC_441\Debug\PioneerKit_P5LP_USB_Audio.a(isr_RxDMADone.o)
 .debug_aranges
                0x00000870       0x70 .\ARM_GCC_441\Debug\PioneerKit_P5LP_USB_Audio.a(AudioClkGen_Clock_SCK.o)
 .debug_aranges
                0x000008e0       0x70 .\ARM_GCC_441\Debug\PioneerKit_P5LP_USB_Audio.a(AudioClkGen_Clock_I2S.o)
 .debug_aranges
                0x00000950       0x20 .\ARM_GCC_441\Debug\PioneerKit_P5LP_USB_Audio.a(CyBootAsmGnu.o)
 .debug_aranges
                0x00000970       0xd8 .\ARM_GCC_441\Debug\PioneerKit_P5LP_USB_Audio.a(CyDmac.o)
 .debug_aranges
                0x00000a48      0x220 .\ARM_GCC_441\Debug\PioneerKit_P5LP_USB_Audio.a(CyLib.o)
 .debug_aranges
                0x00000c68       0xa0 .\ARM_GCC_441\Debug\PioneerKit_P5LP_USB_Audio.a(cyPm.o)
 .debug_aranges
                0x00000d08       0x38 .\ARM_GCC_441\Debug\PioneerKit_P5LP_USB_Audio.a(PSOC_STATUS_LED.o)
 .debug_aranges
                0x00000d40       0xc0 .\ARM_GCC_441\Debug\PioneerKit_P5LP_USB_Audio.a(USBFS.o)
 .debug_aranges
                0x00000e00       0x20 .\ARM_GCC_441\Debug\PioneerKit_P5LP_USB_Audio.a(USBFS_audio.o)
 .debug_aranges
                0x00000e20       0x98 .\ARM_GCC_441\Debug\PioneerKit_P5LP_USB_Audio.a(USBFS_drv.o)
 .debug_aranges
                0x00000eb8       0x50 .\ARM_GCC_441\Debug\PioneerKit_P5LP_USB_Audio.a(USBFS_episr.o)
 .debug_aranges
                0x00000f08       0x48 .\ARM_GCC_441\Debug\PioneerKit_P5LP_USB_Audio.a(USBFS_hid.o)
 .debug_aranges
                0x00000f50       0x40 .\ARM_GCC_441\Debug\PioneerKit_P5LP_USB_Audio.a(USBFS_pm.o)
 .debug_aranges
                0x00000f90       0x80 .\ARM_GCC_441\Debug\PioneerKit_P5LP_USB_Audio.a(USBFS_std.o)
 .debug_aranges
                0x00001010       0x20 .\ARM_GCC_441\Debug\PioneerKit_P5LP_USB_Audio.a(USBFS_vnd.o)
 .debug_aranges
                0x00001030       0x28 .\ARM_GCC_441\Debug\PioneerKit_P5LP_USB_Audio.a(USBFS_ep1_dma.o)
 .debug_aranges
                0x00001058       0x28 .\ARM_GCC_441\Debug\PioneerKit_P5LP_USB_Audio.a(USBFS_ep2_dma.o)
 .debug_aranges
                0x00001080       0x28 .\ARM_GCC_441\Debug\PioneerKit_P5LP_USB_Audio.a(USBFS_ep4_dma.o)
 .debug_aranges
                0x000010a8       0x28 .\ARM_GCC_441\Debug\PioneerKit_P5LP_USB_Audio.a(USBFS_ep6_dma.o)
 .debug_aranges
                0x000010d0       0x80 .\ARM_GCC_441\Debug\PioneerKit_P5LP_USB_Audio.a(isr_CICOverflow.o)
 .debug_aranges
                0x00001150       0xd0 .\ARM_GCC_441\Debug\PioneerKit_P5LP_USB_Audio.a(PDM_CIC.o)
 .debug_aranges
                0x00001220       0x28 .\ARM_GCC_441\Debug\PioneerKit_P5LP_USB_Audio.a(PDM_CIC_DMA_CombD0Update_R_dma.o)
 .debug_aranges
                0x00001248       0x28 .\ARM_GCC_441\Debug\PioneerKit_P5LP_USB_Audio.a(PDM_CIC_DMA_CombD0Update_L_dma.o)
 .debug_aranges
                0x00001270       0x40 .\ARM_GCC_441\Debug\PioneerKit_P5LP_USB_Audio.a(PDM_CIC_Status_Reg.o)
 .debug_aranges
                0x000012b0       0x28 .\ARM_GCC_441\Debug\PioneerKit_P5LP_USB_Audio.a(PDM_CIC_DMA_IntOut_L_dma.o)
 .debug_aranges
                0x000012d8       0x28 .\ARM_GCC_441\Debug\PioneerKit_P5LP_USB_Audio.a(PDM_CIC_DMA_IntOut_R_dma.o)
 .debug_aranges
                0x00001300       0x80 .\ARM_GCC_441\Debug\PioneerKit_P5LP_USB_Audio.a(CyScBoostClk.o)
 .debug_aranges
                0x00001380       0x58 .\ARM_GCC_441\Debug\PioneerKit_P5LP_USB_Audio.a(cyfitter_cfg.o)
 .debug_aranges
                0x000013d8       0x78 .\ARM_GCC_441\Debug\PioneerKit_P5LP_USB_Audio.a(CyFlash.o)
 .debug_aranges
                0x00001450       0x68 .\ARM_GCC_441\Debug\PioneerKit_P5LP_USB_Audio.a(CySpc.o)
 .debug_aranges
                0x000014b8       0x20 .\ARM_GCC_441\Debug\PioneerKit_P5LP_USB_Audio.a(USBFS_cls.o)

.debug_pubnames
                0x00000000     0x3db1
 *(.debug_pubnames)
 .debug_pubnames
                0x00000000       0x66 .\ARM_GCC_441\Debug\Cm3Start.o
 .debug_pubnames
                0x00000066       0x4a .\ARM_GCC_441\Debug\Timer.o
 .debug_pubnames
                0x000000b0       0xbd .\ARM_GCC_441\Debug\USBInterface.o
 .debug_pubnames
                0x0000016d       0xc3 .\ARM_GCC_441\Debug\Application.o
 .debug_pubnames
                0x00000230      0x3fb .\ARM_GCC_441\Debug\AudioControl.o
 .debug_pubnames
                0x0000062b       0x43 .\ARM_GCC_441\Debug\Codec.o
 .debug_pubnames
                0x0000066e       0x87 .\ARM_GCC_441\Debug\Interrupts.o
 .debug_pubnames
                0x000006f5       0x1b .\ARM_GCC_441\Debug\main.o
 .debug_pubnames
                0x00000710       0x7e .\ARM_GCC_441\Debug\PioneerKit_P5LP_USB_Audio.a(PSOC_I2S_SCLK.o)
 .debug_pubnames
                0x0000078e       0xd2 .\ARM_GCC_441\Debug\PioneerKit_P5LP_USB_Audio.a(I2S.o)
 .debug_pubnames
                0x00000860       0x5a .\ARM_GCC_441\Debug\PioneerKit_P5LP_USB_Audio.a(AudioClkGen.o)
 .debug_pubnames
                0x000008ba       0x53 .\ARM_GCC_441\Debug\PioneerKit_P5LP_USB_Audio.a(TxDMA_dma.o)
 .debug_pubnames
                0x0000090d      0x175 .\ARM_GCC_441\Debug\PioneerKit_P5LP_USB_Audio.a(isr_TxDMADone.o)
 .debug_pubnames
                0x00000a82       0x7e .\ARM_GCC_441\Debug\PioneerKit_P5LP_USB_Audio.a(PSOC_I2S_SDTO.o)
 .debug_pubnames
                0x00000b00      0x175 .\ARM_GCC_441\Debug\PioneerKit_P5LP_USB_Audio.a(isr_InDMADone.o)
 .debug_pubnames
                0x00000c75       0x5c .\ARM_GCC_441\Debug\PioneerKit_P5LP_USB_Audio.a(USBInDMA_dma.o)
 .debug_pubnames
                0x00000cd1       0x7e .\ARM_GCC_441\Debug\PioneerKit_P5LP_USB_Audio.a(PSOC_I2S_MCLK.o)
 .debug_pubnames
                0x00000d4f       0x5f .\ARM_GCC_441\Debug\PioneerKit_P5LP_USB_Audio.a(USBOutDMA_dma.o)
 .debug_pubnames
                0x00000dae       0x66 .\ARM_GCC_441\Debug\PioneerKit_P5LP_USB_Audio.a(PSOC_SW.o)
 .debug_pubnames
                0x00000e14      0x110 .\ARM_GCC_441\Debug\PioneerKit_P5LP_USB_Audio.a(SystemTickTimer.o)
 .debug_pubnames
                0x00000f24      0x134 .\ARM_GCC_441\Debug\PioneerKit_P5LP_USB_Audio.a(isr_Tick.o)
 .debug_pubnames
                0x00001058       0x82 .\ARM_GCC_441\Debug\PioneerKit_P5LP_USB_Audio.a(PSOC_I2S_LRCLK.o)
 .debug_pubnames
                0x000010da       0x62 .\ARM_GCC_441\Debug\PioneerKit_P5LP_USB_Audio.a(I2S_Tx_DMA_dma.o)
 .debug_pubnames
                0x0000113c       0x3d .\ARM_GCC_441\Debug\PioneerKit_P5LP_USB_Audio.a(ByteSwap_Tx.o)
 .debug_pubnames
                0x00001179      0x14a .\ARM_GCC_441\Debug\PioneerKit_P5LP_USB_Audio.a(clock_CIC.o)
 .debug_pubnames
                0x000012c3       0x5c .\ARM_GCC_441\Debug\PioneerKit_P5LP_USB_Audio.a(CICOut_L_dma.o)
 .debug_pubnames
                0x0000131f       0x5c .\ARM_GCC_441\Debug\PioneerKit_P5LP_USB_Audio.a(CICOut_R_dma.o)
 .debug_pubnames
                0x0000137b      0x28f .\ARM_GCC_441\Debug\PioneerKit_P5LP_USB_Audio.a(Droop_Filter.o)
 .debug_pubnames
                0x0000160a       0x86 .\ARM_GCC_441\Debug\PioneerKit_P5LP_USB_Audio.a(Droop_Filter_RAM_Data.o)
 .debug_pubnames
                0x00001690       0x53 .\ARM_GCC_441\Debug\PioneerKit_P5LP_USB_Audio.a(RxDMA_dma.o)
 .debug_pubnames
                0x000016e3      0x175 .\ARM_GCC_441\Debug\PioneerKit_P5LP_USB_Audio.a(isr_RxDMADone.o)
 .debug_pubnames
                0x00001858      0x1ce .\ARM_GCC_441\Debug\PioneerKit_P5LP_USB_Audio.a(AudioClkGen_Clock_SCK.o)
 .debug_pubnames
                0x00001a26      0x1ce .\ARM_GCC_441\Debug\PioneerKit_P5LP_USB_Audio.a(AudioClkGen_Clock_I2S.o)
 .debug_pubnames
                0x00001bf4      0x218 .\ARM_GCC_441\Debug\PioneerKit_P5LP_USB_Audio.a(CyDmac.o)
 .debug_pubnames
                0x00001e0c      0x59f .\ARM_GCC_441\Debug\PioneerKit_P5LP_USB_Audio.a(CyLib.o)
 .debug_pubnames
                0x000023ab       0xbb .\ARM_GCC_441\Debug\PioneerKit_P5LP_USB_Audio.a(cyPm.o)
 .debug_pubnames
                0x00002466       0x86 .\ARM_GCC_441\Debug\PioneerKit_P5LP_USB_Audio.a(PSOC_STATUS_LED.o)
 .debug_pubnames
                0x000024ec      0x214 .\ARM_GCC_441\Debug\PioneerKit_P5LP_USB_Audio.a(USBFS.o)
 .debug_pubnames
                0x00002700      0x194 .\ARM_GCC_441\Debug\PioneerKit_P5LP_USB_Audio.a(USBFS_audio.o)
 .debug_pubnames
                0x00002894      0x37c .\ARM_GCC_441\Debug\PioneerKit_P5LP_USB_Audio.a(USBFS_drv.o)
 .debug_pubnames
                0x00002c10       0x9a .\ARM_GCC_441\Debug\PioneerKit_P5LP_USB_Audio.a(USBFS_episr.o)
 .debug_pubnames
                0x00002caa       0xf7 .\ARM_GCC_441\Debug\PioneerKit_P5LP_USB_Audio.a(USBFS_hid.o)
 .debug_pubnames
                0x00002da1       0x73 .\ARM_GCC_441\Debug\PioneerKit_P5LP_USB_Audio.a(USBFS_pm.o)
 .debug_pubnames