Archive member included because of file (symbol)

.\ARM_GCC_441\Debug\KitProg.a(CyBootAsmGnu.o)
                              .\ARM_GCC_441\Debug\swd.o (CyEnterCriticalSection)
.\ARM_GCC_441\Debug\KitProg.a(CyLib.o)
                              .\ARM_GCC_441\Debug\Cm3Start.o (CyResetStatus)
.\ARM_GCC_441\Debug\KitProg.a(cyPm.o)
                              .\ARM_GCC_441\Debug\power.o (CyPmSaveClocks)
.\ARM_GCC_441\Debug\KitProg.a(Clock_I2C.o)
                              .\ARM_GCC_441\Debug\USBFS_HID_interface.o (Clock_I2C_Start)
.\ARM_GCC_441\Debug\KitProg.a(Pin_StatusLED.o)
                              .\ARM_GCC_441\Debug\main.o (Pin_StatusLED_Write)
.\ARM_GCC_441\Debug\KitProg.a(ADC_Voltage_Target.o)
                              .\ARM_GCC_441\Debug\power.o (ADC_Voltage_Target_Start)
.\ARM_GCC_441\Debug\KitProg.a(ADC_Voltage_Target_PM.o)
                              .\ARM_GCC_441\Debug\power.o (ADC_Voltage_Target_Sleep)
.\ARM_GCC_441\Debug\KitProg.a(ADC_Voltage_Target_INT.o)
                              .\ARM_GCC_441\Debug\KitProg.a(ADC_Voltage_Target.o) (ADC_Voltage_Target_ISR1)
.\ARM_GCC_441\Debug\KitProg.a(ADC_Voltage_Target_theACLK.o)
                              .\ARM_GCC_441\Debug\KitProg.a(ADC_Voltage_Target.o) (ADC_Voltage_Target_theACLK_SetDividerRegister)
.\ARM_GCC_441\Debug\KitProg.a(ADC_Voltage_Target_Ext_CP_Clk.o)
                              .\ARM_GCC_441\Debug\KitProg.a(ADC_Voltage_Target.o) (ADC_Voltage_Target_Ext_CP_Clk_SetDividerRegister)
.\ARM_GCC_441\Debug\KitProg.a(ADC_Voltage_Target_AMux.o)
                              .\ARM_GCC_441\Debug\KitProg.a(ADC_Voltage_Target.o) (ADC_Voltage_Target_AMux_Select)
.\ARM_GCC_441\Debug\KitProg.a(AMux.o)
                              .\ARM_GCC_441\Debug\power.o (AMux_Select)
.\ARM_GCC_441\Debug\KitProg.a(Clock_UART.o)
                              .\ARM_GCC_441\Debug\USBFS_HID_interface.o (Clock_UART_Start)
.\ARM_GCC_441\Debug\KitProg.a(I2CHW.o)
                              .\ARM_GCC_441\Debug\USBFS_HID_interface.o (I2CHW_Start)
.\ARM_GCC_441\Debug\KitProg.a(I2CHW_INT.o)
                              .\ARM_GCC_441\Debug\KitProg.a(I2CHW.o) (I2CHW_ISR)
.\ARM_GCC_441\Debug\KitProg.a(I2CHW_MASTER.o)
                              .\ARM_GCC_441\Debug\KitProg.a(I2CHW_INT.o) (I2CHW_mstrStatus)
.\ARM_GCC_441\Debug\KitProg.a(Pin_I2C_SCL.o)
                              .\ARM_GCC_441\Debug\USBFS_HID_interface.o (Pin_I2C_SCL_Write)
.\ARM_GCC_441\Debug\KitProg.a(Pin_I2C_SDA.o)
                              .\ARM_GCC_441\Debug\USBFS_HID_interface.o (Pin_I2C_SDA_Write)
.\ARM_GCC_441\Debug\KitProg.a(Pin_UART_Tx.o)
                              .\ARM_GCC_441\Debug\USBUART.o (Pin_UART_Tx_SetDriveMode)
.\ARM_GCC_441\Debug\KitProg.a(USBFS.o)
                              .\ARM_GCC_441\Debug\main.o (USBFS_Start)
.\ARM_GCC_441\Debug\KitProg.a(USBFS_cdc.o)
                              .\ARM_GCC_441\Debug\USBUART.o (USBFS_CDC_Init)
.\ARM_GCC_441\Debug\KitProg.a(USBFS_drv.o)
                              .\ARM_GCC_441\Debug\USBUART.o (USBFS_EP)
.\ARM_GCC_441\Debug\KitProg.a(USBFS_episr.o)
                              .\ARM_GCC_441\Debug\KitProg.a(USBFS.o) (USBFS_EP_1_ISR)
.\ARM_GCC_441\Debug\KitProg.a(USBFS_hid.o)
                              .\ARM_GCC_441\Debug\KitProg.a(USBFS.o) (USBFS_hidProtocol)
.\ARM_GCC_441\Debug\KitProg.a(USBFS_pm.o)
                              .\ARM_GCC_441\Debug\power.o (USBFS_Suspend)
.\ARM_GCC_441\Debug\KitProg.a(USBFS_std.o)
                              .\ARM_GCC_441\Debug\KitProg.a(USBFS_drv.o) (USBFS_HandleStandardRqst)
.\ARM_GCC_441\Debug\KitProg.a(USBFS_vnd.o)
                              .\ARM_GCC_441\Debug\KitProg.a(USBFS_drv.o) (USBFS_HandleVendorRqst)
.\ARM_GCC_441\Debug\KitProg.a(Bootloadable.o)
                              .\ARM_GCC_441\Debug\USBFS_HID_interface.o (Bootloadable_Load)
.\ARM_GCC_441\Debug\KitProg.a(UART_Bridge.o)
                              .\ARM_GCC_441\Debug\USBUART.o (UART_Bridge_rxBuffer)
.\ARM_GCC_441\Debug\KitProg.a(UART_Bridge_INT.o)
                              .\ARM_GCC_441\Debug\KitProg.a(UART_Bridge.o) (UART_Bridge_RXISR)
.\ARM_GCC_441\Debug\KitProg.a(Pin_SDAPullUp_Enable.o)
                              .\ARM_GCC_441\Debug\USBFS_HID_interface.o (Pin_SDAPullUp_Enable_Write)
.\ARM_GCC_441\Debug\KitProg.a(Pin_SCLPullUp_Enable.o)
                              .\ARM_GCC_441\Debug\USBFS_HID_interface.o (Pin_SCLPullUp_Enable_Write)
.\ARM_GCC_441\Debug\KitProg.a(isr_UsbSuspend.o)
                              .\ARM_GCC_441\Debug\main.o (isr_UsbSuspend_Start)
.\ARM_GCC_441\Debug\KitProg.a(Timer_UsbSuspend.o)
                              .\ARM_GCC_441\Debug\main.o (Timer_UsbSuspend_Start)
.\ARM_GCC_441\Debug\KitProg.a(cyfitter_cfg.o)
                              .\ARM_GCC_441\Debug\KitProg.a(AMux.o) (AMux_Set)
.\ARM_GCC_441\Debug\KitProg.a(CyFlash.o)
[...]
Memory Configuration

Name             Origin             Length             Attributes
rom              0x00004d00         0x0000b2c0         xr
ram              0x1fffe000         0x00002000         xrw
*default*        0x00000000         0xffffffff

Linker script and memory map

LOAD c:/program files/cypress/psoc creator/2.2/psoc creator/import/gnu_cs/arm/4.4.1/bin/../lib/gcc/arm-none-eabi/4.4.1/thumb2/crti.o
LOAD c:/program files/cypress/psoc creator/2.2/psoc creator/import/gnu_cs/arm/4.4.1/bin/../lib/gcc/arm-none-eabi/4.4.1/thumb2/crtbegin.o
START GROUP
LOAD .\ARM_GCC_441\Debug\main.o
LOAD .\ARM_GCC_441\Debug\swd.o
LOAD .\ARM_GCC_441\Debug\commandprocessor.o
LOAD .\ARM_GCC_441\Debug\USBFS_commandinterface.o
LOAD .\ARM_GCC_441\Debug\USBFS_HID_interface.o
LOAD .\ARM_GCC_441\Debug\version.o
LOAD .\ARM_GCC_441\Debug\power.o
LOAD .\ARM_GCC_441\Debug\USBUART.o
LOAD .\ARM_GCC_441\Debug\Cm3Start.o
LOAD .\ARM_GCC_441\Debug\KitProg.a
LOAD C:\Program Files\Cypress\PSoC Creator\2.2\PSoC Creator\psoc\content\cycomponentlibrary\CyComponentLibrary.cylib\CortexM3\ARM_GCC_441\Debug\CyComponentLibrary.a
END GROUP
START GROUP
LOAD c:/program files/cypress/psoc creator/2.2/psoc creator/import/gnu_cs/arm/4.4.1/bin/../lib/gcc/arm-none-eabi/4.4.1/thumb2\libgcc.a
LOAD c:/program files/cypress/psoc creator/2.2/psoc creator/import/gnu_cs/arm/4.4.1/bin/../lib/gcc/arm-none-eabi/4.4.1/../../../../arm-none-eabi/lib/thumb2\libc.a
END GROUP
LOAD c:/program files/cypress/psoc creator/2.2/psoc creator/import/gnu_cs/arm/4.4.1/bin/../lib/gcc/arm-none-eabi/4.4.1/thumb2/crtend.o
LOAD c:/program files/cypress/psoc creator/2.2/psoc creator/import/gnu_cs/arm/4.4.1/bin/../lib/gcc/arm-none-eabi/4.4.1/thumb2/crtn.o
START GROUP
LOAD c:/program files/cypress/psoc creator/2.2/psoc creator/import/gnu_cs/arm/4.4.1/bin/../lib/gcc/arm-none-eabi/4.4.1/thumb2\libgcc.a
LOAD c:/program files/cypress/psoc creator/2.2/psoc creator/import/gnu_cs/arm/4.4.1/bin/../lib/gcc/arm-none-eabi/4.4.1/../../../../arm-none-eabi/lib/thumb2\libc.a
LOAD c:/program files/cypress/psoc creator/2.2/psoc creator/import/gnu_cs/arm/4.4.1/bin/../lib/gcc/arm-none-eabi/4.4.1/../../../../arm-none-eabi/lib/thumb2\libcs3.a
LOAD c:/program files/cypress/psoc creator/2.2/psoc creator/import/gnu_cs/arm/4.4.1/bin/../lib/gcc/arm-none-eabi/4.4.1/../../../../arm-none-eabi/lib/thumb2\libcs3unhosted.a
LOAD c:/program files/cypress/psoc creator/2.2/psoc creator/import/gnu_cs/arm/4.4.1/bin/../lib/gcc/arm-none-eabi/4.4.1/../../../../arm-none-eabi/lib/thumb2\libcs3micro.a
END GROUP
                0x1fffe8f0                PROVIDE (__cs3_heap_start, _end)
                0x00000001                PROVIDE (__cs3_region_num, ((__cs3_regions_end - __cs3_regions) / 0x14))
                0x20002000                PROVIDE (__cs3_stack, 0x20002000)
                0x20001000                PROVIDE (__cs3_heap_end, (__cs3_stack - 0x1000))

.text           0x00004d00     0xc12c
 CREATE_OBJECT_SYMBOLS
                0x00004d00                PROVIDE (__cs3_interrupt_vector, RomVectors)
 *(.romvectors)
 .romvectors    0x00004d00       0x10 .\ARM_GCC_441\Debug\Cm3Start.o
                0x00004d00                RomVectors
 *(.cs3.interrupt_vector)
                0x00004d01                ASSERT ((. != __cs3_interrupt_vector), No interrupt vector)
                0x00008764                PROVIDE (__cs3_reset, Reset)
 *(.cs3.reset)
                0x00004d01                ASSERT ((. != __cs3_reset), No reset code)
 *(.dma_init)
                0x00004d01                ASSERT ((((0x4d00 + .) <= 0x10000) || 0x1), DMA Init must be within the first 64k of flash)
 *(.text.cs3.init)
 .text.cs3.init
                0x00004d10       0x5c c:/program files/cypress/psoc creator/2.2/psoc creator/import/gnu_cs/arm/4.4.1/bin/../lib/gcc/arm-none-eabi/4.4.1/../../../../arm-none-eabi/lib/thumb2\libcs3.a(start_c.o)
                0x00004d10                __cs3_start_c
 *(.text .text.* .gnu.linkonce.t.*)
 .text          0x00004d6c       0x30 c:/program files/cypress/psoc creator/2.2/psoc creator/import/gnu_cs/arm/4.4.1/bin/../lib/gcc/arm-none-eabi/4.4.1/thumb2/crtbegin.o
 .text.main     0x00004d9c      0x10c .\ARM_GCC_441\Debug\main.o
                0x00004d9c                main
 .text.SWDInit  0x00004ea8       0xc4 .\ARM_GCC_441\Debug\swd.o
                0x00004ea8                SWDInit
 .text.SWDHalt  0x00004f6c       0x78 .\ARM_GCC_441\Debug\swd.o
                0x00004f6c                SWDHalt
 .text.SWDClockTrn
                0x00004fe4       0x58 .\ARM_GCC_441\Debug\swd.o
                0x00004fe4                SWDClockTrn
 .text.SWDPutHeaderSegment
                0x0000503c      0x390 .\ARM_GCC_441\Debug\swd.o
                0x0000503c                SWDPutHeaderSegment
 .text.SWDGetAckSegment
                0x000053cc       0xc4 .\ARM_GCC_441\Debug\swd.o
                0x000053cc                SWDGetAckSegment
 .text.SWDPutDataSegment
                0x00005490       0x74 .\ARM_GCC_441\Debug\swd.o
                0x00005490                SWDPutDataSegment
 .text.SWDGetDataSegment
                0x00005504       0x7c .\ARM_GCC_441\Debug\swd.o
                0x00005504                SWDGetDataSegment
 .text.SWDCountBits
                0x00005580       0xec .\ARM_GCC_441\Debug\swd.o
                0x00005580                SWDCountBits
 .text.SWDPutByte
                0x0000566c      0x1b0 .\ARM_GCC_441\Debug\swd.o
                0x0000566c                SWDPutByte
 .text.SWDGetByte
                0x0000581c      0x1a8 .\ARM_GCC_441\Debug\swd.o
                0x0000581c                SWDGetByte
 .text.SWDResetBus
                0x000059c4      0x9f8 .\ARM_GCC_441\Debug\swd.o
                0x000059c4                SWDResetBus
 .text.SWDComputeDataParity
                0x000063bc       0x90 .\ARM_GCC_441\Debug\swd.o
                0x000063bc                SWDComputeDataParity
 .text.SWDAcquirePSoC4
                0x0000644c      0x2bc .\ARM_GCC_441\Debug\swd.o
                0x0000644c                SWDAcquirePSoC4
 .text.SWDPutData
                0x00006708      0x250 .\ARM_GCC_441\Debug\swd.o
                0x00006708                SWDPutData
 .text.SWDGetData
                0x00006958      0x250 .\ARM_GCC_441\Debug\swd.o
                0x00006958                SWDGetData
 .text.ReadSWD  0x00006ba8       0x80 .\ARM_GCC_441\Debug\swd.o
                0x00006ba8                ReadSWD
 .text.WriteSWD
                0x00006c28       0x60 .\ARM_GCC_441\Debug\swd.o
                0x00006c28                WriteSWD
 .text.ReceiveSWDRequest
                0x00006c88       0x78 .\ARM_GCC_441\Debug\swd.o
                0x00006c88                ReceiveSWDRequest
 .text.ProcessSWDRequest
                0x00006d00      0x15c .\ARM_GCC_441\Debug\swd.o
                0x00006d00                ProcessSWDRequest
 .text.SWDLoadUsbIn
                0x00006e5c       0x30 .\ARM_GCC_441\Debug\swd.o
                0x00006e5c                SWDLoadUsbIn
 .text.SendSwdResult
                0x00006e8c       0xf4 .\ARM_GCC_441\Debug\swd.o
                0x00006e8c                SendSwdResult
 .text.HandleSWDRequest
                0x00006f80       0x70 .\ARM_GCC_441\Debug\swd.o
                0x00006f80                HandleSWDRequest
 .text.CmdSWDAcquire
                0x00006ff0       0x94 .\ARM_GCC_441\Debug\swd.o
                0x00006ff0                CmdSWDAcquire
 .text.CmdStatus
                0x00007084       0x40 .\ARM_GCC_441\Debug\commandprocessor.o
                0x00007084                CmdStatus
 .text.CmdReset
                0x000070c4       0x74 .\ARM_GCC_441\Debug\commandprocessor.o
                0x000070c4                CmdReset
 .text.SWDComm  0x00007138      0x10c .\ARM_GCC_441\Debug\commandprocessor.o
                0x00007138                SWDComm
 .text.ProgramInit
                0x00007244       0x28 .\ARM_GCC_441\Debug\USBFS_commandinterface.o
                0x00007244                ProgramInit
 .text.VendorCmd
                0x0000726c      0x128 .\ARM_GCC_441\Debug\USBFS_commandinterface.o
                0x0000726c                VendorCmd
 .text.SendToUSB
                0x00007394       0x30 .\ARM_GCC_441\Debug\USBFS_HID_interface.o
                0x00007394                SendToUSB
 .text.I2CRestart
                0x000073c4       0xc0 .\ARM_GCC_441\Debug\USBFS_HID_interface.o
 .text.I2CTransaction
                0x00007484      0x20c .\ARM_GCC_441\Debug\USBFS_HID_interface.o
 .text.I2CPinPullUpDriveLow
                0x00007690       0x54 .\ARM_GCC_441\Debug\USBFS_HID_interface.o
 .text.I2CPinTriState
                0x000076e4       0x54 .\ARM_GCC_441\Debug\USBFS_HID_interface.o
 .text.I2CPullUpEnable
                0x00007738       0x60 .\ARM_GCC_441\Debug\USBFS_HID_interface.o
                0x00007738                I2CPullUpEnable
 .text.I2CPullUpDisable
                0x00007798       0x54 .\ARM_GCC_441\Debug\USBFS_HID_interface.o
                0x00007798                I2CPullUpDisable
 .text.I2C_DSIBypassDisable
                0x000077ec       0x24 .\ARM_GCC_441\Debug\USBFS_HID_interface.o
                0x000077ec                I2C_DSIBypassDisable
 .text.I2C_DSIBypassEnable
                0x00007810       0x28 .\ARM_GCC_441\Debug\USBFS_HID_interface.o
                0x00007810                I2C_DSIBypassEnable
 .text.HostCommStop
                0x00007838       0x10 .\ARM_GCC_441\Debug\USBFS_HID_interface.o
                0x00007838                HostCommStop
 .text.HostCommInit
                0x00007848       0x20 .\ARM_GCC_441\Debug\USBFS_HID_interface.o
                0x00007848                HostCommInit
 .text.HostComm
                0x00007868      0x55c .\ARM_GCC_441\Debug\USBFS_HID_interface.o
                0x00007868                HostComm
 .text.CheckHWVerPerPin
                0x00007dc4       0x48 .\ARM_GCC_441\Debug\version.o
 .text.GetHWVersion
                0x00007e0c      0x478 .\ARM_GCC_441\Debug\version.o
                0x00007e0c                GetHWVersion
 .text.VoltageMonitorInit
                0x00008284       0x14 .\ARM_GCC_441\Debug\power.o
                0x00008284                VoltageMonitorInit
 .text.GetRange
                0x00008298       0x5c .\ARM_GCC_441\Debug\power.o
                0x00008298                GetRange
 .text.GetVoltage
                0x000082f4       0x54 .\ARM_GCC_441\Debug\power.o
                0x000082f4                GetVoltage
 .text.Convert_To_milliVolts
                0x00008348       0x58 .\ARM_GCC_441\Debug\power.o
                0x00008348                Convert_To_milliVolts
 .text.VoltageMonitorStop
                0x000083a0        0xc .\ARM_GCC_441\Debug\power.o
                0x000083a0                VoltageMonitorStop
 .text.SendPSoCToSleep
                0x000083ac       0x38 .\ARM_GCC_441\Debug\power.o
                0x000083ac                SendPSoCToSleep
 .text.ResumeFromSleep
                0x000083e4       0x3c .\ARM_GCC_441\Debug\power.o
                0x000083e4                ResumeFromSleep
 .text.HandleUSBSuspend
                0x00008420       0x3c .\ARM_GCC_441\Debug\power.o
                0x00008420                HandleUSBSuspend
 .text.UARTBridgeComm
                0x0000845c      0x2d8 .\ARM_GCC_441\Debug\USBUART.o
                0x0000845c                UARTBridgeComm
 .text.USBUARTInit
                0x00008734       0x14 .\ARM_GCC_441\Debug\USBUART.o
                0x00008734                USBUARTInit
 .text.USBUARTStart
                0x00008748       0x14 .\ARM_GCC_441\Debug\USBUART.o
                0x00008748                USBUARTStart
 .text.IntDefaultHandler
                0x0000875c        0x8 .\ARM_GCC_441\Debug\Cm3Start.o
                0x0000875c                IntDefaultHandler
 .text.Reset    0x00008764        0xc .\ARM_GCC_441\Debug\Cm3Start.o
                0x00008764                Reset
 .text.initialize_psoc
                0x00008770       0xb4 .\ARM_GCC_441\Debug\Cm3Start.o
                0x00008770                initialize_psoc
 *fill*         0x00008824        0x4 00
 .text          0x00008828       0x20 .\ARM_GCC_441\Debug\KitProg.a(CyBootAsmGnu.o)
                0x00008828                CyDelayCycles
                0x00008838                CyEnterCriticalSection
                0x00008840                CyExitCriticalSection
 .text.CyPLL_OUT_Start
                0x00008848       0xdc .\ARM_GCC_441\Debug\KitProg.a(CyLib.o)
                0x00008848                CyPLL_OUT_Start
 .text.CyPLL_OUT_Stop
                0x00008924       0x24 .\ARM_GCC_441\Debug\KitProg.a(CyLib.o)
                0x00008924                CyPLL_OUT_Stop
 .text.CyIMO_Start
                0x00008948       0xd0 .\ARM_GCC_441\Debug\KitProg.a(CyLib.o)
                0x00008948                CyIMO_Start
 .text.CyIMO_Stop
                0x00008a18       0x24 .\ARM_GCC_441\Debug\KitProg.a(CyLib.o)
                0x00008a18                CyIMO_Stop
 .text.CyUSB_PowerOnCheck
                0x00008a3c       0x74 .\ARM_GCC_441\Debug\KitProg.a(CyLib.o)
 .text.CyIMO_SetTrimValue
                0x00008ab0      0x144 .\ARM_GCC_441\Debug\KitProg.a(CyLib.o)
 .text.CyIMO_SetFreq
                0x00008bf4      0x1e4 .\ARM_GCC_441\Debug\KitProg.a(CyLib.o)
                0x00008bf4                CyIMO_SetFreq
 .text.CyIMO_SetSource
                0x00008dd8       0xb8 .\ARM_GCC_441\Debug\KitProg.a(CyLib.o)
                0x00008dd8                CyIMO_SetSource
 .text.CyIMO_EnableDoubler
                0x00008e90       0x28 .\ARM_GCC_441\Debug\KitProg.a(CyLib.o)
                0x00008e90                CyIMO_EnableDoubler
 .text.CyIMO_DisableDoubler
                0x00008eb8       0x24 .\ARM_GCC_441\Debug\KitProg.a(CyLib.o)
                0x00008eb8                CyIMO_DisableDoubler
 .text.CyMasterClk_SetSource
                0x00008edc       0x3c .\ARM_GCC_441\Debug\KitProg.a(CyLib.o)
                0x00008edc                CyMasterClk_SetSource
 .text.CyMasterClk_SetDivider
                0x00008f18       0x20 .\ARM_GCC_441\Debug\KitProg.a(CyLib.o)
                0x00008f18                CyMasterClk_SetDivider
 .text.CyBusClk_Internal_SetDivider
                0x00008f38       0x9c .\ARM_GCC_441\Debug\KitProg.a(CyLib.o)
 .text.CyBusClk_SetDivider
                0x00008fd4       0xcc .\ARM_GCC_441\Debug\KitProg.a(CyLib.o)
                0x00008fd4                CyBusClk_SetDivider
 .text.CyILO_Start100K
                0x000090a0       0x28 .\ARM_GCC_441\Debug\KitProg.a(CyLib.o)
                0x000090a0                CyILO_Start100K
 .text.CyILO_Stop100K
                0x000090c8       0x24 .\ARM_GCC_441\Debug\KitProg.a(CyLib.o)
                0x000090c8                CyILO_Stop100K
 .text.CyXTAL_Start
                0x000090ec      0x100 .\ARM_GCC_441\Debug\KitProg.a(CyLib.o)
                0x000090ec                CyXTAL_Start
 .text.CyXTAL_Stop
                0x000091ec       0x24 .\ARM_GCC_441\Debug\KitProg.a(CyLib.o)
                0x000091ec                CyXTAL_Stop
 .text.CyHalt   0x00009210       0x18 .\ARM_GCC_441\Debug\KitProg.a(CyLib.o)
                0x00009210                CyHalt
 .text.CySoftwareReset
                0x00009228       0x18 .\ARM_GCC_441\Debug\KitProg.a(CyLib.o)
                0x00009228                CySoftwareReset
 .text.CyDelay  0x00009240       0x48 .\ARM_GCC_441\Debug\KitProg.a(CyLib.o)
                0x00009240                CyDelay
 .text.CyDelayUs
                0x00009288       0x28 .\ARM_GCC_441\Debug\KitProg.a(CyLib.o)
                0x00009288                CyDelayUs
 .text.CyIntSetVector
                0x000092b0       0x60 .\ARM_GCC_441\Debug\KitProg.a(CyLib.o)
                0x000092b0                CyIntSetVector
 .text.CyIntSetPriority
                0x00009310       0x4c .\ARM_GCC_441\Debug\KitProg.a(CyLib.o)
                0x00009310                CyIntSetPriority
 .text.CyPmSaveClocks
                0x0000935c      0x350 .\ARM_GCC_441\Debug\KitProg.a(cyPm.o)
                0x0000935c                CyPmSaveClocks
 .text.CyPmRestoreClocks
                0x000096ac      0x3f8 .\ARM_GCC_441\Debug\KitProg.a(cyPm.o)
                0x000096ac                CyPmRestoreClocks
 .text.CyPmSleep
                0x00009aa4      0x218 .\ARM_GCC_441\Debug\KitProg.a(cyPm.o)
                0x00009aa4                CyPmSleep
 .text.CyPmReadStatus
                0x00009cbc       0x7c .\ARM_GCC_441\Debug\KitProg.a(cyPm.o)
                0x00009cbc                CyPmReadStatus
 .text.CyPmFtwSetInterval
                0x00009d38       0xdc .\ARM_GCC_441\Debug\KitProg.a(cyPm.o)
                0x00009d38                CyPmFtwSetInterval
 .text.CyPmSlpSaveSet
                0x00009e14        0xc .\ARM_GCC_441\Debug\KitProg.a(cyPm.o)
 .text.CyPmSlpRestore
                0x00009e20        0xc .\ARM_GCC_441\Debug\KitProg.a(cyPm.o)
 .text.CyPmHibSlpSaveSet
                0x00009e2c      0x454 .\ARM_GCC_441\Debug\KitProg.a(cyPm.o)
 .text.CyPmHibSlpRestore
                0x0000a280      0x270 .\ARM_GCC_441\Debug\KitProg.a(cyPm.o)
 .text.Clock_I2C_Start
                0x0000a4f0       0x44 .\ARM_GCC_441\Debug\KitProg.a(Clock_I2C.o)
                0x0000a4f0                Clock_I2C_Start
 .text.Clock_I2C_SetDividerRegister
                0x0000a534      0x1e8 .\ARM_GCC_441\Debug\KitProg.a(Clock_I2C.o)
                0x0000a534                Clock_I2C_SetDividerRegister
 .text.Clock_I2C_GetDividerRegister
                0x0000a71c       0x18 .\ARM_GCC_441\Debug\KitProg.a(Clock_I2C.o)
                0x0000a71c                Clock_I2C_GetDividerRegister
 .text.Clock_I2C_GetSourceRegister
                0x0000a734       0x1c .\ARM_GCC_441\Debug\KitProg.a(Clock_I2C.o)
                0x0000a734                Clock_I2C_GetSourceRegister
 .text.Pin_StatusLED_Write
                0x0000a750       0x44 .\ARM_GCC_441\Debug\KitProg.a(Pin_StatusLED.o)
                0x0000a750                Pin_StatusLED_Write
 .text.ADC_Voltage_Target_Init
                0x0000a794       0x34 .\ARM_GCC_441\Debug\KitProg.a(ADC_Voltage_Target.o)
                0x0000a794                ADC_Voltage_Target_Init
 .text.ADC_Voltage_Target_Enable
                0x0000a7c8      0x1a4 .\ARM_GCC_441\Debug\KitProg.a(ADC_Voltage_Target.o)
                0x0000a7c8                ADC_Voltage_Target_Enable
 .text.ADC_Voltage_Target_Start
                0x0000a96c       0x3c .\ARM_GCC_441\Debug\KitProg.a(ADC_Voltage_Target.o)
                0x0000a96c                ADC_Voltage_Target_Start
 .text.ADC_Voltage_Target_Stop
                0x0000a9a8      0x1d0 .\ARM_GCC_441\Debug\KitProg.a(ADC_Voltage_Target.o)
                0x0000a9a8                ADC_Voltage_Target_Stop
 .text.ADC_Voltage_Target_StartConvert
                0x0000ab78       0x28 .\ARM_GCC_441\Debug\KitProg.a(ADC_Voltage_Target.o)
                0x0000ab78                ADC_Voltage_Target_StartConvert
 .text.ADC_Voltage_Target_IsEndConversion
                0x0000aba0       0x60 .\ARM_GCC_441\Debug\KitProg.a(ADC_Voltage_Target.o)
                0x0000aba0                ADC_Voltage_Target_IsEndConversion
 .text.ADC_Voltage_Target_GetResult16
                0x0000ac00       0x24 .\ARM_GCC_441\Debug\KitProg.a(ADC_Voltage_Target.o)
                0x0000ac00                ADC_Voltage_Target_GetResult16
 .text.ADC_Voltage_Target_InitConfig
                0x0000ac24      0x2d8 .\ARM_GCC_441\Debug\KitProg.a(ADC_Voltage_Target.o)
                0x0000ac24                ADC_Voltage_Target_InitConfig
 .text.ADC_Voltage_Target_GainCompensation
                0x0000aefc      0x19c .\ARM_GCC_441\Debug\KitProg.a(ADC_Voltage_Target.o)
                0x0000aefc                ADC_Voltage_Target_GainCompensation
 .text.ADC_Voltage_Target_SetDSMRef0Reg
                0x0000b098       0x94 .\ARM_GCC_441\Debug\KitProg.a(ADC_Voltage_Target.o)
                0x0000b098                ADC_Voltage_Target_SetDSMRef0Reg
 .text.ADC_Voltage_Target_SaveConfig
                0x0000b12c       0x20 .\ARM_GCC_441\Debug\KitProg.a(ADC_Voltage_Target_PM.o)
                0x0000b12c                ADC_Voltage_Target_SaveConfig
 .text.ADC_Voltage_Target_RestoreConfig
                0x0000b14c       0x20 .\ARM_GCC_441\Debug\KitProg.a(ADC_Voltage_Target_PM.o)
                0x0000b14c                ADC_Voltage_Target_RestoreConfig
 .text.ADC_Voltage_Target_Sleep
                0x0000b16c       0x58 .\ARM_GCC_441\Debug\KitProg.a(ADC_Voltage_Target_PM.o)
                0x0000b16c                ADC_Voltage_Target_Sleep
 .text.ADC_Voltage_Target_Wakeup
                0x0000b1c4       0x34 .\ARM_GCC_441\Debug\KitProg.a(ADC_Voltage_Target_PM.o)
                0x0000b1c4                ADC_Voltage_Target_Wakeup
 .text.ADC_Voltage_Target_ISR1
                0x0000b1f8        0xc .\ARM_GCC_441\Debug\KitProg.a(ADC_Voltage_Target_INT.o)
                0x0000b1f8                ADC_Voltage_Target_ISR1
 .text.ADC_Voltage_Target_theACLK_SetModeRegister
                0x0000b204       0x38 .\ARM_GCC_441\Debug\KitProg.a(ADC_Voltage_Target_theACLK.o)
                0x0000b204                ADC_Voltage_Target_theACLK_SetModeRegister
 .text.ADC_Voltage_Target_Ext_CP_Clk_SetModeRegister
                0x0000b23c       0x38 .\ARM_GCC_441\Debug\KitProg.a(ADC_Voltage_Target_Ext_CP_Clk.o)
                0x0000b23c                ADC_Voltage_Target_Ext_CP_Clk_SetModeRegister
 .text.ADC_Voltage_Target_AMux_Start
                0x0000b274       0x3c .\ARM_GCC_441\Debug\KitProg.a(ADC_Voltage_Target_AMux.o)
                0x0000b274                ADC_Voltage_Target_AMux_Start
 .text.ADC_Voltage_Target_AMux_Select
                0x0000b2b0       0x2c .\ARM_GCC_441\Debug\KitProg.a(ADC_Voltage_Target_AMux.o)
                0x0000b2b0                ADC_Voltage_Target_AMux_Select
 .text.AMux_Start
                0x0000b2dc       0x3c .\ARM_GCC_441\Debug\KitProg.a(AMux.o)
                0x0000b2dc                AMux_Start
 .text.AMux_Select
                0x0000b318       0x2c .\ARM_GCC_441\Debug\KitProg.a(AMux.o)
                0x0000b318                AMux_Select
 .text.Clock_UART_Start
                0x0000b344       0x44 .\ARM_GCC_441\Debug\KitProg.a(Clock_UART.o)
                0x0000b344                Clock_UART_Start
 .text.Clock_UART_SetDividerRegister
                0x0000b388      0x1e4 .\ARM_GCC_441\Debug\KitProg.a(Clock_UART.o)
                0x0000b388                Clock_UART_SetDividerRegister
 .text.Clock_UART_GetDividerRegister
                0x0000b56c       0x18 .\ARM_GCC_441\Debug\KitProg.a(Clock_UART.o)
                0x0000b56c                Clock_UART_GetDividerRegister
 .text.Clock_UART_GetSourceRegister
                0x0000b584       0x1c .\ARM_GCC_441\Debug\KitProg.a(Clock_UART.o)
                0x0000b584                Clock_UART_GetSourceRegister
 .text.I2CHW_Init
                0x0000b5a0       0xb8 .\ARM_GCC_441\Debug\KitProg.a(I2CHW.o)
                0x0000b5a0                I2CHW_Init
 .text.I2CHW_Enable
                0x0000b658       0x28 .\ARM_GCC_441\Debug\KitProg.a(I2CHW.o)
                0x0000b658                I2CHW_Enable
 .text.I2CHW_Start
                0x0000b680       0x38 .\ARM_GCC_441\Debug\KitProg.a(I2CHW.o)
                0x0000b680                I2CHW_Start
 .text.I2CHW_Stop
                0x0000b6b8       0x74 .\ARM_GCC_441\Debug\KitProg.a(I2CHW.o)
                0x0000b6b8                I2CHW_Stop
 .text.I2CHW_ISR
                0x0000b72c      0x5f4 .\ARM_GCC_441\Debug\KitProg.a(I2CHW_INT.o)
                0x0000b72c                I2CHW_ISR
 .text.I2CHW_MasterSendStart
                0x0000bd20       0xfc .\ARM_GCC_441\Debug\KitProg.a(I2CHW_MASTER.o)
                0x0000bd20                I2CHW_MasterSendStart
 .text.I2CHW_MasterSendRestart
                0x0000be1c       0xec .\ARM_GCC_441\Debug\KitProg.a(I2CHW_MASTER.o)
                0x0000be1c                I2CHW_MasterSendRestart
 .text.I2CHW_MasterSendStop
                0x0000bf08       0x88 .\ARM_GCC_441\Debug\KitProg.a(I2CHW_MASTER.o)
                0x0000bf08                I2CHW_MasterSendStop
 .text.I2CHW_MasterWriteByte
                0x0000bf90       0xd0 .\ARM_GCC_441\Debug\KitProg.a(I2CHW_MASTER.o)
                0x0000bf90                I2CHW_MasterWriteByte
 .text.I2CHW_MasterReadByte
                0x0000c060       0xec .\ARM_GCC_441\Debug\KitProg.a(I2CHW_MASTER.o)
                0x0000c060                I2CHW_MasterReadByte
 .text.I2CHW_MasterClearStatus
                0x0000c14c       0x30 .\ARM_GCC_441\Debug\KitProg.a(I2CHW_MASTER.o)
                0x0000c14c                I2CHW_MasterClearStatus
 .text.I2CHW_MasterClearReadBuf
                0x0000c17c       0x34 .\ARM_GCC_441\Debug\KitProg.a(I2CHW_MASTER.o)
                0x0000c17c                I2CHW_MasterClearReadBuf
 .text.I2CHW_MasterClearWriteBuf
                0x0000c1b0       0x34 .\ARM_GCC_441\Debug\KitProg.a(I2CHW_MASTER.o)
                0x0000c1b0                I2CHW_MasterClearWriteBuf
 .text.I2CHW_Workaround
                0x0000c1e4        0xc .\ARM_GCC_441\Debug\KitProg.a(I2CHW_MASTER.o)
                0x0000c1e4                I2CHW_Workaround
 .text.Pin_I2C_SCL_Write
                0x0000c1f0       0x40 .\ARM_GCC_441\Debug\KitProg.a(Pin_I2C_SCL.o)
                0x0000c1f0                Pin_I2C_SCL_Write
 .text.Pin_I2C_SCL_Read
                0x0000c230       0x1c .\ARM_GCC_441\Debug\KitProg.a(Pin_I2C_SCL.o)
                0x0000c230                Pin_I2C_SCL_Read
 .text.Pin_I2C_SDA_Write
                0x0000c24c       0x44 .\ARM_GCC_441\Debug\KitProg.a(Pin_I2C_SDA.o)
                0x0000c24c                Pin_I2C_SDA_Write
 .text.Pin_I2C_SDA_Read
                0x0000c290       0x24 .\ARM_GCC_441\Debug\KitProg.a(Pin_I2C_SDA.o)
                0x0000c290                Pin_I2C_SDA_Read
 .text.Pin_UART_Tx_SetDriveMode
                0x0000c2b4       0x40 .\ARM_GCC_441\Debug\KitProg.a(Pin_UART_Tx.o)
                0x0000c2b4                Pin_UART_Tx_SetDriveMode
 .text.USBFS_Start
                0x0000c2f4       0x44 .\ARM_GCC_441\Debug\KitProg.a(USBFS.o)
                0x0000c2f4                USBFS_Start
 .text.USBFS_Init
                0x0000c338      0x29c .\ARM_GCC_441\Debug\KitProg.a(USBFS.o)
                0x0000c338                USBFS_Init
 .text.USBFS_InitComponent
                0x0000c5d4      0x194 .\ARM_GCC_441\Debug\KitProg.a(USBFS.o)
                0x0000c5d4                USBFS_InitComponent
 .text.USBFS_ReInitComponent
                0x0000c768       0xb4 .\ARM_GCC_441\Debug\KitProg.a(USBFS.o)
                0x0000c768                USBFS_ReInitComponent
 .text.USBFS_Stop
                0x0000c81c      0x144 .\ARM_GCC_441\Debug\KitProg.a(USBFS.o)
                0x0000c81c                USBFS_Stop
 .text.USBFS_CheckActivity
                0x0000c960       0x3c .\ARM_GCC_441\Debug\KitProg.a(USBFS.o)
                0x0000c960                USBFS_CheckActivity
 .text.USBFS_GetConfiguration
                0x0000c99c       0x18 .\ARM_GCC_441\Debug\KitProg.a(USBFS.o)
                0x0000c99c                USBFS_GetConfiguration
 .text.USBFS_IsConfigurationChanged
                0x0000c9b4       0x44 .\ARM_GCC_441\Debug\KitProg.a(USBFS.o)
                0x0000c9b4                USBFS_IsConfigurationChanged
 .text.USBFS_GetEPState
                0x0000c9f8       0x34 .\ARM_GCC_441\Debug\KitProg.a(USBFS.o)
                0x0000c9f8                USBFS_GetEPState
 .text.USBFS_GetEPCount
                0x0000ca2c       0x70 .\ARM_GCC_441\Debug\KitProg.a(USBFS.o)
                0x0000ca2c                USBFS_GetEPCount
 .text.USBFS_LoadInEP
                0x0000ca9c      0x158 .\ARM_GCC_441\Debug\KitProg.a(USBFS.o)
                0x0000ca9c                USBFS_LoadInEP
 .text.USBFS_ReadOutEP
                0x0000cbf4       0x98 .\ARM_GCC_441\Debug\KitProg.a(USBFS.o)
                0x0000cbf4                USBFS_ReadOutEP
 .text.USBFS_EnableOutEP
                0x0000cc8c       0x78 .\ARM_GCC_441\Debug\KitProg.a(USBFS.o)
                0x0000cc8c                USBFS_EnableOutEP
 .text.USBFS_GetEPAckState
                0x0000cd04       0x50 .\ARM_GCC_441\Debug\KitProg.a(USBFS.o)
                0x0000cd04                USBFS_GetEPAckState
 .text.USBFS_VBusPresent
                0x0000cd54       0x2c .\ARM_GCC_441\Debug\KitProg.a(USBFS.o)
                0x0000cd54                USBFS_VBusPresent
 .text.USBFS_DispatchCDCClassRqst
                0x0000cd80      0x114 .\ARM_GCC_441\Debug\KitProg.a(USBFS_cdc.o)
                0x0000cd80                USBFS_DispatchCDCClassRqst
 .text.USBFS_CDC_Init
                0x0000ce94       0x28 .\ARM_GCC_441\Debug\KitProg.a(USBFS_cdc.o)
                0x0000ce94                USBFS_CDC_Init
 .text.USBFS_IsLineChanged
                0x0000cebc       0x54 .\ARM_GCC_441\Debug\KitProg.a(USBFS_cdc.o)
                0x0000cebc                USBFS_IsLineChanged
 .text.USBFS_GetDTERate
                0x0000cf10       0x24 .\ARM_GCC_441\Debug\KitProg.a(USBFS_cdc.o)
                0x0000cf10                USBFS_GetDTERate
 .text.USBFS_EP_0_ISR
                0x0000cf34      0x144 .\ARM_GCC_441\Debug\KitProg.a(USBFS_drv.o)
                0x0000cf34                USBFS_EP_0_ISR
 .text.USBFS_HandleSetup
                0x0000d078       0xa4 .\ARM_GCC_441\Debug\KitProg.a(USBFS_drv.o)
                0x0000d078                USBFS_HandleSetup
 .text.USBFS_HandleIN
                0x0000d11c       0x4c .\ARM_GCC_441\Debug\KitProg.a(USBFS_drv.o)
                0x0000d11c                USBFS_HandleIN
 .text.USBFS_HandleOUT
                0x0000d168       0x5c .\ARM_GCC_441\Debug\KitProg.a(USBFS_drv.o)
                0x0000d168                USBFS_HandleOUT
 .text.USBFS_LoadEP0
                0x0000d1c4      0x15c .\ARM_GCC_441\Debug\KitProg.a(USBFS_drv.o)
                0x0000d1c4                USBFS_LoadEP0
 .text.USBFS_InitControlRead
                0x0000d320       0x94 .\ARM_GCC_441\Debug\KitProg.a(USBFS_drv.o)
                0x0000d320                USBFS_InitControlRead
 .text.USBFS_InitZeroLengthControlTransfer
                0x0000d3b4       0x58 .\ARM_GCC_441\Debug\KitProg.a(USBFS_drv.o)
                0x0000d3b4                USBFS_InitZeroLengthControlTransfer
 .text.USBFS_ControlReadDataStage
                0x0000d40c        0xc .\ARM_GCC_441\Debug\KitProg.a(USBFS_drv.o)
                0x0000d40c                USBFS_ControlReadDataStage
 .text.USBFS_ControlReadStatusStage
                0x0000d418       0x54 .\ARM_GCC_441\Debug\KitProg.a(USBFS_drv.o)
                0x0000d418                USBFS_ControlReadStatusStage
 .text.USBFS_InitControlWrite
                0x0000d46c       0x88 .\ARM_GCC_441\Debug\KitProg.a(USBFS_drv.o)
                0x0000d46c                USBFS_InitControlWrite
 .text.USBFS_ControlWriteDataStage
                0x0000d4f4      0x114 .\ARM_GCC_441\Debug\KitProg.a(USBFS_drv.o)
                0x0000d4f4                USBFS_ControlWriteDataStage
 .text.USBFS_ControlWriteStatusStage
                0x0000d608       0x2c .\ARM_GCC_441\Debug\KitProg.a(USBFS_drv.o)
                0x0000d608                USBFS_ControlWriteStatusStage
 .text.USBFS_InitNoDataControlTransfer
                0x0000d634       0x48 .\ARM_GCC_441\Debug\KitProg.a(USBFS_drv.o)
                0x0000d634                USBFS_InitNoDataControlTransfer
 .text.USBFS_NoDataControlStatusStage
                0x0000d67c       0x68 .\ARM_GCC_441\Debug\KitProg.a(USBFS_drv.o)
                0x0000d67c                USBFS_NoDataControlStatusStage
 .text.USBFS_UpdateStatusBlock
                0x0000d6e4       0x58 .\ARM_GCC_441\Debug\KitProg.a(USBFS_drv.o)
                0x0000d6e4                USBFS_UpdateStatusBlock
 .text.USBFS_InitializeStatusBlock
                0x0000d73c       0x48 .\ARM_GCC_441\Debug\KitProg.a(USBFS_drv.o)
                0x0000d73c                USBFS_InitializeStatusBlock
 .text.USBFS_EP_1_ISR
                0x0000d784       0x70 .\ARM_GCC_441\Debug\KitProg.a(USBFS_episr.o)
                0x0000d784                USBFS_EP_1_ISR
 .text.USBFS_EP_2_ISR
                0x0000d7f4       0x70 .\ARM_GCC_441\Debug\KitProg.a(USBFS_episr.o)
                0x0000d7f4                USBFS_EP_2_ISR
 .text.USBFS_EP_3_ISR
                0x0000d864       0x78 .\ARM_GCC_441\Debug\KitProg.a(USBFS_episr.o)
                0x0000d864                USBFS_EP_3_ISR
 .text.USBFS_EP_4_ISR
                0x0000d8dc       0x78 .\ARM_GCC_441\Debug\KitProg.a(USBFS_episr.o)
                0x0000d8dc                USBFS_EP_4_ISR
 .text.USBFS_EP_5_ISR
                0x0000d954       0x78 .\ARM_GCC_441\Debug\KitProg.a(USBFS_episr.o)
                0x0000d954                USBFS_EP_5_ISR
 .text.USBFS_EP_6_ISR
                0x0000d9cc       0x78 .\ARM_GCC_441\Debug\KitProg.a(USBFS_episr.o)
                0x0000d9cc                USBFS_EP_6_ISR
 .text.USBFS_EP_7_ISR
                0x0000da44       0x78 .\ARM_GCC_441\Debug\KitProg.a(USBFS_episr.o)
                0x0000da44                USBFS_EP_7_ISR
 .text.USBFS_SOF_ISR
                0x0000dabc        0xc .\ARM_GCC_441\Debug\KitProg.a(USBFS_episr.o)
                0x0000dabc                USBFS_SOF_ISR
 .text.USBFS_BUS_RESET_ISR
                0x0000dac8       0x18 .\ARM_GCC_441\Debug\KitProg.a(USBFS_episr.o)
                0x0000dac8                USBFS_BUS_RESET_ISR
 .text.USBFS_DispatchHIDClassRqst
                0x0000dae0      0x2b8 .\ARM_GCC_441\Debug\KitProg.a(USBFS_hid.o)
                0x0000dae0                USBFS_DispatchHIDClassRqst
 .text.USBFS_FindHidClassDecriptor
                0x0000dd98       0x9c .\ARM_GCC_441\Debug\KitProg.a(USBFS_hid.o)
                0x0000dd98                USBFS_FindHidClassDecriptor
 .text.USBFS_FindReportDescriptor
                0x0000de34       0xb4 .\ARM_GCC_441\Debug\KitProg.a(USBFS_hid.o)
                0x0000de34                USBFS_FindReportDescriptor
 .text.USBFS_FindReport
                0x0000dee8      0x104 .\ARM_GCC_441\Debug\KitProg.a(USBFS_hid.o)
                0x0000dee8                USBFS_FindReport
 .text.USBFS_DP_ISR
                0x0000dfec       0x14 .\ARM_GCC_441\Debug\KitProg.a(USBFS_pm.o)
                0x0000dfec                USBFS_DP_ISR
 .text.USBFS_RestoreConfig
                0x0000e000       0x1c .\ARM_GCC_441\Debug\KitProg.a(USBFS_pm.o)
                0x0000e000                USBFS_RestoreConfig
 .text.USBFS_Suspend
                0x0000e01c      0x198 .\ARM_GCC_441\Debug\KitProg.a(USBFS_pm.o)
                0x0000e01c                USBFS_Suspend
 .text.USBFS_Resume
                0x0000e1b4      0x16c .\ARM_GCC_441\Debug\KitProg.a(USBFS_pm.o)
                0x0000e1b4                USBFS_Resume
 .text.USBFS_HandleStandardRqst
                0x0000e320      0x638 .\ARM_GCC_441\Debug\KitProg.a(USBFS_std.o)
                0x0000e320                USBFS_HandleStandardRqst
 .text.USBFS_ReadDieID
                0x0000e958       0x98 .\ARM_GCC_441\Debug\KitProg.a(USBFS_std.o)
                0x0000e958                USBFS_ReadDieID
 .text.USBFS_ConfigReg
                0x0000e9f0      0x208 .\ARM_GCC_441\Debug\KitProg.a(USBFS_std.o)
                0x0000e9f0                USBFS_ConfigReg
 .text.USBFS_Config
                0x0000ebf8      0x494 .\ARM_GCC_441\Debug\KitProg.a(USBFS_std.o)
                0x0000ebf8                USBFS_Config
 .text.USBFS_ConfigAltChanged
                0x0000f08c      0x360 .\ARM_GCC_441\Debug\KitProg.a(USBFS_std.o)
                0x0000f08c                USBFS_ConfigAltChanged
 .text.USBFS_GetConfigTablePtr
                0x0000f3ec       0x2c .\ARM_GCC_441\Debug\KitProg.a(USBFS_std.o)
                0x0000f3ec                USBFS_GetConfigTablePtr
 .text.USBFS_GetDeviceTablePtr
                0x0000f418       0x28 .\ARM_GCC_441\Debug\KitProg.a(USBFS_std.o)
                0x0000f418                USBFS_GetDeviceTablePtr
 .text.USBFS_GetInterfaceClassTablePtr
                0x0000f440       0x50 .\ARM_GCC_441\Debug\KitProg.a(USBFS_std.o)
                0x0000f440                USBFS_GetInterfaceClassTablePtr
 .text.USBFS_SetEndpointHalt
                0x0000f490      0x130 .\ARM_GCC_441\Debug\KitProg.a(USBFS_std.o)
                0x0000f490                USBFS_SetEndpointHalt
 .text.USBFS_ClearEndpointHalt
                0x0000f5c0      0x1b8 .\ARM_GCC_441\Debug\KitProg.a(USBFS_std.o)
                0x0000f5c0                USBFS_ClearEndpointHalt
 .text.USBFS_ValidateAlternateSetting
                0x0000f778       0x94 .\ARM_GCC_441\Debug\KitProg.a(USBFS_std.o)
                0x0000f778                USBFS_ValidateAlternateSetting
 .text.USBFS_HandleVendorRqst
                0x0000f80c       0x40 .\ARM_GCC_441\Debug\KitProg.a(USBFS_vnd.o)
                0x0000f80c                USBFS_HandleVendorRqst
 .text.Bootloadable_Load
                0x0000f84c       0x28 .\ARM_GCC_441\Debug\KitProg.a(Bootloadable.o)
                0x0000f84c                Bootloadable_Load
 .text.UART_Bridge_Start
                0x0000f874       0x2c .\ARM_GCC_441\Debug\KitProg.a(UART_Bridge.o)
                0x0000f874                UART_Bridge_Start
 .text.UART_Bridge_Init
                0x0000f8a0       0x84 .\ARM_GCC_441\Debug\KitProg.a(UART_Bridge.o)
                0x0000f8a0                UART_Bridge_Init
 .text.UART_Bridge_Enable
                0x0000f924       0x90 .\ARM_GCC_441\Debug\KitProg.a(UART_Bridge.o)
                0x0000f924                UART_Bridge_Enable
 .text.UART_Bridge_Stop
                0x0000f9b4       0x74 .\ARM_GCC_441\Debug\KitProg.a(UART_Bridge.o)
                0x0000f9b4                UART_Bridge_Stop
 .text.UART_Bridge_EnableRxInt
                0x0000fa28       0x18 .\ARM_GCC_441\Debug\KitProg.a(UART_Bridge.o)
                0x0000fa28                UART_Bridge_EnableRxInt
 .text.UART_Bridge_DisableRxInt
                0x0000fa40       0x18 .\ARM_GCC_441\Debug\KitProg.a(UART_Bridge.o)
                0x0000fa40                UART_Bridge_DisableRxInt
 .text.UART_Bridge_ReadRxStatus
                0x0000fa58       0x50 .\ARM_GCC_441\Debug\KitProg.a(UART_Bridge.o)
                0x0000fa58                UART_Bridge_ReadRxStatus
 .text.UART_Bridge_GetRxBufferSize
                0x0000faa8       0xb8 .\ARM_GCC_441\Debug\KitProg.a(UART_Bridge.o)
                0x0000faa8                UART_Bridge_GetRxBufferSize
 .text.UART_Bridge_ClearRxBuffer
                0x0000fb60       0x94 .\ARM_GCC_441\Debug\KitProg.a(UART_Bridge.o)
                0x0000fb60                UART_Bridge_ClearRxBuffer
 .text.UART_Bridge_EnableTxInt
                0x0000fbf4       0x18 .\ARM_GCC_441\Debug\KitProg.a(UART_Bridge.o)
                0x0000fbf4                UART_Bridge_EnableTxInt
 .text.UART_Bridge_DisableTxInt
                0x0000fc0c       0x18 .\ARM_GCC_441\Debug\KitProg.a(UART_Bridge.o)
                0x0000fc0c                UART_Bridge_DisableTxInt
 .text.UART_Bridge_PutChar
                0x0000fc24       0xb8 .\ARM_GCC_441\Debug\KitProg.a(UART_Bridge.o)
                0x0000fc24                UART_Bridge_PutChar
 .text.UART_Bridge_PutArray
                0x0000fcdc       0x48 .\ARM_GCC_441\Debug\KitProg.a(UART_Bridge.o)
                0x0000fcdc                UART_Bridge_PutArray
 .text.UART_Bridge_ClearTxBuffer
                0x0000fd24       0x78 .\ARM_GCC_441\Debug\KitProg.a(UART_Bridge.o)
                0x0000fd24                UART_Bridge_ClearTxBuffer
 .text.UART_Bridge_RXISR
                0x0000fd9c       0xf0 .\ARM_GCC_441\Debug\KitProg.a(UART_Bridge_INT.o)
                0x0000fd9c                UART_Bridge_RXISR
 .text.UART_Bridge_TXISR
                0x0000fe8c       0x9c .\ARM_GCC_441\Debug\KitProg.a(UART_Bridge_INT.o)
                0x0000fe8c                UART_Bridge_TXISR
 .text.Pin_SDAPullUp_Enable_Write
                0x0000ff28       0x44 .\ARM_GCC_441\Debug\KitProg.a(Pin_SDAPullUp_Enable.o)
                0x0000ff28                Pin_SDAPullUp_Enable_Write
 .text.Pin_SCLPullUp_Enable_Write
                0x0000ff6c       0x44 .\ARM_GCC_441\Debug\KitProg.a(Pin_SCLPullUp_Enable.o)
                0x0000ff6c                Pin_SCLPullUp_Enable_Write
 .text.isr_UsbSuspend_Start
                0x0000ffb0       0x24 .\ARM_GCC_441\Debug\KitProg.a(isr_UsbSuspend.o)
                0x0000ffb0                isr_UsbSuspend_Start
 .text.isr_UsbSuspend_Stop
                0x0000ffd4       0x18 .\ARM_GCC_441\Debug\KitProg.a(isr_UsbSuspend.o)
                0x0000ffd4                isr_UsbSuspend_Stop
 .text.isr_UsbSuspend_Interrupt
                0x0000ffec       0x18 .\ARM_GCC_441\Debug\KitProg.a(isr_UsbSuspend.o)
                0x0000ffec                isr_UsbSuspend_Interrupt
 .text.isr_UsbSuspend_SetVector
                0x00010004       0x28 .\ARM_GCC_441\Debug\KitProg.a(isr_UsbSuspend.o)
                0x00010004                isr_UsbSuspend_SetVector
 .text.isr_UsbSuspend_SetPriority
                0x0001002c       0x28 .\ARM_GCC_441\Debug\KitProg.a(isr_UsbSuspend.o)
                0x0001002c                isr_UsbSuspend_SetPriority
 .text.isr_UsbSuspend_Enable
                0x00010054       0x18 .\ARM_GCC_441\Debug\KitProg.a(isr_UsbSuspend.o)
                0x00010054                isr_UsbSuspend_Enable
 .text.isr_UsbSuspend_Disable
                0x0001006c       0x18 .\ARM_GCC_441\Debug\KitProg.a(isr_UsbSuspend.o)
                0x0001006c                isr_UsbSuspend_Disable
 .text.Timer_UsbSuspend_Init
                0x00010084       0xdc .\ARM_GCC_441\Debug\KitProg.a(Timer_UsbSuspend.o)
                0x00010084                Timer_UsbSuspend_Init
 .text.Timer_UsbSuspend_Enable
                0x00010160       0x60 .\ARM_GCC_441\Debug\KitProg.a(Timer_UsbSuspend.o)
                0x00010160                Timer_UsbSuspend_Enable
 .text.Timer_UsbSuspend_Start
                0x000101c0       0x2c .\ARM_GCC_441\Debug\KitProg.a(Timer_UsbSuspend.o)
                0x000101c0                Timer_UsbSuspend_Start
 .text.Timer_UsbSuspend_Stop
                0x000101ec       0x58 .\ARM_GCC_441\Debug\KitProg.a(Timer_UsbSuspend.o)
                0x000101ec                Timer_UsbSuspend_Stop
 .text.Timer_UsbSuspend_SetInterruptMode
                0x00010244       0x20 .\ARM_GCC_441\Debug\KitProg.a(Timer_UsbSuspend.o)
                0x00010244                Timer_UsbSuspend_SetInterruptMode
 .text.Timer_UsbSuspend_ReadStatusRegister
                0x00010264       0x18 .\ARM_GCC_441\Debug\KitProg.a(Timer_UsbSuspend.o)
                0x00010264                Timer_UsbSuspend_ReadStatusRegister
 .text.Timer_UsbSuspend_WritePeriod
                0x0001027c       0x24 .\ARM_GCC_441\Debug\KitProg.a(Timer_UsbSuspend.o)
                0x0001027c                Timer_UsbSuspend_WritePeriod
 .text.Timer_UsbSuspend_WriteCounter
                0x000102a0       0x20 .\ARM_GCC_441\Debug\KitProg.a(Timer_UsbSuspend.o)
                0x000102a0                Timer_UsbSuspend_WriteCounter
 .text.CYMEMZERO
                0x000102c0       0x20 .\ARM_GCC_441\Debug\KitProg.a(cyfitter_cfg.o)
 .text.CYCONFIGCPY
                0x000102e0       0x20 .\ARM_GCC_441\Debug\KitProg.a(cyfitter_cfg.o)
 .text.CYCONFIGCPYCODE
                0x00010300       0x20 .\ARM_GCC_441\Debug\KitProg.a(cyfitter_cfg.o)
 .text.cfg_write_bytes32
                0x00010320       0x84 .\ARM_GCC_441\Debug\KitProg.a(cyfitter_cfg.o)
 .text.ClockSetup
                0x000103a4      0x1fc .\ARM_GCC_441\Debug\KitProg.a(cyfitter_cfg.o)
 .text.AnalogSetDefault
                0x000105a0       0x84 .\ARM_GCC_441\Debug\KitProg.a(cyfitter_cfg.o)
 .text.AMux_Set
                0x00010624       0x90 .\ARM_GCC_441\Debug\KitProg.a(cyfitter_cfg.o)
                0x00010624                AMux_Set
 .text.AMux_Unset
                0x000106b4       0x9c .\ARM_GCC_441\Debug\KitProg.a(cyfitter_cfg.o)
                0x000106b4                AMux_Unset
 .text.ADC_Voltage_Target_AMux_Set
                0x00010750       0x4c .\ARM_GCC_441\Debug\KitProg.a(cyfitter_cfg.o)
                0x00010750                ADC_Voltage_Target_AMux_Set
 .text.ADC_Voltage_Target_AMux_Unset
                0x0001079c       0x54 .\ARM_GCC_441\Debug\KitProg.a(cyfitter_cfg.o)
                0x0001079c                ADC_Voltage_Target_AMux_Unset
 .text.cyfitter_cfg
                0x000107f0      0x1ec .\ARM_GCC_441\Debug\KitProg.a(cyfitter_cfg.o)
                0x000107f0                cyfitter_cfg
 .text.CyFlash_SetWaitCycles
                0x000109dc       0xc4 .\ARM_GCC_441\Debug\KitProg.a(CyFlash.o)
                0x000109dc                CyFlash_SetWaitCycles
 .text.USBFS_DispatchClassRqst
                0x00010aa0       0xa4 .\ARM_GCC_441\Debug\KitProg.a(USBFS_cls.o)
                0x00010aa0                USBFS_DispatchClassRqst
 .text          0x00010b44      0x190 c:/program files/cypress/psoc creator/2.2/psoc creator/import/gnu_cs/arm/4.4.1/bin/../lib/gcc/arm-none-eabi/4.4.1/../../../../arm-none-eabi/lib/thumb2\libc.a(lib_a-memcpy.o)
                0x00010b44                memcpy
 .text          0x00010cd4       0xd4 c:/program files/cypress/psoc creator/2.2/psoc creator/import/gnu_cs/arm/4.4.1/bin/../lib/gcc/arm-none-eabi/4.4.1/../../../../arm-none-eabi/lib/thumb2\libc.a(lib_a-memset.o)
                0x00010cd4                memset
 .text          0x00010da8       0x30 c:/program files/cypress/psoc creator/2.2/psoc creator/import/gnu_cs/arm/4.4.1/bin/../lib/gcc/arm-none-eabi/4.4.1/../../../../arm-none-eabi/lib/thumb2\libcs3.a(start_c.o)
                0x00010da8                __cs3_premain
 .text          0x00010dd8        0x2 c:/program files/cypress/psoc creator/2.2/psoc creator/import/gnu_cs/arm/4.4.1/bin/../lib/gcc/arm-none-eabi/4.4.1/../../../../arm-none-eabi/lib/thumb2\libcs3micro.a(micro_isr_interrupt.o)
                0x00010dd8                __cs3_isr_external_24
                0x00010dd8                __cs3_isr_external_9
                0x00010dd8                __cs3_isr_external_14
                0x00010dd8                __cs3_isr_reserved_9
                0x00010dd8                __cs3_isr_external_4
                0x00010dd8                __cs3_isr_external_21
                0x00010dd8                __cs3_isr_external_0
                0x00010dd8                __cs3_isr_external_27
                0x00010dd8                __cs3_isr_external_11
                0x00010dd8                __cs3_isr_usage_fault
                0x00010dd8                __cs3_isr_svcall
                0x00010dd8                __cs3_isr_external_3
                0x00010dd8                __cs3_isr_mpu_fault
                0x00010dd8                __cs3_isr_external_16
                0x00010dd8                __cs3_isr_pendsv
                0x00010dd8                __cs3_isr_external_31
                0x00010dd8                __cs3_isr_nmi
                0x00010dd8                __cs3_isr_external_5
                0x00010dd8                __cs3_isr_external_6
                0x00010dd8                __cs3_isr_external_12
                0x00010dd8                __cs3_isr_hard_fault
                0x00010dd8                __cs3_isr_bus_fault
                0x00010dd8                __cs3_isr_external_1
                0x00010dd8                __cs3_isr_external_13
                0x00010dd8                __cs3_isr_external_30
                0x00010dd8                __cs3_isr_external_23
                0x00010dd8                __cs3_isr_external_20
                0x00010dd8                __cs3_isr_debug
                0x00010dd8                __cs3_isr_reserved_13
                0x00010dd8                __cs3_isr_external_8
                0x00010dd8                __cs3_isr_external_26
                0x00010dd8                __cs3_isr_reserved_8
                0x00010dd8                __cs3_isr_reserved_7
                0x00010dd8                __cs3_isr_external_7
                0x00010dd8                __cs3_isr_external_28
                0x00010dd8                __cs3_isr_systick
                0x00010dd8                __cs3_isr_external_22
                0x00010dd8                __cs3_isr_external_10
                0x00010dd8                __cs3_isr_external_15
                0x00010dd8                __cs3_isr_interrupt
                0x00010dd8                __cs3_isr_external_18
                0x00010dd8                __cs3_isr_external_29
                0x00010dd8                __cs3_isr_external_25
                0x00010dd8                __cs3_isr_reserved_10
                0x00010dd8                __cs3_isr_external_2
                0x00010dd8                __cs3_isr_external_17
                0x00010dd8                __cs3_isr_external_19
 *fill*         0x00010dda        0x2 00
 .text          0x00010ddc       0x50 c:/program files/cypress/psoc creator/2.2/psoc creator/import/gnu_cs/arm/4.4.1/bin/../lib/gcc/arm-none-eabi/4.4.1/../../../../arm-none-eabi/lib/thumb2\libc.a(lib_a-init.o)
                0x00010ddc                __libc_init_array
 *(.plt)
 *(.gnu.warning)
 *(.glue_7t)
 .glue_7t       0x00000000        0x0 linker stubs
 *(.glue_7)
 .glue_7        0x00000000        0x0 linker stubs
 *(.vfp11_veneer)
 .vfp11_veneer  0x00000000        0x0 linker stubs
 *(.bootloader)
 *(.ARM.extab* .gnu.linkonce.armextab.*)
 *(.gcc_except_table)

.v4_bx          0x00010e2c        0x0
 .v4_bx         0x00000000        0x0 linker stubs

.eh_frame_hdr
 *(.eh_frame_hdr)

.eh_frame
 *(.eh_frame)
                0x00010e2c                PROVIDE (__exidx_start, .)

.ARM.exidx
 *(.ARM.exidx* .gnu.linkonce.armexidx.*)
                0x00010e2c                __exidx_end = .

.rodata         0x00010e2c      0xcf4
 *(.rodata .rodata.* .gnu.linkonce.r.*)
 .rodata        0x00010e2c       0x10 .\ARM_GCC_441\Debug\KitProg.a(cyPm.o)
 .rodata        0x00010e3c       0x10 .\ARM_GCC_441\Debug\KitProg.a(USBFS_std.o)
 .rodata        0x00010e4c      0xa50 .\ARM_GCC_441\Debug\KitProg.a(cyfitter_cfg.o)
                0x00010e4c                AMux__addrTable
                0x00010e5c                AMux__maskTable
                0x00010e60                ADC_Voltage_Target_AMux__addrTable
                0x00010e68                ADC_Voltage_Target_AMux__maskTable
 .rodata        0x0001189c      0x24c .\ARM_GCC_441\Debug\KitProg.a(USBFS_descr.o)
                0x0001189c                USBFS_DEVICE0_DESCR
                0x000118b0                USBFS_DEVICE0_CONFIGURATION0_DESCR
                0x00011934                USBFS_STRING_DESCRIPTORS
                0x000119e0                USBFS_SN_STRING_DESCRIPTOR
                0x000119e4                USBFS_HIDREPORT_DESCRIPTOR1
                0x00011a14                USBFS_DEVICE0_CONFIGURATION0_INTERFACE0_ALTERNATE0_HID_IN_RPT_TABLE
                0x00011a20                USBFS_DEVICE0_CONFIGURATION0_INTERFACE0_ALTERNATE0_HID_OUT_RPT_TABLE
                0x00011a2c                USBFS_DEVICE0_CONFIGURATION0_INTERFACE0_ALTERNATE0_HID_TABLE
                0x00011a54                USBFS_DEVICE0_CONFIGURATION0_INTERFACE0_TABLE
                0x00011a5c                USBFS_DEVICE0_CONFIGURATION0_EP_SETTINGS_TABLE
                0x00011a94                USBFS_DEVICE0_CONFIGURATION0_INTERFACE_CLASS
                0x00011a98                USBFS_DEVICE0_CONFIGURATION0_TABLE
                0x00011ad0                USBFS_DEVICE0_TABLE
                0x00011ae0                USBFS_TABLE
                0x00011ae8                . = ALIGN (0x4)
 *(.init)
 .init          0x00011ae8        0x4 c:/program files/cypress/psoc creator/2.2/psoc creator/import/gnu_cs/arm/4.4.1/bin/../lib/gcc/arm-none-eabi/4.4.1/thumb2/crti.o
                0x00011ae8                _init
 .init          0x00011aec        0x8 c:/program files/cypress/psoc creator/2.2/psoc creator/import/gnu_cs/arm/4.4.1/bin/../lib/gcc/arm-none-eabi/4.4.1/thumb2/crtn.o
                0x00011af4                . = ALIGN (0x4)
                0x00011af4                __preinit_array_start = .
 *(.preinit_array)
                0x00011af4                __preinit_array_end = .
                0x00011af4                . = ALIGN (0x4)
                0x00011af4                __init_array_start = .
 *(SORT(.init_array.*))
 *(.init_array)
 .init_array    0x00011af4        0x4 c:/program files/cypress/psoc creator/2.2/psoc creator/import/gnu_cs/arm/4.4.1/bin/../lib/gcc/arm-none-eabi/4.4.1/thumb2/crtbegin.o
 .init_array    0x00011af8        0x4 .\ARM_GCC_441\Debug\Cm3Start.o
                0x00011afc                __init_array_end = .
                0x00011afc                . = ALIGN (0x4)
 *(.fini)
 .fini          0x00011afc        0x4 c:/program files/cypress/psoc creator/2.2/psoc creator/import/gnu_cs/arm/4.4.1/bin/../lib/gcc/arm-none-eabi/4.4.1/thumb2/crti.o
                0x00011afc                _fini
 .fini          0x00011b00        0x8 c:/program files/cypress/psoc creator/2.2/psoc creator/import/gnu_cs/arm/4.4.1/bin/../lib/gcc/arm-none-eabi/4.4.1/thumb2/crtn.o
                0x00011b08                . = ALIGN (0x4)
                0x00011b08                __fini_array_start = .
 *(.fini_array)
 .fini_array    0x00011b08        0x4 c:/program files/cypress/psoc creator/2.2/psoc creator/import/gnu_cs/arm/4.4.1/bin/../lib/gcc/arm-none-eabi/4.4.1/thumb2/crtbegin.o
 *(SORT(.fini_array.*))
                0x00011b0c                __fini_array_end = .
                0x00011b0c                . = ALIGN (0x4)
 *crtbegin.o(.ctors)
 *(EXCLUDE_FILE(*crtend.o) .ctors)
 *(SORT(.ctors.*))
 *crtend.o(.ctors)
                0x00011b0c                . = ALIGN (0x4)
 *crtbegin.o(.dtors)
 *(EXCLUDE_FILE(*crtend.o) .dtors)
 *(SORT(.dtors.*))
 *crtend.o(.dtors)
                0x00011b0c                . = ALIGN (0x4)
                0x00011b0c                __cs3_regions = .
                0x00011b0c        0x4 LONG 0x0
                0x00011b10        0x4 LONG 0x11b20 __cs3_region_init_ram
                0x00011b14        0x4 LONG 0x1fffe108 __cs3_region_start_data
                0x00011b18        0x4 LONG 0x68 __cs3_region_init_size_ram
                0x00011b1c        0x4 LONG 0x780 __cs3_region_zero_size_ram
                0x00011b20                __cs3_regions_end = .
                0x00011b20                . = ALIGN (0x8)
                0x00011b20                _etext = .

.ramvectors     0x1fffe000      0x100
                0x1fffe000                __cs3_region_start_ram = .
 *(.cs3.region-head.ram)
                0x1fffe001                ASSERT ((. == __cs3_region_start_ram), .cs3.region-head.ram not permitted)
 *(.ramvectors)
 .ramvectors    0x1fffe000      0x100 .\ARM_GCC_441\Debug\Cm3Start.o
                0x1fffe000                CyRamVectors

.noinit         0x1fffe100        0x4
 *(.noinit)
 .noinit        0x1fffe100        0x4 .\ARM_GCC_441\Debug\Cm3Start.o

.data           0x1fffe108       0x68 load address 0x00011b20
                0x1fffe108                __cs3_region_start_data = .
 *(.jcr)
 .jcr           0x1fffe108        0x0 c:/program files/cypress/psoc creator/2.2/psoc creator/import/gnu_cs/arm/4.4.1/bin/../lib/gcc/arm-none-eabi/4.4.1/thumb2/crtbegin.o
 .jcr           0x1fffe108        0x4 c:/program files/cypress/psoc creator/2.2/psoc creator/import/gnu_cs/arm/4.4.1/bin/../lib/gcc/arm-none-eabi/4.4.1/thumb2/crtend.o
 *(.got.plt)
 *(.got)
 *(.shdata)
 *(.data .data.* .gnu.linkonce.d.*)
 .data          0x1fffe10c        0x1 .\ARM_GCC_441\Debug\commandprocessor.o
                0x1fffe10c                SWDFlag
 *fill*         0x1fffe10d        0x3 00
 .data          0x1fffe110       0x14 .\ARM_GCC_441\Debug\version.o
                0x1fffe110                version
 .data          0x1fffe124        0x1 .\ARM_GCC_441\Debug\power.o
                0x1fffe124                range
 *fill*         0x1fffe125        0x3 00
 .data          0x1fffe128       0x10 .\ARM_GCC_441\Debug\KitProg.a(CyLib.o)
                0x1fffe128                cydelay_freq_hz
                0x1fffe12c                cydelay_freq_khz
                0x1fffe130                cydelay_freq_mhz
                0x1fffe134                cydelay_32k_ms
 .data          0x1fffe138        0x8 .\ARM_GCC_441\Debug\KitProg.a(ADC_Voltage_Target.o)
                0x1fffe138                ADC_Voltage_Target_Config
                0x1fffe13c                ADC_Voltage_Target_CountsPerVolt
 .data          0x1fffe140        0x4 .\ARM_GCC_441\Debug\KitProg.a(ADC_Voltage_Target_PM.o)
 .data          0x1fffe144        0x1 .\ARM_GCC_441\Debug\KitProg.a(ADC_Voltage_Target_AMux.o)
                0x1fffe144                ADC_Voltage_Target_AMux_lastChannel
 .data          0x1fffe145        0x1 .\ARM_GCC_441\Debug\KitProg.a(AMux.o)
                0x1fffe145                AMux_lastChannel
 *fill*         0x1fffe146        0x2 00
 .data          0x1fffe148       0x24 .\ARM_GCC_441\Debug\KitProg.a(USBFS_std.o)
                0x1fffe148                USBFS_idSerialNumberStringDescriptor
                0x1fffe170                . = ALIGN (0x8)
 *fill*         0x1fffe16c        0x4 00
 *(.ram)
                0x1fffe170                _edata = .

.bss            0x1fffe170      0x780 load address 0x00011b88
 *(.shbss)
 *(.bss .bss.* .gnu.linkonce.b.*)
 .bss           0x1fffe170        0x1 c:/program files/cypress/psoc creator/2.2/psoc creator/import/gnu_cs/arm/4.4.1/bin/../lib/gcc/arm-none-eabi/4.4.1/thumb2/crtbegin.o
 .bss           0x1fffe171        0x1 .\ARM_GCC_441\Debug\main.o
                0x1fffe171                bUSBResetDetected
 .bss           0x1fffe172        0x4 .\ARM_GCC_441\Debug\swd.o
                0x1fffe172                fIsShortPkt
                0x1fffe173                ack0
                0x1fffe174                ack1
                0x1fffe175                ack2
 .bss           0x1fffe176        0x1 .\ARM_GCC_441\Debug\version.o
                0x1fffe176                kitProgHWVersion
 *fill*         0x1fffe177        0x1 00
 .bss           0x1fffe178        0x4 .\ARM_GCC_441\Debug\power.o
                0x1fffe178                checkActivityFlag
                0x1fffe17a                result
 .bss           0x1fffe17c       0x44 .\ARM_GCC_441\Debug\KitProg.a(cyPm.o)
 .bss           0x1fffe1c0        0x8 .\ARM_GCC_441\Debug\KitProg.a(ADC_Voltage_Target.o)
                0x1fffe1c0                ADC_Voltage_Target_convDone
                0x1fffe1c1                ADC_Voltage_Target_stopConversion
                0x1fffe1c2                ADC_Voltage_Target_initVar
                0x1fffe1c3                ADC_Voltage_Target_started
                0x1fffe1c4                ADC_Voltage_Target_Offset
 .bss           0x1fffe1c8        0x1 .\ARM_GCC_441\Debug\KitProg.a(I2CHW.o)
                0x1fffe1c8                I2CHW_initVar
 .bss           0x1fffe1c9        0x1 .\ARM_GCC_441\Debug\KitProg.a(USBFS.o)
                0x1fffe1c9                USBFS_initVar
 *fill*         0x1fffe1ca        0x2 00
 .bss           0x1fffe1cc        0x4 .\ARM_GCC_441\Debug\KitProg.a(USBFS_pm.o)
 .bss           0x1fffe1d0        0x1 .\ARM_GCC_441\Debug\KitProg.a(USBFS_std.o)
                0x1fffe1d0                USBFS_snStringConfirm
 .bss           0x1fffe1d1        0x8 .\ARM_GCC_441\Debug\KitProg.a(UART_Bridge.o)
                0x1fffe1d1                UART_Bridge_initVar
                0x1fffe1d2                UART_Bridge_txBufferRead
                0x1fffe1d3                UART_Bridge_txBufferWrite
                0x1fffe1d4                UART_Bridge_rxBufferRead
                0x1fffe1d5                UART_Bridge_rxBufferWrite
                0x1fffe1d6                UART_Bridge_rxBufferLoopDetect
                0x1fffe1d7                UART_Bridge_rxBufferOverflow
 .bss           0x1fffe1d9        0x1 .\ARM_GCC_441\Debug\KitProg.a(Timer_UsbSuspend.o)
                0x1fffe1d9                Timer_UsbSuspend_initVar
 *(COMMON)
 *fill*         0x1fffe1da        0x2 00
 COMMON         0x1fffe1dc      0x1d8 .\ARM_GCC_441\Debug\swd.o
                0x1fffe1dc                bufInOffset
                0x1fffe1e0                bufIn
                0x1fffe360                bufOutLen
                0x1fffe362                gbAck
                0x1fffe363                gbHeader
                0x1fffe364                bufOutOffset
                0x1fffe366                gbParity
                0x1fffe368                gbData
                0x1fffe36c                gbStatsReg
                0x1fffe370                bufOut
 COMMON         0x1fffe3b4       0x46 .\ARM_GCC_441\Debug\USBFS_commandinterface.o
                0x1fffe3b4                pifBuf
                0x1fffe3f4                pendingOp
                0x1fffe3f5                fTcBusy
                0x1fffe3f6                progMode
                0x1fffe3f8                pifData
 *fill*         0x1fffe3fa        0x2 00
 COMMON         0x1fffe3fc      0x28c .\ARM_GCC_441\Debug\USBFS_HID_interface.o
                0x1fffe3fc                bInPacketIndex
                0x1fffe3fd                bHostInterface
                0x1fffe3fe                bOutPacketIndex
                0x1fffe400                voltage
                0x1fffe404                bOutEndpointData
                0x1fffe444                bBulkInEndpointData
                0x1fffe645                i2cSpeed
                0x1fffe648                bInEndpointData
 COMMON         0x1fffe688        0x1 .\ARM_GCC_441\Debug\KitProg.a(CyLib.o)
                0x1fffe688                CyResetStatus
 COMMON         0x1fffe689        0x1 .\ARM_GCC_441\Debug\KitProg.a(I2CHW.o)
                0x1fffe689                I2CHW_state
 *fill*         0x1fffe68a        0x2 00
 COMMON         0x1fffe68c       0x13 .\ARM_GCC_441\Debug\KitProg.a(I2CHW_MASTER.o)
                0x1fffe68c                I2CHW_mstrWrBufIndex
                0x1fffe690                I2CHW_mstrWrBufPtr
                0x1fffe694                I2CHW_mstrWrBufSize
                0x1fffe695                I2CHW_mstrControl
                0x1fffe698                I2CHW_mstrRdBufPtr
                0x1fffe69c                I2CHW_mstrRdBufIndex
                0x1fffe69d                I2CHW_mstrRdBufSize
                0x1fffe69e                I2CHW_mstrStatus
 *fill*         0x1fffe69f        0x1 00
 COMMON         0x1fffe6a0        0xd .\ARM_GCC_441\Debug\KitProg.a(USBFS_cdc.o)
                0x1fffe6a0                USBFS_lineControlBitmap
                0x1fffe6a2                USBFS_lineChanged
                0x1fffe6a4                USBFS_lineCoding
                0x1fffe6ab                USBFS_cdc_data_out_ep
                0x1fffe6ac                USBFS_cdc_data_in_ep
 *fill*         0x1fffe6ad        0x3 00
 COMMON         0x1fffe6b0       0x98 .\ARM_GCC_441\Debug\KitProg.a(USBFS_drv.o)
                0x1fffe6b0                USBFS_deviceAddress
                0x1fffe6b1                USBFS_ep0Mode
                0x1fffe6b4                USBFS_interfaceSetting
                0x1fffe6b8                USBFS_currentTD
                0x1fffe6c4                USBFS_device
                0x1fffe6c5                USBFS_interfaceNumber
                0x1fffe6c6                USBFS_ep0Toggle
                0x1fffe6c7                USBFS_deviceStatus
                0x1fffe6c8                USBFS_configurationChanged
                0x1fffe6c9                USBFS_configuration
                0x1fffe6ca                USBFS_transferState
                0x1fffe6cc                USBFS_interfaceStatus
                0x1fffe6d0                USBFS_interfaceClass
                0x1fffe6d4                USBFS_EP
                0x1fffe740                USBFS_interfaceSetting_last
                0x1fffe744                USBFS_lastPacketSize
                0x1fffe745                USBFS_ep0Count
                0x1fffe746                USBFS_transferByteCount
 COMMON         0x1fffe748        0xc .\ARM_GCC_441\Debug\KitProg.a(USBFS_hid.o)
                0x1fffe748                USBFS_hidIdleRate
                0x1fffe74c                USBFS_hidIdleTimer
                0x1fffe750                USBFS_hidProtocol
 COMMON         0x1fffe754        0x8 .\ARM_GCC_441\Debug\KitProg.a(USBFS_std.o)
                0x1fffe754                USBFS_tBuffer
                0x1fffe758                USBFS_fwSerialNumberStringDescriptor
 COMMON         0x1fffe75c      0x100 .\ARM_GCC_441\Debug\KitProg.a(UART_Bridge.o)
                0x1fffe75c                UART_Bridge_txBuffer
                0x1fffe7dc                UART_Bridge_rxBuffer
 COMMON         0x1fffe85c       0x90 .\ARM_GCC_441\Debug\KitProg.a(USBFS_descr.o)
                0x1fffe85c                USBFS_DEVICE0_CONFIGURATION0_INTERFACE0_ALTERNATE0_HID_IN_RPT_SCB
                0x1fffe860                USBFS_DEVICE0_CONFIGURATION0_INTERFACE0_ALTERNATE0_HID_IN_BUF
                0x1fffe8a4                USBFS_DEVICE0_CONFIGURATION0_INTERFACE0_ALTERNATE0_HID_OUT_BUF
                0x1fffe8e8                USBFS_DEVICE0_CONFIGURATION0_INTERFACE0_ALTERNATE0_HID_OUT_RPT_SCB
                0x1fffe8f0                . = ALIGN (0x8)
 *fill*         0x1fffe8ec        0x4 00
 *(.ram.b)
                0x1fffe8f0                _end = .
                0x1fffe8f0                __end = .
                0x20000000                __cs3_region_end_ram = (__cs3_region_start_ram + 0x2000)
                0x00002000                __cs3_region_size_ram = 0x2000
                0x00011b20                __cs3_region_init_ram = LOADADDR (.data)
                0x00000068                __cs3_region_init_size_ram = (_edata - ADDR (.data))
                0x00000780                __cs3_region_zero_size_ram = (_end - _edata)

.stab
 *(.stab)

.stabstr
 *(.stabstr)

.debug
 *(.debug)

.line
 *(.line)

.debug_srcinfo
 *(.debug_srcinfo)

.debug_sfnames
 *(.debug_sfnames)

.comment        0x00000000      0x7e5
 .comment       0x00000000       0x2b .\ARM_GCC_441\Debug\main.o
 .comment       0x0000002b       0x2b .\ARM_GCC_441\Debug\swd.o
 .comment       0x00000056       0x2b .\ARM_GCC_441\Debug\commandprocessor.o
 .comment       0x00000081       0x2b .\ARM_GCC_441\Debug\USBFS_commandinterface.o
 .comment       0x000000ac       0x2b .\ARM_GCC_441\Debug\USBFS_HID_interface.o
 .comment       0x000000d7       0x2b .\ARM_GCC_441\Debug\version.o
 .comment       0x00000102       0x2b .\ARM_GCC_441\Debug\power.o
 .comment       0x0000012d       0x2b .\ARM_GCC_441\Debug\USBUART.o
 .comment       0x00000158       0x2b .\ARM_GCC_441\Debug\Cm3Start.o
 .comment       0x00000183       0x2b .\ARM_GCC_441\Debug\KitProg.a(CyLib.o)
 .comment       0x000001ae       0x2b .\ARM_GCC_441\Debug\KitProg.a(cyPm.o)
 .comment       0x000001d9       0x2b .\ARM_GCC_441\Debug\KitProg.a(Clock_I2C.o)
 .comment       0x00000204       0x2b .\ARM_GCC_441\Debug\KitProg.a(Pin_StatusLED.o)
 .comment       0x0000022f       0x2b .\ARM_GCC_441\Debug\KitProg.a(ADC_Voltage_Target.o)
 .comment       0x0000025a       0x2b .\ARM_GCC_441\Debug\KitProg.a(ADC_Voltage_Target_PM.o)
 .comment       0x00000285       0x2b .\ARM_GCC_441\Debug\KitProg.a(ADC_Voltage_Target_INT.o)
 .comment       0x000002b0       0x2b .\ARM_GCC_441\Debug\KitProg.a(ADC_Voltage_Target_theACLK.o)
 .comment       0x000002db       0x2b .\ARM_GCC_441\Debug\KitProg.a(ADC_Voltage_Target_Ext_CP_Clk.o)
 .comment       0x00000306       0x2b .\ARM_GCC_441\Debug\KitProg.a(ADC_Voltage_Target_AMux.o)
 .comment       0x00000331       0x2b .\ARM_GCC_441\Debug\KitProg.a(AMux.o)
 .comment       0x0000035c       0x2b .\ARM_GCC_441\Debug\KitProg.a(Clock_UART.o)
 .comment       0x00000387       0x2b .\ARM_GCC_441\Debug\KitProg.a(I2CHW.o)
 .comment       0x000003b2       0x2b .\ARM_GCC_441\Debug\KitProg.a(I2CHW_INT.o)
 .comment       0x000003dd       0x2b .\ARM_GCC_441\Debug\KitProg.a(I2CHW_MASTER.o)
 .comment       0x00000408       0x2b .\ARM_GCC_441\Debug\KitProg.a(Pin_I2C_SCL.o)
 .comment       0x00000433       0x2b .\ARM_GCC_441\Debug\KitProg.a(Pin_I2C_SDA.o)
 .comment       0x0000045e       0x2b .\ARM_GCC_441\Debug\KitProg.a(Pin_UART_Tx.o)
 .comment       0x00000489       0x2b .\ARM_GCC_441\Debug\KitProg.a(USBFS.o)
 .comment       0x000004b4       0x2b .\ARM_GCC_441\Debug\KitProg.a(USBFS_cdc.o)
 .comment       0x000004df       0x2b .\ARM_GCC_441\Debug\KitProg.a(USBFS_drv.o)
 .comment       0x0000050a       0x2b .\ARM_GCC_441\Debug\KitProg.a(USBFS_episr.o)
 .comment       0x00000535       0x2b .\ARM_GCC_441\Debug\KitProg.a(USBFS_hid.o)
 .comment       0x00000560       0x2b .\ARM_GCC_441\Debug\KitProg.a(USBFS_pm.o)
 .comment       0x0000058b       0x2b .\ARM_GCC_441\Debug\KitProg.a(USBFS_std.o)
 .comment       0x000005b6       0x2b .\ARM_GCC_441\Debug\KitProg.a(USBFS_vnd.o)
 .comment       0x000005e1       0x2b .\ARM_GCC_441\Debug\KitProg.a(Bootloadable.o)
 .comment       0x0000060c       0x2b .\ARM_GCC_441\Debug\KitProg.a(UART_Bridge.o)
 .comment       0x00000637       0x2b .\ARM_GCC_441\Debug\KitProg.a(UART_Bridge_INT.o)
 .comment       0x00000662       0x2b .\ARM_GCC_441\Debug\KitProg.a(Pin_SDAPullUp_Enable.o)
 .comment       0x0000068d       0x2b .\ARM_GCC_441\Debug\KitProg.a(Pin_SCLPullUp_Enable.o)
 .comment       0x000006b8       0x2b .\ARM_GCC_441\Debug\KitProg.a(isr_UsbSuspend.o)
 .comment       0x000006e3       0x2b .\ARM_GCC_441\Debug\KitProg.a(Timer_UsbSuspend.o)
 .comment       0x0000070e       0x2b .\ARM_GCC_441\Debug\KitProg.a(cyfitter_cfg.o)
 .comment       0x00000739       0x2b .\ARM_GCC_441\Debug\KitProg.a(CyFlash.o)
 .comment       0x00000764       0x2b .\ARM_GCC_441\Debug\KitProg.a(CySpc.o)
 .comment       0x0000078f       0x2b .\ARM_GCC_441\Debug\KitProg.a(USBFS_cls.o)
 .comment       0x000007ba       0x2b .\ARM_GCC_441\Debug\KitProg.a(USBFS_descr.o)

.debug_aranges  0x00000000     0x1298
 *(.debug_aranges)
 .debug_aranges
                0x00000000       0x20 .\ARM_GCC_441\Debug\main.o
 .debug_aranges
                0x00000020       0xd0 .\ARM_GCC_441\Debug\swd.o
 .debug_aranges
                0x000000f0       0x30 .\ARM_GCC_441\Debug\commandprocessor.o
 .debug_aranges
                0x00000120       0x28 .\ARM_GCC_441\Debug\USBFS_commandinterface.o
 .debug_aranges
                0x00000148       0x78 .\ARM_GCC_441\Debug\USBFS_HID_interface.o
 .debug_aranges
                0x000001c0       0x28 .\ARM_GCC_441\Debug\version.o
 .debug_aranges
                0x000001e8       0x58 .\ARM_GCC_441\Debug\power.o
 .debug_aranges
                0x00000240       0x30 .\ARM_GCC_441\Debug\USBUART.o
 .debug_aranges
                0x00000270       0x30 .\ARM_GCC_441\Debug\Cm3Start.o
 .debug_aranges
                0x000002a0       0x20 .\ARM_GCC_441\Debug\KitProg.a(CyBootAsmGnu.o)
 .debug_aranges
                0x000002c0      0x218 .\ARM_GCC_441\Debug\KitProg.a(CyLib.o)
 .debug_aranges
                0x000004d8       0xa0 .\ARM_GCC_441\Debug\KitProg.a(cyPm.o)
 .debug_aranges
                0x00000578       0x70 .\ARM_GCC_441\Debug\KitProg.a(Clock_I2C.o)
 .debug_aranges
                0x000005e8       0x38 .\ARM_GCC_441\Debug\KitProg.a(Pin_StatusLED.o)
 .debug_aranges
                0x00000620       0xe8 .\ARM_GCC_441\Debug\KitProg.a(ADC_Voltage_Target.o)
 .debug_aranges
                0x00000708       0x38 .\ARM_GCC_441\Debug\KitProg.a(ADC_Voltage_Target_PM.o)
 .debug_aranges
                0x00000740       0x38 .\ARM_GCC_441\Debug\KitProg.a(ADC_Voltage_Target_INT.o)
 .debug_aranges
                0x00000778       0x80 .\ARM_GCC_441\Debug\KitProg.a(ADC_Voltage_Target_theACLK.o)
 .debug_aranges
                0x000007f8       0x70 .\ARM_GCC_441\Debug\KitProg.a(ADC_Voltage_Target_Ext_CP_Clk.o)
 .debug_aranges
                0x00000868       0x30 .\ARM_GCC_441\Debug\KitProg.a(ADC_Voltage_Target_AMux.o)
 .debug_aranges
                0x00000898       0x30 .\ARM_GCC_441\Debug\KitProg.a(AMux.o)
 .debug_aranges
                0x000008c8       0x70 .\ARM_GCC_441\Debug\KitProg.a(Clock_UART.o)
 .debug_aranges
                0x00000938       0x38 .\ARM_GCC_441\Debug\KitProg.a(I2CHW.o)
 .debug_aranges
                0x00000970       0x20 .\ARM_GCC_441\Debug\KitProg.a(I2CHW_INT.o)
 .debug_aranges
                0x00000990       0x88 .\ARM_GCC_441\Debug\KitProg.a(I2CHW_MASTER.o)
 .debug_aranges
                0x00000a18       0x38 .\ARM_GCC_441\Debug\KitProg.a(Pin_I2C_SCL.o)
 .debug_aranges
                0x00000a50       0x38 .\ARM_GCC_441\Debug\KitProg.a(Pin_I2C_SDA.o)
 .debug_aranges
                0x00000a88       0x38 .\ARM_GCC_441\Debug\KitProg.a(Pin_UART_Tx.o)
 .debug_aranges
                0x00000ac0       0xb8 .\ARM_GCC_441\Debug\KitProg.a(USBFS.o)
 .debug_aranges
                0x00000b78       0xa8 .\ARM_GCC_441\Debug\KitProg.a(USBFS_cdc.o)
 .debug_aranges
                0x00000c20       0x98 .\ARM_GCC_441\Debug\KitProg.a(USBFS_drv.o)
 .debug_aranges
                0x00000cb8       0x60 .\ARM_GCC_441\Debug\KitProg.a(USBFS_episr.o)
 .debug_aranges
                0x00000d18       0x48 .\ARM_GCC_441\Debug\KitProg.a(USBFS_hid.o)
 .debug_aranges
                0x00000d60       0x40 .\ARM_GCC_441\Debug\KitProg.a(USBFS_pm.o)
 .debug_aranges
                0x00000da0       0x80 .\ARM_GCC_441\Debug\KitProg.a(USBFS_std.o)
 .debug_aranges
                0x00000e20       0x20 .\ARM_GCC_441\Debug\KitProg.a(USBFS_vnd.o)
 .debug_aranges
                0x00000e40       0x28 .\ARM_GCC_441\Debug\KitProg.a(Bootloadable.o)
 .debug_aranges
                0x00000e68      0x110 .\ARM_GCC_441\Debug\KitProg.a(UART_Bridge.o)
 .debug_aranges
                0x00000f78       0x28 .\ARM_GCC_441\Debug\KitProg.a(UART_Bridge_INT.o)
 .debug_aranges
                0x00000fa0       0x38 .\ARM_GCC_441\Debug\KitProg.a(Pin_SDAPullUp_Enable.o)
 .debug_aranges
                0x00000fd8       0x38 .\ARM_GCC_441\Debug\KitProg.a(Pin_SCLPullUp_Enable.o)
 .debug_aranges
                0x00001010       0x80 .\ARM_GCC_441\Debug\KitProg.a(isr_UsbSuspend.o)
 .debug_aranges
                0x00001090       0x88 .\ARM_GCC_441\Debug\KitProg.a(Timer_UsbSuspend.o)
 .debug_aranges
                0x00001118       0x78 .\ARM_GCC_441\Debug\KitProg.a(cyfitter_cfg.o)
 .debug_aranges
                0x00001190       0x80 .\ARM_GCC_441\Debug\KitProg.a(CyFlash.o)
 .debug_aranges
                0x00001210       0x68 .\ARM_GCC_441\Debug\KitProg.a(CySpc.o)
 .debug_aranges
                0x00001278       0x20 .\ARM_GCC_441\Debug\KitProg.a(USBFS_cls.o)

.debug_pubnames
                0x00000000     0x3af4
 *(.debug_pubnames)
 .debug_pubnames
                0x00000000       0x31 .\ARM_GCC_441\Debug\main.o
 .debug_pubnames
                0x00000031      0x259 .\ARM_GCC_441\Debug\swd.o
 .debug_pubnames
                0x0000028a       0x45 .\ARM_GCC_441\Debug\commandprocessor.o
 .debug_pubnames
                0x000002cf       0x6e .\ARM_GCC_441\Debug\USBFS_commandinterface.o
 .debug_pubnames
                0x0000033d      0x13d .\ARM_GCC_441\Debug\USBFS_HID_interface.o
 .debug_pubnames
                0x0000047a       0x44 .\ARM_GCC_441\Debug\version.o
 .debug_pubnames
                0x000004be       0xde .\ARM_GCC_441\Debug\power.o
 .debug_pubnames
                0x0000059c       0x46 .\ARM_GCC_441\Debug\USBUART.o
 .debug_pubnames
                0x000005e2       0x66 .\ARM_GCC_441\Debug\Cm3Start.o
 .debug_pubnames
                0x00000648      0x57a .\ARM_GCC_441\Debug\KitProg.a(CyLib.o)
 .debug_pubnames
                0x00000bc2       0xbb .\ARM_GCC_441\Debug\KitProg.a(cyPm.o)
 .debug_pubnames
                0x00000c7d      0x14a .\ARM_GCC_441\Debug\KitProg.a(Clock_I2C.o)
 .debug_pubnames
                0x00000dc7       0x7e .\ARM_GCC_441\Debug\KitProg.a(Pin_StatusLED.o)
 .debug_pubnames
                0x00000e45      0x47e .\ARM_GCC_441\Debug\KitProg.a(ADC_Voltage_Target.o)
 .debug_pubnames
                0x000012c3       0x94 .\ARM_GCC_441\Debug\KitProg.a(ADC_Voltage_Target_PM.o)
 .debug_pubnames
                0x00001357       0x82 .\ARM_GCC_441\Debug\KitProg.a(ADC_Voltage_Target_INT.o)
 .debug_pubnames
                0x000013d9      0x265 .\ARM_GCC_441\Debug\KitProg.a(ADC_Voltage_Target_theACLK.o)
 .debug_pubnames
                0x0000163e      0x226 .\ARM_GCC_441\Debug\KitProg.a(ADC_Voltage_Target_Ext_CP_Clk.o)
 .debug_pubnames
                0x00001864       0xa6 .\ARM_GCC_441\Debug\KitProg.a(ADC_Voltage_Target_AMux.o)
 .debug_pubnames
                0x0000190a       0x5a .\ARM_GCC_441\Debug\KitProg.a(AMux.o)
 .debug_pubnames
                0x00001964      0x155 .\ARM_GCC_441\Debug\KitProg.a(Clock_UART.o)
 .debug_pubnames
                0x00001ab9       0x73 .\ARM_GCC_441\Debug\KitProg.a(I2CHW.o)
 .debug_pubnames
                0x00001b2c       0x20 .\ARM_GCC_441\Debug\KitProg.a(I2CHW_INT.o)
 .debug_pubnames
                0x00001b4c      0x242 .\ARM_GCC_441\Debug\KitProg.a(I2CHW_MASTER.o)
 .debug_pubnames
                0x00001d8e       0x76 .\ARM_GCC_441\Debug\KitProg.a(Pin_I2C_SCL.o)
 .debug_pubnames
                0x00001e04       0x76 .\ARM_GCC_441\Debug\KitProg.a(Pin_I2C_SDA.o)
 .debug_pubnames
                0x00001e7a       0x76 .\ARM_GCC_441\Debug\KitProg.a(Pin_UART_Tx.o)
 .debug_pubnames
                0x00001ef0      0x1e0 .\ARM_GCC_441\Debug\KitProg.a(USBFS.o)
 .debug_pubnames
                0x000020d0      0x207 .\ARM_GCC_441\Debug\KitProg.a(USBFS_cdc.o)
 .debug_pubnames
                0x000022d7      0x37c .\ARM_GCC_441\Debug\KitProg.a(USBFS_drv.o)
 .debug_pubnames
                0x00002653       0xc1 .\ARM_GCC_441\Debug\KitProg.a(USBFS_episr.o)
 .debug_pubnames
                0x00002714       0xf7 .\ARM_GCC_441\Debug\KitProg.a(USBFS_hid.o)
 .debug_pubnames
                0x0000280b       0x73 .\ARM_GCC_441\Debug\KitProg.a(USBFS_pm.o)
 .debug_pubnames
                0x0000287e      0x1e6 .\ARM_GCC_441\Debug\KitProg.a(USBFS_std.o)
 .debug_pubnames
                0x00002a64       0x2d .\ARM_GCC_441\Debug\KitProg.a(USBFS_vnd.o)
 .debug_pubnames
                0x00002a91       0x46 .\ARM_GCC_441\Debug\KitProg.a(Bootloadable.o)
 .debug_pubnames
                0x00002ad7      0x486 .\ARM_GCC_441\Debug\KitProg.a(UART_Bridge.o)
 .debug_pubnames
                0x00002f5d       0x3e .\ARM_GCC_441\Debug\KitProg.a(UART_Bridge_INT.o)
 .debug_pubnames
                0x00002f9b       0x9a .\ARM_GCC_441\Debug\KitProg.a(Pin_SDAPullUp_Enable.o)
 .debug_pubnames
                0x00003035       0x9a .\ARM_GCC_441\Debug\KitProg.a(Pin_SCLPullUp_Enable.o)
 .debug_pubnames
                0x000030cf      0x182 .\ARM_GCC_441\Debug\KitProg.a(isr_UsbSuspend.o)
 .debug_pubnames
                0x00003251      0x205 .\ARM_GCC_441\Debug\KitProg.a(Timer_UsbSuspend.o)
 .debug_pubnames
                0x00003456      0x111 .\ARM_GCC_441\Debug\KitProg.a(cyfitter_cfg.o)
 .debug_pubnames
                0x00003567      0x119 .\ARM_GCC_441\Debug\KitProg.a(CyFlash.o)
 .debug_pubnames
                0x00003680       0xd0 .\ARM_GCC_441\Debug\KitProg.a(CySpc.o)
 .debug_pubnames
                0x00003750       0x2e .\ARM_GCC_441\Debug\KitProg.a(USBFS_cls.o)
 .debug_pubnames
                0x0000377e      0x376 .\ARM_GCC_441\Debug\KitProg.a(USBFS_descr.o)

.debug_info     0x00000000     0x8f4a
 *(.debug_info .gnu.linkonce.wi.*)
 .debug_info    0x00000000       0xd1 .\ARM_GCC_441\Debug\main.o
 .debug_info    0x000000d1      0x7d0 .\ARM_GCC_441\Debug\swd.o
 .debug_info    0x000008a1      0x190 .\ARM_GCC_441\Debug\commandprocessor.o
 .debug_info    0x00000a31      0x20f .\ARM_GCC_441\Debug\USBFS_commandinterface.o
 .debug_info    0x00000c40      0x351 .\ARM_GCC_441\Debug\USBFS_HID_interface.o
 .debug_info    0x00000f91      0x1d7 .\ARM_GCC_441\Debug\version.o
 .debug_info    0x00001168      0x205 .\ARM_GCC_441\Debug\power.o
 .debug_info    0x0000136d      0x29a .\ARM_GCC_441\Debug\USBUART.o
 .debug_info    0x00001607      0x168 .\ARM_GCC_441\Debug\Cm3Start.o
 .debug_info    0x0000176f       0x8f .\ARM_GCC_441\Debug\KitProg.a(CyBootAsmGnu.o)
 .debug_info    0x000017fe      0xc71 .\ARM_GCC_441\Debug\KitProg.a(CyLib.o)
 .debug_info    0x0000246f      0x5bb .\ARM_GCC_441\Debug\KitProg.a(cyPm.o)
 .debug_info    0x00002a2a      0x269 .\ARM_GCC_441\Debug\KitProg.a(Clock_I2C.o)
 .debug_info    0x00002c93      0x120 .\ARM_GCC_441\Debug\KitProg.a(Pin_StatusLED.o)
 .debug_info    0x00002db3      0x721 .\ARM_GCC_441\Debug\KitProg.a(ADC_Voltage_Target.o)
 .debug_info    0x000034d4      0x12c .\ARM_GCC_441\Debug\KitProg.a(ADC_Voltage_Target_PM.o)
 .debug_info    0x00003600       0xdc .\ARM_GCC_441\Debug\KitProg.a(ADC_Voltage_Target_INT.o)
 .debug_info    0x000036dc      0x2ad .\ARM_GCC_441\Debug\KitProg.a(ADC_Voltage_Target_theACLK.o)
 .debug_info    0x00003989      0x269 .\ARM_GCC_441\Debug\KitProg.a(ADC_Voltage_Target_Ext_CP_Clk.o)
 .debug_info    0x00003bf2      0x11a .\ARM_GCC_441\Debug\KitProg.a(ADC_Voltage_Target_AMux.o)
 .debug_info    0x00003d0c      0x11a .\ARM_GCC_441\Debug\KitProg.a(AMux.o)
 .debug_info    0x00003e26      0x269 .\ARM_GCC_441\Debug\KitProg.a(Clock_UART.o)
 .debug_info    0x0000408f      0x123 .\ARM_GCC_441\Debug\KitProg.a(I2CHW.o)
 .debug_info    0x000041b2      0x13b .\ARM_GCC_441\Debug\KitProg.a(I2CHW_INT.o)
 .debug_info    0x000042ed      0x41b .\ARM_GCC_441\Debug\KitProg.a(I2CHW_MASTER.o)
 .debug_info    0x00004708      0x120 .\ARM_GCC_441\Debug\KitProg.a(Pin_I2C_SCL.o)
 .debug_info    0x00004828      0x120 .\ARM_GCC_441\Debug\KitProg.a(Pin_I2C_SDA.o)
 .debug_info    0x00004948      0x120 .\ARM_GCC_441\Debug\KitProg.a(Pin_UART_Tx.o)
 .debug_info    0x00004a68      0x64e .\ARM_GCC_441\Debug\KitProg.a(USBFS.o)
 .debug_info    0x000050b6      0x5c7 .\ARM_GCC_441\Debug\KitProg.a(USBFS_cdc.o)
 .debug_info    0x0000567d      0x53f .\ARM_GCC_441\Debug\KitProg.a(USBFS_drv.o)
 .debug_info    0x00005bbc      0x226 .\ARM_GCC_441\Debug\KitProg.a(USBFS_episr.o)
 .debug_info    0x00005de2      0x37c .\ARM_GCC_441\Debug\KitProg.a(USBFS_hid.o)
 .debug_info    0x0000615e      0x18c .\ARM_GCC_441\Debug\KitProg.a(USBFS_pm.o)
 .debug_info    0x000062ea      0x830 .\ARM_GCC_441\Debug\KitProg.a(USBFS_std.o)
 .debug_info    0x00006b1a       0xd2 .\ARM_GCC_441\Debug\KitProg.a(USBFS_vnd.o)
 .debug_info    0x00006bec      0x157 .\ARM_GCC_441\Debug\KitProg.a(Bootloadable.o)
 .debug_info    0x00006d43      0x6bd .\ARM_GCC_441\Debug\KitProg.a(UART_Bridge.o)
 .debug_info    0x00007400      0x16d .\ARM_GCC_441\Debug\KitProg.a(UART_Bridge_INT.o)
 .debug_info    0x0000756d      0x120 .\ARM_GCC_441\Debug\KitProg.a(Pin_SDAPullUp_Enable.o)
 .debug_info    0x0000768d      0x120 .\ARM_GCC_441\Debug\KitProg.a(Pin_SCLPullUp_Enable.o)
 .debug_info    0x000077ad      0x25b .\ARM_GCC_441\Debug\KitProg.a(isr_UsbSuspend.o)
 .debug_info    0x00007a08      0x253 .\ARM_GCC_441\Debug\KitProg.a(Timer_UsbSuspend.o)
 .debug_info    0x00007c5b      0x5cb .\ARM_GCC_441\Debug\KitProg.a(cyfitter_cfg.o)
 .debug_info    0x00008226      0x3ab .\ARM_GCC_441\Debug\KitProg.a(CyFlash.o)
 .debug_info    0x000085d1      0x39f .\ARM_GCC_441\Debug\KitProg.a(CySpc.o)
 .debug_info    0x00008970      0x19d .\ARM_GCC_441\Debug\KitProg.a(USBFS_cls.o)
 .debug_info    0x00008b0d      0x43d .\ARM_GCC_441\Debug\KitProg.a(USBFS_descr.o)

.debug_abbrev   0x00000000     0x29b4
 *(.debug_abbrev)
 .debug_abbrev  0x00000000       0x7e .\ARM_GCC_441\Debug\main.o
 .debug_abbrev  0x0000007e      0x158 .\ARM_GCC_441\Debug\swd.o
 .debug_abbrev  0x000001d6       0xc9 .\ARM_GCC_441\Debug\commandprocessor.o
 .debug_abbrev  0x0000029f       0xf0 .\ARM_GCC_441\Debug\USBFS_commandinterface.o
 .debug_abbrev  0x0000038f      0x14d .\ARM_GCC_441\Debug\USBFS_HID_interface.o
 .debug_abbrev  0x000004dc       0xf4 .\ARM_GCC_441\Debug\version.o
 .debug_abbrev  0x000005d0       0xdd .\ARM_GCC_441\Debug\power.o
 .debug_abbrev  0x000006ad       0xef .\ARM_GCC_441\Debug\USBUART.o
 .debug_abbrev  0x0000079c       0xec .\ARM_GCC_441\Debug\Cm3Start.o
 .debug_abbrev  0x00000888       0x14 .\ARM_GCC_441\Debug\KitProg.a(CyBootAsmGnu.o)
 .debug_abbrev  0x0000089c      0x182 .\ARM_GCC_441\Debug\KitProg.a(CyLib.o)
 .debug_abbrev  0x00000a1e      0x14d .\ARM_GCC_441\Debug\KitProg.a(cyPm.o)
 .debug_abbrev  0x00000b6b       0xd8 .\ARM_GCC_441\Debug\KitProg.a(Clock_I2C.o)
 .debug_abbrev  0x00000c43       0x85 .\ARM_GCC_441\Debug\KitProg.a(Pin_StatusLED.o)
 .debug_abbrev  0x00000cc8       0xf8 .\ARM_GCC_441\Debug\KitProg.a(ADC_Voltage_Target.o)
 .debug_abbrev  0x00000dc0       0x84 .\ARM_GCC_441\Debug\KitProg.a(ADC_Voltage_Target_PM.o)
 .debug_abbrev  0x00000e44       0x4a .\ARM_GCC_441\Debug\KitProg.a(ADC_Voltage_Target_INT.o)
 .debug_abbrev  0x00000e8e       0xd8 .\ARM_GCC_441\Debug\KitProg.a(ADC_Voltage_Target_theACLK.o)
 .debug_abbrev  0x00000f66       0xd8 .\ARM_GCC_441\Debug\KitProg.a(ADC_Voltage_Target_Ext_CP_Clk.o)
 .debug_abbrev  0x0000103e       0x7f .\ARM_GCC_441\Debug\KitProg.a(ADC_Voltage_Target_AMux.o)
 .debug_abbrev  0x000010bd       0x7f .\ARM_GCC_441\Debug\KitProg.a(AMux.o)
 .debug_abbrev  0x0000113c       0xd8 .\ARM_GCC_441\Debug\KitProg.a(Clock_UART.o)
 .debug_abbrev  0x00001214       0x95 .\ARM_GCC_441\Debug\KitProg.a(I2CHW.o)
 .debug_abbrev  0x000012a9       0x89 .\ARM_GCC_441\Debug\KitProg.a(I2CHW_INT.o)
 .debug_abbrev  0x00001332      0x11d .\ARM_GCC_441\Debug\KitProg.a(I2CHW_MASTER.o)
 .debug_abbrev  0x0000144f       0x85 .\ARM_GCC_441\Debug\KitProg.a(Pin_I2C_SCL.o)
 .debug_abbrev  0x000014d4       0x85 .\ARM_GCC_441\Debug\KitProg.a(Pin_I2C_SDA.o)
 .debug_abbrev  0x00001559       0x85 .\ARM_GCC_441\Debug\KitProg.a(Pin_UART_Tx.o)
 .debug_abbrev  0x000015de      0x173 .\ARM_GCC_441\Debug\KitProg.a(USBFS.o)
 .debug_abbrev  0x00001751      0x192 .\ARM_GCC_441\Debug\KitProg.a(USBFS_cdc.o)
 .debug_abbrev  0x000018e3      0x14f .\ARM_GCC_441\Debug\KitProg.a(USBFS_drv.o)
 .debug_abbrev  0x00001a32       0xb0 .\ARM_GCC_441\Debug\KitProg.a(USBFS_episr.o)
 .debug_abbrev  0x00001ae2      0x142 .\ARM_GCC_441\Debug\KitProg.a(USBFS_hid.o)
 .debug_abbrev  0x00001c24       0xc4 .\ARM_GCC_441\Debug\KitProg.a(USBFS_pm.o)
 .debug_abbrev  0x00001ce8      0x197 .\ARM_GCC_441\Debug\KitProg.a(USBFS_std.o)
 .debug_abbrev  0x00001e7f       0x82 .\ARM_GCC_441\Debug\KitProg.a(USBFS_vnd.o)
 .debug_abbrev  0x00001f01       0xab .\ARM_GCC_441\Debug\KitProg.a(Bootloadable.o)
 .debug_abbrev  0x00001fac      0x13a .\ARM_GCC_441\Debug\KitProg.a(UART_Bridge.o)
 .debug_abbrev  0x000020e6       0xa7 .\ARM_GCC_441\Debug\KitProg.a(UART_Bridge_INT.o)
 .debug_abbrev  0x0000218d       0x85 .\ARM_GCC_441\Debug\KitProg.a(Pin_SDAPullUp_Enable.o)
 .debug_abbrev  0x00002212       0x85 .\ARM_GCC_441\Debug\KitProg.a(Pin_SCLPullUp_Enable.o)
 .debug_abbrev  0x00002297      0x10a .\ARM_GCC_441\Debug\KitProg.a(isr_UsbSuspend.o)
 .debug_abbrev  0x000023a1       0xc9 .\ARM_GCC_441\Debug\KitProg.a(Timer_UsbSuspend.o)
 .debug_abbrev  0x0000246a      0x16d .\ARM_GCC_441\Debug\KitProg.a(cyfitter_cfg.o)
 .debug_abbrev  0x000025d7      0x14a .\ARM_GCC_441\Debug\KitProg.a(CyFlash.o)
 .debug_abbrev  0x00002721      0x10e .\ARM_GCC_441\Debug\KitProg.a(CySpc.o)
 .debug_abbrev  0x0000282f       0xb5 .\ARM_GCC_441\Debug\KitProg.a(USBFS_cls.o)
 .debug_abbrev  0x000028e4       0xd0 .\ARM_GCC_441\Debug\KitProg.a(USBFS_descr.o)

.debug_line     0x00000000     0x471c
 *(.debug_line)
 .debug_line    0x00000000       0x9d .\ARM_GCC_441\Debug\main.o
 .debug_line    0x0000009d      0x3fa .\ARM_GCC_441\Debug\swd.o
 .debug_line    0x00000497       0xef .\ARM_GCC_441\Debug\commandprocessor.o
 .debug_line    0x00000586       0xb2 .\ARM_GCC_441\Debug\USBFS_commandinterface.o
 .debug_line    0x00000638      0x237 .\ARM_GCC_441\Debug\USBFS_HID_interface.o
 .debug_line    0x0000086f       0xbe .\ARM_GCC_441\Debug\version.o
 .debug_line    0x0000092d      0x128 .\ARM_GCC_441\Debug\power.o
 .debug_line    0x00000a55       0xcc .\ARM_GCC_441\Debug\USBUART.o
 .debug_line    0x00000b21       0xb8 .\ARM_GCC_441\Debug\Cm3Start.o
 .debug_line    0x00000bd9       0x67 .\ARM_GCC_441\Debug\KitProg.a(CyBootAsmGnu.o)
 .debug_line    0x00000c40      0x659 .\ARM_GCC_441\Debug\KitProg.a(CyLib.o)
 .debug_line    0x00001299      0x34d .\ARM_GCC_441\Debug\KitProg.a(cyPm.o)
 .debug_line    0x000015e6      0x17e .\ARM_GCC_441\Debug\KitProg.a(Clock_I2C.o)
 .debug_line    0x00001764       0xb8 .\ARM_GCC_441\Debug\KitProg.a(Pin_StatusLED.o)
 .debug_line    0x0000181c      0x359 .\ARM_GCC_441\Debug\KitProg.a(ADC_Voltage_Target.o)
 .debug_line    0x00001b75       0xe4 .\ARM_GCC_441\Debug\KitProg.a(ADC_Voltage_Target_PM.o)
 .debug_line    0x00001c59       0x9d .\ARM_GCC_441\Debug\KitProg.a(ADC_Voltage_Target_INT.o)
 .debug_line    0x00001cf6      0x1ac .\ARM_GCC_441\Debug\KitProg.a(ADC_Voltage_Target_theACLK.o)
 .debug_line    0x00001ea2      0x18b .\ARM_GCC_441\Debug\KitProg.a(ADC_Voltage_Target_Ext_CP_Clk.o)
 .debug_line    0x0000202d       0xb9 .\ARM_GCC_441\Debug\KitProg.a(ADC_Voltage_Target_AMux.o)
 .debug_line    0x000020e6       0xa6 .\ARM_GCC_441\Debug\KitProg.a(AMux.o)
 .debug_line    0x0000218c      0x17f .\ARM_GCC_441\Debug\KitProg.a(Clock_UART.o)
 .debug_line    0x0000230b       0xcf .\ARM_GCC_441\Debug\KitProg.a(I2CHW.o)
 .debug_line    0x000023da      0x122 .\ARM_GCC_441\Debug\KitProg.a(I2CHW_INT.o)
 .debug_line    0x000024fc      0x1f3 .\ARM_GCC_441\Debug\KitProg.a(I2CHW_MASTER.o)
 .debug_line    0x000026ef       0xb6 .\ARM_GCC_441\Debug\KitProg.a(Pin_I2C_SCL.o)
 .debug_line    0x000027a5       0xb6 .\ARM_GCC_441\Debug\KitProg.a(Pin_I2C_SDA.o)
 .debug_line    0x0000285b       0xb6 .\ARM_GCC_441\Debug\KitProg.a(Pin_UART_Tx.o)
 .debug_line    0x00002911      0x2a1 .\ARM_GCC_441\Debug\KitProg.a(USBFS.o)
 .debug_line    0x00002bb2      0x203 .\ARM_GCC_441\Debug\KitProg.a(USBFS_cdc.o)
 .debug_line    0x00002db5      0x21d .\ARM_GCC_441\Debug\KitProg.a(USBFS_drv.o)
 .debug_line    0x00002fd2      0x158 .\ARM_GCC_441\Debug\KitProg.a(USBFS_episr.o)
 .debug_line    0x0000312a      0x163 .\ARM_GCC_441\Debug\KitProg.a(USBFS_hid.o)
 .debug_line    0x0000328d      0x10b .\ARM_GCC_441\Debug\KitProg.a(USBFS_pm.o)
 .debug_line    0x00003398      0x2e6 .\ARM_GCC_441\Debug\KitProg.a(USBFS_std.o)
 .debug_line    0x0000367e       0xac .\ARM_GCC_441\Debug\KitProg.a(USBFS_vnd.o)
 .debug_line    0x0000372a       0x9a .\ARM_GCC_441\Debug\KitProg.a(Bootloadable.o)
 .debug_line    0x000037c4      0x363 .\ARM_GCC_441\Debug\KitProg.a(UART_Bridge.o)
 .debug_line    0x00003b27       0xd2 .\ARM_GCC_441\Debug\KitProg.a(UART_Bridge_INT.o)
 .debug_line    0x00003bf9       0xbf .\ARM_GCC_441\Debug\KitProg.a(Pin_SDAPullUp_Enable.o)
 .debug_line    0x00003cb8       0xbf .\ARM_GCC_441\Debug\KitProg.a(Pin_SCLPullUp_Enable.o)
 .debug_line    0x00003d77      0x17f .\ARM_GCC_441\Debug\KitProg.a(isr_UsbSuspend.o)
 .debug_line    0x00003ef6      0x184 .\ARM_GCC_441\Debug\KitProg.a(Timer_UsbSuspend.o)
 .debug_line    0x0000407a      0x22e .\ARM_GCC_441\Debug\KitProg.a(cyfitter_cfg.o)
 .debug_line    0x000042a8      0x1ac .\ARM_GCC_441\Debug\KitProg.a(CyFlash.o)
 .debug_line    0x00004454      0x18d .\ARM_GCC_441\Debug\KitProg.a(CySpc.o)
 .debug_line    0x000045e1       0x9b .\ARM_GCC_441\Debug\KitProg.a(USBFS_cls.o)
 .debug_line    0x0000467c       0xa0 .\ARM_GCC_441\Debug\KitProg.a(USBFS_descr.o)

.debug_frame    0x00000000     0x37a0
 *(.debug_frame)
 .debug_frame   0x00000000       0x2c .\ARM_GCC_441\Debug\main.o
 .debug_frame   0x0000002c      0x2e0 .\ARM_GCC_441\Debug\swd.o
 .debug_frame   0x0000030c       0x68 .\ARM_GCC_441\Debug\commandprocessor.o
 .debug_frame   0x00000374       0x48 .\ARM_GCC_441\Debug\USBFS_commandinterface.o
 .debug_frame   0x000003bc      0x170 .\ARM_GCC_441\Debug\USBFS_HID_interface.o
 .debug_frame   0x0000052c       0x4c .\ARM_GCC_441\Debug\version.o
 .debug_frame   0x00000578       0xf4 .\ARM_GCC_441\Debug\power.o
 .debug_frame   0x0000066c       0x68 .\ARM_GCC_441\Debug\USBUART.o
 .debug_frame   0x000006d4       0x5c .\ARM_GCC_441\Debug\Cm3Start.o
 .debug_frame   0x00000730      0x778 .\ARM_GCC_441\Debug\KitProg.a(CyLib.o)
 .debug_frame   0x00000ea8      0x208 .\ARM_GCC_441\Debug\KitProg.a(cyPm.o)
 .debug_frame   0x000010b0      0x14c .\ARM_GCC_441\Debug\KitProg.a(Clock_I2C.o)
 .debug_frame   0x000011fc       0x80 .\ARM_GCC_441\Debug\KitProg.a(Pin_StatusLED.o)
 .debug_frame   0x0000127c      0x304 .\ARM_GCC_441\Debug\KitProg.a(ADC_Voltage_Target.o)
 .debug_frame   0x00001580       0x80 .\ARM_GCC_441\Debug\KitProg.a(ADC_Voltage_Target_PM.o)
 .debug_frame   0x00001600       0x80 .\ARM_GCC_441\Debug\KitProg.a(ADC_Voltage_Target_INT.o)
 .debug_frame   0x00001680      0x184 .\ARM_GCC_441\Debug\KitProg.a(ADC_Voltage_Target_theACLK.o)
 .debug_frame   0x00001804      0x14c .\ARM_GCC_441\Debug\KitProg.a(ADC_Voltage_Target_Ext_CP_Clk.o)
 .debug_frame   0x00001950       0x70 .\ARM_GCC_441\Debug\KitProg.a(ADC_Voltage_Target_AMux.o)
 .debug_frame   0x000019c0       0x70 .\ARM_GCC_441\Debug\KitProg.a(AMux.o)
 .debug_frame   0x00001a30      0x14c .\ARM_GCC_441\Debug\KitProg.a(Clock_UART.o)
 .debug_frame   0x00001b7c       0x84 .\ARM_GCC_441\Debug\KitProg.a(I2CHW.o)
 .debug_frame   0x00001c00       0x30 .\ARM_GCC_441\Debug\KitProg.a(I2CHW_INT.o)