Archive member included because of file (symbol)

.\ARM_GCC_441\Debug\KitProg.a(CyBootAsmGnu.o)
                              .\ARM_GCC_441\Debug\swd.o (CyEnterCriticalSection)
.\ARM_GCC_441\Debug\KitProg.a(CyLib.o)
                              .\ARM_GCC_441\Debug\Cm3Start.o (CyResetStatus)
.\ARM_GCC_441\Debug\KitProg.a(cyPm.o)
                              .\ARM_GCC_441\Debug\power.o (CyPmSaveClocks)
.\ARM_GCC_441\Debug\KitProg.a(Clock_I2C.o)
                              .\ARM_GCC_441\Debug\USBFS_HID_interface.o (Clock_I2C_Start)
.\ARM_GCC_441\Debug\KitProg.a(Pin_StatusLED.o)
                              .\ARM_GCC_441\Debug\main.o (Pin_StatusLED_Write)
.\ARM_GCC_441\Debug\KitProg.a(Clock_UART.o)
                              .\ARM_GCC_441\Debug\USBFS_HID_interface.o (Clock_UART_Start)
.\ARM_GCC_441\Debug\KitProg.a(I2CHW.o)
                              .\ARM_GCC_441\Debug\USBFS_HID_interface.o (I2CHW_Start)
.\ARM_GCC_441\Debug\KitProg.a(I2CHW_INT.o)
                              .\ARM_GCC_441\Debug\KitProg.a(I2CHW.o) (I2CHW_ISR)
.\ARM_GCC_441\Debug\KitProg.a(I2CHW_MASTER.o)
                              .\ARM_GCC_441\Debug\KitProg.a(I2CHW_INT.o) (I2CHW_mstrStatus)
.\ARM_GCC_441\Debug\KitProg.a(Pin_I2C_SCL.o)
                              .\ARM_GCC_441\Debug\USBFS_HID_interface.o (Pin_I2C_SCL_Write)
.\ARM_GCC_441\Debug\KitProg.a(Pin_I2C_SDA.o)
                              .\ARM_GCC_441\Debug\USBFS_HID_interface.o (Pin_I2C_SDA_Write)
.\ARM_GCC_441\Debug\KitProg.a(Pin_UART_Tx.o)
                              .\ARM_GCC_441\Debug\USBUART.o (Pin_UART_Tx_SetDriveMode)
.\ARM_GCC_441\Debug\KitProg.a(USBFS.o)
                              .\ARM_GCC_441\Debug\main.o (USBFS_Start)
.\ARM_GCC_441\Debug\KitProg.a(USBFS_cdc.o)
                              .\ARM_GCC_441\Debug\USBUART.o (USBFS_CDC_Init)
.\ARM_GCC_441\Debug\KitProg.a(USBFS_drv.o)
                              .\ARM_GCC_441\Debug\USBUART.o (USBFS_EP)
.\ARM_GCC_441\Debug\KitProg.a(USBFS_episr.o)
                              .\ARM_GCC_441\Debug\KitProg.a(USBFS.o) (USBFS_EP_1_ISR)
.\ARM_GCC_441\Debug\KitProg.a(USBFS_hid.o)
                              .\ARM_GCC_441\Debug\KitProg.a(USBFS.o) (USBFS_hidProtocol)
.\ARM_GCC_441\Debug\KitProg.a(USBFS_pm.o)
                              .\ARM_GCC_441\Debug\power.o (USBFS_Suspend)
.\ARM_GCC_441\Debug\KitProg.a(USBFS_std.o)
                              .\ARM_GCC_441\Debug\KitProg.a(USBFS_drv.o) (USBFS_HandleStandardRqst)
.\ARM_GCC_441\Debug\KitProg.a(USBFS_vnd.o)
                              .\ARM_GCC_441\Debug\KitProg.a(USBFS_drv.o) (USBFS_HandleVendorRqst)
.\ARM_GCC_441\Debug\KitProg.a(Bootloadable.o)
                              .\ARM_GCC_441\Debug\USBFS_HID_interface.o (Bootloadable_Load)
.\ARM_GCC_441\Debug\KitProg.a(UART_Bridge.o)
                              .\ARM_GCC_441\Debug\USBUART.o (UART_Bridge_rxBuffer)
.\ARM_GCC_441\Debug\KitProg.a(UART_Bridge_INT.o)
                              .\ARM_GCC_441\Debug\KitProg.a(UART_Bridge.o) (UART_Bridge_RXISR)
.\ARM_GCC_441\Debug\KitProg.a(Pin_SDAPullUp_Enable.o)
                              .\ARM_GCC_441\Debug\USBFS_HID_interface.o (Pin_SDAPullUp_Enable_Write)
.\ARM_GCC_441\Debug\KitProg.a(Pin_SCLPullUp_Enable.o)
                              .\ARM_GCC_441\Debug\USBFS_HID_interface.o (Pin_SCLPullUp_Enable_Write)
.\ARM_GCC_441\Debug\KitProg.a(isr_UsbSuspend.o)
                              .\ARM_GCC_441\Debug\main.o (isr_UsbSuspend_Start)
.\ARM_GCC_441\Debug\KitProg.a(Timer_UsbSuspend.o)
                              .\ARM_GCC_441\Debug\main.o (Timer_UsbSuspend_Start)
.\ARM_GCC_441\Debug\KitProg.a(cyfitter_cfg.o)
                              .\ARM_GCC_441\Debug\Cm3Start.o (cyfitter_cfg)
.\ARM_GCC_441\Debug\KitProg.a(CyFlash.o)
                              .\ARM_GCC_441\Debug\KitProg.a(Bootloadable.o) (CyWriteRowData)
.\ARM_GCC_441\Debug\KitProg.a(CySpc.o)
                              .\ARM_GCC_441\Debug\KitProg.a(CyFlash.o) (CySpcStart)
.\ARM_GCC_441\Debug\KitProg.a(USBFS_cls.o)
                              .\ARM_GCC_441\Debug\KitProg.a(USBFS_drv.o) (USBFS_DispatchClassRqst)
.\ARM_GCC_441\Debug\KitProg.a(USBFS_descr.o)
                              .\ARM_GCC_441\Debug\KitProg.a(USBFS_std.o) (USBFS_DEVICE0_DESCR)
c:/program files/cypress/psoc creator/2.2/psoc creator/import/gnu_cs/arm/4.4.1/bin/../lib/gcc/arm-none-eabi/4.4.1/../../../../arm-none-eabi/lib/thumb2\libc.a(lib_a-memcpy.o)
                              .\ARM_GCC_441\Debug\KitProg.a(cyfitter_cfg.o) (memcpy)
c:/program files/cypress/psoc creator/2.2/psoc creator/import/gnu_cs/arm/4.4.1/bin/../lib/gcc/arm-none-eabi/4.4.1/../../../../arm-none-eabi/lib/thumb2\libc.a(lib_a-memset.o)
                              .\ARM_GCC_441\Debug\KitProg.a(cyfitter_cfg.o) (memset)
[...]
Memory Configuration

Name             Origin             Length             Attributes
rom              0x00002700         0x0001d8c0         xr
ram              0x1fffc000         0x00003000         xrw
*default*        0x00000000         0xffffffff

Linker script and memory map

LOAD c:/program files/cypress/psoc creator/2.2/psoc creator/import/gnu_cs/arm/4.4.1/bin/../lib/gcc/arm-none-eabi/4.4.1/thumb2/crti.o
LOAD c:/program files/cypress/psoc creator/2.2/psoc creator/import/gnu_cs/arm/4.4.1/bin/../lib/gcc/arm-none-eabi/4.4.1/thumb2/crtbegin.o
START GROUP
LOAD .\ARM_GCC_441\Debug\main.o
LOAD .\ARM_GCC_441\Debug\swd.o
LOAD .\ARM_GCC_441\Debug\commandprocessor.o
LOAD .\ARM_GCC_441\Debug\USBFS_commandinterface.o
LOAD .\ARM_GCC_441\Debug\USBFS_HID_interface.o
LOAD .\ARM_GCC_441\Debug\version.o
LOAD .\ARM_GCC_441\Debug\power.o
LOAD .\ARM_GCC_441\Debug\USBUART.o
LOAD .\ARM_GCC_441\Debug\Cm3Start.o
LOAD .\ARM_GCC_441\Debug\KitProg.a
LOAD C:\Program Files\Cypress\PSoC Creator\2.2\PSoC Creator\psoc\content\cycomponentlibrary\CyComponentLibrary.cylib\CortexM3\ARM_GCC_441\Debug\CyComponentLibrary.a
END GROUP
START GROUP
LOAD c:/program files/cypress/psoc creator/2.2/psoc creator/import/gnu_cs/arm/4.4.1/bin/../lib/gcc/arm-none-eabi/4.4.1/thumb2\libgcc.a
LOAD c:/program files/cypress/psoc creator/2.2/psoc creator/import/gnu_cs/arm/4.4.1/bin/../lib/gcc/arm-none-eabi/4.4.1/../../../../arm-none-eabi/lib/thumb2\libc.a
END GROUP
LOAD c:/program files/cypress/psoc creator/2.2/psoc creator/import/gnu_cs/arm/4.4.1/bin/../lib/gcc/arm-none-eabi/4.4.1/thumb2/crtend.o
LOAD c:/program files/cypress/psoc creator/2.2/psoc creator/import/gnu_cs/arm/4.4.1/bin/../lib/gcc/arm-none-eabi/4.4.1/thumb2/crtn.o
START GROUP
LOAD c:/program files/cypress/psoc creator/2.2/psoc creator/import/gnu_cs/arm/4.4.1/bin/../lib/gcc/arm-none-eabi/4.4.1/thumb2\libgcc.a
LOAD c:/program files/cypress/psoc creator/2.2/psoc creator/import/gnu_cs/arm/4.4.1/bin/../lib/gcc/arm-none-eabi/4.4.1/../../../../arm-none-eabi/lib/thumb2\libc.a
LOAD c:/program files/cypress/psoc creator/2.2/psoc creator/import/gnu_cs/arm/4.4.1/bin/../lib/gcc/arm-none-eabi/4.4.1/../../../../arm-none-eabi/lib/thumb2\libcs3.a
LOAD c:/program files/cypress/psoc creator/2.2/psoc creator/import/gnu_cs/arm/4.4.1/bin/../lib/gcc/arm-none-eabi/4.4.1/../../../../arm-none-eabi/lib/thumb2\libcs3unhosted.a
LOAD c:/program files/cypress/psoc creator/2.2/psoc creator/import/gnu_cs/arm/4.4.1/bin/../lib/gcc/arm-none-eabi/4.4.1/../../../../arm-none-eabi/lib/thumb2\libcs3micro.a
END GROUP
                0x1fffc8d8                PROVIDE (__cs3_heap_start, _end)
                0x00000001                PROVIDE (__cs3_region_num, ((__cs3_regions_end - __cs3_regions) / 0x14))
                0x20004000                PROVIDE (__cs3_stack, 0x20004000)
                0x20000000                PROVIDE (__cs3_heap_end, (__cs3_stack - 0x4000))

.text           0x00002700     0xb2a0
 CREATE_OBJECT_SYMBOLS
                0x00002700                PROVIDE (__cs3_interrupt_vector, RomVectors)
 *(.romvectors)
 .romvectors    0x00002700       0x10 .\ARM_GCC_441\Debug\Cm3Start.o
                0x00002700                RomVectors
 *(.cs3.interrupt_vector)
                0x00002701                ASSERT ((. != __cs3_interrupt_vector), No interrupt vector)
                0x00006120                PROVIDE (__cs3_reset, Reset)
 *(.cs3.reset)
                0x00002701                ASSERT ((. != __cs3_reset), No reset code)
 *(.dma_init)
                0x00002701                ASSERT ((((0x2700 + .) <= 0x10000) || 0x1), DMA Init must be within the first 64k of flash)
 *(.text.cs3.init)
 .text.cs3.init
                0x00002710       0x5c c:/program files/cypress/psoc creator/2.2/psoc creator/import/gnu_cs/arm/4.4.1/bin/../lib/gcc/arm-none-eabi/4.4.1/../../../../arm-none-eabi/lib/thumb2\libcs3.a(start_c.o)
                0x00002710                __cs3_start_c
 *(.text .text.* .gnu.linkonce.t.*)
 .text          0x0000276c       0x30 c:/program files/cypress/psoc creator/2.2/psoc creator/import/gnu_cs/arm/4.4.1/bin/../lib/gcc/arm-none-eabi/4.4.1/thumb2/crtbegin.o
 .text.main     0x0000279c      0x10c .\ARM_GCC_441\Debug\main.o
                0x0000279c                main
 .text.SWDInit  0x000028a8       0xc4 .\ARM_GCC_441\Debug\swd.o
                0x000028a8                SWDInit
 .text.SWDHalt  0x0000296c       0x78 .\ARM_GCC_441\Debug\swd.o
                0x0000296c                SWDHalt
 .text.SWDClockTrn
                0x000029e4       0x58 .\ARM_GCC_441\Debug\swd.o
                0x000029e4                SWDClockTrn
 .text.SWDPutHeaderSegment
                0x00002a3c      0x390 .\ARM_GCC_441\Debug\swd.o
                0x00002a3c                SWDPutHeaderSegment
 .text.SWDGetAckSegment
                0x00002dcc       0xc4 .\ARM_GCC_441\Debug\swd.o
                0x00002dcc                SWDGetAckSegment
 .text.SWDPutDataSegment
                0x00002e90       0x74 .\ARM_GCC_441\Debug\swd.o
                0x00002e90                SWDPutDataSegment
 .text.SWDGetDataSegment
                0x00002f04       0x7c .\ARM_GCC_441\Debug\swd.o
                0x00002f04                SWDGetDataSegment
 .text.SWDCountBits
                0x00002f80       0xec .\ARM_GCC_441\Debug\swd.o
                0x00002f80                SWDCountBits
 .text.SWDPutByte
                0x0000306c      0x1b0 .\ARM_GCC_441\Debug\swd.o
                0x0000306c                SWDPutByte
 .text.SWDGetByte
                0x0000321c      0x1a8 .\ARM_GCC_441\Debug\swd.o
                0x0000321c                SWDGetByte
 .text.SWDResetBus
                0x000033c4      0x9f8 .\ARM_GCC_441\Debug\swd.o
                0x000033c4                SWDResetBus
 .text.SWDComputeDataParity
                0x00003dbc       0x90 .\ARM_GCC_441\Debug\swd.o
                0x00003dbc                SWDComputeDataParity
 .text.SWDAcquirePSoC4
                0x00003e4c      0x2bc .\ARM_GCC_441\Debug\swd.o
                0x00003e4c                SWDAcquirePSoC4
 .text.SWDPutData
                0x00004108      0x250 .\ARM_GCC_441\Debug\swd.o
                0x00004108                SWDPutData
 .text.SWDGetData
                0x00004358      0x250 .\ARM_GCC_441\Debug\swd.o
                0x00004358                SWDGetData
 .text.ReadSWD  0x000045a8       0x80 .\ARM_GCC_441\Debug\swd.o
                0x000045a8                ReadSWD
 .text.WriteSWD
                0x00004628       0x60 .\ARM_GCC_441\Debug\swd.o
                0x00004628                WriteSWD
 .text.ReceiveSWDRequest
                0x00004688       0x78 .\ARM_GCC_441\Debug\swd.o
                0x00004688                ReceiveSWDRequest
 .text.ProcessSWDRequest
                0x00004700      0x15c .\ARM_GCC_441\Debug\swd.o
                0x00004700                ProcessSWDRequest
 .text.SWDLoadUsbIn
                0x0000485c       0x30 .\ARM_GCC_441\Debug\swd.o
                0x0000485c                SWDLoadUsbIn
 .text.SendSwdResult
                0x0000488c       0xf4 .\ARM_GCC_441\Debug\swd.o
                0x0000488c                SendSwdResult
 .text.HandleSWDRequest
                0x00004980       0x70 .\ARM_GCC_441\Debug\swd.o
                0x00004980                HandleSWDRequest
 .text.CmdSWDAcquire
                0x000049f0       0x94 .\ARM_GCC_441\Debug\swd.o
                0x000049f0                CmdSWDAcquire
 .text.CmdStatus
                0x00004a84       0x40 .\ARM_GCC_441\Debug\commandprocessor.o
                0x00004a84                CmdStatus
 .text.CmdReset
                0x00004ac4       0x74 .\ARM_GCC_441\Debug\commandprocessor.o
                0x00004ac4                CmdReset
 .text.SWDComm  0x00004b38      0x10c .\ARM_GCC_441\Debug\commandprocessor.o
                0x00004b38                SWDComm
 .text.ProgramInit
                0x00004c44       0x28 .\ARM_GCC_441\Debug\USBFS_commandinterface.o
                0x00004c44                ProgramInit
 .text.VendorCmd
                0x00004c6c      0x128 .\ARM_GCC_441\Debug\USBFS_commandinterface.o
                0x00004c6c                VendorCmd
 .text.SendToUSB
                0x00004d94       0x30 .\ARM_GCC_441\Debug\USBFS_HID_interface.o
                0x00004d94                SendToUSB
 .text.I2CRestart
                0x00004dc4       0xc0 .\ARM_GCC_441\Debug\USBFS_HID_interface.o
 .text.I2CTransaction
                0x00004e84      0x20c .\ARM_GCC_441\Debug\USBFS_HID_interface.o
 .text.I2CPinPullUpDriveLow
                0x00005090       0x54 .\ARM_GCC_441\Debug\USBFS_HID_interface.o
 .text.I2CPinTriState
                0x000050e4       0x54 .\ARM_GCC_441\Debug\USBFS_HID_interface.o
 .text.I2CPullUpEnable
                0x00005138       0x60 .\ARM_GCC_441\Debug\USBFS_HID_interface.o
                0x00005138                I2CPullUpEnable
 .text.I2CPullUpDisable
                0x00005198       0x54 .\ARM_GCC_441\Debug\USBFS_HID_interface.o
                0x00005198                I2CPullUpDisable
 .text.I2C_DSIBypassDisable
                0x000051ec       0x24 .\ARM_GCC_441\Debug\USBFS_HID_interface.o
                0x000051ec                I2C_DSIBypassDisable
 .text.I2C_DSIBypassEnable
                0x00005210       0x28 .\ARM_GCC_441\Debug\USBFS_HID_interface.o
                0x00005210                I2C_DSIBypassEnable
 .text.HostCommStop
                0x00005238       0x10 .\ARM_GCC_441\Debug\USBFS_HID_interface.o
                0x00005238                HostCommStop
 .text.HostCommInit
                0x00005248       0x20 .\ARM_GCC_441\Debug\USBFS_HID_interface.o
                0x00005248                HostCommInit
 .text.HostComm
                0x00005268      0x55c .\ARM_GCC_441\Debug\USBFS_HID_interface.o
                0x00005268                HostComm
 .text.CheckHWVerPerPin
                0x000057c4       0x48 .\ARM_GCC_441\Debug\version.o
 .text.GetHWVersion
                0x0000580c      0x478 .\ARM_GCC_441\Debug\version.o
                0x0000580c                GetHWVersion
 .text.VoltageMonitorInit
                0x00005c84        0xc .\ARM_GCC_441\Debug\power.o
                0x00005c84                VoltageMonitorInit
 .text.GetRange
                0x00005c90       0x3c .\ARM_GCC_441\Debug\power.o
                0x00005c90                GetRange
 .text.GetVoltage
                0x00005ccc       0x40 .\ARM_GCC_441\Debug\power.o
                0x00005ccc                GetVoltage
 .text.Convert_To_milliVolts
                0x00005d0c       0x58 .\ARM_GCC_441\Debug\power.o
                0x00005d0c                Convert_To_milliVolts
 .text.VoltageMonitorStop
                0x00005d64        0xc .\ARM_GCC_441\Debug\power.o
                0x00005d64                VoltageMonitorStop
 .text.SendPSoCToSleep
                0x00005d70       0x38 .\ARM_GCC_441\Debug\power.o
                0x00005d70                SendPSoCToSleep
 .text.ResumeFromSleep
                0x00005da8       0x34 .\ARM_GCC_441\Debug\power.o
                0x00005da8                ResumeFromSleep
 .text.HandleUSBSuspend
                0x00005ddc       0x3c .\ARM_GCC_441\Debug\power.o
                0x00005ddc                HandleUSBSuspend
 .text.UARTBridgeComm
                0x00005e18      0x2d8 .\ARM_GCC_441\Debug\USBUART.o
                0x00005e18                UARTBridgeComm
 .text.USBUARTInit
                0x000060f0       0x14 .\ARM_GCC_441\Debug\USBUART.o
                0x000060f0                USBUARTInit
 .text.USBUARTStart
                0x00006104       0x14 .\ARM_GCC_441\Debug\USBUART.o
                0x00006104                USBUARTStart
 .text.IntDefaultHandler
                0x00006118        0x8 .\ARM_GCC_441\Debug\Cm3Start.o
                0x00006118                IntDefaultHandler
 .text.Reset    0x00006120        0xc .\ARM_GCC_441\Debug\Cm3Start.o
                0x00006120                Reset
 .text.initialize_psoc
                0x0000612c       0xb4 .\ARM_GCC_441\Debug\Cm3Start.o
                0x0000612c                initialize_psoc
 .text          0x000061e0       0x20 .\ARM_GCC_441\Debug\KitProg.a(CyBootAsmGnu.o)
                0x000061e0                CyDelayCycles
                0x000061f0                CyEnterCriticalSection
                0x000061f8                CyExitCriticalSection
 .text.CyPLL_OUT_Start
                0x00006200       0xdc .\ARM_GCC_441\Debug\KitProg.a(CyLib.o)
                0x00006200                CyPLL_OUT_Start
 .text.CyPLL_OUT_Stop
                0x000062dc       0x24 .\ARM_GCC_441\Debug\KitProg.a(CyLib.o)
                0x000062dc                CyPLL_OUT_Stop
 .text.CyIMO_Start
                0x00006300       0xd0 .\ARM_GCC_441\Debug\KitProg.a(CyLib.o)
                0x00006300                CyIMO_Start
 .text.CyIMO_Stop
                0x000063d0       0x24 .\ARM_GCC_441\Debug\KitProg.a(CyLib.o)
                0x000063d0                CyIMO_Stop
 .text.CyUSB_PowerOnCheck
                0x000063f4       0x74 .\ARM_GCC_441\Debug\KitProg.a(CyLib.o)
 .text.CyIMO_SetTrimValue
                0x00006468      0x144 .\ARM_GCC_441\Debug\KitProg.a(CyLib.o)
 .text.CyIMO_SetFreq
                0x000065ac      0x1e4 .\ARM_GCC_441\Debug\KitProg.a(CyLib.o)
                0x000065ac                CyIMO_SetFreq
 .text.CyIMO_SetSource
                0x00006790       0xb8 .\ARM_GCC_441\Debug\KitProg.a(CyLib.o)
                0x00006790                CyIMO_SetSource
 .text.CyIMO_EnableDoubler
                0x00006848       0x28 .\ARM_GCC_441\Debug\KitProg.a(CyLib.o)
                0x00006848                CyIMO_EnableDoubler
 .text.CyIMO_DisableDoubler
                0x00006870       0x24 .\ARM_GCC_441\Debug\KitProg.a(CyLib.o)
                0x00006870                CyIMO_DisableDoubler
 .text.CyMasterClk_SetSource
                0x00006894       0x3c .\ARM_GCC_441\Debug\KitProg.a(CyLib.o)
                0x00006894                CyMasterClk_SetSource
 .text.CyMasterClk_SetDivider
                0x000068d0       0x20 .\ARM_GCC_441\Debug\KitProg.a(CyLib.o)
                0x000068d0                CyMasterClk_SetDivider
 .text.CyBusClk_Internal_SetDivider
                0x000068f0       0x9c .\ARM_GCC_441\Debug\KitProg.a(CyLib.o)
 .text.CyBusClk_SetDivider
                0x0000698c       0xcc .\ARM_GCC_441\Debug\KitProg.a(CyLib.o)
                0x0000698c                CyBusClk_SetDivider
 .text.CyILO_Start100K
                0x00006a58       0x28 .\ARM_GCC_441\Debug\KitProg.a(CyLib.o)
                0x00006a58                CyILO_Start100K
 .text.CyILO_Stop100K
                0x00006a80       0x24 .\ARM_GCC_441\Debug\KitProg.a(CyLib.o)
                0x00006a80                CyILO_Stop100K
 .text.CyXTAL_Start
                0x00006aa4      0x100 .\ARM_GCC_441\Debug\KitProg.a(CyLib.o)
                0x00006aa4                CyXTAL_Start
 .text.CyXTAL_Stop
                0x00006ba4       0x24 .\ARM_GCC_441\Debug\KitProg.a(CyLib.o)
                0x00006ba4                CyXTAL_Stop
 .text.CyHalt   0x00006bc8       0x18 .\ARM_GCC_441\Debug\KitProg.a(CyLib.o)
                0x00006bc8                CyHalt
 .text.CySoftwareReset
                0x00006be0       0x18 .\ARM_GCC_441\Debug\KitProg.a(CyLib.o)
                0x00006be0                CySoftwareReset
 .text.CyDelay  0x00006bf8       0x48 .\ARM_GCC_441\Debug\KitProg.a(CyLib.o)
                0x00006bf8                CyDelay
 .text.CyDelayUs
                0x00006c40       0x28 .\ARM_GCC_441\Debug\KitProg.a(CyLib.o)
                0x00006c40                CyDelayUs
 .text.CyIntSetVector
                0x00006c68       0x60 .\ARM_GCC_441\Debug\KitProg.a(CyLib.o)
                0x00006c68                CyIntSetVector
 .text.CyIntSetPriority
                0x00006cc8       0x4c .\ARM_GCC_441\Debug\KitProg.a(CyLib.o)
                0x00006cc8                CyIntSetPriority
 .text.CyPmSaveClocks
                0x00006d14      0x350 .\ARM_GCC_441\Debug\KitProg.a(cyPm.o)
                0x00006d14                CyPmSaveClocks
 .text.CyPmRestoreClocks
                0x00007064      0x3f8 .\ARM_GCC_441\Debug\KitProg.a(cyPm.o)
                0x00007064                CyPmRestoreClocks
 .text.CyPmSleep
                0x0000745c      0x218 .\ARM_GCC_441\Debug\KitProg.a(cyPm.o)
                0x0000745c                CyPmSleep
 .text.CyPmReadStatus
                0x00007674       0x7c .\ARM_GCC_441\Debug\KitProg.a(cyPm.o)
                0x00007674                CyPmReadStatus
 .text.CyPmFtwSetInterval
                0x000076f0       0xdc .\ARM_GCC_441\Debug\KitProg.a(cyPm.o)
                0x000076f0                CyPmFtwSetInterval
 .text.CyPmSlpSaveSet
                0x000077cc        0xc .\ARM_GCC_441\Debug\KitProg.a(cyPm.o)
 .text.CyPmSlpRestore
                0x000077d8        0xc .\ARM_GCC_441\Debug\KitProg.a(cyPm.o)
 .text.CyPmHibSlpSaveSet
                0x000077e4      0x454 .\ARM_GCC_441\Debug\KitProg.a(cyPm.o)
 .text.CyPmHibSlpRestore
                0x00007c38      0x270 .\ARM_GCC_441\Debug\KitProg.a(cyPm.o)
 .text.Clock_I2C_Start
                0x00007ea8       0x44 .\ARM_GCC_441\Debug\KitProg.a(Clock_I2C.o)
                0x00007ea8                Clock_I2C_Start
 .text.Clock_I2C_SetDividerRegister
                0x00007eec      0x1e8 .\ARM_GCC_441\Debug\KitProg.a(Clock_I2C.o)
                0x00007eec                Clock_I2C_SetDividerRegister
 .text.Clock_I2C_GetDividerRegister
                0x000080d4       0x18 .\ARM_GCC_441\Debug\KitProg.a(Clock_I2C.o)
                0x000080d4                Clock_I2C_GetDividerRegister
 .text.Clock_I2C_GetSourceRegister
                0x000080ec       0x1c .\ARM_GCC_441\Debug\KitProg.a(Clock_I2C.o)
                0x000080ec                Clock_I2C_GetSourceRegister
 .text.Pin_StatusLED_Write
                0x00008108       0x44 .\ARM_GCC_441\Debug\KitProg.a(Pin_StatusLED.o)
                0x00008108                Pin_StatusLED_Write
 .text.Clock_UART_Start
                0x0000814c       0x44 .\ARM_GCC_441\Debug\KitProg.a(Clock_UART.o)
                0x0000814c                Clock_UART_Start
 .text.Clock_UART_SetDividerRegister
                0x00008190      0x1e4 .\ARM_GCC_441\Debug\KitProg.a(Clock_UART.o)
                0x00008190                Clock_UART_SetDividerRegister
 .text.Clock_UART_GetDividerRegister
                0x00008374       0x18 .\ARM_GCC_441\Debug\KitProg.a(Clock_UART.o)
                0x00008374                Clock_UART_GetDividerRegister
 .text.Clock_UART_GetSourceRegister
                0x0000838c       0x1c .\ARM_GCC_441\Debug\KitProg.a(Clock_UART.o)
                0x0000838c                Clock_UART_GetSourceRegister
 .text.I2CHW_Init
                0x000083a8       0xb8 .\ARM_GCC_441\Debug\KitProg.a(I2CHW.o)
                0x000083a8                I2CHW_Init
 .text.I2CHW_Enable
                0x00008460       0x28 .\ARM_GCC_441\Debug\KitProg.a(I2CHW.o)
                0x00008460                I2CHW_Enable
 .text.I2CHW_Start
                0x00008488       0x38 .\ARM_GCC_441\Debug\KitProg.a(I2CHW.o)
                0x00008488                I2CHW_Start
 .text.I2CHW_Stop
                0x000084c0       0x74 .\ARM_GCC_441\Debug\KitProg.a(I2CHW.o)
                0x000084c0                I2CHW_Stop
 .text.I2CHW_ISR
                0x00008534      0x5f4 .\ARM_GCC_441\Debug\KitProg.a(I2CHW_INT.o)
                0x00008534                I2CHW_ISR
 .text.I2CHW_MasterSendStart
                0x00008b28       0xfc .\ARM_GCC_441\Debug\KitProg.a(I2CHW_MASTER.o)
                0x00008b28                I2CHW_MasterSendStart
 .text.I2CHW_MasterSendRestart
                0x00008c24       0xec .\ARM_GCC_441\Debug\KitProg.a(I2CHW_MASTER.o)
                0x00008c24                I2CHW_MasterSendRestart
 .text.I2CHW_MasterSendStop
                0x00008d10       0x88 .\ARM_GCC_441\Debug\KitProg.a(I2CHW_MASTER.o)
                0x00008d10                I2CHW_MasterSendStop
 .text.I2CHW_MasterWriteByte
                0x00008d98       0xd0 .\ARM_GCC_441\Debug\KitProg.a(I2CHW_MASTER.o)
                0x00008d98                I2CHW_MasterWriteByte
 .text.I2CHW_MasterReadByte
                0x00008e68       0xec .\ARM_GCC_441\Debug\KitProg.a(I2CHW_MASTER.o)
                0x00008e68                I2CHW_MasterReadByte
 .text.I2CHW_MasterClearStatus
                0x00008f54       0x30 .\ARM_GCC_441\Debug\KitProg.a(I2CHW_MASTER.o)
                0x00008f54                I2CHW_MasterClearStatus
 .text.I2CHW_MasterClearReadBuf
                0x00008f84       0x34 .\ARM_GCC_441\Debug\KitProg.a(I2CHW_MASTER.o)
                0x00008f84                I2CHW_MasterClearReadBuf
 .text.I2CHW_MasterClearWriteBuf
                0x00008fb8       0x34 .\ARM_GCC_441\Debug\KitProg.a(I2CHW_MASTER.o)
                0x00008fb8                I2CHW_MasterClearWriteBuf
 .text.I2CHW_Workaround
                0x00008fec        0xc .\ARM_GCC_441\Debug\KitProg.a(I2CHW_MASTER.o)
                0x00008fec                I2CHW_Workaround
 .text.Pin_I2C_SCL_Write
                0x00008ff8       0x40 .\ARM_GCC_441\Debug\KitProg.a(Pin_I2C_SCL.o)
                0x00008ff8                Pin_I2C_SCL_Write
 .text.Pin_I2C_SCL_Read
                0x00009038       0x1c .\ARM_GCC_441\Debug\KitProg.a(Pin_I2C_SCL.o)
                0x00009038                Pin_I2C_SCL_Read
 .text.Pin_I2C_SDA_Write
                0x00009054       0x44 .\ARM_GCC_441\Debug\KitProg.a(Pin_I2C_SDA.o)
                0x00009054                Pin_I2C_SDA_Write
 .text.Pin_I2C_SDA_Read
                0x00009098       0x24 .\ARM_GCC_441\Debug\KitProg.a(Pin_I2C_SDA.o)
                0x00009098                Pin_I2C_SDA_Read
 .text.Pin_UART_Tx_SetDriveMode
                0x000090bc       0x40 .\ARM_GCC_441\Debug\KitProg.a(Pin_UART_Tx.o)
                0x000090bc                Pin_UART_Tx_SetDriveMode
 .text.USBFS_Start
                0x000090fc       0x44 .\ARM_GCC_441\Debug\KitProg.a(USBFS.o)
                0x000090fc                USBFS_Start
 .text.USBFS_Init
                0x00009140      0x29c .\ARM_GCC_441\Debug\KitProg.a(USBFS.o)
                0x00009140                USBFS_Init
 .text.USBFS_InitComponent
                0x000093dc      0x194 .\ARM_GCC_441\Debug\KitProg.a(USBFS.o)
                0x000093dc                USBFS_InitComponent
 .text.USBFS_ReInitComponent
                0x00009570       0xb4 .\ARM_GCC_441\Debug\KitProg.a(USBFS.o)
                0x00009570                USBFS_ReInitComponent
 .text.USBFS_Stop
                0x00009624      0x144 .\ARM_GCC_441\Debug\KitProg.a(USBFS.o)
                0x00009624                USBFS_Stop
 .text.USBFS_CheckActivity
                0x00009768       0x3c .\ARM_GCC_441\Debug\KitProg.a(USBFS.o)
                0x00009768                USBFS_CheckActivity
 .text.USBFS_GetConfiguration
                0x000097a4       0x18 .\ARM_GCC_441\Debug\KitProg.a(USBFS.o)
                0x000097a4                USBFS_GetConfiguration
 .text.USBFS_IsConfigurationChanged
                0x000097bc       0x44 .\ARM_GCC_441\Debug\KitProg.a(USBFS.o)
                0x000097bc                USBFS_IsConfigurationChanged
 .text.USBFS_GetEPState
                0x00009800       0x34 .\ARM_GCC_441\Debug\KitProg.a(USBFS.o)
                0x00009800                USBFS_GetEPState
 .text.USBFS_GetEPCount
                0x00009834       0x70 .\ARM_GCC_441\Debug\KitProg.a(USBFS.o)
                0x00009834                USBFS_GetEPCount
 .text.USBFS_LoadInEP
                0x000098a4      0x158 .\ARM_GCC_441\Debug\KitProg.a(USBFS.o)
                0x000098a4                USBFS_LoadInEP
 .text.USBFS_ReadOutEP
                0x000099fc       0x98 .\ARM_GCC_441\Debug\KitProg.a(USBFS.o)
                0x000099fc                USBFS_ReadOutEP
 .text.USBFS_EnableOutEP
                0x00009a94       0x78 .\ARM_GCC_441\Debug\KitProg.a(USBFS.o)
                0x00009a94                USBFS_EnableOutEP
 .text.USBFS_GetEPAckState
                0x00009b0c       0x50 .\ARM_GCC_441\Debug\KitProg.a(USBFS.o)
                0x00009b0c                USBFS_GetEPAckState
 .text.USBFS_VBusPresent
                0x00009b5c       0x2c .\ARM_GCC_441\Debug\KitProg.a(USBFS.o)
                0x00009b5c                USBFS_VBusPresent
 .text.USBFS_DispatchCDCClassRqst
                0x00009b88      0x114 .\ARM_GCC_441\Debug\KitProg.a(USBFS_cdc.o)
                0x00009b88                USBFS_DispatchCDCClassRqst
 .text.USBFS_CDC_Init
                0x00009c9c       0x28 .\ARM_GCC_441\Debug\KitProg.a(USBFS_cdc.o)
                0x00009c9c                USBFS_CDC_Init
 .text.USBFS_IsLineChanged
                0x00009cc4       0x54 .\ARM_GCC_441\Debug\KitProg.a(USBFS_cdc.o)
                0x00009cc4                USBFS_IsLineChanged
 .text.USBFS_GetDTERate
                0x00009d18       0x24 .\ARM_GCC_441\Debug\KitProg.a(USBFS_cdc.o)
                0x00009d18                USBFS_GetDTERate
 .text.USBFS_EP_0_ISR
                0x00009d3c      0x144 .\ARM_GCC_441\Debug\KitProg.a(USBFS_drv.o)
                0x00009d3c                USBFS_EP_0_ISR
 .text.USBFS_HandleSetup
                0x00009e80       0xa4 .\ARM_GCC_441\Debug\KitProg.a(USBFS_drv.o)
                0x00009e80                USBFS_HandleSetup
 .text.USBFS_HandleIN
                0x00009f24       0x4c .\ARM_GCC_441\Debug\KitProg.a(USBFS_drv.o)
                0x00009f24                USBFS_HandleIN
 .text.USBFS_HandleOUT
                0x00009f70       0x5c .\ARM_GCC_441\Debug\KitProg.a(USBFS_drv.o)
                0x00009f70                USBFS_HandleOUT
 .text.USBFS_LoadEP0
                0x00009fcc      0x15c .\ARM_GCC_441\Debug\KitProg.a(USBFS_drv.o)
                0x00009fcc                USBFS_LoadEP0
 .text.USBFS_InitControlRead
                0x0000a128       0x94 .\ARM_GCC_441\Debug\KitProg.a(USBFS_drv.o)
                0x0000a128                USBFS_InitControlRead
 .text.USBFS_InitZeroLengthControlTransfer
                0x0000a1bc       0x58 .\ARM_GCC_441\Debug\KitProg.a(USBFS_drv.o)
                0x0000a1bc                USBFS_InitZeroLengthControlTransfer
 .text.USBFS_ControlReadDataStage
                0x0000a214        0xc .\ARM_GCC_441\Debug\KitProg.a(USBFS_drv.o)
                0x0000a214                USBFS_ControlReadDataStage
 .text.USBFS_ControlReadStatusStage
                0x0000a220       0x54 .\ARM_GCC_441\Debug\KitProg.a(USBFS_drv.o)
                0x0000a220                USBFS_ControlReadStatusStage
 .text.USBFS_InitControlWrite
                0x0000a274       0x88 .\ARM_GCC_441\Debug\KitProg.a(USBFS_drv.o)
                0x0000a274                USBFS_InitControlWrite
 .text.USBFS_ControlWriteDataStage
                0x0000a2fc      0x114 .\ARM_GCC_441\Debug\KitProg.a(USBFS_drv.o)
                0x0000a2fc                USBFS_ControlWriteDataStage
 .text.USBFS_ControlWriteStatusStage
                0x0000a410       0x2c .\ARM_GCC_441\Debug\KitProg.a(USBFS_drv.o)
                0x0000a410                USBFS_ControlWriteStatusStage
 .text.USBFS_InitNoDataControlTransfer
                0x0000a43c       0x48 .\ARM_GCC_441\Debug\KitProg.a(USBFS_drv.o)
                0x0000a43c                USBFS_InitNoDataControlTransfer
 .text.USBFS_NoDataControlStatusStage
                0x0000a484       0x68 .\ARM_GCC_441\Debug\KitProg.a(USBFS_drv.o)
                0x0000a484                USBFS_NoDataControlStatusStage
 .text.USBFS_UpdateStatusBlock
                0x0000a4ec       0x58 .\ARM_GCC_441\Debug\KitProg.a(USBFS_drv.o)
                0x0000a4ec                USBFS_UpdateStatusBlock
 .text.USBFS_InitializeStatusBlock
                0x0000a544       0x48 .\ARM_GCC_441\Debug\KitProg.a(USBFS_drv.o)
                0x0000a544                USBFS_InitializeStatusBlock
 .text.USBFS_EP_1_ISR
                0x0000a58c       0x70 .\ARM_GCC_441\Debug\KitProg.a(USBFS_episr.o)
                0x0000a58c                USBFS_EP_1_ISR
 .text.USBFS_EP_2_ISR
                0x0000a5fc       0x70 .\ARM_GCC_441\Debug\KitProg.a(USBFS_episr.o)
                0x0000a5fc                USBFS_EP_2_ISR
 .text.USBFS_EP_3_ISR
                0x0000a66c       0x78 .\ARM_GCC_441\Debug\KitProg.a(USBFS_episr.o)
                0x0000a66c                USBFS_EP_3_ISR
 .text.USBFS_EP_4_ISR
                0x0000a6e4       0x78 .\ARM_GCC_441\Debug\KitProg.a(USBFS_episr.o)
                0x0000a6e4                USBFS_EP_4_ISR
 .text.USBFS_EP_5_ISR
                0x0000a75c       0x78 .\ARM_GCC_441\Debug\KitProg.a(USBFS_episr.o)
                0x0000a75c                USBFS_EP_5_ISR
 .text.USBFS_EP_6_ISR
                0x0000a7d4       0x78 .\ARM_GCC_441\Debug\KitProg.a(USBFS_episr.o)
                0x0000a7d4                USBFS_EP_6_ISR
 .text.USBFS_EP_7_ISR
                0x0000a84c       0x78 .\ARM_GCC_441\Debug\KitProg.a(USBFS_episr.o)
                0x0000a84c                USBFS_EP_7_ISR
 .text.USBFS_SOF_ISR
                0x0000a8c4        0xc .\ARM_GCC_441\Debug\KitProg.a(USBFS_episr.o)
                0x0000a8c4                USBFS_SOF_ISR
 .text.USBFS_BUS_RESET_ISR
                0x0000a8d0       0x18 .\ARM_GCC_441\Debug\KitProg.a(USBFS_episr.o)
                0x0000a8d0                USBFS_BUS_RESET_ISR
 .text.USBFS_DispatchHIDClassRqst
                0x0000a8e8      0x2b8 .\ARM_GCC_441\Debug\KitProg.a(USBFS_hid.o)
                0x0000a8e8                USBFS_DispatchHIDClassRqst
 .text.USBFS_FindHidClassDecriptor
                0x0000aba0       0x9c .\ARM_GCC_441\Debug\KitProg.a(USBFS_hid.o)
                0x0000aba0                USBFS_FindHidClassDecriptor
 .text.USBFS_FindReportDescriptor
                0x0000ac3c       0xb4 .\ARM_GCC_441\Debug\KitProg.a(USBFS_hid.o)
                0x0000ac3c                USBFS_FindReportDescriptor
 .text.USBFS_FindReport
                0x0000acf0      0x104 .\ARM_GCC_441\Debug\KitProg.a(USBFS_hid.o)
                0x0000acf0                USBFS_FindReport
 .text.USBFS_DP_ISR
                0x0000adf4       0x14 .\ARM_GCC_441\Debug\KitProg.a(USBFS_pm.o)
                0x0000adf4                USBFS_DP_ISR
 .text.USBFS_RestoreConfig
                0x0000ae08       0x1c .\ARM_GCC_441\Debug\KitProg.a(USBFS_pm.o)
                0x0000ae08                USBFS_RestoreConfig
 .text.USBFS_Suspend
                0x0000ae24      0x198 .\ARM_GCC_441\Debug\KitProg.a(USBFS_pm.o)
                0x0000ae24                USBFS_Suspend
 .text.USBFS_Resume
                0x0000afbc      0x16c .\ARM_GCC_441\Debug\KitProg.a(USBFS_pm.o)
                0x0000afbc                USBFS_Resume
 .text.USBFS_HandleStandardRqst
                0x0000b128      0x638 .\ARM_GCC_441\Debug\KitProg.a(USBFS_std.o)
                0x0000b128                USBFS_HandleStandardRqst
 .text.USBFS_ReadDieID
                0x0000b760       0x98 .\ARM_GCC_441\Debug\KitProg.a(USBFS_std.o)
                0x0000b760                USBFS_ReadDieID
 .text.USBFS_ConfigReg
                0x0000b7f8      0x208 .\ARM_GCC_441\Debug\KitProg.a(USBFS_std.o)
                0x0000b7f8                USBFS_ConfigReg
 .text.USBFS_Config
                0x0000ba00      0x494 .\ARM_GCC_441\Debug\KitProg.a(USBFS_std.o)
                0x0000ba00                USBFS_Config
 .text.USBFS_ConfigAltChanged
                0x0000be94      0x360 .\ARM_GCC_441\Debug\KitProg.a(USBFS_std.o)
                0x0000be94                USBFS_ConfigAltChanged
 .text.USBFS_GetConfigTablePtr
                0x0000c1f4       0x2c .\ARM_GCC_441\Debug\KitProg.a(USBFS_std.o)
                0x0000c1f4                USBFS_GetConfigTablePtr
 .text.USBFS_GetDeviceTablePtr
                0x0000c220       0x28 .\ARM_GCC_441\Debug\KitProg.a(USBFS_std.o)
                0x0000c220                USBFS_GetDeviceTablePtr
 .text.USBFS_GetInterfaceClassTablePtr
                0x0000c248       0x50 .\ARM_GCC_441\Debug\KitProg.a(USBFS_std.o)
                0x0000c248                USBFS_GetInterfaceClassTablePtr
 .text.USBFS_SetEndpointHalt
                0x0000c298      0x130 .\ARM_GCC_441\Debug\KitProg.a(USBFS_std.o)
                0x0000c298                USBFS_SetEndpointHalt
 .text.USBFS_ClearEndpointHalt
                0x0000c3c8      0x1b8 .\ARM_GCC_441\Debug\KitProg.a(USBFS_std.o)
                0x0000c3c8                USBFS_ClearEndpointHalt
 .text.USBFS_ValidateAlternateSetting
                0x0000c580       0x94 .\ARM_GCC_441\Debug\KitProg.a(USBFS_std.o)
                0x0000c580                USBFS_ValidateAlternateSetting
 .text.USBFS_HandleVendorRqst
                0x0000c614       0x40 .\ARM_GCC_441\Debug\KitProg.a(USBFS_vnd.o)
                0x0000c614                USBFS_HandleVendorRqst
 .text.Bootloadable_Load
                0x0000c654       0x28 .\ARM_GCC_441\Debug\KitProg.a(Bootloadable.o)
                0x0000c654                Bootloadable_Load
 .text.UART_Bridge_Start
                0x0000c67c       0x2c .\ARM_GCC_441\Debug\KitProg.a(UART_Bridge.o)
                0x0000c67c                UART_Bridge_Start
 .text.UART_Bridge_Init
                0x0000c6a8       0x84 .\ARM_GCC_441\Debug\KitProg.a(UART_Bridge.o)
                0x0000c6a8                UART_Bridge_Init
 .text.UART_Bridge_Enable
                0x0000c72c       0x90 .\ARM_GCC_441\Debug\KitProg.a(UART_Bridge.o)
                0x0000c72c                UART_Bridge_Enable
 .text.UART_Bridge_Stop
                0x0000c7bc       0x74 .\ARM_GCC_441\Debug\KitProg.a(UART_Bridge.o)
                0x0000c7bc                UART_Bridge_Stop
 .text.UART_Bridge_EnableRxInt
                0x0000c830       0x18 .\ARM_GCC_441\Debug\KitProg.a(UART_Bridge.o)
                0x0000c830                UART_Bridge_EnableRxInt
 .text.UART_Bridge_DisableRxInt
                0x0000c848       0x18 .\ARM_GCC_441\Debug\KitProg.a(UART_Bridge.o)
                0x0000c848                UART_Bridge_DisableRxInt
 .text.UART_Bridge_ReadRxStatus
                0x0000c860       0x50 .\ARM_GCC_441\Debug\KitProg.a(UART_Bridge.o)
                0x0000c860                UART_Bridge_ReadRxStatus
 .text.UART_Bridge_GetRxBufferSize
                0x0000c8b0       0xb8 .\ARM_GCC_441\Debug\KitProg.a(UART_Bridge.o)
                0x0000c8b0                UART_Bridge_GetRxBufferSize
 .text.UART_Bridge_ClearRxBuffer
                0x0000c968       0x94 .\ARM_GCC_441\Debug\KitProg.a(UART_Bridge.o)
                0x0000c968                UART_Bridge_ClearRxBuffer
 .text.UART_Bridge_EnableTxInt
                0x0000c9fc       0x18 .\ARM_GCC_441\Debug\KitProg.a(UART_Bridge.o)
                0x0000c9fc                UART_Bridge_EnableTxInt
 .text.UART_Bridge_DisableTxInt
                0x0000ca14       0x18 .\ARM_GCC_441\Debug\KitProg.a(UART_Bridge.o)
                0x0000ca14                UART_Bridge_DisableTxInt
 .text.UART_Bridge_PutChar
                0x0000ca2c       0xb8 .\ARM_GCC_441\Debug\KitProg.a(UART_Bridge.o)
                0x0000ca2c                UART_Bridge_PutChar
 .text.UART_Bridge_PutArray
                0x0000cae4       0x48 .\ARM_GCC_441\Debug\KitProg.a(UART_Bridge.o)
                0x0000cae4                UART_Bridge_PutArray
 .text.UART_Bridge_ClearTxBuffer
                0x0000cb2c       0x78 .\ARM_GCC_441\Debug\KitProg.a(UART_Bridge.o)
                0x0000cb2c                UART_Bridge_ClearTxBuffer
 .text.UART_Bridge_RXISR
                0x0000cba4       0xf0 .\ARM_GCC_441\Debug\KitProg.a(UART_Bridge_INT.o)
                0x0000cba4                UART_Bridge_RXISR
 .text.UART_Bridge_TXISR
                0x0000cc94       0x9c .\ARM_GCC_441\Debug\KitProg.a(UART_Bridge_INT.o)
                0x0000cc94                UART_Bridge_TXISR
 .text.Pin_SDAPullUp_Enable_Write
                0x0000cd30       0x44 .\ARM_GCC_441\Debug\KitProg.a(Pin_SDAPullUp_Enable.o)
                0x0000cd30                Pin_SDAPullUp_Enable_Write
 .text.Pin_SCLPullUp_Enable_Write
                0x0000cd74       0x44 .\ARM_GCC_441\Debug\KitProg.a(Pin_SCLPullUp_Enable.o)
                0x0000cd74                Pin_SCLPullUp_Enable_Write
 .text.isr_UsbSuspend_Start
                0x0000cdb8       0x24 .\ARM_GCC_441\Debug\KitProg.a(isr_UsbSuspend.o)
                0x0000cdb8                isr_UsbSuspend_Start
 .text.isr_UsbSuspend_Stop
                0x0000cddc       0x18 .\ARM_GCC_441\Debug\KitProg.a(isr_UsbSuspend.o)
                0x0000cddc                isr_UsbSuspend_Stop
 .text.isr_UsbSuspend_Interrupt
                0x0000cdf4       0x18 .\ARM_GCC_441\Debug\KitProg.a(isr_UsbSuspend.o)
                0x0000cdf4                isr_UsbSuspend_Interrupt
 .text.isr_UsbSuspend_SetVector
                0x0000ce0c       0x28 .\ARM_GCC_441\Debug\KitProg.a(isr_UsbSuspend.o)
                0x0000ce0c                isr_UsbSuspend_SetVector
 .text.isr_UsbSuspend_SetPriority
                0x0000ce34       0x28 .\ARM_GCC_441\Debug\KitProg.a(isr_UsbSuspend.o)
                0x0000ce34                isr_UsbSuspend_SetPriority
 .text.isr_UsbSuspend_Enable
                0x0000ce5c       0x18 .\ARM_GCC_441\Debug\KitProg.a(isr_UsbSuspend.o)
                0x0000ce5c                isr_UsbSuspend_Enable
 .text.isr_UsbSuspend_Disable
                0x0000ce74       0x18 .\ARM_GCC_441\Debug\KitProg.a(isr_UsbSuspend.o)
                0x0000ce74                isr_UsbSuspend_Disable
 .text.Timer_UsbSuspend_Init
                0x0000ce8c       0xdc .\ARM_GCC_441\Debug\KitProg.a(Timer_UsbSuspend.o)
                0x0000ce8c                Timer_UsbSuspend_Init
 .text.Timer_UsbSuspend_Enable
                0x0000cf68       0x60 .\ARM_GCC_441\Debug\KitProg.a(Timer_UsbSuspend.o)
                0x0000cf68                Timer_UsbSuspend_Enable
 .text.Timer_UsbSuspend_Start
                0x0000cfc8       0x2c .\ARM_GCC_441\Debug\KitProg.a(Timer_UsbSuspend.o)
                0x0000cfc8                Timer_UsbSuspend_Start
 .text.Timer_UsbSuspend_Stop
                0x0000cff4       0x58 .\ARM_GCC_441\Debug\KitProg.a(Timer_UsbSuspend.o)
                0x0000cff4                Timer_UsbSuspend_Stop
 .text.Timer_UsbSuspend_SetInterruptMode
                0x0000d04c       0x20 .\ARM_GCC_441\Debug\KitProg.a(Timer_UsbSuspend.o)
                0x0000d04c                Timer_UsbSuspend_SetInterruptMode
 .text.Timer_UsbSuspend_ReadStatusRegister
                0x0000d06c       0x18 .\ARM_GCC_441\Debug\KitProg.a(Timer_UsbSuspend.o)
                0x0000d06c                Timer_UsbSuspend_ReadStatusRegister
 .text.Timer_UsbSuspend_WritePeriod
                0x0000d084       0x24 .\ARM_GCC_441\Debug\KitProg.a(Timer_UsbSuspend.o)
                0x0000d084                Timer_UsbSuspend_WritePeriod
 .text.Timer_UsbSuspend_WriteCounter
                0x0000d0a8       0x20 .\ARM_GCC_441\Debug\KitProg.a(Timer_UsbSuspend.o)
                0x0000d0a8                Timer_UsbSuspend_WriteCounter
 .text.CYMEMZERO
                0x0000d0c8       0x20 .\ARM_GCC_441\Debug\KitProg.a(cyfitter_cfg.o)
 .text.CYCONFIGCPY
                0x0000d0e8       0x20 .\ARM_GCC_441\Debug\KitProg.a(cyfitter_cfg.o)
 .text.CYCONFIGCPYCODE
                0x0000d108       0x20 .\ARM_GCC_441\Debug\KitProg.a(cyfitter_cfg.o)
 .text.cfg_write_bytes32
                0x0000d128       0x84 .\ARM_GCC_441\Debug\KitProg.a(cyfitter_cfg.o)
 .text.ClockSetup
                0x0000d1ac      0x17c .\ARM_GCC_441\Debug\KitProg.a(cyfitter_cfg.o)
 .text.AnalogSetDefault
                0x0000d328       0x4c .\ARM_GCC_441\Debug\KitProg.a(cyfitter_cfg.o)
 .text.cyfitter_cfg
                0x0000d374      0x1dc .\ARM_GCC_441\Debug\KitProg.a(cyfitter_cfg.o)
                0x0000d374                cyfitter_cfg
 .text.CyFlash_SetWaitCycles
                0x0000d550       0xc4 .\ARM_GCC_441\Debug\KitProg.a(CyFlash.o)
                0x0000d550                CyFlash_SetWaitCycles
 .text.USBFS_DispatchClassRqst
                0x0000d614       0xa4 .\ARM_GCC_441\Debug\KitProg.a(USBFS_cls.o)
                0x0000d614                USBFS_DispatchClassRqst
 .text          0x0000d6b8      0x190 c:/program files/cypress/psoc creator/2.2/psoc creator/import/gnu_cs/arm/4.4.1/bin/../lib/gcc/arm-none-eabi/4.4.1/../../../../arm-none-eabi/lib/thumb2\libc.a(lib_a-memcpy.o)
                0x0000d6b8                memcpy
 .text          0x0000d848       0xd4 c:/program files/cypress/psoc creator/2.2/psoc creator/import/gnu_cs/arm/4.4.1/bin/../lib/gcc/arm-none-eabi/4.4.1/../../../../arm-none-eabi/lib/thumb2\libc.a(lib_a-memset.o)
                0x0000d848                memset
 .text          0x0000d91c       0x30 c:/program files/cypress/psoc creator/2.2/psoc creator/import/gnu_cs/arm/4.4.1/bin/../lib/gcc/arm-none-eabi/4.4.1/../../../../arm-none-eabi/lib/thumb2\libcs3.a(start_c.o)
                0x0000d91c                __cs3_premain
 .text          0x0000d94c        0x2 c:/program files/cypress/psoc creator/2.2/psoc creator/import/gnu_cs/arm/4.4.1/bin/../lib/gcc/arm-none-eabi/4.4.1/../../../../arm-none-eabi/lib/thumb2\libcs3micro.a(micro_isr_interrupt.o)
                0x0000d94c                __cs3_isr_external_24
                0x0000d94c                __cs3_isr_external_9
                0x0000d94c                __cs3_isr_external_14
                0x0000d94c                __cs3_isr_reserved_9
                0x0000d94c                __cs3_isr_external_4
                0x0000d94c                __cs3_isr_external_21
                0x0000d94c                __cs3_isr_external_0
                0x0000d94c                __cs3_isr_external_27
                0x0000d94c                __cs3_isr_external_11
                0x0000d94c                __cs3_isr_usage_fault
                0x0000d94c                __cs3_isr_svcall
                0x0000d94c                __cs3_isr_external_3
                0x0000d94c                __cs3_isr_mpu_fault
                0x0000d94c                __cs3_isr_external_16
                0x0000d94c                __cs3_isr_pendsv
                0x0000d94c                __cs3_isr_external_31
                0x0000d94c                __cs3_isr_nmi
                0x0000d94c                __cs3_isr_external_5
                0x0000d94c                __cs3_isr_external_6
                0x0000d94c                __cs3_isr_external_12
                0x0000d94c                __cs3_isr_hard_fault
                0x0000d94c                __cs3_isr_bus_fault
                0x0000d94c                __cs3_isr_external_1
                0x0000d94c                __cs3_isr_external_13
                0x0000d94c                __cs3_isr_external_30
                0x0000d94c                __cs3_isr_external_23
                0x0000d94c                __cs3_isr_external_20
                0x0000d94c                __cs3_isr_debug
                0x0000d94c                __cs3_isr_reserved_13
                0x0000d94c                __cs3_isr_external_8
                0x0000d94c                __cs3_isr_external_26
                0x0000d94c                __cs3_isr_reserved_8
                0x0000d94c                __cs3_isr_reserved_7
                0x0000d94c                __cs3_isr_external_7
                0x0000d94c                __cs3_isr_external_28
                0x0000d94c                __cs3_isr_systick
                0x0000d94c                __cs3_isr_external_22
                0x0000d94c                __cs3_isr_external_10
                0x0000d94c                __cs3_isr_external_15
                0x0000d94c                __cs3_isr_interrupt
                0x0000d94c                __cs3_isr_external_18
                0x0000d94c                __cs3_isr_external_29
                0x0000d94c                __cs3_isr_external_25
                0x0000d94c                __cs3_isr_reserved_10
                0x0000d94c                __cs3_isr_external_2
                0x0000d94c                __cs3_isr_external_17
                0x0000d94c                __cs3_isr_external_19
 *fill*         0x0000d94e        0x2 00
 .text          0x0000d950       0x50 c:/program files/cypress/psoc creator/2.2/psoc creator/import/gnu_cs/arm/4.4.1/bin/../lib/gcc/arm-none-eabi/4.4.1/../../../../arm-none-eabi/lib/thumb2\libc.a(lib_a-init.o)
                0x0000d950                __libc_init_array
 *(.plt)
 *(.gnu.warning)
 *(.glue_7t)
 .glue_7t       0x00000000        0x0 linker stubs
 *(.glue_7)
 .glue_7        0x00000000        0x0 linker stubs
 *(.vfp11_veneer)
 .vfp11_veneer  0x00000000        0x0 linker stubs
 *(.bootloader)
 *(.ARM.extab* .gnu.linkonce.armextab.*)
 *(.gcc_except_table)

.v4_bx          0x0000d9a0        0x0
 .v4_bx         0x00000000        0x0 linker stubs

.eh_frame_hdr
 *(.eh_frame_hdr)

.eh_frame
 *(.eh_frame)
                0x0000d9a0                PROVIDE (__exidx_start, .)

.ARM.exidx
 *(.ARM.exidx* .gnu.linkonce.armexidx.*)
                0x0000d9a0                __exidx_end = .

.rodata         0x0000d9a0      0xc38
 *(.rodata .rodata.* .gnu.linkonce.r.*)
 .rodata        0x0000d9a0       0x10 .\ARM_GCC_441\Debug\KitProg.a(cyPm.o)
 .rodata        0x0000d9b0       0x10 .\ARM_GCC_441\Debug\KitProg.a(USBFS_std.o)
 .rodata        0x0000d9c0      0x990 .\ARM_GCC_441\Debug\KitProg.a(cyfitter_cfg.o)
 .rodata        0x0000e350      0x24c .\ARM_GCC_441\Debug\KitProg.a(USBFS_descr.o)
                0x0000e350                USBFS_DEVICE0_DESCR
                0x0000e364                USBFS_DEVICE0_CONFIGURATION0_DESCR
                0x0000e3e8                USBFS_STRING_DESCRIPTORS
                0x0000e494                USBFS_SN_STRING_DESCRIPTOR
                0x0000e498                USBFS_HIDREPORT_DESCRIPTOR1
                0x0000e4c8                USBFS_DEVICE0_CONFIGURATION0_INTERFACE0_ALTERNATE0_HID_IN_RPT_TABLE
                0x0000e4d4                USBFS_DEVICE0_CONFIGURATION0_INTERFACE0_ALTERNATE0_HID_OUT_RPT_TABLE
                0x0000e4e0                USBFS_DEVICE0_CONFIGURATION0_INTERFACE0_ALTERNATE0_HID_TABLE
                0x0000e508                USBFS_DEVICE0_CONFIGURATION0_INTERFACE0_TABLE
                0x0000e510                USBFS_DEVICE0_CONFIGURATION0_EP_SETTINGS_TABLE
                0x0000e548                USBFS_DEVICE0_CONFIGURATION0_INTERFACE_CLASS
                0x0000e54c                USBFS_DEVICE0_CONFIGURATION0_TABLE
                0x0000e584                USBFS_DEVICE0_TABLE
                0x0000e594                USBFS_TABLE
                0x0000e59c                . = ALIGN (0x4)
 *(.init)
 .init          0x0000e59c        0x4 c:/program files/cypress/psoc creator/2.2/psoc creator/import/gnu_cs/arm/4.4.1/bin/../lib/gcc/arm-none-eabi/4.4.1/thumb2/crti.o
                0x0000e59c                _init
 .init          0x0000e5a0        0x8 c:/program files/cypress/psoc creator/2.2/psoc creator/import/gnu_cs/arm/4.4.1/bin/../lib/gcc/arm-none-eabi/4.4.1/thumb2/crtn.o
                0x0000e5a8                . = ALIGN (0x4)
                0x0000e5a8                __preinit_array_start = .
 *(.preinit_array)
                0x0000e5a8                __preinit_array_end = .
                0x0000e5a8                . = ALIGN (0x4)
                0x0000e5a8                __init_array_start = .
 *(SORT(.init_array.*))
 *(.init_array)
 .init_array    0x0000e5a8        0x4 c:/program files/cypress/psoc creator/2.2/psoc creator/import/gnu_cs/arm/4.4.1/bin/../lib/gcc/arm-none-eabi/4.4.1/thumb2/crtbegin.o
 .init_array    0x0000e5ac        0x4 .\ARM_GCC_441\Debug\Cm3Start.o
                0x0000e5b0                __init_array_end = .
                0x0000e5b0                . = ALIGN (0x4)
 *(.fini)
 .fini          0x0000e5b0        0x4 c:/program files/cypress/psoc creator/2.2/psoc creator/import/gnu_cs/arm/4.4.1/bin/../lib/gcc/arm-none-eabi/4.4.1/thumb2/crti.o
                0x0000e5b0                _fini
 .fini          0x0000e5b4        0x8 c:/program files/cypress/psoc creator/2.2/psoc creator/import/gnu_cs/arm/4.4.1/bin/../lib/gcc/arm-none-eabi/4.4.1/thumb2/crtn.o
                0x0000e5bc                . = ALIGN (0x4)
                0x0000e5bc                __fini_array_start = .
 *(.fini_array)
 .fini_array    0x0000e5bc        0x4 c:/program files/cypress/psoc creator/2.2/psoc creator/import/gnu_cs/arm/4.4.1/bin/../lib/gcc/arm-none-eabi/4.4.1/thumb2/crtbegin.o
 *(SORT(.fini_array.*))
                0x0000e5c0                __fini_array_end = .
                0x0000e5c0                . = ALIGN (0x4)
 *crtbegin.o(.ctors)
 *(EXCLUDE_FILE(*crtend.o) .ctors)
 *(SORT(.ctors.*))
 *crtend.o(.ctors)
                0x0000e5c0                . = ALIGN (0x4)
 *crtbegin.o(.dtors)
 *(EXCLUDE_FILE(*crtend.o) .dtors)
 *(SORT(.dtors.*))
 *crtend.o(.dtors)
                0x0000e5c0                . = ALIGN (0x4)
                0x0000e5c0                __cs3_regions = .
                0x0000e5c0        0x4 LONG 0x0
                0x0000e5c4        0x4 LONG 0xe5d8 __cs3_region_init_ram
                0x0000e5c8        0x4 LONG 0x1fffc108 __cs3_region_start_data
                0x0000e5cc        0x4 LONG 0x58 __cs3_region_init_size_ram
                0x0000e5d0        0x4 LONG 0x778 __cs3_region_zero_size_ram
                0x0000e5d4                __cs3_regions_end = .
                0x0000e5d8                . = ALIGN (0x8)
 *fill*         0x0000e5d4        0x4 00
                0x0000e5d8                _etext = .

.ramvectors     0x1fffc000      0x100
                0x1fffc000                __cs3_region_start_ram = .
 *(.cs3.region-head.ram)
                0x1fffc001                ASSERT ((. == __cs3_region_start_ram), .cs3.region-head.ram not permitted)
 *(.ramvectors)
 .ramvectors    0x1fffc000      0x100 .\ARM_GCC_441\Debug\Cm3Start.o
                0x1fffc000                CyRamVectors

.noinit         0x1fffc100        0x4
 *(.noinit)
 .noinit        0x1fffc100        0x4 .\ARM_GCC_441\Debug\Cm3Start.o

.data           0x1fffc108       0x58 load address 0x0000e5d8
                0x1fffc108                __cs3_region_start_data = .
 *(.jcr)
 .jcr           0x1fffc108        0x0 c:/program files/cypress/psoc creator/2.2/psoc creator/import/gnu_cs/arm/4.4.1/bin/../lib/gcc/arm-none-eabi/4.4.1/thumb2/crtbegin.o
 .jcr           0x1fffc108        0x4 c:/program files/cypress/psoc creator/2.2/psoc creator/import/gnu_cs/arm/4.4.1/bin/../lib/gcc/arm-none-eabi/4.4.1/thumb2/crtend.o
 *(.got.plt)
 *(.got)
 *(.shdata)
 *(.data .data.* .gnu.linkonce.d.*)
 .data          0x1fffc10c        0x1 .\ARM_GCC_441\Debug\commandprocessor.o
                0x1fffc10c                SWDFlag
 *fill*         0x1fffc10d        0x3 00
 .data          0x1fffc110       0x14 .\ARM_GCC_441\Debug\version.o
                0x1fffc110                version
 .data          0x1fffc124        0x1 .\ARM_GCC_441\Debug\power.o
                0x1fffc124                range
 *fill*         0x1fffc125        0x3 00
 .data          0x1fffc128       0x10 .\ARM_GCC_441\Debug\KitProg.a(CyLib.o)
                0x1fffc128                cydelay_freq_hz
                0x1fffc12c                cydelay_freq_khz
                0x1fffc130                cydelay_freq_mhz
                0x1fffc134                cydelay_32k_ms
 .data          0x1fffc138       0x24 .\ARM_GCC_441\Debug\KitProg.a(USBFS_std.o)
                0x1fffc138                USBFS_idSerialNumberStringDescriptor
                0x1fffc160                . = ALIGN (0x8)
 *fill*         0x1fffc15c        0x4 00
 *(.ram)
                0x1fffc160                _edata = .

.bss            0x1fffc160      0x778 load address 0x0000e630
 *(.shbss)
 *(.bss .bss.* .gnu.linkonce.b.*)
 .bss           0x1fffc160        0x1 c:/program files/cypress/psoc creator/2.2/psoc creator/import/gnu_cs/arm/4.4.1/bin/../lib/gcc/arm-none-eabi/4.4.1/thumb2/crtbegin.o
 .bss           0x1fffc161        0x1 .\ARM_GCC_441\Debug\main.o
                0x1fffc161                bUSBResetDetected
 .bss           0x1fffc162        0x4 .\ARM_GCC_441\Debug\swd.o
                0x1fffc162                fIsShortPkt
                0x1fffc163                ack0
                0x1fffc164                ack1
                0x1fffc165                ack2
 .bss           0x1fffc166        0x1 .\ARM_GCC_441\Debug\version.o
                0x1fffc166                kitProgHWVersion
 *fill*         0x1fffc167        0x1 00
 .bss           0x1fffc168        0x4 .\ARM_GCC_441\Debug\power.o
                0x1fffc168                checkActivityFlag
                0x1fffc16a                result
 .bss           0x1fffc16c       0x44 .\ARM_GCC_441\Debug\KitProg.a(cyPm.o)
 .bss           0x1fffc1b0        0x1 .\ARM_GCC_441\Debug\KitProg.a(I2CHW.o)
                0x1fffc1b0                I2CHW_initVar
 .bss           0x1fffc1b1        0x1 .\ARM_GCC_441\Debug\KitProg.a(USBFS.o)
                0x1fffc1b1                USBFS_initVar
 *fill*         0x1fffc1b2        0x2 00
 .bss           0x1fffc1b4        0x4 .\ARM_GCC_441\Debug\KitProg.a(USBFS_pm.o)
 .bss           0x1fffc1b8        0x1 .\ARM_GCC_441\Debug\KitProg.a(USBFS_std.o)
                0x1fffc1b8                USBFS_snStringConfirm
 .bss           0x1fffc1b9        0x8 .\ARM_GCC_441\Debug\KitProg.a(UART_Bridge.o)
                0x1fffc1b9                UART_Bridge_initVar
                0x1fffc1ba                UART_Bridge_txBufferRead
                0x1fffc1bb                UART_Bridge_txBufferWrite
                0x1fffc1bc                UART_Bridge_rxBufferRead
                0x1fffc1bd                UART_Bridge_rxBufferWrite
                0x1fffc1be                UART_Bridge_rxBufferLoopDetect
                0x1fffc1bf                UART_Bridge_rxBufferOverflow
 .bss           0x1fffc1c1        0x1 .\ARM_GCC_441\Debug\KitProg.a(Timer_UsbSuspend.o)
                0x1fffc1c1                Timer_UsbSuspend_initVar
 *(COMMON)
 *fill*         0x1fffc1c2        0x2 00
 COMMON         0x1fffc1c4      0x1d8 .\ARM_GCC_441\Debug\swd.o
                0x1fffc1c4                bufInOffset
                0x1fffc1c8                bufIn
                0x1fffc348                bufOutLen
                0x1fffc34a                gbAck
                0x1fffc34b                gbHeader
                0x1fffc34c                bufOutOffset
                0x1fffc34e                gbParity
                0x1fffc350                gbData
                0x1fffc354                gbStatsReg
                0x1fffc358                bufOut
 COMMON         0x1fffc39c       0x46 .\ARM_GCC_441\Debug\USBFS_commandinterface.o
                0x1fffc39c                pifBuf
                0x1fffc3dc                pendingOp
                0x1fffc3dd                fTcBusy
                0x1fffc3de                progMode
                0x1fffc3e0                pifData
 *fill*         0x1fffc3e2        0x2 00
 COMMON         0x1fffc3e4      0x28c .\ARM_GCC_441\Debug\USBFS_HID_interface.o
                0x1fffc3e4                bInPacketIndex
                0x1fffc3e5                bHostInterface
                0x1fffc3e6                bOutPacketIndex
                0x1fffc3e8                voltage
                0x1fffc3ec                bOutEndpointData
                0x1fffc42c                bBulkInEndpointData
                0x1fffc62d                i2cSpeed
                0x1fffc630                bInEndpointData
 COMMON         0x1fffc670        0x1 .\ARM_GCC_441\Debug\KitProg.a(CyLib.o)
                0x1fffc670                CyResetStatus
 COMMON         0x1fffc671        0x1 .\ARM_GCC_441\Debug\KitProg.a(I2CHW.o)
                0x1fffc671                I2CHW_state
 *fill*         0x1fffc672        0x2 00
 COMMON         0x1fffc674       0x13 .\ARM_GCC_441\Debug\KitProg.a(I2CHW_MASTER.o)
                0x1fffc674                I2CHW_mstrWrBufIndex
                0x1fffc678                I2CHW_mstrWrBufPtr
                0x1fffc67c                I2CHW_mstrWrBufSize
                0x1fffc67d                I2CHW_mstrControl
                0x1fffc680                I2CHW_mstrRdBufPtr
                0x1fffc684                I2CHW_mstrRdBufIndex
                0x1fffc685                I2CHW_mstrRdBufSize
                0x1fffc686                I2CHW_mstrStatus
 *fill*         0x1fffc687        0x1 00
 COMMON         0x1fffc688        0xd .\ARM_GCC_441\Debug\KitProg.a(USBFS_cdc.o)
                0x1fffc688                USBFS_lineControlBitmap
                0x1fffc68a                USBFS_lineChanged
                0x1fffc68c                USBFS_lineCoding
                0x1fffc693                USBFS_cdc_data_out_ep
                0x1fffc694                USBFS_cdc_data_in_ep
 *fill*         0x1fffc695        0x3 00
 COMMON         0x1fffc698       0x98 .\ARM_GCC_441\Debug\KitProg.a(USBFS_drv.o)
                0x1fffc698                USBFS_deviceAddress
                0x1fffc699                USBFS_ep0Mode
                0x1fffc69c                USBFS_interfaceSetting
                0x1fffc6a0                USBFS_currentTD
                0x1fffc6ac                USBFS_device
                0x1fffc6ad                USBFS_interfaceNumber
                0x1fffc6ae                USBFS_ep0Toggle
                0x1fffc6af                USBFS_deviceStatus
                0x1fffc6b0                USBFS_configurationChanged
                0x1fffc6b1                USBFS_configuration
                0x1fffc6b2                USBFS_transferState
                0x1fffc6b4                USBFS_interfaceStatus
                0x1fffc6b8                USBFS_interfaceClass
                0x1fffc6bc                USBFS_EP
                0x1fffc728                USBFS_interfaceSetting_last
                0x1fffc72c                USBFS_lastPacketSize
                0x1fffc72d                USBFS_ep0Count
                0x1fffc72e                USBFS_transferByteCount
 COMMON         0x1fffc730        0xc .\ARM_GCC_441\Debug\KitProg.a(USBFS_hid.o)
                0x1fffc730                USBFS_hidIdleRate
                0x1fffc734                USBFS_hidIdleTimer
                0x1fffc738                USBFS_hidProtocol
 COMMON         0x1fffc73c        0x8 .\ARM_GCC_441\Debug\KitProg.a(USBFS_std.o)
                0x1fffc73c                USBFS_tBuffer
                0x1fffc740                USBFS_fwSerialNumberStringDescriptor
 COMMON         0x1fffc744      0x100 .\ARM_GCC_441\Debug\KitProg.a(UART_Bridge.o)
                0x1fffc744                UART_Bridge_txBuffer
                0x1fffc7c4                UART_Bridge_rxBuffer
 COMMON         0x1fffc844       0x90 .\ARM_GCC_441\Debug\KitProg.a(USBFS_descr.o)
                0x1fffc844                USBFS_DEVICE0_CONFIGURATION0_INTERFACE0_ALTERNATE0_HID_IN_RPT_SCB
                0x1fffc848                USBFS_DEVICE0_CONFIGURATION0_INTERFACE0_ALTERNATE0_HID_IN_BUF
                0x1fffc88c                USBFS_DEVICE0_CONFIGURATION0_INTERFACE0_ALTERNATE0_HID_OUT_BUF
                0x1fffc8d0                USBFS_DEVICE0_CONFIGURATION0_INTERFACE0_ALTERNATE0_HID_OUT_RPT_SCB
                0x1fffc8d8                . = ALIGN (0x8)
 *fill*         0x1fffc8d4        0x4 00
 *(.ram.b)
                0x1fffc8d8                _end = .
                0x1fffc8d8                __end = .
                0x1ffff000                __cs3_region_end_ram = (__cs3_region_start_ram + 0x3000)
                0x00003000                __cs3_region_size_ram = 0x3000
                0x0000e5d8                __cs3_region_init_ram = LOADADDR (.data)
                0x00000058                __cs3_region_init_size_ram = (_edata - ADDR (.data))
                0x00000778                __cs3_region_zero_size_ram = (_end - _edata)

.stab
 *(.stab)

.stabstr
 *(.stabstr)

.debug
 *(.debug)

.line
 *(.line)

.debug_srcinfo
 *(.debug_srcinfo)

.debug_sfnames
 *(.debug_sfnames)

.comment        0x00000000      0x6b8
 .comment       0x00000000       0x2b .\ARM_GCC_441\Debug\main.o
 .comment       0x0000002b       0x2b .\ARM_GCC_441\Debug\swd.o
 .comment       0x00000056       0x2b .\ARM_GCC_441\Debug\commandprocessor.o
 .comment       0x00000081       0x2b .\ARM_GCC_441\Debug\USBFS_commandinterface.o
 .comment       0x000000ac       0x2b .\ARM_GCC_441\Debug\USBFS_HID_interface.o
 .comment       0x000000d7       0x2b .\ARM_GCC_441\Debug\version.o
 .comment       0x00000102       0x2b .\ARM_GCC_441\Debug\power.o
 .comment       0x0000012d       0x2b .\ARM_GCC_441\Debug\USBUART.o
 .comment       0x00000158       0x2b .\ARM_GCC_441\Debug\Cm3Start.o
 .comment       0x00000183       0x2b .\ARM_GCC_441\Debug\KitProg.a(CyLib.o)
 .comment       0x000001ae       0x2b .\ARM_GCC_441\Debug\KitProg.a(cyPm.o)
 .comment       0x000001d9       0x2b .\ARM_GCC_441\Debug\KitProg.a(Clock_I2C.o)
 .comment       0x00000204       0x2b .\ARM_GCC_441\Debug\KitProg.a(Pin_StatusLED.o)
 .comment       0x0000022f       0x2b .\ARM_GCC_441\Debug\KitProg.a(Clock_UART.o)
 .comment       0x0000025a       0x2b .\ARM_GCC_441\Debug\KitProg.a(I2CHW.o)
 .comment       0x00000285       0x2b .\ARM_GCC_441\Debug\KitProg.a(I2CHW_INT.o)
 .comment       0x000002b0       0x2b .\ARM_GCC_441\Debug\KitProg.a(I2CHW_MASTER.o)
 .comment       0x000002db       0x2b .\ARM_GCC_441\Debug\KitProg.a(Pin_I2C_SCL.o)
 .comment       0x00000306       0x2b .\ARM_GCC_441\Debug\KitProg.a(Pin_I2C_SDA.o)
 .comment       0x00000331       0x2b .\ARM_GCC_441\Debug\KitProg.a(Pin_UART_Tx.o)
 .comment       0x0000035c       0x2b .\ARM_GCC_441\Debug\KitProg.a(USBFS.o)
 .comment       0x00000387       0x2b .\ARM_GCC_441\Debug\KitProg.a(USBFS_cdc.o)
 .comment       0x000003b2       0x2b .\ARM_GCC_441\Debug\KitProg.a(USBFS_drv.o)
 .comment       0x000003dd       0x2b .\ARM_GCC_441\Debug\KitProg.a(USBFS_episr.o)
 .comment       0x00000408       0x2b .\ARM_GCC_441\Debug\KitProg.a(USBFS_hid.o)
 .comment       0x00000433       0x2b .\ARM_GCC_441\Debug\KitProg.a(USBFS_pm.o)
 .comment       0x0000045e       0x2b .\ARM_GCC_441\Debug\KitProg.a(USBFS_std.o)
 .comment       0x00000489       0x2b .\ARM_GCC_441\Debug\KitProg.a(USBFS_vnd.o)
 .comment       0x000004b4       0x2b .\ARM_GCC_441\Debug\KitProg.a(Bootloadable.o)
 .comment       0x000004df       0x2b .\ARM_GCC_441\Debug\KitProg.a(UART_Bridge.o)
 .comment       0x0000050a       0x2b .\ARM_GCC_441\Debug\KitProg.a(UART_Bridge_INT.o)
 .comment       0x00000535       0x2b .\ARM_GCC_441\Debug\KitProg.a(Pin_SDAPullUp_Enable.o)
 .comment       0x00000560       0x2b .\ARM_GCC_441\Debug\KitProg.a(Pin_SCLPullUp_Enable.o)
 .comment       0x0000058b       0x2b .\ARM_GCC_441\Debug\KitProg.a(isr_UsbSuspend.o)
 .comment       0x000005b6       0x2b .\ARM_GCC_441\Debug\KitProg.a(Timer_UsbSuspend.o)
 .comment       0x000005e1       0x2b .\ARM_GCC_441\Debug\KitProg.a(cyfitter_cfg.o)
 .comment       0x0000060c       0x2b .\ARM_GCC_441\Debug\KitProg.a(CyFlash.o)
 .comment       0x00000637       0x2b .\ARM_GCC_441\Debug\KitProg.a(CySpc.o)
 .comment       0x00000662       0x2b .\ARM_GCC_441\Debug\KitProg.a(USBFS_cls.o)
 .comment       0x0000068d       0x2b .\ARM_GCC_441\Debug\KitProg.a(USBFS_descr.o)

.debug_aranges  0x00000000      0xfd0
 *(.debug_aranges)
 .debug_aranges
                0x00000000       0x20 .\ARM_GCC_441\Debug\main.o
 .debug_aranges
                0x00000020       0xd0 .\ARM_GCC_441\Debug\swd.o
 .debug_aranges
                0x000000f0       0x30 .\ARM_GCC_441\Debug\commandprocessor.o
 .debug_aranges
                0x00000120       0x28 .\ARM_GCC_441\Debug\USBFS_commandinterface.o
 .debug_aranges
                0x00000148       0x78 .\ARM_GCC_441\Debug\USBFS_HID_interface.o
 .debug_aranges
                0x000001c0       0x28 .\ARM_GCC_441\Debug\version.o
 .debug_aranges
                0x000001e8       0x58 .\ARM_GCC_441\Debug\power.o
 .debug_aranges
                0x00000240       0x30 .\ARM_GCC_441\Debug\USBUART.o
 .debug_aranges
                0x00000270       0x30 .\ARM_GCC_441\Debug\Cm3Start.o
 .debug_aranges
                0x000002a0       0x20 .\ARM_GCC_441\Debug\KitProg.a(CyBootAsmGnu.o)
 .debug_aranges
                0x000002c0      0x218 .\ARM_GCC_441\Debug\KitProg.a(CyLib.o)
 .debug_aranges
                0x000004d8       0xa0 .\ARM_GCC_441\Debug\KitProg.a(cyPm.o)
 .debug_aranges
                0x00000578       0x70 .\ARM_GCC_441\Debug\KitProg.a(Clock_I2C.o)
 .debug_aranges
                0x000005e8       0x38 .\ARM_GCC_441\Debug\KitProg.a(Pin_StatusLED.o)
 .debug_aranges
                0x00000620       0x70 .\ARM_GCC_441\Debug\KitProg.a(Clock_UART.o)
 .debug_aranges
                0x00000690       0x38 .\ARM_GCC_441\Debug\KitProg.a(I2CHW.o)
 .debug_aranges
                0x000006c8       0x20 .\ARM_GCC_441\Debug\KitProg.a(I2CHW_INT.o)
 .debug_aranges
                0x000006e8       0x88 .\ARM_GCC_441\Debug\KitProg.a(I2CHW_MASTER.o)
 .debug_aranges
                0x00000770       0x38 .\ARM_GCC_441\Debug\KitProg.a(Pin_I2C_SCL.o)
 .debug_aranges
                0x000007a8       0x38 .\ARM_GCC_441\Debug\KitProg.a(Pin_I2C_SDA.o)
 .debug_aranges
                0x000007e0       0x38 .\ARM_GCC_441\Debug\KitProg.a(Pin_UART_Tx.o)
 .debug_aranges
                0x00000818       0xb8 .\ARM_GCC_441\Debug\KitProg.a(USBFS.o)
 .debug_aranges
                0x000008d0       0xa8 .\ARM_GCC_441\Debug\KitProg.a(USBFS_cdc.o)
 .debug_aranges
                0x00000978       0x98 .\ARM_GCC_441\Debug\KitProg.a(USBFS_drv.o)
 .debug_aranges
                0x00000a10       0x60 .\ARM_GCC_441\Debug\KitProg.a(USBFS_episr.o)
 .debug_aranges
                0x00000a70       0x48 .\ARM_GCC_441\Debug\KitProg.a(USBFS_hid.o)
 .debug_aranges
                0x00000ab8       0x40 .\ARM_GCC_441\Debug\KitProg.a(USBFS_pm.o)
 .debug_aranges
                0x00000af8       0x80 .\ARM_GCC_441\Debug\KitProg.a(USBFS_std.o)
 .debug_aranges
                0x00000b78       0x20 .\ARM_GCC_441\Debug\KitProg.a(USBFS_vnd.o)
 .debug_aranges
                0x00000b98       0x28 .\ARM_GCC_441\Debug\KitProg.a(Bootloadable.o)
 .debug_aranges
                0x00000bc0      0x110 .\ARM_GCC_441\Debug\KitProg.a(UART_Bridge.o)
 .debug_aranges
                0x00000cd0       0x28 .\ARM_GCC_441\Debug\KitProg.a(UART_Bridge_INT.o)
 .debug_aranges
                0x00000cf8       0x38 .\ARM_GCC_441\Debug\KitProg.a(Pin_SDAPullUp_Enable.o)
 .debug_aranges
                0x00000d30       0x38 .\ARM_GCC_441\Debug\KitProg.a(Pin_SCLPullUp_Enable.o)
 .debug_aranges
                0x00000d68       0x80 .\ARM_GCC_441\Debug\KitProg.a(isr_UsbSuspend.o)
 .debug_aranges
                0x00000de8       0x88 .\ARM_GCC_441\Debug\KitProg.a(Timer_UsbSuspend.o)
 .debug_aranges
                0x00000e70       0x58 .\ARM_GCC_441\Debug\KitProg.a(cyfitter_cfg.o)
 .debug_aranges
                0x00000ec8       0x80 .\ARM_GCC_441\Debug\KitProg.a(CyFlash.o)
 .debug_aranges
                0x00000f48       0x68 .\ARM_GCC_441\Debug\KitProg.a(CySpc.o)
 .debug_aranges
                0x00000fb0       0x20 .\ARM_GCC_441\Debug\KitProg.a(USBFS_cls.o)

.debug_pubnames
                0x00000000     0x2f01
 *(.debug_pubnames)
 .debug_pubnames
                0x00000000       0x31 .\ARM_GCC_441\Debug\main.o
 .debug_pubnames
                0x00000031      0x259 .\ARM_GCC_441\Debug\swd.o
 .debug_pubnames
                0x0000028a       0x45 .\ARM_GCC_441\Debug\commandprocessor.o
 .debug_pubnames
                0x000002cf       0x6e .\ARM_GCC_441\Debug\USBFS_commandinterface.o
 .debug_pubnames
                0x0000033d      0x13d .\ARM_GCC_441\Debug\USBFS_HID_interface.o
 .debug_pubnames
                0x0000047a       0x44 .\ARM_GCC_441\Debug\version.o
 .debug_pubnames
                0x000004be       0xde .\ARM_GCC_441\Debug\power.o
 .debug_pubnames
                0x0000059c       0x46 .\ARM_GCC_441\Debug\USBUART.o
 .debug_pubnames
                0x000005e2       0x66 .\ARM_GCC_441\Debug\Cm3Start.o
 .debug_pubnames
                0x00000648      0x57a .\ARM_GCC_441\Debug\KitProg.a(CyLib.o)
 .debug_pubnames
                0x00000bc2       0xbb .\ARM_GCC_441\Debug\KitProg.a(cyPm.o)
 .debug_pubnames
                0x00000c7d      0x14a .\ARM_GCC_441\Debug\KitProg.a(Clock_I2C.o)
 .debug_pubnames
                0x00000dc7       0x7e .\ARM_GCC_441\Debug\KitProg.a(Pin_StatusLED.o)
 .debug_pubnames
                0x00000e45      0x155 .\ARM_GCC_441\Debug\KitProg.a(Clock_UART.o)
 .debug_pubnames
                0x00000f9a       0x73 .\ARM_GCC_441\Debug\KitProg.a(I2CHW.o)
 .debug_pubnames
                0x0000100d       0x20 .\ARM_GCC_441\Debug\KitProg.a(I2CHW_INT.o)
 .debug_pubnames
                0x0000102d      0x242 .\ARM_GCC_441\Debug\KitProg.a(I2CHW_MASTER.o)
 .debug_pubnames
                0x0000126f       0x76 .\ARM_GCC_441\Debug\KitProg.a(Pin_I2C_SCL.o)
 .debug_pubnames
                0x000012e5       0x76 .\ARM_GCC_441\Debug\KitProg.a(Pin_I2C_SDA.o)
 .debug_pubnames
                0x0000135b       0x76 .\ARM_GCC_441\Debug\KitProg.a(Pin_UART_Tx.o)
 .debug_pubnames
                0x000013d1      0x1e0 .\ARM_GCC_441\Debug\KitProg.a(USBFS.o)
 .debug_pubnames
                0x000015b1      0x207 .\ARM_GCC_441\Debug\KitProg.a(USBFS_cdc.o)
 .debug_pubnames
                0x000017b8      0x37c .\ARM_GCC_441\Debug\KitProg.a(USBFS_drv.o)
 .debug_pubnames
                0x00001b34       0xc1 .\ARM_GCC_441\Debug\KitProg.a(USBFS_episr.o)
 .debug_pubnames
                0x00001bf5       0xf7 .\ARM_GCC_441\Debug\KitProg.a(USBFS_hid.o)
 .debug_pubnames
                0x00001cec       0x73 .\ARM_GCC_441\Debug\KitProg.a(USBFS_pm.o)
 .debug_pubnames
                0x00001d5f      0x1e6 .\ARM_GCC_441\Debug\KitProg.a(USBFS_std.o)
 .debug_pubnames
                0x00001f45       0x2d .\ARM_GCC_441\Debug\KitProg.a(USBFS_vnd.o)
 .debug_pubnames
                0x00001f72       0x46 .\ARM_GCC_441\Debug\KitProg.a(Bootloadable.o)
 .debug_pubnames
                0x00001fb8      0x486 .\ARM_GCC_441\Debug\KitProg.a(UART_Bridge.o)
 .debug_pubnames
                0x0000243e       0x3e .\ARM_GCC_441\Debug\KitProg.a(UART_Bridge_INT.o)
 .debug_pubnames
                0x0000247c       0x9a .\ARM_GCC_441\Debug\KitProg.a(Pin_SDAPullUp_Enable.o)
 .debug_pubnames
                0x00002516       0x9a .\ARM_GCC_441\Debug\KitProg.a(Pin_SCLPullUp_Enable.o)
 .debug_pubnames
                0x000025b0      0x182 .\ARM_GCC_441\Debug\KitProg.a(isr_UsbSuspend.o)
 .debug_pubnames
                0x00002732      0x205 .\ARM_GCC_441\Debug\KitProg.a(Timer_UsbSuspend.o)
 .debug_pubnames
                0x00002937       0x3d .\ARM_GCC_441\Debug\KitProg.a(cyfitter_cfg.o)
 .debug_pubnames
                0x00002974      0x119 .\ARM_GCC_441\Debug\KitProg.a(CyFlash.o)
 .debug_pubnames
                0x00002a8d       0xd0 .\ARM_GCC_441\Debug\KitProg.a(CySpc.o)
 .debug_pubnames
                0x00002b5d       0x2e .\ARM_GCC_441\Debug\KitProg.a(USBFS_cls.o)
 .debug_pubnames
                0x00002b8b      0x376 .\ARM_GCC_441\Debug\KitProg.a(USBFS_descr.o)

.debug_info     0x00000000     0x7d8e
 *(.debug_info .gnu.linkonce.wi.*)
 .debug_info    0x00000000       0xd1 .\ARM_GCC_441\Debug\main.o
 .debug_info    0x000000d1      0x7d0 .\ARM_GCC_441\Debug\swd.o
 .debug_info    0x000008a1      0x190 .\ARM_GCC_441\Debug\commandprocessor.o
 .debug_info    0x00000a31      0x20f .\ARM_GCC_441\Debug\USBFS_commandinterface.o
 .debug_info    0x00000c40      0x351 .\ARM_GCC_441\Debug\USBFS_HID_interface.o
 .debug_info    0x00000f91      0x1d7 .\ARM_GCC_441\Debug\version.o
 .debug_info    0x00001168      0x205 .\ARM_GCC_441\Debug\power.o
 .debug_info    0x0000136d      0x29a .\ARM_GCC_441\Debug\USBUART.o
 .debug_info    0x00001607      0x168 .\ARM_GCC_441\Debug\Cm3Start.o
 .debug_info    0x0000176f       0xaa .\ARM_GCC_441\Debug\KitProg.a(CyBootAsmGnu.o)
 .debug_info    0x00001819      0xc71 .\ARM_GCC_441\Debug\KitProg.a(CyLib.o)
 .debug_info    0x0000248a      0x5bb .\ARM_GCC_441\Debug\KitProg.a(cyPm.o)
 .debug_info    0x00002a45      0x269 .\ARM_GCC_441\Debug\KitProg.a(Clock_I2C.o)
 .debug_info    0x00002cae      0x120 .\ARM_GCC_441\Debug\KitProg.a(Pin_StatusLED.o)
 .debug_info    0x00002dce      0x269 .\ARM_GCC_441\Debug\KitProg.a(Clock_UART.o)
 .debug_info    0x00003037      0x123 .\ARM_GCC_441\Debug\KitProg.a(I2CHW.o)
 .debug_info    0x0000315a      0x13b .\ARM_GCC_441\Debug\KitProg.a(I2CHW_INT.o)
 .debug_info    0x00003295      0x41b .\ARM_GCC_441\Debug\KitProg.a(I2CHW_MASTER.o)
 .debug_info    0x000036b0      0x120 .\ARM_GCC_441\Debug\KitProg.a(Pin_I2C_SCL.o)
 .debug_info    0x000037d0      0x120 .\ARM_GCC_441\Debug\KitProg.a(Pin_I2C_SDA.o)
 .debug_info    0x000038f0      0x120 .\ARM_GCC_441\Debug\KitProg.a(Pin_UART_Tx.o)
 .debug_info    0x00003a10      0x64e .\ARM_GCC_441\Debug\KitProg.a(USBFS.o)
 .debug_info    0x0000405e      0x5c7 .\ARM_GCC_441\Debug\KitProg.a(USBFS_cdc.o)
 .debug_info    0x00004625      0x53f .\ARM_GCC_441\Debug\KitProg.a(USBFS_drv.o)
 .debug_info    0x00004b64      0x226 .\ARM_GCC_441\Debug\KitProg.a(USBFS_episr.o)
 .debug_info    0x00004d8a      0x37c .\ARM_GCC_441\Debug\KitProg.a(USBFS_hid.o)
 .debug_info    0x00005106      0x18c .\ARM_GCC_441\Debug\KitProg.a(USBFS_pm.o)
 .debug_info    0x00005292      0x830 .\ARM_GCC_441\Debug\KitProg.a(USBFS_std.o)
 .debug_info    0x00005ac2       0xd2 .\ARM_GCC_441\Debug\KitProg.a(USBFS_vnd.o)
 .debug_info    0x00005b94      0x157 .\ARM_GCC_441\Debug\KitProg.a(Bootloadable.o)
 .debug_info    0x00005ceb      0x6bd .\ARM_GCC_441\Debug\KitProg.a(UART_Bridge.o)
 .debug_info    0x000063a8      0x16d .\ARM_GCC_441\Debug\KitProg.a(UART_Bridge_INT.o)
 .debug_info    0x00006515      0x120 .\ARM_GCC_441\Debug\KitProg.a(Pin_SDAPullUp_Enable.o)
 .debug_info    0x00006635      0x120 .\ARM_GCC_441\Debug\KitProg.a(Pin_SCLPullUp_Enable.o)
 .debug_info    0x00006755      0x25b .\ARM_GCC_441\Debug\KitProg.a(isr_UsbSuspend.o)
 .debug_info    0x000069b0      0x253 .\ARM_GCC_441\Debug\KitProg.a(Timer_UsbSuspend.o)
 .debug_info    0x00006c03      0x467 .\ARM_GCC_441\Debug\KitProg.a(cyfitter_cfg.o)
 .debug_info    0x0000706a      0x3ab .\ARM_GCC_441\Debug\KitProg.a(CyFlash.o)
 .debug_info    0x00007415      0x39f .\ARM_GCC_441\Debug\KitProg.a(CySpc.o)
 .debug_info    0x000077b4      0x19d .\ARM_GCC_441\Debug\KitProg.a(USBFS_cls.o)
 .debug_info    0x00007951      0x43d .\ARM_GCC_441\Debug\KitProg.a(USBFS_descr.o)

.debug_abbrev   0x00000000     0x252f
 *(.debug_abbrev)
 .debug_abbrev  0x00000000       0x7e .\ARM_GCC_441\Debug\main.o
 .debug_abbrev  0x0000007e      0x158 .\ARM_GCC_441\Debug\swd.o
 .debug_abbrev  0x000001d6       0xc9 .\ARM_GCC_441\Debug\commandprocessor.o
 .debug_abbrev  0x0000029f       0xf0 .\ARM_GCC_441\Debug\USBFS_commandinterface.o
 .debug_abbrev  0x0000038f      0x14d .\ARM_GCC_441\Debug\USBFS_HID_interface.o
 .debug_abbrev  0x000004dc       0xf4 .\ARM_GCC_441\Debug\version.o
 .debug_abbrev  0x000005d0       0xdd .\ARM_GCC_441\Debug\power.o
 .debug_abbrev  0x000006ad       0xef .\ARM_GCC_441\Debug\USBUART.o
 .debug_abbrev  0x0000079c       0xec .\ARM_GCC_441\Debug\Cm3Start.o
 .debug_abbrev  0x00000888       0x14 .\ARM_GCC_441\Debug\KitProg.a(CyBootAsmGnu.o)
 .debug_abbrev  0x0000089c      0x182 .\ARM_GCC_441\Debug\KitProg.a(CyLib.o)
 .debug_abbrev  0x00000a1e      0x14d .\ARM_GCC_441\Debug\KitProg.a(cyPm.o)
 .debug_abbrev  0x00000b6b       0xd8 .\ARM_GCC_441\Debug\KitProg.a(Clock_I2C.o)
 .debug_abbrev  0x00000c43       0x85 .\ARM_GCC_441\Debug\KitProg.a(Pin_StatusLED.o)
 .debug_abbrev  0x00000cc8       0xd8 .\ARM_GCC_441\Debug\KitProg.a(Clock_UART.o)
 .debug_abbrev  0x00000da0       0x95 .\ARM_GCC_441\Debug\KitProg.a(I2CHW.o)
 .debug_abbrev  0x00000e35       0x89 .\ARM_GCC_441\Debug\KitProg.a(I2CHW_INT.o)
 .debug_abbrev  0x00000ebe      0x11d .\ARM_GCC_441\Debug\KitProg.a(I2CHW_MASTER.o)
 .debug_abbrev  0x00000fdb       0x85 .\ARM_GCC_441\Debug\KitProg.a(Pin_I2C_SCL.o)
 .debug_abbrev  0x00001060       0x85 .\ARM_GCC_441\Debug\KitProg.a(Pin_I2C_SDA.o)
 .debug_abbrev  0x000010e5       0x85 .\ARM_GCC_441\Debug\KitProg.a(Pin_UART_Tx.o)
 .debug_abbrev  0x0000116a      0x173 .\ARM_GCC_441\Debug\KitProg.a(USBFS.o)
 .debug_abbrev  0x000012dd      0x192 .\ARM_GCC_441\Debug\KitProg.a(USBFS_cdc.o)
 .debug_abbrev  0x0000146f      0x14f .\ARM_GCC_441\Debug\KitProg.a(USBFS_drv.o)
 .debug_abbrev  0x000015be       0xb0 .\ARM_GCC_441\Debug\KitProg.a(USBFS_episr.o)
 .debug_abbrev  0x0000166e      0x142 .\ARM_GCC_441\Debug\KitProg.a(USBFS_hid.o)
 .debug_abbrev  0x000017b0       0xc4 .\ARM_GCC_441\Debug\KitProg.a(USBFS_pm.o)
 .debug_abbrev  0x00001874      0x197 .\ARM_GCC_441\Debug\KitProg.a(USBFS_std.o)
 .debug_abbrev  0x00001a0b       0x82 .\ARM_GCC_441\Debug\KitProg.a(USBFS_vnd.o)
 .debug_abbrev  0x00001a8d       0xab .\ARM_GCC_441\Debug\KitProg.a(Bootloadable.o)
 .debug_abbrev  0x00001b38      0x13a .\ARM_GCC_441\Debug\KitProg.a(UART_Bridge.o)
 .debug_abbrev  0x00001c72       0xa7 .\ARM_GCC_441\Debug\KitProg.a(UART_Bridge_INT.o)
 .debug_abbrev  0x00001d19       0x85 .\ARM_GCC_441\Debug\KitProg.a(Pin_SDAPullUp_Enable.o)
 .debug_abbrev  0x00001d9e       0x85 .\ARM_GCC_441\Debug\KitProg.a(Pin_SCLPullUp_Enable.o)
 .debug_abbrev  0x00001e23      0x10a .\ARM_GCC_441\Debug\KitProg.a(isr_UsbSuspend.o)
 .debug_abbrev  0x00001f2d       0xc9 .\ARM_GCC_441\Debug\KitProg.a(Timer_UsbSuspend.o)
 .debug_abbrev  0x00001ff6      0x15c .\ARM_GCC_441\Debug\KitProg.a(cyfitter_cfg.o)
 .debug_abbrev  0x00002152      0x14a .\ARM_GCC_441\Debug\KitProg.a(CyFlash.o)
 .debug_abbrev  0x0000229c      0x10e .\ARM_GCC_441\Debug\KitProg.a(CySpc.o)
 .debug_abbrev  0x000023aa       0xb5 .\ARM_GCC_441\Debug\KitProg.a(USBFS_cls.o)
 .debug_abbrev  0x0000245f       0xd0 .\ARM_GCC_441\Debug\KitProg.a(USBFS_descr.o)

.debug_line     0x00000000     0x3d3f
 *(.debug_line)
 .debug_line    0x00000000       0x9d .\ARM_GCC_441\Debug\main.o
 .debug_line    0x0000009d      0x3fa .\ARM_GCC_441\Debug\swd.o
 .debug_line    0x00000497       0xef .\ARM_GCC_441\Debug\commandprocessor.o
 .debug_line    0x00000586       0xb2 .\ARM_GCC_441\Debug\USBFS_commandinterface.o
 .debug_line    0x00000638      0x237 .\ARM_GCC_441\Debug\USBFS_HID_interface.o
 .debug_line    0x0000086f       0xbe .\ARM_GCC_441\Debug\version.o
 .debug_line    0x0000092d      0x122 .\ARM_GCC_441\Debug\power.o
 .debug_line    0x00000a4f       0xcc .\ARM_GCC_441\Debug\USBUART.o
 .debug_line    0x00000b1b       0xb8 .\ARM_GCC_441\Debug\Cm3Start.o
 .debug_line    0x00000bd3       0x67 .\ARM_GCC_441\Debug\KitProg.a(CyBootAsmGnu.o)
 .debug_line    0x00000c3a      0x659 .\ARM_GCC_441\Debug\KitProg.a(CyLib.o)
 .debug_line    0x00001293      0x34d .\ARM_GCC_441\Debug\KitProg.a(cyPm.o)
 .debug_line    0x000015e0      0x17e .\ARM_GCC_441\Debug\KitProg.a(Clock_I2C.o)
 .debug_line    0x0000175e       0xb8 .\ARM_GCC_441\Debug\KitProg.a(Pin_StatusLED.o)
 .debug_line    0x00001816      0x17f .\ARM_GCC_441\Debug\KitProg.a(Clock_UART.o)
 .debug_line    0x00001995       0xcf .\ARM_GCC_441\Debug\KitProg.a(I2CHW.o)
 .debug_line    0x00001a64      0x122 .\ARM_GCC_441\Debug\KitProg.a(I2CHW_INT.o)
 .debug_line    0x00001b86      0x1f3 .\ARM_GCC_441\Debug\KitProg.a(I2CHW_MASTER.o)
 .debug_line    0x00001d79       0xb6 .\ARM_GCC_441\Debug\KitProg.a(Pin_I2C_SCL.o)
 .debug_line    0x00001e2f       0xb6 .\ARM_GCC_441\Debug\KitProg.a(Pin_I2C_SDA.o)
 .debug_line    0x00001ee5       0xb6 .\ARM_GCC_441\Debug\KitProg.a(Pin_UART_Tx.o)
 .debug_line    0x00001f9b      0x2a1 .\ARM_GCC_441\Debug\KitProg.a(USBFS.o)
 .debug_line    0x0000223c      0x203 .\ARM_GCC_441\Debug\KitProg.a(USBFS_cdc.o)
 .debug_line    0x0000243f      0x21d .\ARM_GCC_441\Debug\KitProg.a(USBFS_drv.o)
 .debug_line    0x0000265c      0x158 .\ARM_GCC_441\Debug\KitProg.a(USBFS_episr.o)
 .debug_line    0x000027b4      0x163 .\ARM_GCC_441\Debug\KitProg.a(USBFS_hid.o)
 .debug_line    0x00002917      0x10b .\ARM_GCC_441\Debug\KitProg.a(USBFS_pm.o)
 .debug_line    0x00002a22      0x2e6 .\ARM_GCC_441\Debug\KitProg.a(USBFS_std.o)
 .debug_line    0x00002d08       0xac .\ARM_GCC_441\Debug\KitProg.a(USBFS_vnd.o)
 .debug_line    0x00002db4       0x9a .\ARM_GCC_441\Debug\KitProg.a(Bootloadable.o)
 .debug_line    0x00002e4e      0x363 .\ARM_GCC_441\Debug\KitProg.a(UART_Bridge.o)
 .debug_line    0x000031b1       0xd2 .\ARM_GCC_441\Debug\KitProg.a(UART_Bridge_INT.o)
 .debug_line    0x00003283       0xbf .\ARM_GCC_441\Debug\KitProg.a(Pin_SDAPullUp_Enable.o)
 .debug_line    0x00003342       0xbf .\ARM_GCC_441\Debug\KitProg.a(Pin_SCLPullUp_Enable.o)
 .debug_line    0x00003401      0x17f .\ARM_GCC_441\Debug\KitProg.a(isr_UsbSuspend.o)
 .debug_line    0x00003580      0x184 .\ARM_GCC_441\Debug\KitProg.a(Timer_UsbSuspend.o)
 .debug_line    0x00003704      0x1c7 .\ARM_GCC_441\Debug\KitProg.a(cyfitter_cfg.o)
 .debug_line    0x000038cb      0x1ac .\ARM_GCC_441\Debug\KitProg.a(CyFlash.o)
 .debug_line    0x00003a77      0x18d .\ARM_GCC_441\Debug\KitProg.a(CySpc.o)
 .debug_line    0x00003c04       0x9b .\ARM_GCC_441\Debug\KitProg.a(USBFS_cls.o)
 .debug_line    0x00003c9f       0xa0 .\ARM_GCC_441\Debug\KitProg.a(USBFS_descr.o)

.debug_frame    0x00000000     0x2f7c
 *(.debug_frame)
 .debug_frame   0x00000000       0x2c .\ARM_GCC_441\Debug\main.o
 .debug_frame   0x0000002c      0x2e0 .\ARM_GCC_441\Debug\swd.o
 .debug_frame   0x0000030c       0x68 .\ARM_GCC_441\Debug\commandprocessor.o
 .debug_frame   0x00000374       0x48 .\ARM_GCC_441\Debug\USBFS_commandinterface.o
 .debug_frame   0x000003bc      0x170 .\ARM_GCC_441\Debug\USBFS_HID_interface.o
 .debug_frame   0x0000052c       0x4c .\ARM_GCC_441\Debug\version.o
 .debug_frame   0x00000578       0xf4 .\ARM_GCC_441\Debug\power.o
 .debug_frame   0x0000066c       0x68 .\ARM_GCC_441\Debug\USBUART.o
 .debug_frame   0x000006d4       0x5c .\ARM_GCC_441\Debug\Cm3Start.o
 .debug_frame   0x00000730      0x778 .\ARM_GCC_441\Debug\KitProg.a(CyLib.o)
 .debug_frame   0x00000ea8      0x208 .\ARM_GCC_441\Debug\KitProg.a(cyPm.o)
 .debug_frame   0x000010b0      0x14c .\ARM_GCC_441\Debug\KitProg.a(Clock_I2C.o)
 .debug_frame   0x000011fc       0x80 .\ARM_GCC_441\Debug\KitProg.a(Pin_StatusLED.o)
 .debug_frame   0x0000127c      0x14c .\ARM_GCC_441\Debug\KitProg.a(Clock_UART.o)
 .debug_frame   0x000013c8       0x84 .\ARM_GCC_441\Debug\KitProg.a(I2CHW.o)
 .debug_frame   0x0000144c       0x30 .\ARM_GCC_441\Debug\KitProg.a(I2CHW_INT.o)
 .debug_frame   0x0000147c      0x198 .\ARM_GCC_441\Debug\KitProg.a(I2CHW_MASTER.o)
 .debug_frame   0x00001614       0x80 .\ARM_GCC_441\Debug\KitProg.a(Pin_I2C_SCL.o)
 .debug_frame   0x00001694       0x80 .\ARM_GCC_441\Debug\KitProg.a(Pin_I2C_SDA.o)
 .debug_frame   0x00001714       0x80 .\ARM_GCC_441\Debug\KitProg.a(Pin_UART_Tx.o)
 .debug_frame   0x00001794      0x250 .\ARM_GCC_441\Debug\KitProg.a(USBFS.o)
 .debug_frame   0x000019e4      0x22c .\ARM_GCC_441\Debug\KitProg.a(USBFS_cdc.o)
 .debug_frame   0x00001c10      0x1e0 .\ARM_GCC_441\Debug\KitProg.a(USBFS_drv.o)
 .debug_frame   0x00001df0      0x10c .\ARM_GCC_441\Debug\KitProg.a(USBFS_episr.o)
 .debug_frame   0x00001efc       0xc8 .\ARM_GCC_441\Debug\KitProg.a(USBFS_hid.o)
 .debug_frame   0x00001fc4       0xa4 .\ARM_GCC_441\Debug\KitProg.a(USBFS_pm.o)
 .debug_frame   0x00002068      0x19c .\ARM_GCC_441\Debug\KitProg.a(USBFS_std.o)
 .debug_frame   0x00002204       0x30 .\ARM_GCC_441\Debug\KitProg.a(USBFS_vnd.o)
 .debug_frame   0x00002234       0x4c .\ARM_GCC_441\Debug\KitProg.a(Bootloadable.o)
 .debug_frame   0x00002280      0x3ac .\ARM_GCC_441\Debug\KitProg.a(UART_Bridge.o)
 .debug_frame   0x0000262c       0x48 .\ARM_GCC_441\Debug\KitProg.a(UART_Bridge_INT.o)
 .debug_frame   0x00002674       0x80 .\ARM_GCC_441\Debug\KitProg.a(Pin_SDAPullUp_Enable.o)
 .debug_frame   0x000026f4       0x80 .\ARM_GCC_441\Debug\KitProg.a(Pin_SCLPullUp_Enable.o)
 .debug_frame   0x00002774      0x180 .\ARM_GCC_441\Debug\KitProg.a(isr_UsbSuspend.o)
 .debug_frame   0x000028f4      0x198 .\ARM_GCC_441\Debug\KitProg.a(Timer_UsbSuspend.o)
 .debug_frame   0x00002a8c      0x104 .\ARM_GCC_441\Debug\KitProg.a(cyfitter_cfg.o)
 .debug_frame   0x00002b90      0x198 .\ARM_GCC_441\Debug\KitProg.a(CyFlash.o)
 .debug_frame   0x00002d28      0x13c .\ARM_GCC_441\Debug\KitProg.a(CySpc.o)
 .debug_frame   0x00002e64       0x30 .\ARM_GCC_441\Debug\KitProg.a(USBFS_cls.o)
 .debug_frame   0x00002e94       0x34 c:/program files/cypress/psoc creator/2.2/psoc creator/import/gnu_cs/arm/4.4.1/bin/../lib/gcc/arm-none-eabi/4.4.1/../../../../arm-none-eabi/lib/thumb2\libc.a(lib_a-memcpy.o)
 .debug_frame   0x00002ec8       0x28 c:/program files/cypress/psoc creator/2.2/psoc creator/import/gnu_cs/arm/4.4.1/bin/../lib/gcc/arm-none-eabi/4.4.1/../../../../arm-none-eabi/lib/thumb2\libc.a(lib_a-memset.o)
 .debug_frame   0x00002ef0       0x20 c:/program files/cypress/psoc creator/2.2/psoc creator/import/gnu_cs/arm/4.4.1/bin/../lib/gcc/arm-none-eabi/4.4.1/../../../../arm-none-eabi/lib/thumb2\libc.a(lib_a-strlen.o)
 .debug_frame   0x00002f10       0x40 c:/program files/cypress/psoc creator/2.2/psoc creator/import/gnu_cs/arm/4.4.1/bin/../lib/gcc/arm-none-eabi/4.4.1/../../../../arm-none-eabi/lib/thumb2\libcs3.a(start_c.o)
 .debug_frame   0x00002f50       0x2c c:/program files/cypress/psoc creator/2.2/psoc creator/import/gnu_cs/arm/4.4.1/bin/../lib/gcc/arm-none-eabi/4.4.1/../../../../arm-none-eabi/lib/thumb2\libc.a(lib_a-init.o)

.debug_str      0x00000000     0x3804
 *(.debug_str)
 .debug_str     0x00000000       0xf5 .\ARM_GCC_441\Debug\main.o
                                0x12e (size before relaxing)
 .debug_str     0x000000f5      0x26d .\ARM_GCC_441\Debug\swd.o
                                0x394 (size before relaxing)
 .debug_str     0x00000362       0x57 .\ARM_GCC_441\Debug\commandprocessor.o
                                0x19d (size before relaxing)
 .debug_str     0x000003b9       0xb3 .\ARM_GCC_441\Debug\USBFS_commandinterface.o
                                0x1fd (size before relaxing)
 .debug_str     0x0000046c      0x1ac .\ARM_GCC_441\Debug\USBFS_HID_interface.o
                                0x2d5 (size before relaxing)
 .debug_str     0x00000618       0x8f .\ARM_GCC_441\Debug\version.o
                                0x1b4 (size before relaxing)
 .debug_str     0x000006a7       0xdf .\ARM_GCC_441\Debug\power.o
                                0x20e (size before relaxing)
 .debug_str     0x00000786      0x129 .\ARM_GCC_441\Debug\USBUART.o
                                0x257 (size before relaxing)
 .debug_str     0x000008af       0x8e .\ARM_GCC_441\Debug\Cm3Start.o
                                0x19c (size before relaxing)
 .debug_str     0x0000093d      0x637 .\ARM_GCC_441\Debug\KitProg.a(CyLib.o)
                                0x789 (size before relaxing)
 .debug_str     0x00000f74      0x382 .\ARM_GCC_441\Debug\KitProg.a(cyPm.o)
                                0x4ae (size before relaxing)
 .debug_str     0x000012f6      0x184 .\ARM_GCC_441\Debug\KitProg.a(Clock_I2C.o)
                                0x292 (size before relaxing)
 .debug_str     0x0000147a       0x96 .\ARM_GCC_441\Debug\KitProg.a(Pin_StatusLED.o)
                                0x19c (size before relaxing)
 .debug_str     0x00001510      0x13d .\ARM_GCC_441\Debug\KitProg.a(Clock_UART.o)
                                0x29e (size before relaxing)
 .debug_str     0x0000164d       0x6a .\ARM_GCC_441\Debug\KitProg.a(I2CHW.o)
                                0x17c (size before relaxing)
 .debug_str     0x000016b7       0xd1 .\ARM_GCC_441\Debug\KitProg.a(I2CHW_INT.o)
                                0x1de (size before relaxing)
 .debug_str     0x00001788      0x19f .\ARM_GCC_441\Debug\KitProg.a(I2CHW_MASTER.o)
                                0x353 (size before relaxing)
 .debug_str     0x00001927       0x7b .\ARM_GCC_441\Debug\KitProg.a(Pin_I2C_SCL.o)
                                0x192 (size before relaxing)
 .debug_str     0x000019a2       0x7b .\ARM_GCC_441\Debug\KitProg.a(Pin_I2C_SDA.o)
                                0x192 (size before relaxing)
 .debug_str     0x00001a1d       0x7b .\ARM_GCC_441\Debug\KitProg.a(Pin_UART_Tx.o)
                                0x192 (size before relaxing)
 .debug_str     0x00001a98      0x28c .\ARM_GCC_441\Debug\KitProg.a(USBFS.o)
                                0x45c (size before relaxing)
 .debug_str     0x00001d24      0x256 .\ARM_GCC_441\Debug\KitProg.a(USBFS_cdc.o)
                                0x47d (size before relaxing)
 .debug_str     0x00001f7a      0x25c .\ARM_GCC_441\Debug\KitProg.a(USBFS_drv.o)
                                0x534 (size before relaxing)
 .debug_str     0x000021d6       0xb2 .\ARM_GCC_441\Debug\KitProg.a(USBFS_episr.o)
                                0x24d (size before relaxing)
 .debug_str     0x00002288      0x114 .\ARM_GCC_441\Debug\KitProg.a(USBFS_hid.o)
                                0x2ff (size before relaxing)
 .debug_str     0x0000239c       0xb2 .\ARM_GCC_441\Debug\KitProg.a(USBFS_pm.o)
                                0x1ea (size before relaxing)
 .debug_str     0x0000244e      0x2a8 .\ARM_GCC_441\Debug\KitProg.a(USBFS_std.o)
                                0x5f5 (size before relaxing)
 .debug_str     0x000026f6       0x3c .\ARM_GCC_441\Debug\KitProg.a(USBFS_vnd.o)
                                0x159 (size before relaxing)
 .debug_str     0x00002732       0x84 .\ARM_GCC_441\Debug\KitProg.a(Bootloadable.o)
                                0x19b (size before relaxing)
 .debug_str     0x000027b6      0x446 .\ARM_GCC_441\Debug\KitProg.a(UART_Bridge.o)
                                0x5df (size before relaxing)
 .debug_str     0x00002bfc       0x6a .\ARM_GCC_441\Debug\KitProg.a(UART_Bridge_INT.o)
                                0x237 (size before relaxing)
 .debug_str     0x00002c66       0xa8 .\ARM_GCC_441\Debug\KitProg.a(Pin_SDAPullUp_Enable.o)
                                0x1bf (size before relaxing)
 .debug_str     0x00002d0e       0xa8 .\ARM_GCC_441\Debug\KitProg.a(Pin_SCLPullUp_Enable.o)
                                0x1bf (size before relaxing)
 .debug_str     0x00002db6      0x166 .\ARM_GCC_441\Debug\KitProg.a(isr_UsbSuspend.o)
                                0x2b3 (size before relaxing)
 .debug_str     0x00002f1c      0x205 .\ARM_GCC_441\Debug\KitProg.a(Timer_UsbSuspend.o)
                                0x31c (size before relaxing)
 .debug_str     0x00003121      0x188 .\ARM_GCC_441\Debug\KitProg.a(cyfitter_cfg.o)
                                0x2e6 (size before relaxing)
 .debug_str     0x000032a9      0x131 .\ARM_GCC_441\Debug\KitProg.a(CyFlash.o)
                                0x282 (size before relaxing)
 .debug_str     0x000033da       0xfe .\ARM_GCC_441\Debug\KitProg.a(CySpc.o)
                                0x239 (size before relaxing)
 .debug_str     0x000034d8       0x3d .\ARM_GCC_441\Debug\KitProg.a(USBFS_cls.o)
                                0x1fa (size before relaxing)
 .debug_str     0x00003515      0x2ef .\ARM_GCC_441\Debug\KitProg.a(USBFS_descr.o)
                                0x54a (size before relaxing)

.debug_loc      0x00000000     0x4b10
 *(.debug_loc)
 .debug_loc     0x00000000       0x2b .\ARM_GCC_441\Debug\main.o
 .debug_loc     0x0000002b      0x4b5 .\ARM_GCC_441\Debug\swd.o
 .debug_loc     0x000004e0       0x8d .\ARM_GCC_441\Debug\commandprocessor.o
 .debug_loc     0x0000056d       0x62 .\ARM_GCC_441\Debug\USBFS_commandinterface.o
 .debug_loc     0x000005cf      0x228 .\ARM_GCC_441\Debug\USBFS_HID_interface.o
 .debug_loc     0x000007f7       0x6e .\ARM_GCC_441\Debug\version.o
 .debug_loc     0x00000865      0x170 .\ARM_GCC_441\Debug\power.o
 .debug_loc     0x000009d5       0x8f .\ARM_GCC_441\Debug\USBUART.o
 .debug_loc     0x00000a64       0x62 .\ARM_GCC_441\Debug\Cm3Start.o
 .debug_loc     0x00000ac6      0xca0 .\ARM_GCC_441\Debug\KitProg.a(CyLib.o)
 .debug_loc     0x00001766      0x32f .\ARM_GCC_441\Debug\KitProg.a(cyPm.o)
 .debug_loc     0x00001a95      0x221 .\ARM_GCC_441\Debug\KitProg.a(Clock_I2C.o)
 .debug_loc     0x00001cb6       0xc4 .\ARM_GCC_441\Debug\KitProg.a(Pin_StatusLED.o)
 .debug_loc     0x00001d7a      0x221 .\ARM_GCC_441\Debug\KitProg.a(Clock_UART.o)
 .debug_loc     0x00001f9b       0xb8 .\ARM_GCC_441\Debug\KitProg.a(I2CHW.o)
 .debug_loc     0x00002053       0x37 .\ARM_GCC_441\Debug\KitProg.a(I2CHW_INT.o)
 .debug_loc     0x0000208a      0x2c6 .\ARM_GCC_441\Debug\KitProg.a(I2CHW_MASTER.o)
 .debug_loc     0x00002350       0xc4 .\ARM_GCC_441\Debug\KitProg.a(Pin_I2C_SCL.o)
 .debug_loc     0x00002414       0xc4 .\ARM_GCC_441\Debug\KitProg.a(Pin_I2C_SDA.o)
 .debug_loc     0x000024d8       0xc4 .\ARM_GCC_441\Debug\KitProg.a(Pin_UART_Tx.o)
 .debug_loc     0x0000259c      0x428 .\ARM_GCC_441\Debug\KitProg.a(USBFS.o)
 .debug_loc     0x000029c4      0x38a .\ARM_GCC_441\Debug\KitProg.a(USBFS_cdc.o)
 .debug_loc     0x00002d4e      0x2f8 .\ARM_GCC_441\Debug\KitProg.a(USBFS_drv.o)
 .debug_loc     0x00003046      0x183 .\ARM_GCC_441\Debug\KitProg.a(USBFS_episr.o)
 .debug_loc     0x000031c9      0x14a .\ARM_GCC_441\Debug\KitProg.a(USBFS_hid.o)
 .debug_loc     0x00003313       0xef .\ARM_GCC_441\Debug\KitProg.a(USBFS_pm.o)
 .debug_loc     0x00003402      0x2bf .\ARM_GCC_441\Debug\KitProg.a(USBFS_std.o)
 .debug_loc     0x000036c1       0x37 .\ARM_GCC_441\Debug\KitProg.a(USBFS_vnd.o)
 .debug_loc     0x000036f8       0x64 .\ARM_GCC_441\Debug\KitProg.a(Bootloadable.o)