ARM GAS  C:\DOCUME~1\ADMINI~1\LOCALS~1\Temp\cczgVi9y.s 			page 1


   1              		.syntax unified
   2              		.cpu cortex-m3
   3              		.fpu softvfp
   4              		.eabi_attribute 20, 1
   5              		.eabi_attribute 21, 1
   6              		.eabi_attribute 23, 3
   7              		.eabi_attribute 24, 1
   8              		.eabi_attribute 25, 1
   9              		.eabi_attribute 26, 1
  10              		.eabi_attribute 30, 6
  11              		.eabi_attribute 18, 4
  12              		.thumb
  13              		.file	"main.c"
  14              		.section	.debug_abbrev,"",%progbits
  15              	.Ldebug_abbrev0:
  16              		.section	.debug_info,"",%progbits
  17              	.Ldebug_info0:
  18              		.section	.debug_line,"",%progbits
  19              	.Ldebug_line0:
  20 0000 99000000 		.text
  20      02005300 
  20      00000201 
  20      FB0E0D00 
  20      01010101 
  21              	.Ltext0:
  22              		.cfi_sections	.debug_frame
  23              		.global	bUSBResetDetected
  24              		.bss
  25              		.type	bUSBResetDetected, %object
  26              		.size	bUSBResetDetected, 1
  27              	bUSBResetDetected:
  28 0000 00       		.space	1
  29              		.section	.text.main,"ax",%progbits
  30              		.align	2
  31              		.global	main
  32              		.thumb
  33              		.thumb_func
  34              		.type	main, %function
  35              	main:
  36              	.LFB29:
  37              		.file 1 ".\\main.c"
   1:.\main.c      **** /*****************************************************************************
   2:.\main.c      **** * File Name: main.c
   3:.\main.c      **** *
   4:.\main.c      **** * Version 2.03
   5:.\main.c      **** *
   6:.\main.c      **** * Description:
   7:.\main.c      **** *  This file provides the source code to handle the programmer and bridge
   8:.\main.c      **** *  for PSoC 5LP.
   9:.\main.c      **** *
  10:.\main.c      **** * Owner:
  11:.\main.c      **** *	Ranjith M, Applications Engineer (rnjt@cypress.com)
  12:.\main.c      **** *
  13:.\main.c      **** * Related Document:
  14:.\main.c      **** * 	001-85925 - CY8CKIT-042 PSoC 4 Pioneer Kit IROS
  15:.\main.c      **** *
  16:.\main.c      **** * Hardware Dependency:
ARM GAS  C:\DOCUME~1\ADMINI~1\LOCALS~1\Temp\cczgVi9y.s 			page 2


  17:.\main.c      **** * 	CY8CKIT-042 (KitProg) 
  18:.\main.c      **** *
  19:.\main.c      **** * Code Tested With:
  20:.\main.c      **** * 	Creator 2.2
  21:.\main.c      **** *	GCC1 4.4.1
  22:.\main.c      **** *	CY8CKIT-042 Rev 1
  23:.\main.c      **** *
  24:.\main.c      **** ******************************************************************************
  25:.\main.c      **** * Copyright (2013), Cypress Semiconductor Corporation.
  26:.\main.c      **** ******************************************************************************
  27:.\main.c      **** * This software is owned by Cypress Semiconductor Corporation (Cypress) and is
  28:.\main.c      **** * protected by and subject to worldwide patent protection (United States and
  29:.\main.c      **** * foreign), United States copyright laws and international treaty provisions.
  30:.\main.c      **** * Cypress hereby grants to licensee a personal, non-exclusive, non-transferable
  31:.\main.c      **** * license to copy, use, modify, create derivative works of, and compile the
  32:.\main.c      **** * Cypress Source Code and derivative works for the sole purpose of creating
  33:.\main.c      **** * custom software in support of licensee product to be used only in conjunction
  34:.\main.c      **** * with a Cypress integrated circuit as specified in the applicable agreement.
  35:.\main.c      **** * Any reproduction, modification, translation, compilation, or representation of
  36:.\main.c      **** * this software except as specified above is prohibited without the express
  37:.\main.c      **** * written permission of Cypress.
  38:.\main.c      **** *
  39:.\main.c      **** * Disclaimer: CYPRESS MAKES NO WARRANTY OF ANY KIND, EXPRESS OR IMPLIED, WITH
  40:.\main.c      **** * REGARD TO THIS MATERIAL, INCLUDING, BUT NOT LIMITED TO, THE IMPLIED
  41:.\main.c      **** * WARRANTIES OF MERCHANTABILITY AND FITNESS FOR A PARTICULAR PURPOSE.
  42:.\main.c      **** * Cypress reserves the right to make changes without further notice to the
  43:.\main.c      **** * materials described herein. Cypress does not assume any liability arising out
  44:.\main.c      **** * of the application or use of any product or circuit described herein. Cypress
  45:.\main.c      **** * does not authorize its products for use as critical components in life-support
  46:.\main.c      **** * systems where a malfunction or failure may reasonably be expected to result in
  47:.\main.c      **** * significant injury to the user. The inclusion of Cypress' product in a life-
  48:.\main.c      **** * support systems application implies that the manufacturer assumes all risk of
  49:.\main.c      **** * such use and in doing so indemnifies Cypress against all charges. Use may be
  50:.\main.c      **** * limited by and subject to the applicable Cypress software license agreement.
  51:.\main.c      **** *****************************************************************************/
  52:.\main.c      **** #include "kitprog.h"
  53:.\main.c      **** 
  54:.\main.c      **** volatile uint8 bUSBResetDetected = FALSE;
  55:.\main.c      **** 
  56:.\main.c      **** void main()
  57:.\main.c      **** {
  38              		.loc 1 57 0
  39              		.cfi_startproc
  40              		@ args = 0, pretend = 0, frame = 0
  41              		@ frame_needed = 1, uses_anonymous_args = 0
  42 0000 80B5     		push	{r7, lr}
  43              	.LCFI0:
  44              		.cfi_def_cfa_offset 8
  45 0002 00AF     		add	r7, sp, #0
  46              		.cfi_offset 14, -4
  47              		.cfi_offset 7, -8
  48              	.LCFI1:
  49              		.cfi_def_cfa_register 7
  58:.\main.c      **** 	/* Enable global Interrupts */
  59:.\main.c      ****     CyGlobalIntEnable;   
  50              		.loc 1 59 0
  51              	@ 59 ".\main.c" 1
ARM GAS  C:\DOCUME~1\ADMINI~1\LOCALS~1\Temp\cczgVi9y.s 			page 3


  52 0004 62B6     		CPSIE   i
  53              	@ 0 "" 2
  60:.\main.c      **** 	
  61:.\main.c      **** 	/* Retrieves the Hardware version. Defined in version.c. */
  62:.\main.c      **** 	GetHWVersion();
  54              		.loc 1 62 0
  55              		.thumb
  56 0006 FFF7FEFF 		bl	GetHWVersion
  63:.\main.c      **** 	
  64:.\main.c      **** 	/* Initializes the variables for the programming operation. */
  65:.\main.c      ****     ProgramInit();
  57              		.loc 1 65 0
  58 000a FFF7FEFF 		bl	ProgramInit
  66:.\main.c      **** 	
  67:.\main.c      **** 	/* Initializes the variables for the Bridge operation. */
  68:.\main.c      **** 	HostCommInit();
  59              		.loc 1 68 0
  60 000e FFF7FEFF 		bl	HostCommInit
  69:.\main.c      **** 	
  70:.\main.c      **** 	/* Initializes SWD interface */
  71:.\main.c      ****     SWDInit();
  61              		.loc 1 71 0
  62 0012 FFF7FEFF 		bl	SWDInit
  72:.\main.c      **** 
  73:.\main.c      **** 	/* Intialize the ADC for voltage monitoring. */
  74:.\main.c      **** 	VoltageMonitorInit();
  63              		.loc 1 74 0
  64 0016 FFF7FEFF 		bl	VoltageMonitorInit
  75:.\main.c      **** 	
  76:.\main.c      **** 	/* Initializes USB-UART interface */
  77:.\main.c      ****     USBUARTInit();
  65              		.loc 1 77 0
  66 001a FFF7FEFF 		bl	USBUARTInit
  78:.\main.c      **** 	
  79:.\main.c      **** 	/* flag to determine if the USB is reset */
  80:.\main.c      **** 	bUSBResetDetected = FALSE;
  67              		.loc 1 80 0
  68 001e 40F20003 		movw	r3, #:lower16:bUSBResetDetected
  69 0022 C0F20003 		movt	r3, #:upper16:bUSBResetDetected
  70 0026 4FF00002 		mov	r2, #0
  71 002a 1A70     		strb	r2, [r3, #0]
  72 002c 00E0     		b	.L10
  73              	.L13:
  81:.\main.c      **** 
  82:.\main.c      **** 	while(1)
  83:.\main.c      ****     {
  84:.\main.c      ****         /* Turn off Green LED. LED is switched on after successful enumeration
  85:.\main.c      **** 		 * The LED has inverse logic. Writing 1 to the pin turns off the LED. */
  86:.\main.c      **** 		Pin_StatusLED_Write(1);		
  87:.\main.c      ****         
  88:.\main.c      **** 		while(!USBFS_VBusPresent())
  89:.\main.c      **** 		{
  90:.\main.c      **** 			/* Wait till powered via USB */
  91:.\main.c      **** 		}
  92:.\main.c      **** 		
  93:.\main.c      **** 		/* If the USB is not reset. */
  94:.\main.c      ****         if(bUSBResetDetected == FALSE)
ARM GAS  C:\DOCUME~1\ADMINI~1\LOCALS~1\Temp\cczgVi9y.s 			page 4


  95:.\main.c      ****         {
  96:.\main.c      ****            /* Start USB operation at VDDD specified in the DWR */
  97:.\main.c      **** 			USBFS_Start(0, USBFS_DWR_VDDD_OPERATION);
  98:.\main.c      **** 			
  99:.\main.c      **** 			/* Initializes the timer for handling the USBFS Suspend Activity */
 100:.\main.c      **** 			Timer_UsbSuspend_Start();
 101:.\main.c      **** 		
 102:.\main.c      **** 			isr_UsbSuspend_Start();
 103:.\main.c      **** 		}
 104:.\main.c      **** 		
 105:.\main.c      **** 		while(!USBFS_GetConfiguration())
 106:.\main.c      **** 		{
 107:.\main.c      **** 			/* Handles USB Suspend event */
 108:.\main.c      **** 			HandleUSBSuspend();	
 109:.\main.c      **** 			
 110:.\main.c      **** 			/* Wait for Device to enumerate */	
 111:.\main.c      **** 		}
 112:.\main.c      **** 		
 113:.\main.c      **** 		/* Indicate successful enumeration. */
 114:.\main.c      ****         Pin_StatusLED_Write(0);
 115:.\main.c      **** 		
 116:.\main.c      **** 		/* Enable USB out end points */
 117:.\main.c      **** 		USBFS_EnableOutEP(SWD_OUT_EP);
 118:.\main.c      **** 		USBFS_EnableOutEP(HOST_OUT_EP);
 119:.\main.c      **** 
 120:.\main.c      **** 		/* Start the USBUART Interface */
 121:.\main.c      **** 		USBUARTStart();
 122:.\main.c      **** 		
 123:.\main.c      **** 		/* 'bbUSBResetDetected' flag is set to false to indicate that the USB is 
 124:.\main.c      **** 		 * connected and configured. This flag will be set inside USBFS_episr.c if 
 125:.\main.c      **** 		 * the USB Bus Reset is detected */
 126:.\main.c      **** 		bUSBResetDetected = FALSE;	
 127:.\main.c      **** 		
 128:.\main.c      **** 		/* Loop is executed as long as USB is not reset or the Vbus is not removed */
 129:.\main.c      **** 		while(USBFS_VBusPresent() && bUSBResetDetected == FALSE)
 130:.\main.c      ****         {	
 131:.\main.c      **** 			/* Handles the communication between PSoC Programmer GUI and the PSoC 5LP
 132:.\main.c      **** 			 * via USB HID interface. Also handles the USB-I2C bridge functionality. */
 133:.\main.c      ****             HostComm();
 134:.\main.c      **** 			
 135:.\main.c      **** 			/* Decides the commands-to-be-sent-to-the-SWD lines/configuration based on
 136:.\main.c      **** 			 * variables set by VendorCmd(). Defined in commandProcessor.c */
 137:.\main.c      **** 			SWDComm(); 
 138:.\main.c      **** 
 139:.\main.c      **** 			/* Handles USB-UART Bridge interface */
 140:.\main.c      **** 			UARTBridgeComm();
 141:.\main.c      **** 			
 142:.\main.c      **** 			/* Handles the USB Suspend Event */
 143:.\main.c      **** 			HandleUSBSuspend();		
 144:.\main.c      **** 			
 145:.\main.c      **** 			if(USBFS_IsConfigurationChanged())
 146:.\main.c      **** 			{
 147:.\main.c      **** 				bUSBResetDetected = TRUE;
 148:.\main.c      **** 			}
 149:.\main.c      ****         }
 150:.\main.c      **** 		
 151:.\main.c      **** 		SWDHalt();
ARM GAS  C:\DOCUME~1\ADMINI~1\LOCALS~1\Temp\cczgVi9y.s 			page 5


 152:.\main.c      **** 		
 153:.\main.c      **** 		if(bUSBResetDetected == FALSE)
 154:.\main.c      ****         {
 155:.\main.c      ****             /* If the Vbus is removed, stop the component and try to re-enumerate. 
 156:.\main.c      **** 			* Set to true inside USBFS_episr.c [CY_ISR(USBFS_BUS_RESET_ISR)] */
 157:.\main.c      **** 			USBFS_Stop();
 158:.\main.c      **** 			
 159:.\main.c      **** 			/* Disables the timer for handling the USBFS Suspend Activity */
 160:.\main.c      **** 			Timer_UsbSuspend_Stop();
 161:.\main.c      **** 		
 162:.\main.c      **** 			isr_UsbSuspend_Stop();
 163:.\main.c      ****         }
 164:.\main.c      ****     }	
  74              		.loc 1 164 0
  75 002e 00BF     		nop
  76              	.L10:
  77              		.loc 1 86 0
  78 0030 4FF00100 		mov	r0, #1
  79 0034 FFF7FEFF 		bl	Pin_StatusLED_Write
  80              	.L2:
  81              		.loc 1 88 0
  82 0038 FFF7FEFF 		bl	USBFS_VBusPresent
  83 003c 0346     		mov	r3, r0
  84 003e 002B     		cmp	r3, #0
  85 0040 FAD0     		beq	.L2
  86              		.loc 1 94 0
  87 0042 40F20003 		movw	r3, #:lower16:bUSBResetDetected
  88 0046 C0F20003 		movt	r3, #:upper16:bUSBResetDetected
  89 004a 1B78     		ldrb	r3, [r3, #0]
  90 004c DBB2     		uxtb	r3, r3
  91 004e 002B     		cmp	r3, #0
  92 0050 0DD1     		bne	.L12
  93              		.loc 1 97 0
  94 0052 4FF00000 		mov	r0, #0
  95 0056 4FF00201 		mov	r1, #2
  96 005a FFF7FEFF 		bl	USBFS_Start
  97              		.loc 1 100 0
  98 005e FFF7FEFF 		bl	Timer_UsbSuspend_Start
  99              		.loc 1 102 0
 100 0062 FFF7FEFF 		bl	isr_UsbSuspend_Start
 101              		.loc 1 105 0
 102 0066 03E0     		b	.L4
 103              	.L5:
 104              		.loc 1 108 0
 105 0068 FFF7FEFF 		bl	HandleUSBSuspend
 106 006c 00E0     		b	.L4
 107              	.L12:
 108              		.loc 1 105 0
 109 006e 00BF     		nop
 110              	.L4:
 111 0070 FFF7FEFF 		bl	USBFS_GetConfiguration
 112 0074 0346     		mov	r3, r0
 113 0076 002B     		cmp	r3, #0
 114 0078 F6D0     		beq	.L5
 115              		.loc 1 114 0
 116 007a 4FF00000 		mov	r0, #0
 117 007e FFF7FEFF 		bl	Pin_StatusLED_Write
ARM GAS  C:\DOCUME~1\ADMINI~1\LOCALS~1\Temp\cczgVi9y.s 			page 6


 118              		.loc 1 117 0
 119 0082 4FF00200 		mov	r0, #2
 120 0086 FFF7FEFF 		bl	USBFS_EnableOutEP
 121              		.loc 1 118 0
 122 008a 4FF00400 		mov	r0, #4
 123 008e FFF7FEFF 		bl	USBFS_EnableOutEP
 124              		.loc 1 121 0
 125 0092 FFF7FEFF 		bl	USBUARTStart
 126              		.loc 1 126 0
 127 0096 40F20003 		movw	r3, #:lower16:bUSBResetDetected
 128 009a C0F20003 		movt	r3, #:upper16:bUSBResetDetected
 129 009e 4FF00002 		mov	r2, #0
 130 00a2 1A70     		strb	r2, [r3, #0]
 131              		.loc 1 129 0
 132 00a4 13E0     		b	.L6
 133              	.L8:
 134              		.loc 1 133 0
 135 00a6 FFF7FEFF 		bl	HostComm
 136              		.loc 1 137 0
 137 00aa FFF7FEFF 		bl	SWDComm
 138              		.loc 1 140 0
 139 00ae FFF7FEFF 		bl	UARTBridgeComm
 140              		.loc 1 143 0
 141 00b2 FFF7FEFF 		bl	HandleUSBSuspend
 142              		.loc 1 145 0
 143 00b6 FFF7FEFF 		bl	USBFS_IsConfigurationChanged
 144 00ba 0346     		mov	r3, r0
 145 00bc 002B     		cmp	r3, #0
 146 00be 06D0     		beq	.L6
 147              		.loc 1 147 0
 148 00c0 40F20003 		movw	r3, #:lower16:bUSBResetDetected
 149 00c4 C0F20003 		movt	r3, #:upper16:bUSBResetDetected
 150 00c8 4FF00102 		mov	r2, #1
 151 00cc 1A70     		strb	r2, [r3, #0]
 152              	.L6:
 153              		.loc 1 129 0
 154 00ce FFF7FEFF 		bl	USBFS_VBusPresent
 155 00d2 0346     		mov	r3, r0
 156 00d4 002B     		cmp	r3, #0
 157 00d6 07D0     		beq	.L7
 158 00d8 40F20003 		movw	r3, #:lower16:bUSBResetDetected
 159 00dc C0F20003 		movt	r3, #:upper16:bUSBResetDetected
 160 00e0 1B78     		ldrb	r3, [r3, #0]
 161 00e2 DBB2     		uxtb	r3, r3
 162 00e4 002B     		cmp	r3, #0
 163 00e6 DED0     		beq	.L8
 164              	.L7:
 165              		.loc 1 151 0
 166 00e8 FFF7FEFF 		bl	SWDHalt
 167              		.loc 1 153 0
 168 00ec 40F20003 		movw	r3, #:lower16:bUSBResetDetected
 169 00f0 C0F20003 		movt	r3, #:upper16:bUSBResetDetected
 170 00f4 1B78     		ldrb	r3, [r3, #0]
 171 00f6 DBB2     		uxtb	r3, r3
 172 00f8 002B     		cmp	r3, #0
 173 00fa 98D1     		bne	.L13
 174              		.loc 1 157 0
ARM GAS  C:\DOCUME~1\ADMINI~1\LOCALS~1\Temp\cczgVi9y.s 			page 7


 175 00fc FFF7FEFF 		bl	USBFS_Stop
 176              		.loc 1 160 0
 177 0100 FFF7FEFF 		bl	Timer_UsbSuspend_Stop
 178              		.loc 1 162 0
 179 0104 FFF7FEFF 		bl	isr_UsbSuspend_Stop
 180              		.loc 1 164 0
 181 0108 92E7     		b	.L10
 182              		.cfi_endproc
 183              	.LFE29:
 184              		.size	main, .-main
 185 010a 00BF     		.text
 186              	.Letext0:
 187              		.section	.debug_loc,"",%progbits
 188              	.Ldebug_loc0:
 189              	.LLST0:
 190 0000 00000000 		.4byte	.LFB29
 191 0004 02000000 		.4byte	.LCFI0
 192 0008 0100     		.2byte	0x1
 193 000a 5D       		.byte	0x5d
 194 000b 02000000 		.4byte	.LCFI0
 195 000f 04000000 		.4byte	.LCFI1
 196 0013 0200     		.2byte	0x2
 197 0015 7D       		.byte	0x7d
 198 0016 08       		.sleb128 8
 199 0017 04000000 		.4byte	.LCFI1
 200 001b 0A010000 		.4byte	.LFE29
 201 001f 0200     		.2byte	0x2
 202 0021 77       		.byte	0x77
 203 0022 08       		.sleb128 8
 204 0023 00000000 		.4byte	0x0
 205 0027 00000000 		.4byte	0x0
 206              		.file 2 "./Generated_Source/PSoC5/core_cm3.h"
 207              		.file 3 "./Generated_Source/PSoC5/cytypes.h"
 208              		.section	.debug_info
 209 0000 CD000000 		.4byte	0xcd
 210 0004 0200     		.2byte	0x2
 211 0006 00000000 		.4byte	.Ldebug_abbrev0
 212 000a 04       		.byte	0x4
 213 000b 01       		.uleb128 0x1
 214 000c 62000000 		.4byte	.LASF14
 215 0010 01       		.byte	0x1
 216 0011 C8000000 		.4byte	.LASF15
 217 0015 81000000 		.4byte	.LASF16
 218 0019 00000000 		.4byte	0x0
 219 001d 00000000 		.4byte	0x0
 220 0021 00000000 		.4byte	.Ldebug_ranges0+0x0
 221 0025 00000000 		.4byte	.Ldebug_line0
 222 0029 02       		.uleb128 0x2
 223 002a 01       		.byte	0x1
 224 002b 06       		.byte	0x6
 225 002c E5000000 		.4byte	.LASF0
 226 0030 02       		.uleb128 0x2
 227 0031 01       		.byte	0x1
 228 0032 08       		.byte	0x8
 229 0033 6E000000 		.4byte	.LASF1
 230 0037 02       		.uleb128 0x2
 231 0038 02       		.byte	0x2
ARM GAS  C:\DOCUME~1\ADMINI~1\LOCALS~1\Temp\cczgVi9y.s 			page 8


 232 0039 05       		.byte	0x5
 233 003a 09010000 		.4byte	.LASF2
 234 003e 02       		.uleb128 0x2
 235 003f 02       		.byte	0x2
 236 0040 07       		.byte	0x7
 237 0041 0E000000 		.4byte	.LASF3
 238 0045 02       		.uleb128 0x2
 239 0046 04       		.byte	0x4
 240 0047 05       		.byte	0x5
 241 0048 BF000000 		.4byte	.LASF4
 242 004c 02       		.uleb128 0x2
 243 004d 04       		.byte	0x4
 244 004e 07       		.byte	0x7
 245 004f 39000000 		.4byte	.LASF5
 246 0053 02       		.uleb128 0x2
 247 0054 08       		.byte	0x8
 248 0055 05       		.byte	0x5
 249 0056 00000000 		.4byte	.LASF6
 250 005a 02       		.uleb128 0x2
 251 005b 08       		.byte	0x8
 252 005c 07       		.byte	0x7
 253 005d 4B000000 		.4byte	.LASF7
 254 0061 03       		.uleb128 0x3
 255 0062 04       		.byte	0x4
 256 0063 05       		.byte	0x5
 257 0064 696E7400 		.ascii	"int\000"
 258 0068 02       		.uleb128 0x2
 259 0069 04       		.byte	0x4
 260 006a 07       		.byte	0x7
 261 006b 21000000 		.4byte	.LASF8
 262 006f 04       		.uleb128 0x4
 263 0070 33000000 		.4byte	.LASF17
 264 0074 03       		.byte	0x3
 265 0075 4C       		.byte	0x4c
 266 0076 30000000 		.4byte	0x30
 267 007a 02       		.uleb128 0x2
 268 007b 04       		.byte	0x4
 269 007c 04       		.byte	0x4
 270 007d 03010000 		.4byte	.LASF9
 271 0081 02       		.uleb128 0x2
 272 0082 08       		.byte	0x8
 273 0083 04       		.byte	0x4
 274 0084 D1000000 		.4byte	.LASF10
 275 0088 02       		.uleb128 0x2
 276 0089 01       		.byte	0x1
 277 008a 08       		.byte	0x8
 278 008b 7C000000 		.4byte	.LASF11
 279 008f 05       		.uleb128 0x5
 280 0090 6F000000 		.4byte	0x6f
 281 0094 06       		.uleb128 0x6
 282 0095 04       		.byte	0x4
 283 0096 07       		.byte	0x7
 284 0097 07       		.uleb128 0x7
 285 0098 01       		.byte	0x1
 286 0099 2E000000 		.4byte	.LASF18
 287 009d 01       		.byte	0x1
 288 009e 38       		.byte	0x38
ARM GAS  C:\DOCUME~1\ADMINI~1\LOCALS~1\Temp\cczgVi9y.s 			page 9


 289 009f 00000000 		.4byte	.LFB29
 290 00a3 0A010000 		.4byte	.LFE29
 291 00a7 00000000 		.4byte	.LLST0
 292 00ab 08       		.uleb128 0x8
 293 00ac D8000000 		.4byte	.LASF12
 294 00b0 02       		.byte	0x2
 295 00b1 CE06     		.2byte	0x6ce
 296 00b3 B9000000 		.4byte	0xb9
 297 00b7 01       		.byte	0x1
 298 00b8 01       		.byte	0x1
 299 00b9 05       		.uleb128 0x5
 300 00ba 61000000 		.4byte	0x61
 301 00be 09       		.uleb128 0x9
 302 00bf F1000000 		.4byte	.LASF13
 303 00c3 01       		.byte	0x1
 304 00c4 36       		.byte	0x36
 305 00c5 8F000000 		.4byte	0x8f
 306 00c9 01       		.byte	0x1
 307 00ca 05       		.byte	0x5
 308 00cb 03       		.byte	0x3
 309 00cc 00000000 		.4byte	bUSBResetDetected
 310 00d0 00       		.byte	0x0
 311              		.section	.debug_abbrev
 312 0000 01       		.uleb128 0x1
 313 0001 11       		.uleb128 0x11
 314 0002 01       		.byte	0x1
 315 0003 25       		.uleb128 0x25
 316 0004 0E       		.uleb128 0xe
 317 0005 13       		.uleb128 0x13
 318 0006 0B       		.uleb128 0xb
 319 0007 03       		.uleb128 0x3
 320 0008 0E       		.uleb128 0xe
 321 0009 1B       		.uleb128 0x1b
 322 000a 0E       		.uleb128 0xe
 323 000b 11       		.uleb128 0x11
 324 000c 01       		.uleb128 0x1
 325 000d 52       		.uleb128 0x52
 326 000e 01       		.uleb128 0x1
 327 000f 55       		.uleb128 0x55
 328 0010 06       		.uleb128 0x6
 329 0011 10       		.uleb128 0x10
 330 0012 06       		.uleb128 0x6
 331 0013 00       		.byte	0x0
 332 0014 00       		.byte	0x0
 333 0015 02       		.uleb128 0x2
 334 0016 24       		.uleb128 0x24
 335 0017 00       		.byte	0x0
 336 0018 0B       		.uleb128 0xb
 337 0019 0B       		.uleb128 0xb
 338 001a 3E       		.uleb128 0x3e
 339 001b 0B       		.uleb128 0xb
 340 001c 03       		.uleb128 0x3
 341 001d 0E       		.uleb128 0xe
 342 001e 00       		.byte	0x0
 343 001f 00       		.byte	0x0
 344 0020 03       		.uleb128 0x3
 345 0021 24       		.uleb128 0x24
ARM GAS  C:\DOCUME~1\ADMINI~1\LOCALS~1\Temp\cczgVi9y.s 			page 10


 346 0022 00       		.byte	0x0
 347 0023 0B       		.uleb128 0xb
 348 0024 0B       		.uleb128 0xb
 349 0025 3E       		.uleb128 0x3e
 350 0026 0B       		.uleb128 0xb
 351 0027 03       		.uleb128 0x3
 352 0028 08       		.uleb128 0x8
 353 0029 00       		.byte	0x0
 354 002a 00       		.byte	0x0
 355 002b 04       		.uleb128 0x4
 356 002c 16       		.uleb128 0x16
 357 002d 00       		.byte	0x0
 358 002e 03       		.uleb128 0x3
 359 002f 0E       		.uleb128 0xe
 360 0030 3A       		.uleb128 0x3a
 361 0031 0B       		.uleb128 0xb
 362 0032 3B       		.uleb128 0x3b
 363 0033 0B       		.uleb128 0xb
 364 0034 49       		.uleb128 0x49
 365 0035 13       		.uleb128 0x13
 366 0036 00       		.byte	0x0
 367 0037 00       		.byte	0x0
 368 0038 05       		.uleb128 0x5
 369 0039 35       		.uleb128 0x35
 370 003a 00       		.byte	0x0
 371 003b 49       		.uleb128 0x49
 372 003c 13       		.uleb128 0x13
 373 003d 00       		.byte	0x0
 374 003e 00       		.byte	0x0
 375 003f 06       		.uleb128 0x6
 376 0040 24       		.uleb128 0x24
 377 0041 00       		.byte	0x0
 378 0042 0B       		.uleb128 0xb
 379 0043 0B       		.uleb128 0xb
 380 0044 3E       		.uleb128 0x3e
 381 0045 0B       		.uleb128 0xb
 382 0046 00       		.byte	0x0
 383 0047 00       		.byte	0x0
 384 0048 07       		.uleb128 0x7
 385 0049 2E       		.uleb128 0x2e
 386 004a 00       		.byte	0x0
 387 004b 3F       		.uleb128 0x3f
 388 004c 0C       		.uleb128 0xc
 389 004d 03       		.uleb128 0x3
 390 004e 0E       		.uleb128 0xe
 391 004f 3A       		.uleb128 0x3a
 392 0050 0B       		.uleb128 0xb
 393 0051 3B       		.uleb128 0x3b
 394 0052 0B       		.uleb128 0xb
 395 0053 11       		.uleb128 0x11
 396 0054 01       		.uleb128 0x1
 397 0055 12       		.uleb128 0x12
 398 0056 01       		.uleb128 0x1
 399 0057 40       		.uleb128 0x40
 400 0058 06       		.uleb128 0x6
 401 0059 00       		.byte	0x0
 402 005a 00       		.byte	0x0
ARM GAS  C:\DOCUME~1\ADMINI~1\LOCALS~1\Temp\cczgVi9y.s 			page 11


 403 005b 08       		.uleb128 0x8
 404 005c 34       		.uleb128 0x34
 405 005d 00       		.byte	0x0
 406 005e 03       		.uleb128 0x3
 407 005f 0E       		.uleb128 0xe
 408 0060 3A       		.uleb128 0x3a
 409 0061 0B       		.uleb128 0xb
 410 0062 3B       		.uleb128 0x3b
 411 0063 05       		.uleb128 0x5
 412 0064 49       		.uleb128 0x49
 413 0065 13       		.uleb128 0x13
 414 0066 3F       		.uleb128 0x3f
 415 0067 0C       		.uleb128 0xc
 416 0068 3C       		.uleb128 0x3c
 417 0069 0C       		.uleb128 0xc
 418 006a 00       		.byte	0x0
 419 006b 00       		.byte	0x0
 420 006c 09       		.uleb128 0x9
 421 006d 34       		.uleb128 0x34
 422 006e 00       		.byte	0x0
 423 006f 03       		.uleb128 0x3
 424 0070 0E       		.uleb128 0xe
 425 0071 3A       		.uleb128 0x3a
 426 0072 0B       		.uleb128 0xb
 427 0073 3B       		.uleb128 0x3b
 428 0074 0B       		.uleb128 0xb
 429 0075 49       		.uleb128 0x49
 430 0076 13       		.uleb128 0x13
 431 0077 3F       		.uleb128 0x3f
 432 0078 0C       		.uleb128 0xc
 433 0079 02       		.uleb128 0x2
 434 007a 0A       		.uleb128 0xa
 435 007b 00       		.byte	0x0
 436 007c 00       		.byte	0x0
 437 007d 00       		.byte	0x0
 438              		.section	.debug_pubnames,"",%progbits
 439 0000 2D000000 		.4byte	0x2d
 440 0004 0200     		.2byte	0x2
 441 0006 00000000 		.4byte	.Ldebug_info0
 442 000a D1000000 		.4byte	0xd1
 443 000e 97000000 		.4byte	0x97
 444 0012 6D61696E 		.ascii	"main\000"
 444      00
 445 0017 BE000000 		.4byte	0xbe
 446 001b 62555342 		.ascii	"bUSBResetDetected\000"
 446      52657365 
 446      74446574 
 446      65637465 
 446      6400
 447 002d 00000000 		.4byte	0x0
 448              		.section	.debug_aranges,"",%progbits
 449 0000 1C000000 		.4byte	0x1c
 450 0004 0200     		.2byte	0x2
 451 0006 00000000 		.4byte	.Ldebug_info0
 452 000a 04       		.byte	0x4
 453 000b 00       		.byte	0x0
 454 000c 0000     		.2byte	0x0
ARM GAS  C:\DOCUME~1\ADMINI~1\LOCALS~1\Temp\cczgVi9y.s 			page 12


 455 000e 0000     		.2byte	0x0
 456 0010 00000000 		.4byte	.LFB29
 457 0014 0A010000 		.4byte	.LFE29-.LFB29
 458 0018 00000000 		.4byte	0x0
 459 001c 00000000 		.4byte	0x0
 460              		.section	.debug_ranges,"",%progbits
 461              	.Ldebug_ranges0:
 462 0000 00000000 		.4byte	.Ltext0
 463 0004 00000000 		.4byte	.Letext0
 464 0008 00000000 		.4byte	.LFB29
 465 000c 0A010000 		.4byte	.LFE29
 466 0010 00000000 		.4byte	0x0
 467 0014 00000000 		.4byte	0x0
 468              		.section	.debug_str,"MS",%progbits,1
 469              	.LASF6:
 470 0000 6C6F6E67 		.ascii	"long long int\000"
 470      206C6F6E 
 470      6720696E 
 470      7400
 471              	.LASF3:
 472 000e 73686F72 		.ascii	"short unsigned int\000"
 472      7420756E 
 472      7369676E 
 472      65642069 
 472      6E7400
 473              	.LASF8:
 474 0021 756E7369 		.ascii	"unsigned int\000"
 474      676E6564 
 474      20696E74 
 474      00
 475              	.LASF18:
 476 002e 6D61696E 		.ascii	"main\000"
 476      00
 477              	.LASF17:
 478 0033 75696E74 		.ascii	"uint8\000"
 478      3800
 479              	.LASF5:
 480 0039 6C6F6E67 		.ascii	"long unsigned int\000"
 480      20756E73 
 480      69676E65 
 480      6420696E 
 480      7400
 481              	.LASF7:
 482 004b 6C6F6E67 		.ascii	"long long unsigned int\000"
 482      206C6F6E 
 482      6720756E 
 482      7369676E 
 482      65642069 
 483              	.LASF14:
 484 0062 474E5520 		.ascii	"GNU C 4.4.1\000"
 484      4320342E 
 484      342E3100 
 485              	.LASF1:
 486 006e 756E7369 		.ascii	"unsigned char\000"
 486      676E6564 
 486      20636861 
 486      7200
ARM GAS  C:\DOCUME~1\ADMINI~1\LOCALS~1\Temp\cczgVi9y.s 			page 13


 487              	.LASF11:
 488 007c 63686172 		.ascii	"char\000"
 488      00
 489              	.LASF16:
 490 0081 5C5C7073 		.ascii	"\\\\psf\\Home\\Desktop\\KitProg version 2_03\\KitPr"
 490      665C486F 
 490      6D655C44 
 490      65736B74 
 490      6F705C4B 
 491 00ae 6F675C4B 		.ascii	"og\\KitProg.cydsn\000"
 491      69745072 
 491      6F672E63 
 491      7964736E 
 491      00
 492              	.LASF4:
 493 00bf 6C6F6E67 		.ascii	"long int\000"
 493      20696E74 
 493      00
 494              	.LASF15:
 495 00c8 2E5C6D61 		.ascii	".\\main.c\000"
 495      696E2E63 
 495      00
 496              	.LASF10:
 497 00d1 646F7562 		.ascii	"double\000"
 497      6C6500
 498              	.LASF12:
 499 00d8 49544D5F 		.ascii	"ITM_RxBuffer\000"
 499      52784275 
 499      66666572 
 499      00
 500              	.LASF0:
 501 00e5 7369676E 		.ascii	"signed char\000"
 501      65642063 
 501      68617200 
 502              	.LASF13:
 503 00f1 62555342 		.ascii	"bUSBResetDetected\000"
 503      52657365 
 503      74446574 
 503      65637465 
 503      6400
 504              	.LASF9:
 505 0103 666C6F61 		.ascii	"float\000"
 505      7400
 506              	.LASF2:
 507 0109 73686F72 		.ascii	"short int\000"
 507      7420696E 
 507      7400
 508              		.ident	"GCC: (Sourcery G++ Lite 2010q1-188) 4.4.1"
