Archive member included because of file (symbol)

.\ARM_GCC_441\Debug\KitProg_Bootloader.a(CyLib.o)
                              .\ARM_GCC_441\Debug\Cm3Start.o (CyResetStatus)
.\ARM_GCC_441\Debug\KitProg_Bootloader.a(cyPm.o)
                              .\ARM_GCC_441\Debug\KitProg_Bootloader.a(CyLib.o) (CyPmReadStatus)
.\ARM_GCC_441\Debug\KitProg_Bootloader.a(Pin_PSoC4A_XRES.o)
                              .\ARM_GCC_441\Debug\main.o (Pin_PSoC4A_XRES_Read)
.\ARM_GCC_441\Debug\KitProg_Bootloader.a(Bootloader.o)
                              .\ARM_GCC_441\Debug\main.o (Bootloader_ChecksumAccess)
.\ARM_GCC_441\Debug\KitProg_Bootloader.a(USBFS_boot.o)
                              .\ARM_GCC_441\Debug\KitProg_Bootloader.a(Bootloader.o) (USBFS_CyBtldrCommStart)
.\ARM_GCC_441\Debug\KitProg_Bootloader.a(PWM.o)
                              .\ARM_GCC_441\Debug\main.o (PWM_Init)
.\ARM_GCC_441\Debug\KitProg_Bootloader.a(cyfitter_cfg.o)
                              .\ARM_GCC_441\Debug\Cm3Start.o (cyfitter_cfg)
.\ARM_GCC_441\Debug\KitProg_Bootloader.a(CyBootAsmGnu.o)
                              .\ARM_GCC_441\Debug\KitProg_Bootloader.a(CyLib.o) (CyDelayCycles)
.\ARM_GCC_441\Debug\KitProg_Bootloader.a(CyFlash.o)
                              .\ARM_GCC_441\Debug\KitProg_Bootloader.a(Bootloader.o) (CySetTemp)
.\ARM_GCC_441\Debug\KitProg_Bootloader.a(CySpc.o)
                              .\ARM_GCC_441\Debug\KitProg_Bootloader.a(CyFlash.o) (CySpcStart)
.\ARM_GCC_441\Debug\KitProg_Bootloader.a(USBFS.o)
                              .\ARM_GCC_441\Debug\KitProg_Bootloader.a(USBFS_boot.o) (USBFS_Start)
.\ARM_GCC_441\Debug\KitProg_Bootloader.a(USBFS_drv.o)
                              .\ARM_GCC_441\Debug\KitProg_Bootloader.a(USBFS.o) (USBFS_EP)
.\ARM_GCC_441\Debug\KitProg_Bootloader.a(USBFS_episr.o)
                              .\ARM_GCC_441\Debug\KitProg_Bootloader.a(USBFS.o) (USBFS_EP_1_ISR)
.\ARM_GCC_441\Debug\KitProg_Bootloader.a(USBFS_hid.o)
                              .\ARM_GCC_441\Debug\KitProg_Bootloader.a(USBFS.o) (USBFS_hidProtocol)
.\ARM_GCC_441\Debug\KitProg_Bootloader.a(USBFS_std.o)
                              .\ARM_GCC_441\Debug\KitProg_Bootloader.a(USBFS_drv.o) (USBFS_HandleStandardRqst)
.\ARM_GCC_441\Debug\KitProg_Bootloader.a(USBFS_vnd.o)
                              .\ARM_GCC_441\Debug\KitProg_Bootloader.a(USBFS_drv.o) (USBFS_HandleVendorRqst)
.\ARM_GCC_441\Debug\KitProg_Bootloader.a(USBFS_cls.o)
                              .\ARM_GCC_441\Debug\KitProg_Bootloader.a(USBFS_drv.o) (USBFS_DispatchClassRqst)
.\ARM_GCC_441\Debug\KitProg_Bootloader.a(USBFS_descr.o)
                              .\ARM_GCC_441\Debug\KitProg_Bootloader.a(USBFS_std.o) (USBFS_DEVICE0_DESCR)
c:/program files/cypress/psoc creator/2.2/psoc creator/import/gnu_cs/arm/4.4.1/bin/../lib/gcc/arm-none-eabi/4.4.1/../../../../arm-none-eabi/lib/thumb2\libc.a(lib_a-memcpy.o)
                              .\ARM_GCC_441\Debug\KitProg_Bootloader.a(Bootloader.o) (memcpy)
c:/program files/cypress/psoc creator/2.2/psoc creator/import/gnu_cs/arm/4.4.1/bin/../lib/gcc/arm-none-eabi/4.4.1/../../../../arm-none-eabi/lib/thumb2\libc.a(lib_a-memset.o)
                              .\ARM_GCC_441\Debug\KitProg_Bootloader.a(Bootloader.o) (memset)
c:/program files/cypress/psoc creator/2.2/psoc creator/import/gnu_cs/arm/4.4.1/bin/../lib/gcc/arm-none-eabi/4.4.1/../../../../arm-none-eabi/lib/thumb2\libcs3.a(start_c.o)
                              (__cs3_start_c)
c:/program files/cypress/psoc creator/2.2/psoc creator/import/gnu_cs/arm/4.4.1/bin/../lib/gcc/arm-none-eabi/4.4.1/../../../../arm-none-eabi/lib/thumb2\libcs3micro.a(micro_isr_interrupt.o)
                              (__cs3_isr_nmi)
c:/program files/cypress/psoc creator/2.2/psoc creator/import/gnu_cs/arm/4.4.1/bin/../lib/gcc/arm-none-eabi/4.4.1/../../../../arm-none-eabi/lib/thumb2\libc.a(lib_a-init.o)
                              c:/program files/cypress/psoc creator/2.2/psoc creator/import/gnu_cs/arm/4.4.1/bin/../lib/gcc/arm-none-eabi/4.4.1/../../../../arm-none-eabi/lib/thumb2\libcs3.a(start_c.o) (__libc_init_array)

Allocating common symbols
Common symbol       size              file

USBFS_deviceAddress
                    0x1               .\ARM_GCC_441\Debug\KitProg_Bootloader.a(USBFS_drv.o)
USBFS_ep0Mode       0x1               .\ARM_GCC_441\Debug\KitProg_Bootloader.a(USBFS_drv.o)
USBFS_interfaceSetting
                    0x1               .\ARM_GCC_441\Debug\KitProg_Bootloader.a(USBFS_drv.o)
flashBuffer         0x120             .\ARM_GCC_441\Debug\KitProg_Bootloader.a(Bootloader.o)
USBFS_DEVICE0_CONFIGURATION0_INTERFACE0_ALTERNATE0_HID_IN_RPT_SCB
                    0x4               .\ARM_GCC_441\Debug\KitProg_Bootloader.a(USBFS_descr.o)
USBFS_hidIdleRate   0x1               .\ARM_GCC_441\Debug\KitProg_Bootloader.a(USBFS_hid.o)
USBFS_currentTD     0xc               .\ARM_GCC_441\Debug\KitProg_Bootloader.a(USBFS_drv.o)
USBFS_device        0x1               .\ARM_GCC_441\Debug\KitProg_Bootloader.a(USBFS_drv.o)
USBFS_interfaceNumber
                    0x1               .\ARM_GCC_441\Debug\KitProg_Bootloader.a(USBFS_drv.o)
USBFS_ep0Toggle     0x1               .\ARM_GCC_441\Debug\KitProg_Bootloader.a(USBFS_drv.o)
USBFS_deviceStatus  0x1               .\ARM_GCC_441\Debug\KitProg_Bootloader.a(USBFS_drv.o)
USBFS_tBuffer       0x2               .\ARM_GCC_441\Debug\KitProg_Bootloader.a(USBFS_std.o)
USBFS_DEVICE0_CONFIGURATION0_INTERFACE0_ALTERNATE0_HID_IN_BUF
                    0x41              .\ARM_GCC_441\Debug\KitProg_Bootloader.a(USBFS_descr.o)
USBFS_configurationChanged
                    0x1               .\ARM_GCC_441\Debug\KitProg_Bootloader.a(USBFS_drv.o)
USBFS_configuration
                    0x1               .\ARM_GCC_441\Debug\KitProg_Bootloader.a(USBFS_drv.o)
USBFS_transferState
                    0x1               .\ARM_GCC_441\Debug\KitProg_Bootloader.a(USBFS_drv.o)
USBFS_interfaceStatus
                    0x1               .\ARM_GCC_441\Debug\KitProg_Bootloader.a(USBFS_drv.o)
USBFS_interfaceClass
                    0x4               .\ARM_GCC_441\Debug\KitProg_Bootloader.a(USBFS_drv.o)
USBFS_EP            0x6c              .\ARM_GCC_441\Debug\KitProg_Bootloader.a(USBFS_drv.o)
USBFS_DEVICE0_CONFIGURATION0_INTERFACE0_ALTERNATE0_HID_OUT_BUF
                    0x41              .\ARM_GCC_441\Debug\KitProg_Bootloader.a(USBFS_descr.o)
USBFS_interfaceSetting_last
                    0x1               .\ARM_GCC_441\Debug\KitProg_Bootloader.a(USBFS_drv.o)
USBFS_hidIdleTimer  0x1               .\ARM_GCC_441\Debug\KitProg_Bootloader.a(USBFS_hid.o)
CyResetStatus       0x1               .\ARM_GCC_441\Debug\KitProg_Bootloader.a(CyLib.o)
USBFS_lastPacketSize
                    0x1               .\ARM_GCC_441\Debug\KitProg_Bootloader.a(USBFS_drv.o)
USBFS_hidProtocol   0x1               .\ARM_GCC_441\Debug\KitProg_Bootloader.a(USBFS_hid.o)
USBFS_DEVICE0_CONFIGURATION0_INTERFACE0_ALTERNATE0_HID_OUT_RPT_SCB
                    0x4               .\ARM_GCC_441\Debug\KitProg_Bootloader.a(USBFS_descr.o)
dieTemperature      0x2               .\ARM_GCC_441\Debug\KitProg_Bootloader.a(CyFlash.o)
USBFS_fwSerialNumberStringDescriptor
                    0x4               .\ARM_GCC_441\Debug\KitProg_Bootloader.a(USBFS_std.o)
USBFS_ep0Count      0x1               .\ARM_GCC_441\Debug\KitProg_Bootloader.a(USBFS_drv.o)
USBFS_transferByteCount
                    0x2               .\ARM_GCC_441\Debug\KitProg_Bootloader.a(USBFS_drv.o)

Discarded input sections

 .text          0x00000000        0x0 c:/program files/cypress/psoc creator/2.2/psoc creator/import/gnu_cs/arm/4.4.1/bin/../lib/gcc/arm-none-eabi/4.4.1/thumb2/crti.o
 .data          0x00000000        0x0 c:/program files/cypress/psoc creator/2.2/psoc creator/import/gnu_cs/arm/4.4.1/bin/../lib/gcc/arm-none-eabi/4.4.1/thumb2/crti.o
 .bss           0x00000000        0x0 c:/program files/cypress/psoc creator/2.2/psoc creator/import/gnu_cs/arm/4.4.1/bin/../lib/gcc/arm-none-eabi/4.4.1/thumb2/crti.o
 .data          0x00000000        0x4 c:/program files/cypress/psoc creator/2.2/psoc creator/import/gnu_cs/arm/4.4.1/bin/../lib/gcc/arm-none-eabi/4.4.1/thumb2/crtbegin.o
 .text          0x00000000        0x0 .\ARM_GCC_441\Debug\main.o
 .data          0x00000000        0x0 .\ARM_GCC_441\Debug\main.o
 .bss           0x00000000        0x0 .\ARM_GCC_441\Debug\main.o
 .text          0x00000000        0x0 .\ARM_GCC_441\Debug\Cm3Start.o
 .data          0x00000000        0x0 .\ARM_GCC_441\Debug\Cm3Start.o
 .bss           0x00000000        0x0 .\ARM_GCC_441\Debug\Cm3Start.o
 .text          0x00000000        0x0 .\ARM_GCC_441\Debug\KitProg_Bootloader.a(CyLib.o)
 .bss           0x00000000        0x0 .\ARM_GCC_441\Debug\KitProg_Bootloader.a(CyLib.o)
 .text.CyPLL_OUT_Start
                0x00000000       0xdc .\ARM_GCC_441\Debug\KitProg_Bootloader.a(CyLib.o)
 .text.CyPLL_OUT_Stop
                0x00000000       0x24 .\ARM_GCC_441\Debug\KitProg_Bootloader.a(CyLib.o)
 .text.CyPLL_OUT_SetPQ
                0x00000000       0xac .\ARM_GCC_441\Debug\KitProg_Bootloader.a(CyLib.o)
 .text.CyPLL_OUT_SetSource
                0x00000000       0x64 .\ARM_GCC_441\Debug\KitProg_Bootloader.a(CyLib.o)
 .text.CyIMO_Start
                0x00000000       0xd0 .\ARM_GCC_441\Debug\KitProg_Bootloader.a(CyLib.o)
 .text.CyIMO_Stop
                0x00000000       0x24 .\ARM_GCC_441\Debug\KitProg_Bootloader.a(CyLib.o)
 .text.CyUSB_PowerOnCheck
                0x00000000       0x74 .\ARM_GCC_441\Debug\KitProg_Bootloader.a(CyLib.o)
 .text.CyIMO_SetTrimValue
                0x00000000      0x144 .\ARM_GCC_441\Debug\KitProg_Bootloader.a(CyLib.o)
 .text.CyIMO_SetFreq
                0x00000000      0x1e4 .\ARM_GCC_441\Debug\KitProg_Bootloader.a(CyLib.o)
 .text.CyIMO_SetSource
                0x00000000       0xb8 .\ARM_GCC_441\Debug\KitProg_Bootloader.a(CyLib.o)
 .text.CyIMO_EnableDoubler
                0x00000000       0x28 .\ARM_GCC_441\Debug\KitProg_Bootloader.a(CyLib.o)
 .text.CyIMO_DisableDoubler
                0x00000000       0x24 .\ARM_GCC_441\Debug\KitProg_Bootloader.a(CyLib.o)
 .text.CyMasterClk_SetSource
                0x00000000       0x3c .\ARM_GCC_441\Debug\KitProg_Bootloader.a(CyLib.o)
 .text.CyMasterClk_SetDivider
                0x00000000       0x20 .\ARM_GCC_441\Debug\KitProg_Bootloader.a(CyLib.o)
 .text.CyBusClk_Internal_SetDivider
                0x00000000       0x9c .\ARM_GCC_441\Debug\KitProg_Bootloader.a(CyLib.o)
 .text.CyBusClk_SetDivider
                0x00000000       0xcc .\ARM_GCC_441\Debug\KitProg_Bootloader.a(CyLib.o)
 .text.CyUsbClk_SetSource
                0x00000000       0x3c .\ARM_GCC_441\Debug\KitProg_Bootloader.a(CyLib.o)
 .text.CyILO_Start1K
                0x00000000       0x28 .\ARM_GCC_441\Debug\KitProg_Bootloader.a(CyLib.o)
 .text.CyILO_Stop1K
                0x00000000       0x24 .\ARM_GCC_441\Debug\KitProg_Bootloader.a(CyLib.o)
 .text.CyILO_Start100K
                0x00000000       0x28 .\ARM_GCC_441\Debug\KitProg_Bootloader.a(CyLib.o)
 .text.CyILO_Stop100K
                0x00000000       0x24 .\ARM_GCC_441\Debug\KitProg_Bootloader.a(CyLib.o)
 .text.CyILO_Enable33K
                0x00000000       0x28 .\ARM_GCC_441\Debug\KitProg_Bootloader.a(CyLib.o)
 .text.CyILO_Disable33K
                0x00000000       0x24 .\ARM_GCC_441\Debug\KitProg_Bootloader.a(CyLib.o)
 .text.CyILO_SetSource
                0x00000000       0x44 .\ARM_GCC_441\Debug\KitProg_Bootloader.a(CyLib.o)
 .text.CyILO_SetPowerMode
                0x00000000       0x58 .\ARM_GCC_441\Debug\KitProg_Bootloader.a(CyLib.o)
 .text.CyXTAL_32KHZ_Start
                0x00000000       0xa4 .\ARM_GCC_441\Debug\KitProg_Bootloader.a(CyLib.o)
 .text.CyXTAL_32KHZ_Stop
                0x00000000       0x60 .\ARM_GCC_441\Debug\KitProg_Bootloader.a(CyLib.o)
 .text.CyXTAL_32KHZ_ReadStatus
                0x00000000       0x1c .\ARM_GCC_441\Debug\KitProg_Bootloader.a(CyLib.o)
 .text.CyXTAL_32KHZ_SetPowerMode
                0x00000000       0xf8 .\ARM_GCC_441\Debug\KitProg_Bootloader.a(CyLib.o)
 .text.CyXTAL_Start
                0x00000000      0x100 .\ARM_GCC_441\Debug\KitProg_Bootloader.a(CyLib.o)
 .text.CyXTAL_Stop
                0x00000000       0x24 .\ARM_GCC_441\Debug\KitProg_Bootloader.a(CyLib.o)
 .text.CyXTAL_EnableErrStatus
                0x00000000       0x24 .\ARM_GCC_441\Debug\KitProg_Bootloader.a(CyLib.o)
 .text.CyXTAL_DisableErrStatus
                0x00000000       0x28 .\ARM_GCC_441\Debug\KitProg_Bootloader.a(CyLib.o)
 .text.CyXTAL_ReadStatus
                0x00000000       0x28 .\ARM_GCC_441\Debug\KitProg_Bootloader.a(CyLib.o)
 .text.CyXTAL_EnableFaultRecovery
                0x00000000       0x28 .\ARM_GCC_441\Debug\KitProg_Bootloader.a(CyLib.o)
 .text.CyXTAL_DisableFaultRecovery
                0x00000000       0x24 .\ARM_GCC_441\Debug\KitProg_Bootloader.a(CyLib.o)
 .text.CyXTAL_SetStartup
                0x00000000       0x3c .\ARM_GCC_441\Debug\KitProg_Bootloader.a(CyLib.o)
 .text.CyXTAL_SetFbVoltage
                0x00000000       0x3c .\ARM_GCC_441\Debug\KitProg_Bootloader.a(CyLib.o)
 .text.CyXTAL_SetWdVoltage
                0x00000000       0x44 .\ARM_GCC_441\Debug\KitProg_Bootloader.a(CyLib.o)
 .text.CySoftwareReset
                0x00000000       0x18 .\ARM_GCC_441\Debug\KitProg_Bootloader.a(CyLib.o)
 .text.CyDelayFreq
                0x00000000       0xac .\ARM_GCC_441\Debug\KitProg_Bootloader.a(CyLib.o)
 .text.CyWdtStart
                0x00000000       0xc4 .\ARM_GCC_441\Debug\KitProg_Bootloader.a(CyLib.o)
 .text.CyWdtClear
                0x00000000       0x18 .\ARM_GCC_441\Debug\KitProg_Bootloader.a(CyLib.o)
 .text.CyVdLvDigitEnable
                0x00000000       0xec .\ARM_GCC_441\Debug\KitProg_Bootloader.a(CyLib.o)
 .text.CyVdLvAnalogEnable
                0x00000000       0xf4 .\ARM_GCC_441\Debug\KitProg_Bootloader.a(CyLib.o)
 .text.CyVdLvDigitDisable
                0x00000000       0x54 .\ARM_GCC_441\Debug\KitProg_Bootloader.a(CyLib.o)
 .text.CyVdLvAnalogDisable
                0x00000000       0x54 .\ARM_GCC_441\Debug\KitProg_Bootloader.a(CyLib.o)
 .text.CyVdHvAnalogEnable
                0x00000000       0x78 .\ARM_GCC_441\Debug\KitProg_Bootloader.a(CyLib.o)
 .text.CyVdHvAnalogDisable
                0x00000000       0x24 .\ARM_GCC_441\Debug\KitProg_Bootloader.a(CyLib.o)
 .text.CyVdStickyStatus
                0x00000000       0x48 .\ARM_GCC_441\Debug\KitProg_Bootloader.a(CyLib.o)
 .text.CyVdRealTimeStatus
                0x00000000       0x30 .\ARM_GCC_441\Debug\KitProg_Bootloader.a(CyLib.o)
 .text.CyDisableInts
                0x00000000       0x3c .\ARM_GCC_441\Debug\KitProg_Bootloader.a(CyLib.o)
 .text.CyEnableInts
                0x00000000       0x2c .\ARM_GCC_441\Debug\KitProg_Bootloader.a(CyLib.o)
 .text.CyFlushCache
                0x00000000       0x7c .\ARM_GCC_441\Debug\KitProg_Bootloader.a(CyLib.o)
 .text.CyIntSetSysVector
                0x00000000       0x58 .\ARM_GCC_441\Debug\KitProg_Bootloader.a(CyLib.o)
 .text.CyIntGetSysVector
                0x00000000       0x40 .\ARM_GCC_441\Debug\KitProg_Bootloader.a(CyLib.o)
 .text.CyIntGetVector
                0x00000000       0x44 .\ARM_GCC_441\Debug\KitProg_Bootloader.a(CyLib.o)
 .text.CyIntGetPriority
                0x00000000       0x3c .\ARM_GCC_441\Debug\KitProg_Bootloader.a(CyLib.o)
 .text.CyIntGetState
                0x00000000       0x40 .\ARM_GCC_441\Debug\KitProg_Bootloader.a(CyLib.o)
 .text          0x00000000        0x0 .\ARM_GCC_441\Debug\KitProg_Bootloader.a(cyPm.o)
 .data          0x00000000        0x0 .\ARM_GCC_441\Debug\KitProg_Bootloader.a(cyPm.o)
 .bss           0x00000000       0x44 .\ARM_GCC_441\Debug\KitProg_Bootloader.a(cyPm.o)
 .rodata        0x00000000       0x10 .\ARM_GCC_441\Debug\KitProg_Bootloader.a(cyPm.o)
 .text.CyPmSaveClocks
                0x00000000      0x350 .\ARM_GCC_441\Debug\KitProg_Bootloader.a(cyPm.o)
 .text.CyPmRestoreClocks
                0x00000000      0x3f8 .\ARM_GCC_441\Debug\KitProg_Bootloader.a(cyPm.o)
 .text.CyPmAltAct
                0x00000000      0x110 .\ARM_GCC_441\Debug\KitProg_Bootloader.a(cyPm.o)
 .text.CyPmSleep
                0x00000000      0x218 .\ARM_GCC_441\Debug\KitProg_Bootloader.a(cyPm.o)
 .text.CyPmHibernate
                0x00000000      0x1ec .\ARM_GCC_441\Debug\KitProg_Bootloader.a(cyPm.o)
 .text.CyPmReadStatus
                0x00000000       0x7c .\ARM_GCC_441\Debug\KitProg_Bootloader.a(cyPm.o)
 .text.CyPmHibSaveSet
                0x00000000      0x12c .\ARM_GCC_441\Debug\KitProg_Bootloader.a(cyPm.o)
 .text.CyPmHibRestore
                0x00000000       0x94 .\ARM_GCC_441\Debug\KitProg_Bootloader.a(cyPm.o)
 .text.CyPmCtwSetInterval
                0x00000000       0xd8 .\ARM_GCC_441\Debug\KitProg_Bootloader.a(cyPm.o)
 .text.CyPmOppsSet
                0x00000000       0x54 .\ARM_GCC_441\Debug\KitProg_Bootloader.a(cyPm.o)
 .text.CyPmFtwSetInterval
                0x00000000       0xdc .\ARM_GCC_441\Debug\KitProg_Bootloader.a(cyPm.o)
 .text.CyPmSlpSaveSet
                0x00000000        0xc .\ARM_GCC_441\Debug\KitProg_Bootloader.a(cyPm.o)
 .text.CyPmSlpRestore
                0x00000000        0xc .\ARM_GCC_441\Debug\KitProg_Bootloader.a(cyPm.o)
 .text.CyPmHibSlpSaveSet
                0x00000000      0x454 .\ARM_GCC_441\Debug\KitProg_Bootloader.a(cyPm.o)
 .text.CyPmHibSlpRestore
                0x00000000      0x270 .\ARM_GCC_441\Debug\KitProg_Bootloader.a(cyPm.o)
 .text.CyPmHviLviSaveDisable
                0x00000000      0x134 .\ARM_GCC_441\Debug\KitProg_Bootloader.a(cyPm.o)
 .text.CyPmHviLviRestore
                0x00000000       0x7c .\ARM_GCC_441\Debug\KitProg_Bootloader.a(cyPm.o)
 .text          0x00000000        0x0 .\ARM_GCC_441\Debug\KitProg_Bootloader.a(Pin_PSoC4A_XRES.o)
 .data          0x00000000        0x0 .\ARM_GCC_441\Debug\KitProg_Bootloader.a(Pin_PSoC4A_XRES.o)
 .bss           0x00000000        0x0 .\ARM_GCC_441\Debug\KitProg_Bootloader.a(Pin_PSoC4A_XRES.o)
 .text.Pin_PSoC4A_XRES_Write
                0x00000000       0x44 .\ARM_GCC_441\Debug\KitProg_Bootloader.a(Pin_PSoC4A_XRES.o)
 .text.Pin_PSoC4A_XRES_SetDriveMode
                0x00000000       0x40 .\ARM_GCC_441\Debug\KitProg_Bootloader.a(Pin_PSoC4A_XRES.o)
 .text.Pin_PSoC4A_XRES_ReadDataReg
                0x00000000       0x24 .\ARM_GCC_441\Debug\KitProg_Bootloader.a(Pin_PSoC4A_XRES.o)
 .text          0x00000000        0x0 .\ARM_GCC_441\Debug\KitProg_Bootloader.a(Bootloader.o)
 .bss           0x00000000        0x0 .\ARM_GCC_441\Debug\KitProg_Bootloader.a(Bootloader.o)
 .text.Bootloader_SetFlashByte
                0x00000000       0xbc .\ARM_GCC_441\Debug\KitProg_Bootloader.a(Bootloader.o)
 .text          0x00000000        0x0 .\ARM_GCC_441\Debug\KitProg_Bootloader.a(USBFS_boot.o)
 .data          0x00000000        0x0 .\ARM_GCC_441\Debug\KitProg_Bootloader.a(USBFS_boot.o)
 .text.USBFS_CyBtldrCommStop
                0x00000000        0xc .\ARM_GCC_441\Debug\KitProg_Bootloader.a(USBFS_boot.o)
 .text          0x00000000        0x0 .\ARM_GCC_441\Debug\KitProg_Bootloader.a(PWM.o)
 .data          0x00000000        0x0 .\ARM_GCC_441\Debug\KitProg_Bootloader.a(PWM.o)
 .bss           0x00000000        0x1 .\ARM_GCC_441\Debug\KitProg_Bootloader.a(PWM.o)
 .text.PWM_Start
                0x00000000       0x2c .\ARM_GCC_441\Debug\KitProg_Bootloader.a(PWM.o)
 .text.PWM_Stop
                0x00000000       0x24 .\ARM_GCC_441\Debug\KitProg_Bootloader.a(PWM.o)
 .text.PWM_ReadCounter
                0x00000000       0x24 .\ARM_GCC_441\Debug\KitProg_Bootloader.a(PWM.o)
 .text.PWM_ReadControlRegister
                0x00000000       0x20 .\ARM_GCC_441\Debug\KitProg_Bootloader.a(PWM.o)
 .text.PWM_WriteControlRegister
                0x00000000       0x20 .\ARM_GCC_441\Debug\KitProg_Bootloader.a(PWM.o)
 .text.PWM_ReadCompare
                0x00000000       0x18 .\ARM_GCC_441\Debug\KitProg_Bootloader.a(PWM.o)
 .text.PWM_ReadPeriod
                0x00000000       0x18 .\ARM_GCC_441\Debug\KitProg_Bootloader.a(PWM.o)
 .text          0x00000000        0x0 .\ARM_GCC_441\Debug\KitProg_Bootloader.a(cyfitter_cfg.o)
 .data          0x00000000        0x0 .\ARM_GCC_441\Debug\KitProg_Bootloader.a(cyfitter_cfg.o)
 .bss           0x00000000        0x0 .\ARM_GCC_441\Debug\KitProg_Bootloader.a(cyfitter_cfg.o)
 .text.SetAnalogRoutingPumps
                0x00000000       0x30 .\ARM_GCC_441\Debug\KitProg_Bootloader.a(cyfitter_cfg.o)
 .data          0x00000000        0x0 .\ARM_GCC_441\Debug\KitProg_Bootloader.a(CyBootAsmGnu.o)
 .bss           0x00000000        0x0 .\ARM_GCC_441\Debug\KitProg_Bootloader.a(CyBootAsmGnu.o)
 .text          0x00000000        0x0 .\ARM_GCC_441\Debug\KitProg_Bootloader.a(CyFlash.o)
 .data          0x00000000        0x0 .\ARM_GCC_441\Debug\KitProg_Bootloader.a(CyFlash.o)
 .text.CyFlash_Start
                0x00000000       0x48 .\ARM_GCC_441\Debug\KitProg_Bootloader.a(CyFlash.o)
 .text.CyFlash_Stop
                0x00000000       0x40 .\ARM_GCC_441\Debug\KitProg_Bootloader.a(CyFlash.o)
 .text.CyWriteRowData
                0x00000000       0xac .\ARM_GCC_441\Debug\KitProg_Bootloader.a(CyFlash.o)
 .text.CyWriteRowConfig
                0x00000000       0x98 .\ARM_GCC_441\Debug\KitProg_Bootloader.a(CyFlash.o)
 .text.CyFlash_SetWaitCycles
                0x00000000       0xc4 .\ARM_GCC_441\Debug\KitProg_Bootloader.a(CyFlash.o)
 .text.CyEEPROM_Start
                0x00000000       0x44 .\ARM_GCC_441\Debug\KitProg_Bootloader.a(CyFlash.o)
 .text.CyEEPROM_Stop
                0x00000000       0x40 .\ARM_GCC_441\Debug\KitProg_Bootloader.a(CyFlash.o)
 .text.CyEEPROM_ReadReserve
                0x00000000       0x3c .\ARM_GCC_441\Debug\KitProg_Bootloader.a(CyFlash.o)
 .text.CyEEPROM_ReadRelease
                0x00000000       0x20 .\ARM_GCC_441\Debug\KitProg_Bootloader.a(CyFlash.o)
 .text          0x00000000        0x0 .\ARM_GCC_441\Debug\KitProg_Bootloader.a(CySpc.o)
 .data          0x00000000        0x0 .\ARM_GCC_441\Debug\KitProg_Bootloader.a(CySpc.o)
 .text.CySpcStop
                0x00000000       0x54 .\ARM_GCC_441\Debug\KitProg_Bootloader.a(CySpc.o)
 .text.CySpcLoadMultiByte
                0x00000000      0x118 .\ARM_GCC_441\Debug\KitProg_Bootloader.a(CySpc.o)
 .text.CySpcEraseSector
                0x00000000       0x9c .\ARM_GCC_441\Debug\KitProg_Bootloader.a(CySpc.o)
 .text          0x00000000        0x0 .\ARM_GCC_441\Debug\KitProg_Bootloader.a(USBFS.o)
 .data          0x00000000        0x0 .\ARM_GCC_441\Debug\KitProg_Bootloader.a(USBFS.o)
 .text.USBFS_Stop
                0x00000000      0x100 .\ARM_GCC_441\Debug\KitProg_Bootloader.a(USBFS.o)
 .text.USBFS_CheckActivity
                0x00000000       0x3c .\ARM_GCC_441\Debug\KitProg_Bootloader.a(USBFS.o)
 .text.USBFS_GetInterfaceSetting
                0x00000000       0x24 .\ARM_GCC_441\Debug\KitProg_Bootloader.a(USBFS.o)
 .text.USBFS_DisableOutEP
                0x00000000       0x40 .\ARM_GCC_441\Debug\KitProg_Bootloader.a(USBFS.o)
 .text.USBFS_Force
                0x00000000       0x20 .\ARM_GCC_441\Debug\KitProg_Bootloader.a(USBFS.o)
 .text.USBFS_GetEPAckState
                0x00000000       0x50 .\ARM_GCC_441\Debug\KitProg_Bootloader.a(USBFS.o)
 .text.USBFS_SetPowerStatus
                0x00000000       0x54 .\ARM_GCC_441\Debug\KitProg_Bootloader.a(USBFS.o)
 .text.USBFS_RWUEnabled
                0x00000000       0x34 .\ARM_GCC_441\Debug\KitProg_Bootloader.a(USBFS.o)
 .text          0x00000000        0x0 .\ARM_GCC_441\Debug\KitProg_Bootloader.a(USBFS_drv.o)
 .data          0x00000000        0x0 .\ARM_GCC_441\Debug\KitProg_Bootloader.a(USBFS_drv.o)
 .bss           0x00000000        0x0 .\ARM_GCC_441\Debug\KitProg_Bootloader.a(USBFS_drv.o)
 .text          0x00000000        0x0 .\ARM_GCC_441\Debug\KitProg_Bootloader.a(USBFS_episr.o)
 .data          0x00000000        0x0 .\ARM_GCC_441\Debug\KitProg_Bootloader.a(USBFS_episr.o)
 .bss           0x00000000        0x0 .\ARM_GCC_441\Debug\KitProg_Bootloader.a(USBFS_episr.o)
 .text          0x00000000        0x0 .\ARM_GCC_441\Debug\KitProg_Bootloader.a(USBFS_hid.o)
 .data          0x00000000        0x0 .\ARM_GCC_441\Debug\KitProg_Bootloader.a(USBFS_hid.o)
 .bss           0x00000000        0x0 .\ARM_GCC_441\Debug\KitProg_Bootloader.a(USBFS_hid.o)
 .text.USBFS_UpdateHIDTimer
                0x00000000       0x88 .\ARM_GCC_441\Debug\KitProg_Bootloader.a(USBFS_hid.o)
 .text.USBFS_GetProtocol
                0x00000000       0x24 .\ARM_GCC_441\Debug\KitProg_Bootloader.a(USBFS_hid.o)
 .text          0x00000000        0x0 .\ARM_GCC_441\Debug\KitProg_Bootloader.a(USBFS_std.o)
 .text.USBFS_SerialNumString
                0x00000000       0x14 .\ARM_GCC_441\Debug\KitProg_Bootloader.a(USBFS_std.o)
 .text.USBFS_TerminateEP
                0x00000000       0xf8 .\ARM_GCC_441\Debug\KitProg_Bootloader.a(USBFS_std.o)
 .text          0x00000000        0x0 .\ARM_GCC_441\Debug\KitProg_Bootloader.a(USBFS_vnd.o)
 .data          0x00000000        0x0 .\ARM_GCC_441\Debug\KitProg_Bootloader.a(USBFS_vnd.o)
 .bss           0x00000000        0x0 .\ARM_GCC_441\Debug\KitProg_Bootloader.a(USBFS_vnd.o)
 .text          0x00000000        0x0 .\ARM_GCC_441\Debug\KitProg_Bootloader.a(USBFS_cls.o)
 .data          0x00000000        0x0 .\ARM_GCC_441\Debug\KitProg_Bootloader.a(USBFS_cls.o)
 .bss           0x00000000        0x0 .\ARM_GCC_441\Debug\KitProg_Bootloader.a(USBFS_cls.o)
 .text          0x00000000        0x0 .\ARM_GCC_441\Debug\KitProg_Bootloader.a(USBFS_descr.o)
 .data          0x00000000        0x0 .\ARM_GCC_441\Debug\KitProg_Bootloader.a(USBFS_descr.o)
 .bss           0x00000000        0x0 .\ARM_GCC_441\Debug\KitProg_Bootloader.a(USBFS_descr.o)
 .data          0x00000000        0x0 c:/program files/cypress/psoc creator/2.2/psoc creator/import/gnu_cs/arm/4.4.1/bin/../lib/gcc/arm-none-eabi/4.4.1/../../../../arm-none-eabi/lib/thumb2\libc.a(lib_a-memcpy.o)
 .bss           0x00000000        0x0 c:/program files/cypress/psoc creator/2.2/psoc creator/import/gnu_cs/arm/4.4.1/bin/../lib/gcc/arm-none-eabi/4.4.1/../../../../arm-none-eabi/lib/thumb2\libc.a(lib_a-memcpy.o)
 .data          0x00000000        0x0 c:/program files/cypress/psoc creator/2.2/psoc creator/import/gnu_cs/arm/4.4.1/bin/../lib/gcc/arm-none-eabi/4.4.1/../../../../arm-none-eabi/lib/thumb2\libc.a(lib_a-memset.o)
 .bss           0x00000000        0x0 c:/program files/cypress/psoc creator/2.2/psoc creator/import/gnu_cs/arm/4.4.1/bin/../lib/gcc/arm-none-eabi/4.4.1/../../../../arm-none-eabi/lib/thumb2\libc.a(lib_a-memset.o)
 .text          0x00000000        0x0 c:/program files/cypress/psoc creator/2.2/psoc creator/import/gnu_cs/arm/4.4.1/bin/../lib/gcc/arm-none-eabi/4.4.1/thumb2/crtend.o
 .data          0x00000000        0x0 c:/program files/cypress/psoc creator/2.2/psoc creator/import/gnu_cs/arm/4.4.1/bin/../lib/gcc/arm-none-eabi/4.4.1/thumb2/crtend.o
 .bss           0x00000000        0x0 c:/program files/cypress/psoc creator/2.2/psoc creator/import/gnu_cs/arm/4.4.1/bin/../lib/gcc/arm-none-eabi/4.4.1/thumb2/crtend.o
 .text          0x00000000        0x0 c:/program files/cypress/psoc creator/2.2/psoc creator/import/gnu_cs/arm/4.4.1/bin/../lib/gcc/arm-none-eabi/4.4.1/thumb2/crtn.o
 .data          0x00000000        0x0 c:/program files/cypress/psoc creator/2.2/psoc creator/import/gnu_cs/arm/4.4.1/bin/../lib/gcc/arm-none-eabi/4.4.1/thumb2/crtn.o
 .bss           0x00000000        0x0 c:/program files/cypress/psoc creator/2.2/psoc creator/import/gnu_cs/arm/4.4.1/bin/../lib/gcc/arm-none-eabi/4.4.1/thumb2/crtn.o
 .data          0x00000000        0x0 c:/program files/cypress/psoc creator/2.2/psoc creator/import/gnu_cs/arm/4.4.1/bin/../lib/gcc/arm-none-eabi/4.4.1/../../../../arm-none-eabi/lib/thumb2\libcs3.a(start_c.o)
 .bss           0x00000000        0x0 c:/program files/cypress/psoc creator/2.2/psoc creator/import/gnu_cs/arm/4.4.1/bin/../lib/gcc/arm-none-eabi/4.4.1/../../../../arm-none-eabi/lib/thumb2\libcs3.a(start_c.o)
 .data          0x00000000        0x0 c:/program files/cypress/psoc creator/2.2/psoc creator/import/gnu_cs/arm/4.4.1/bin/../lib/gcc/arm-none-eabi/4.4.1/../../../../arm-none-eabi/lib/thumb2\libcs3micro.a(micro_isr_interrupt.o)
 .bss           0x00000000        0x0 c:/program files/cypress/psoc creator/2.2/psoc creator/import/gnu_cs/arm/4.4.1/bin/../lib/gcc/arm-none-eabi/4.4.1/../../../../arm-none-eabi/lib/thumb2\libcs3micro.a(micro_isr_interrupt.o)
 .data          0x00000000        0x0 c:/program files/cypress/psoc creator/2.2/psoc creator/import/gnu_cs/arm/4.4.1/bin/../lib/gcc/arm-none-eabi/4.4.1/../../../../arm-none-eabi/lib/thumb2\libc.a(lib_a-init.o)
 .bss           0x00000000        0x0 c:/program files/cypress/psoc creator/2.2/psoc creator/import/gnu_cs/arm/4.4.1/bin/../lib/gcc/arm-none-eabi/4.4.1/../../../../arm-none-eabi/lib/thumb2\libc.a(lib_a-init.o)

Memory Configuration

Name             Origin             Length             Attributes
rom              0x00000000         0x0001ffc0         xr
ram              0x1fffc000         0x00003000         xrw
*default*        0x00000000         0xffffffff

Linker script and memory map

LOAD c:/program files/cypress/psoc creator/2.2/psoc creator/import/gnu_cs/arm/4.4.1/bin/../lib/gcc/arm-none-eabi/4.4.1/thumb2/crti.o
LOAD c:/program files/cypress/psoc creator/2.2/psoc creator/import/gnu_cs/arm/4.4.1/bin/../lib/gcc/arm-none-eabi/4.4.1/thumb2/crtbegin.o
START GROUP
LOAD .\ARM_GCC_441\Debug\main.o
LOAD .\ARM_GCC_441\Debug\Cm3Start.o
LOAD .\ARM_GCC_441\Debug\KitProg_Bootloader.a
LOAD C:\Program Files\Cypress\PSoC Creator\2.2\PSoC Creator\psoc\content\cycomponentlibrary\CyComponentLibrary.cylib\CortexM3\ARM_GCC_441\Debug\CyComponentLibrary.a
END GROUP
START GROUP
LOAD c:/program files/cypress/psoc creator/2.2/psoc creator/import/gnu_cs/arm/4.4.1/bin/../lib/gcc/arm-none-eabi/4.4.1/thumb2\libgcc.a
LOAD c:/program files/cypress/psoc creator/2.2/psoc creator/import/gnu_cs/arm/4.4.1/bin/../lib/gcc/arm-none-eabi/4.4.1/../../../../arm-none-eabi/lib/thumb2\libc.a
END GROUP
LOAD c:/program files/cypress/psoc creator/2.2/psoc creator/import/gnu_cs/arm/4.4.1/bin/../lib/gcc/arm-none-eabi/4.4.1/thumb2/crtend.o
LOAD c:/program files/cypress/psoc creator/2.2/psoc creator/import/gnu_cs/arm/4.4.1/bin/../lib/gcc/arm-none-eabi/4.4.1/thumb2/crtn.o
START GROUP
LOAD c:/program files/cypress/psoc creator/2.2/psoc creator/import/gnu_cs/arm/4.4.1/bin/../lib/gcc/arm-none-eabi/4.4.1/thumb2\libgcc.a
LOAD c:/program files/cypress/psoc creator/2.2/psoc creator/import/gnu_cs/arm/4.4.1/bin/../lib/gcc/arm-none-eabi/4.4.1/../../../../arm-none-eabi/lib/thumb2\libc.a
LOAD c:/program files/cypress/psoc creator/2.2/psoc creator/import/gnu_cs/arm/4.4.1/bin/../lib/gcc/arm-none-eabi/4.4.1/../../../../arm-none-eabi/lib/thumb2\libcs3.a
LOAD c:/program files/cypress/psoc creator/2.2/psoc creator/import/gnu_cs/arm/4.4.1/bin/../lib/gcc/arm-none-eabi/4.4.1/../../../../arm-none-eabi/lib/thumb2\libcs3unhosted.a
LOAD c:/program files/cypress/psoc creator/2.2/psoc creator/import/gnu_cs/arm/4.4.1/bin/../lib/gcc/arm-none-eabi/4.4.1/../../../../arm-none-eabi/lib/thumb2\libcs3micro.a
END GROUP
                0x1fffc3c0                PROVIDE (__cs3_heap_start, _end)
                0x00000001                PROVIDE (__cs3_region_num, ((__cs3_regions_end - __cs3_regions) / 0x14))
                0x20004000                PROVIDE (__cs3_stack, 0x20004000)
                0x20000000                PROVIDE (__cs3_heap_end, (__cs3_stack - 0x4000))

.text           0x00000000     0x492c
 CREATE_OBJECT_SYMBOLS
                0x00000000                PROVIDE (__cs3_interrupt_vector, RomVectors)
 *(.romvectors)
 .romvectors    0x00000000       0x10 .\ARM_GCC_441\Debug\Cm3Start.o
                0x00000000                RomVectors
 *(.cs3.interrupt_vector)
                0x00000001                ASSERT ((. != __cs3_interrupt_vector), No interrupt vector)
                0x000001a0                PROVIDE (__cs3_reset, Reset)
 *(.cs3.reset)
                0x00000001                ASSERT ((. != __cs3_reset), No reset code)
 *(.dma_init)
                0x00000001                ASSERT ((((0x0 + .) <= 0x10000) || 0x1), DMA Init must be within the first 64k of flash)
 *(.text.cs3.init)
 .text.cs3.init
                0x00000010       0x5c c:/program files/cypress/psoc creator/2.2/psoc creator/import/gnu_cs/arm/4.4.1/bin/../lib/gcc/arm-none-eabi/4.4.1/../../../../arm-none-eabi/lib/thumb2\libcs3.a(start_c.o)
                0x00000010                __cs3_start_c
 *(.text .text.* .gnu.linkonce.t.*)
 .text          0x0000006c       0x30 c:/program files/cypress/psoc creator/2.2/psoc creator/import/gnu_cs/arm/4.4.1/bin/../lib/gcc/arm-none-eabi/4.4.1/thumb2/crtbegin.o
 .text.main     0x0000009c       0x9c .\ARM_GCC_441\Debug\main.o
                0x0000009c                main
 .text.ValidateBootloader
                0x00000138       0x60 .\ARM_GCC_441\Debug\main.o
                0x00000138                ValidateBootloader
 .text.IntDefaultHandler
                0x00000198        0x8 .\ARM_GCC_441\Debug\Cm3Start.o
                0x00000198                IntDefaultHandler
 .text.Reset    0x000001a0       0x28 .\ARM_GCC_441\Debug\Cm3Start.o
                0x000001a0                Reset
 .text.initialize_psoc
                0x000001c8       0xb4 .\ARM_GCC_441\Debug\Cm3Start.o
                0x000001c8                initialize_psoc
 .text.CyHalt   0x0000027c       0x18 .\ARM_GCC_441\Debug\KitProg_Bootloader.a(CyLib.o)
                0x0000027c                CyHalt
 .text.CyDelay  0x00000294       0x48 .\ARM_GCC_441\Debug\KitProg_Bootloader.a(CyLib.o)
                0x00000294                CyDelay
 .text.CyDelayUs
                0x000002dc       0x28 .\ARM_GCC_441\Debug\KitProg_Bootloader.a(CyLib.o)
                0x000002dc                CyDelayUs
 .text.CyIntSetVector
                0x00000304       0x60 .\ARM_GCC_441\Debug\KitProg_Bootloader.a(CyLib.o)
                0x00000304                CyIntSetVector
 .text.CyIntSetPriority
                0x00000364       0x4c .\ARM_GCC_441\Debug\KitProg_Bootloader.a(CyLib.o)
                0x00000364                CyIntSetPriority
 .text.Pin_PSoC4A_XRES_Read
                0x000003b0       0x24 .\ARM_GCC_441\Debug\KitProg_Bootloader.a(Pin_PSoC4A_XRES.o)
                0x000003b0                Pin_PSoC4A_XRES_Read
 .text.Bootloader_CalcPacketChecksum
                0x000003d4       0x58 .\ARM_GCC_441\Debug\KitProg_Bootloader.a(Bootloader.o)
                0x000003d4                Bootloader_CalcPacketChecksum
 .text.Bootloader_Calc8BitFlashSum
                0x0000042c       0x48 .\ARM_GCC_441\Debug\KitProg_Bootloader.a(Bootloader.o)
                0x0000042c                Bootloader_Calc8BitFlashSum
 .text.Bootloader_Start
                0x00000474       0xc4 .\ARM_GCC_441\Debug\KitProg_Bootloader.a(Bootloader.o)
                0x00000474                Bootloader_Start
 .text.Bootloader_LaunchApplication
                0x00000538       0x28 .\ARM_GCC_441\Debug\KitProg_Bootloader.a(Bootloader.o)
                0x00000538                Bootloader_LaunchApplication
 .text.CyBtldr_CheckLaunch
                0x00000560       0x48 .\ARM_GCC_441\Debug\KitProg_Bootloader.a(Bootloader.o)
                0x00000560                CyBtldr_CheckLaunch
 .text.LaunchApp
                0x000005a8       0x14 .\ARM_GCC_441\Debug\KitProg_Bootloader.a(Bootloader.o)
                0x000005a8                LaunchApp
 .text.Bootloader_ValidateApplication
                0x000005bc      0x108 .\ARM_GCC_441\Debug\KitProg_Bootloader.a(Bootloader.o)
                0x000005bc                Bootloader_ValidateApplication
 .text.Bootloader_HostLink
                0x000006c4      0x5c0 .\ARM_GCC_441\Debug\KitProg_Bootloader.a(Bootloader.o)
                0x000006c4                Bootloader_HostLink
 .text.Bootloader_WritePacket
                0x00000c84       0xb0 .\ARM_GCC_441\Debug\KitProg_Bootloader.a(Bootloader.o)
                0x00000c84                Bootloader_WritePacket
 .text.USBFS_CyBtldrCommStart
                0x00000d34       0x24 .\ARM_GCC_441\Debug\KitProg_Bootloader.a(USBFS_boot.o)
                0x00000d34                USBFS_CyBtldrCommStart
 .text.USBFS_CyBtldrCommReset
                0x00000d58       0x10 .\ARM_GCC_441\Debug\KitProg_Bootloader.a(USBFS_boot.o)
                0x00000d58                USBFS_CyBtldrCommReset
 .text.USBFS_CyBtldrCommWrite
                0x00000d68       0xa8 .\ARM_GCC_441\Debug\KitProg_Bootloader.a(USBFS_boot.o)
                0x00000d68                USBFS_CyBtldrCommWrite
 .text.USBFS_CyBtldrCommRead
                0x00000e10      0x148 .\ARM_GCC_441\Debug\KitProg_Bootloader.a(USBFS_boot.o)
                0x00000e10                USBFS_CyBtldrCommRead
 .text.PWM_Init
                0x00000f58       0xbc .\ARM_GCC_441\Debug\KitProg_Bootloader.a(PWM.o)
                0x00000f58                PWM_Init
 .text.PWM_Enable
                0x00001014       0x2c .\ARM_GCC_441\Debug\KitProg_Bootloader.a(PWM.o)
                0x00001014                PWM_Enable
 .text.PWM_WriteCounter
                0x00001040       0x20 .\ARM_GCC_441\Debug\KitProg_Bootloader.a(PWM.o)
                0x00001040                PWM_WriteCounter
 .text.PWM_ClearFIFO
                0x00001060       0x1c .\ARM_GCC_441\Debug\KitProg_Bootloader.a(PWM.o)
                0x00001060                PWM_ClearFIFO
 .text.PWM_WritePeriod
                0x0000107c       0x20 .\ARM_GCC_441\Debug\KitProg_Bootloader.a(PWM.o)
                0x0000107c                PWM_WritePeriod
 .text.PWM_WriteCompare
                0x0000109c       0x20 .\ARM_GCC_441\Debug\KitProg_Bootloader.a(PWM.o)
                0x0000109c                PWM_WriteCompare
 .text.PWM_SetInterruptMode
                0x000010bc       0x20 .\ARM_GCC_441\Debug\KitProg_Bootloader.a(PWM.o)
                0x000010bc                PWM_SetInterruptMode
 .text.PWM_ReadStatusRegister
                0x000010dc       0x20 .\ARM_GCC_441\Debug\KitProg_Bootloader.a(PWM.o)
                0x000010dc                PWM_ReadStatusRegister
 .text.PWM_ReadCapture
                0x000010fc       0x18 .\ARM_GCC_441\Debug\KitProg_Bootloader.a(PWM.o)
                0x000010fc                PWM_ReadCapture
 .text.CYMEMZERO
                0x00001114       0x20 .\ARM_GCC_441\Debug\KitProg_Bootloader.a(cyfitter_cfg.o)
 .text.CYCONFIGCPY
                0x00001134       0x20 .\ARM_GCC_441\Debug\KitProg_Bootloader.a(cyfitter_cfg.o)
 .text.CYCONFIGCPYCODE
                0x00001154       0x20 .\ARM_GCC_441\Debug\KitProg_Bootloader.a(cyfitter_cfg.o)
 .text.cfg_write_bytes32
                0x00001174       0x84 .\ARM_GCC_441\Debug\KitProg_Bootloader.a(cyfitter_cfg.o)
 .text.ClockSetup
                0x000011f8       0xd8 .\ARM_GCC_441\Debug\KitProg_Bootloader.a(cyfitter_cfg.o)
 .text.AnalogSetDefault
                0x000012d0       0x4c .\ARM_GCC_441\Debug\KitProg_Bootloader.a(cyfitter_cfg.o)
 .text.cyfitter_cfg
                0x0000131c      0x1a4 .\ARM_GCC_441\Debug\KitProg_Bootloader.a(cyfitter_cfg.o)
                0x0000131c                cyfitter_cfg
 .text          0x000014c0       0x20 .\ARM_GCC_441\Debug\KitProg_Bootloader.a(CyBootAsmGnu.o)
                0x000014c0                CyDelayCycles
                0x000014d0                CyEnterCriticalSection
                0x000014d8                CyExitCriticalSection
 .text.CySetTempInt
                0x000014e0       0x90 .\ARM_GCC_441\Debug\KitProg_Bootloader.a(CyFlash.o)
 .text.CySetTemp
                0x00001570       0x28 .\ARM_GCC_441\Debug\KitProg_Bootloader.a(CyFlash.o)
                0x00001570                CySetTemp
 .text.CySetFlashEEBuffer
                0x00001598       0x50 .\ARM_GCC_441\Debug\KitProg_Bootloader.a(CyFlash.o)
                0x00001598                CySetFlashEEBuffer
 .text.CyWriteRowFull
                0x000015e8      0x124 .\ARM_GCC_441\Debug\KitProg_Bootloader.a(CyFlash.o)
                0x000015e8                CyWriteRowFull
 .text.CySpcStart
                0x0000170c       0x58 .\ARM_GCC_441\Debug\KitProg_Bootloader.a(CySpc.o)
                0x0000170c                CySpcStart
 .text.CySpcReadData
                0x00001764       0x64 .\ARM_GCC_441\Debug\KitProg_Bootloader.a(CySpc.o)
                0x00001764                CySpcReadData
 .text.CySpcLoadRow
                0x000017c8       0xbc .\ARM_GCC_441\Debug\KitProg_Bootloader.a(CySpc.o)
                0x000017c8                CySpcLoadRow
 .text.CySpcWriteRow
                0x00001884       0xcc .\ARM_GCC_441\Debug\KitProg_Bootloader.a(CySpc.o)
                0x00001884                CySpcWriteRow
 .text.CySpcGetTemp
                0x00001950       0x8c .\ARM_GCC_441\Debug\KitProg_Bootloader.a(CySpc.o)
                0x00001950                CySpcGetTemp
 .text.CySpcLock
                0x000019dc       0x8c .\ARM_GCC_441\Debug\KitProg_Bootloader.a(CySpc.o)
                0x000019dc                CySpcLock
 .text.CySpcUnlock
                0x00001a68       0x68 .\ARM_GCC_441\Debug\KitProg_Bootloader.a(CySpc.o)
                0x00001a68                CySpcUnlock
 .text.USBFS_Start
                0x00001ad0       0x44 .\ARM_GCC_441\Debug\KitProg_Bootloader.a(USBFS.o)
                0x00001ad0                USBFS_Start
 .text.USBFS_Init
                0x00001b14      0x210 .\ARM_GCC_441\Debug\KitProg_Bootloader.a(USBFS.o)
                0x00001b14                USBFS_Init
 .text.USBFS_InitComponent
                0x00001d24      0x150 .\ARM_GCC_441\Debug\KitProg_Bootloader.a(USBFS.o)
                0x00001d24                USBFS_InitComponent
 .text.USBFS_ReInitComponent
                0x00001e74       0xb4 .\ARM_GCC_441\Debug\KitProg_Bootloader.a(USBFS.o)
                0x00001e74                USBFS_ReInitComponent
 .text.USBFS_GetConfiguration
                0x00001f28       0x18 .\ARM_GCC_441\Debug\KitProg_Bootloader.a(USBFS.o)
                0x00001f28                USBFS_GetConfiguration
 .text.USBFS_IsConfigurationChanged
                0x00001f40       0x44 .\ARM_GCC_441\Debug\KitProg_Bootloader.a(USBFS.o)
                0x00001f40                USBFS_IsConfigurationChanged
 .text.USBFS_GetEPState
                0x00001f84       0x34 .\ARM_GCC_441\Debug\KitProg_Bootloader.a(USBFS.o)
                0x00001f84                USBFS_GetEPState
 .text.USBFS_GetEPCount
                0x00001fb8       0x70 .\ARM_GCC_441\Debug\KitProg_Bootloader.a(USBFS.o)
                0x00001fb8                USBFS_GetEPCount
 .text.USBFS_LoadInEP
                0x00002028      0x158 .\ARM_GCC_441\Debug\KitProg_Bootloader.a(USBFS.o)
                0x00002028                USBFS_LoadInEP
 .text.USBFS_ReadOutEP
                0x00002180       0x98 .\ARM_GCC_441\Debug\KitProg_Bootloader.a(USBFS.o)
                0x00002180                USBFS_ReadOutEP
 .text.USBFS_EnableOutEP
                0x00002218       0x78 .\ARM_GCC_441\Debug\KitProg_Bootloader.a(USBFS.o)
                0x00002218                USBFS_EnableOutEP
 .text.USBFS_EP_0_ISR
                0x00002290      0x144 .\ARM_GCC_441\Debug\KitProg_Bootloader.a(USBFS_drv.o)
                0x00002290                USBFS_EP_0_ISR
 .text.USBFS_HandleSetup
                0x000023d4       0xa4 .\ARM_GCC_441\Debug\KitProg_Bootloader.a(USBFS_drv.o)
                0x000023d4                USBFS_HandleSetup
 .text.USBFS_HandleIN
                0x00002478       0x4c .\ARM_GCC_441\Debug\KitProg_Bootloader.a(USBFS_drv.o)
                0x00002478                USBFS_HandleIN
 .text.USBFS_HandleOUT
                0x000024c4       0x5c .\ARM_GCC_441\Debug\KitProg_Bootloader.a(USBFS_drv.o)
                0x000024c4                USBFS_HandleOUT
 .text.USBFS_LoadEP0
                0x00002520      0x15c .\ARM_GCC_441\Debug\KitProg_Bootloader.a(USBFS_drv.o)
                0x00002520                USBFS_LoadEP0
 .text.USBFS_InitControlRead
                0x0000267c       0x94 .\ARM_GCC_441\Debug\KitProg_Bootloader.a(USBFS_drv.o)
                0x0000267c                USBFS_InitControlRead
 .text.USBFS_InitZeroLengthControlTransfer
                0x00002710       0x58 .\ARM_GCC_441\Debug\KitProg_Bootloader.a(USBFS_drv.o)
                0x00002710                USBFS_InitZeroLengthControlTransfer
 .text.USBFS_ControlReadDataStage
                0x00002768        0xc .\ARM_GCC_441\Debug\KitProg_Bootloader.a(USBFS_drv.o)
                0x00002768                USBFS_ControlReadDataStage
 .text.USBFS_ControlReadStatusStage
                0x00002774       0x54 .\ARM_GCC_441\Debug\KitProg_Bootloader.a(USBFS_drv.o)
                0x00002774                USBFS_ControlReadStatusStage
 .text.USBFS_InitControlWrite
                0x000027c8       0x88 .\ARM_GCC_441\Debug\KitProg_Bootloader.a(USBFS_drv.o)
                0x000027c8                USBFS_InitControlWrite
 .text.USBFS_ControlWriteDataStage
                0x00002850      0x114 .\ARM_GCC_441\Debug\KitProg_Bootloader.a(USBFS_drv.o)
                0x00002850                USBFS_ControlWriteDataStage
 .text.USBFS_ControlWriteStatusStage
                0x00002964       0x2c .\ARM_GCC_441\Debug\KitProg_Bootloader.a(USBFS_drv.o)
                0x00002964                USBFS_ControlWriteStatusStage
 .text.USBFS_InitNoDataControlTransfer
                0x00002990       0x48 .\ARM_GCC_441\Debug\KitProg_Bootloader.a(USBFS_drv.o)
                0x00002990                USBFS_InitNoDataControlTransfer
 .text.USBFS_NoDataControlStatusStage
                0x000029d8       0x68 .\ARM_GCC_441\Debug\KitProg_Bootloader.a(USBFS_drv.o)
                0x000029d8                USBFS_NoDataControlStatusStage
 .text.USBFS_UpdateStatusBlock
                0x00002a40       0x58 .\ARM_GCC_441\Debug\KitProg_Bootloader.a(USBFS_drv.o)
                0x00002a40                USBFS_UpdateStatusBlock
 .text.USBFS_InitializeStatusBlock
                0x00002a98       0x48 .\ARM_GCC_441\Debug\KitProg_Bootloader.a(USBFS_drv.o)
                0x00002a98                USBFS_InitializeStatusBlock
 .text.USBFS_EP_1_ISR
                0x00002ae0       0x70 .\ARM_GCC_441\Debug\KitProg_Bootloader.a(USBFS_episr.o)
                0x00002ae0                USBFS_EP_1_ISR
 .text.USBFS_EP_2_ISR
                0x00002b50       0x70 .\ARM_GCC_441\Debug\KitProg_Bootloader.a(USBFS_episr.o)
                0x00002b50                USBFS_EP_2_ISR
 .text.USBFS_SOF_ISR
                0x00002bc0        0xc .\ARM_GCC_441\Debug\KitProg_Bootloader.a(USBFS_episr.o)
                0x00002bc0                USBFS_SOF_ISR
 .text.USBFS_BUS_RESET_ISR
                0x00002bcc        0xc .\ARM_GCC_441\Debug\KitProg_Bootloader.a(USBFS_episr.o)
                0x00002bcc                USBFS_BUS_RESET_ISR
 .text.USBFS_DispatchHIDClassRqst
                0x00002bd8      0x2b8 .\ARM_GCC_441\Debug\KitProg_Bootloader.a(USBFS_hid.o)
                0x00002bd8                USBFS_DispatchHIDClassRqst
 .text.USBFS_FindHidClassDecriptor
                0x00002e90       0x9c .\ARM_GCC_441\Debug\KitProg_Bootloader.a(USBFS_hid.o)
                0x00002e90                USBFS_FindHidClassDecriptor
 .text.USBFS_FindReportDescriptor
                0x00002f2c       0xb4 .\ARM_GCC_441\Debug\KitProg_Bootloader.a(USBFS_hid.o)
                0x00002f2c                USBFS_FindReportDescriptor
 .text.USBFS_FindReport
                0x00002fe0      0x104 .\ARM_GCC_441\Debug\KitProg_Bootloader.a(USBFS_hid.o)
                0x00002fe0                USBFS_FindReport
 .text.USBFS_HandleStandardRqst
                0x000030e4      0x638 .\ARM_GCC_441\Debug\KitProg_Bootloader.a(USBFS_std.o)
                0x000030e4                USBFS_HandleStandardRqst
 .text.USBFS_ReadDieID
                0x0000371c       0x98 .\ARM_GCC_441\Debug\KitProg_Bootloader.a(USBFS_std.o)
                0x0000371c                USBFS_ReadDieID
 .text.USBFS_ConfigReg
                0x000037b4      0x208 .\ARM_GCC_441\Debug\KitProg_Bootloader.a(USBFS_std.o)
                0x000037b4                USBFS_ConfigReg
 .text.USBFS_Config
                0x000039bc      0x438 .\ARM_GCC_441\Debug\KitProg_Bootloader.a(USBFS_std.o)
                0x000039bc                USBFS_Config
 .text.USBFS_ConfigAltChanged
                0x00003df4      0x360 .\ARM_GCC_441\Debug\KitProg_Bootloader.a(USBFS_std.o)
                0x00003df4                USBFS_ConfigAltChanged
 .text.USBFS_GetConfigTablePtr
                0x00004154       0x2c .\ARM_GCC_441\Debug\KitProg_Bootloader.a(USBFS_std.o)
                0x00004154                USBFS_GetConfigTablePtr
 .text.USBFS_GetDeviceTablePtr
                0x00004180       0x28 .\ARM_GCC_441\Debug\KitProg_Bootloader.a(USBFS_std.o)
                0x00004180                USBFS_GetDeviceTablePtr
 .text.USBFS_GetInterfaceClassTablePtr
                0x000041a8       0x50 .\ARM_GCC_441\Debug\KitProg_Bootloader.a(USBFS_std.o)
                0x000041a8                USBFS_GetInterfaceClassTablePtr
 .text.USBFS_SetEndpointHalt
                0x000041f8      0x130 .\ARM_GCC_441\Debug\KitProg_Bootloader.a(USBFS_std.o)
                0x000041f8                USBFS_SetEndpointHalt
 .text.USBFS_ClearEndpointHalt
                0x00004328      0x1b8 .\ARM_GCC_441\Debug\KitProg_Bootloader.a(USBFS_std.o)
                0x00004328                USBFS_ClearEndpointHalt
 .text.USBFS_ValidateAlternateSetting
                0x000044e0       0x94 .\ARM_GCC_441\Debug\KitProg_Bootloader.a(USBFS_std.o)
                0x000044e0                USBFS_ValidateAlternateSetting
 .text.USBFS_HandleVendorRqst
                0x00004574       0x38 .\ARM_GCC_441\Debug\KitProg_Bootloader.a(USBFS_vnd.o)
                0x00004574                USBFS_HandleVendorRqst
 .text.USBFS_DispatchClassRqst
                0x000045ac       0x90 .\ARM_GCC_441\Debug\KitProg_Bootloader.a(USBFS_cls.o)
                0x000045ac                USBFS_DispatchClassRqst
 .text          0x0000463c      0x190 c:/program files/cypress/psoc creator/2.2/psoc creator/import/gnu_cs/arm/4.4.1/bin/../lib/gcc/arm-none-eabi/4.4.1/../../../../arm-none-eabi/lib/thumb2\libc.a(lib_a-memcpy.o)
                0x0000463c                memcpy
 .text          0x000047cc       0xd4 c:/program files/cypress/psoc creator/2.2/psoc creator/import/gnu_cs/arm/4.4.1/bin/../lib/gcc/arm-none-eabi/4.4.1/../../../../arm-none-eabi/lib/thumb2\libc.a(lib_a-memset.o)
                0x000047cc                memset
 .text          0x000048a0       0x30 c:/program files/cypress/psoc creator/2.2/psoc creator/import/gnu_cs/arm/4.4.1/bin/../lib/gcc/arm-none-eabi/4.4.1/../../../../arm-none-eabi/lib/thumb2\libcs3.a(start_c.o)
                0x000048a0                __cs3_premain
 .text          0x000048d0        0x2 c:/program files/cypress/psoc creator/2.2/psoc creator/import/gnu_cs/arm/4.4.1/bin/../lib/gcc/arm-none-eabi/4.4.1/../../../../arm-none-eabi/lib/thumb2\libcs3micro.a(micro_isr_interrupt.o)
                0x000048d0                __cs3_isr_external_24
                0x000048d0                __cs3_isr_external_9
                0x000048d0                __cs3_isr_external_14
                0x000048d0                __cs3_isr_reserved_9
                0x000048d0                __cs3_isr_external_4
                0x000048d0                __cs3_isr_external_21
                0x000048d0                __cs3_isr_external_0
                0x000048d0                __cs3_isr_external_27
                0x000048d0                __cs3_isr_external_11
                0x000048d0                __cs3_isr_usage_fault
                0x000048d0                __cs3_isr_svcall
                0x000048d0                __cs3_isr_external_3
                0x000048d0                __cs3_isr_mpu_fault
                0x000048d0                __cs3_isr_external_16
                0x000048d0                __cs3_isr_pendsv
                0x000048d0                __cs3_isr_external_31
                0x000048d0                __cs3_isr_nmi
                0x000048d0                __cs3_isr_external_5
                0x000048d0                __cs3_isr_external_6
                0x000048d0                __cs3_isr_external_12
                0x000048d0                __cs3_isr_hard_fault
                0x000048d0                __cs3_isr_bus_fault
                0x000048d0                __cs3_isr_external_1
                0x000048d0                __cs3_isr_external_13
                0x000048d0                __cs3_isr_external_30
                0x000048d0                __cs3_isr_external_23
                0x000048d0                __cs3_isr_external_20
                0x000048d0                __cs3_isr_debug
                0x000048d0                __cs3_isr_reserved_13
                0x000048d0                __cs3_isr_external_8
                0x000048d0                __cs3_isr_external_26
                0x000048d0                __cs3_isr_reserved_8
                0x000048d0                __cs3_isr_reserved_7
                0x000048d0                __cs3_isr_external_7
                0x000048d0                __cs3_isr_external_28
                0x000048d0                __cs3_isr_systick
                0x000048d0                __cs3_isr_external_22
                0x000048d0                __cs3_isr_external_10
                0x000048d0                __cs3_isr_external_15
                0x000048d0                __cs3_isr_interrupt
                0x000048d0                __cs3_isr_external_18
                0x000048d0                __cs3_isr_external_29
                0x000048d0                __cs3_isr_external_25
                0x000048d0                __cs3_isr_reserved_10
                0x000048d0                __cs3_isr_external_2
                0x000048d0                __cs3_isr_external_17
                0x000048d0                __cs3_isr_external_19
 *fill*         0x000048d2        0x2 00
 .text          0x000048d4       0x50 c:/program files/cypress/psoc creator/2.2/psoc creator/import/gnu_cs/arm/4.4.1/bin/../lib/gcc/arm-none-eabi/4.4.1/../../../../arm-none-eabi/lib/thumb2\libc.a(lib_a-init.o)
                0x000048d4                __libc_init_array
 *(.plt)
 *(.gnu.warning)
 *(.glue_7t)
 .glue_7t       0x00000000        0x0 linker stubs
 *(.glue_7)
 .glue_7        0x00000000        0x0 linker stubs
 *(.vfp11_veneer)
 .vfp11_veneer  0x00000000        0x0 linker stubs
 *(.bootloader)
 .bootloader    0x00004924        0x8 .\ARM_GCC_441\Debug\KitProg_Bootloader.a(Bootloader.o)
                0x00004924                Bootloader_Checksum
                0x00004928                Bootloader_SizeBytes
 *(.ARM.extab* .gnu.linkonce.armextab.*)
 *(.gcc_except_table)

.v4_bx          0x0000492c        0x0
 .v4_bx         0x00000000        0x0 linker stubs

.eh_frame_hdr
 *(.eh_frame_hdr)

.eh_frame
 *(.eh_frame)
                0x0000492c                PROVIDE (__exidx_start, .)

.ARM.exidx
 *(.ARM.exidx* .gnu.linkonce.armexidx.*)
                0x0000492c                __exidx_end = .

.rodata         0x0000492c      0x37c
 *(.rodata .rodata.* .gnu.linkonce.r.*)
 .rodata        0x0000492c        0x8 .\ARM_GCC_441\Debug\KitProg_Bootloader.a(Bootloader.o)
 .rodata        0x00004934      0x184 .\ARM_GCC_441\Debug\KitProg_Bootloader.a(cyfitter_cfg.o)
 .rodata        0x00004ab8       0x10 .\ARM_GCC_441\Debug\KitProg_Bootloader.a(USBFS_std.o)
 .rodata        0x00004ac8      0x1a4 .\ARM_GCC_441\Debug\KitProg_Bootloader.a(USBFS_descr.o)
                0x00004ac8                USBFS_DEVICE0_DESCR
                0x00004adc                USBFS_DEVICE0_CONFIGURATION0_DESCR
                0x00004b08                USBFS_STRING_DESCRIPTORS
                0x00004bac                USBFS_SN_STRING_DESCRIPTOR
                0x00004bb0                USBFS_HIDREPORT_DESCRIPTOR1
                0x00004bd8                USBFS_DEVICE0_CONFIGURATION0_INTERFACE0_ALTERNATE0_HID_IN_RPT_TABLE
                0x00004be4                USBFS_DEVICE0_CONFIGURATION0_INTERFACE0_ALTERNATE0_HID_OUT_RPT_TABLE
                0x00004bf0                USBFS_DEVICE0_CONFIGURATION0_INTERFACE0_ALTERNATE0_HID_TABLE
                0x00004c18                USBFS_DEVICE0_CONFIGURATION0_INTERFACE0_TABLE
                0x00004c20                USBFS_DEVICE0_CONFIGURATION0_EP_SETTINGS_TABLE
                0x00004c30                USBFS_DEVICE0_CONFIGURATION0_INTERFACE_CLASS
                0x00004c34                USBFS_DEVICE0_CONFIGURATION0_TABLE
                0x00004c54                USBFS_DEVICE0_TABLE
                0x00004c64                USBFS_TABLE
                0x00004c6c                . = ALIGN (0x4)
 *(.init)
 .init          0x00004c6c        0x4 c:/program files/cypress/psoc creator/2.2/psoc creator/import/gnu_cs/arm/4.4.1/bin/../lib/gcc/arm-none-eabi/4.4.1/thumb2/crti.o
                0x00004c6c                _init
 .init          0x00004c70        0x8 c:/program files/cypress/psoc creator/2.2/psoc creator/import/gnu_cs/arm/4.4.1/bin/../lib/gcc/arm-none-eabi/4.4.1/thumb2/crtn.o
                0x00004c78                . = ALIGN (0x4)
                0x00004c78                __preinit_array_start = .
 *(.preinit_array)
                0x00004c78                __preinit_array_end = .
                0x00004c78                . = ALIGN (0x4)
                0x00004c78                __init_array_start = .
 *(SORT(.init_array.*))
 *(.init_array)
 .init_array    0x00004c78        0x4 c:/program files/cypress/psoc creator/2.2/psoc creator/import/gnu_cs/arm/4.4.1/bin/../lib/gcc/arm-none-eabi/4.4.1/thumb2/crtbegin.o
 .init_array    0x00004c7c        0x4 .\ARM_GCC_441\Debug\Cm3Start.o
                0x00004c80                __init_array_end = .
                0x00004c80                . = ALIGN (0x4)
 *(.fini)
 .fini          0x00004c80        0x4 c:/program files/cypress/psoc creator/2.2/psoc creator/import/gnu_cs/arm/4.4.1/bin/../lib/gcc/arm-none-eabi/4.4.1/thumb2/crti.o
                0x00004c80                _fini
 .fini          0x00004c84        0x8 c:/program files/cypress/psoc creator/2.2/psoc creator/import/gnu_cs/arm/4.4.1/bin/../lib/gcc/arm-none-eabi/4.4.1/thumb2/crtn.o
                0x00004c8c                . = ALIGN (0x4)
                0x00004c8c                __fini_array_start = .
 *(.fini_array)
 .fini_array    0x00004c8c        0x4 c:/program files/cypress/psoc creator/2.2/psoc creator/import/gnu_cs/arm/4.4.1/bin/../lib/gcc/arm-none-eabi/4.4.1/thumb2/crtbegin.o
 *(SORT(.fini_array.*))
                0x00004c90                __fini_array_end = .
                0x00004c90                . = ALIGN (0x4)
 *crtbegin.o(.ctors)
 *(EXCLUDE_FILE(*crtend.o) .ctors)
 *(SORT(.ctors.*))
 *crtend.o(.ctors)
                0x00004c90                . = ALIGN (0x4)
 *crtbegin.o(.dtors)
 *(EXCLUDE_FILE(*crtend.o) .dtors)
 *(SORT(.dtors.*))
 *crtend.o(.dtors)
                0x00004c90                . = ALIGN (0x4)
                0x00004c90                __cs3_regions = .
                0x00004c90        0x4 LONG 0x0
                0x00004c94        0x4 LONG 0x4ca8 __cs3_region_init_ram
                0x00004c98        0x4 LONG 0x1fffc108 __cs3_region_start_data
                0x00004c9c        0x4 LONG 0x40 __cs3_region_init_size_ram
                0x00004ca0        0x4 LONG 0x278 __cs3_region_zero_size_ram
                0x00004ca4                __cs3_regions_end = .
                0x00004ca8                . = ALIGN (0x8)
 *fill*         0x00004ca4        0x4 00
                0x00004ca8                _etext = .

.ramvectors     0x1fffc000      0x100
                0x1fffc000                __cs3_region_start_ram = .
 *(.cs3.region-head.ram)
                0x1fffc001                ASSERT ((. == __cs3_region_start_ram), .cs3.region-head.ram not permitted)
 *(.ramvectors)
 .ramvectors    0x1fffc000      0x100 .\ARM_GCC_441\Debug\Cm3Start.o
                0x1fffc000                CyRamVectors

.noinit         0x1fffc100        0x4
 *(.noinit)
 .noinit        0x1fffc100        0x4 .\ARM_GCC_441\Debug\Cm3Start.o

.data           0x1fffc108       0x40 load address 0x00004ca8
                0x1fffc108                __cs3_region_start_data = .
 *(.jcr)
 .jcr           0x1fffc108        0x0 c:/program files/cypress/psoc creator/2.2/psoc creator/import/gnu_cs/arm/4.4.1/bin/../lib/gcc/arm-none-eabi/4.4.1/thumb2/crtbegin.o
 .jcr           0x1fffc108        0x4 c:/program files/cypress/psoc creator/2.2/psoc creator/import/gnu_cs/arm/4.4.1/bin/../lib/gcc/arm-none-eabi/4.4.1/thumb2/crtend.o
 *(.got.plt)
 *(.got)
 *(.shdata)
 *(.data .data.* .gnu.linkonce.d.*)
 .data          0x1fffc10c       0x10 .\ARM_GCC_441\Debug\KitProg_Bootloader.a(CyLib.o)
                0x1fffc10c                cydelay_freq_hz
                0x1fffc110                cydelay_freq_khz
                0x1fffc114                cydelay_freq_mhz
                0x1fffc118                cydelay_32k_ms
 .data          0x1fffc11c        0x8 .\ARM_GCC_441\Debug\KitProg_Bootloader.a(Bootloader.o)
                0x1fffc11c                Bootloader_ChecksumAccess
                0x1fffc120                Bootloader_SizeBytesAccess
 .data          0x1fffc124       0x24 .\ARM_GCC_441\Debug\KitProg_Bootloader.a(USBFS_std.o)
                0x1fffc124                USBFS_idSerialNumberStringDescriptor
                0x1fffc148                . = ALIGN (0x8)
 *(.ram)
                0x1fffc148                _edata = .

.bss            0x1fffc148      0x278 load address 0x00004ce8
 *(.shbss)
 *(.bss .bss.* .gnu.linkonce.b.*)
 .bss           0x1fffc148        0x1 c:/program files/cypress/psoc creator/2.2/psoc creator/import/gnu_cs/arm/4.4.1/bin/../lib/gcc/arm-none-eabi/4.4.1/thumb2/crtbegin.o
 *fill*         0x1fffc149        0x1 00
 .bss           0x1fffc14a        0x4 .\ARM_GCC_441\Debug\KitProg_Bootloader.a(USBFS_boot.o)
                0x1fffc14a                USBFS_universalTime
                0x1fffc14c                USBFS_started
 *fill*         0x1fffc14e        0x2 00
 .bss           0x1fffc150        0x4 .\ARM_GCC_441\Debug\KitProg_Bootloader.a(CyFlash.o)
 .bss           0x1fffc154        0x2 .\ARM_GCC_441\Debug\KitProg_Bootloader.a(CySpc.o)
                0x1fffc154                SpcLockState
 .bss           0x1fffc156        0x1 .\ARM_GCC_441\Debug\KitProg_Bootloader.a(USBFS.o)
                0x1fffc156                USBFS_initVar
 .bss           0x1fffc157        0x1 .\ARM_GCC_441\Debug\KitProg_Bootloader.a(USBFS_std.o)
                0x1fffc157                USBFS_snStringConfirm
 *(COMMON)
 COMMON         0x1fffc158        0x1 .\ARM_GCC_441\Debug\KitProg_Bootloader.a(CyLib.o)
                0x1fffc158                CyResetStatus
 *fill*         0x1fffc159        0x3 00
 COMMON         0x1fffc15c      0x120 .\ARM_GCC_441\Debug\KitProg_Bootloader.a(Bootloader.o)
                0x1fffc15c                flashBuffer
 COMMON         0x1fffc27c        0x2 .\ARM_GCC_441\Debug\KitProg_Bootloader.a(CyFlash.o)
                0x1fffc27c                dieTemperature
 *fill*         0x1fffc27e        0x2 00
 COMMON         0x1fffc280       0x96 .\ARM_GCC_441\Debug\KitProg_Bootloader.a(USBFS_drv.o)
                0x1fffc280                USBFS_deviceAddress
                0x1fffc281                USBFS_ep0Mode
                0x1fffc284                USBFS_interfaceSetting
                0x1fffc288                USBFS_currentTD
                0x1fffc294                USBFS_device
                0x1fffc295                USBFS_interfaceNumber
                0x1fffc296                USBFS_ep0Toggle
                0x1fffc297                USBFS_deviceStatus
                0x1fffc298                USBFS_configurationChanged
                0x1fffc299                USBFS_configuration
                0x1fffc29a                USBFS_transferState
                0x1fffc29c                USBFS_interfaceStatus
                0x1fffc2a0                USBFS_interfaceClass
                0x1fffc2a4                USBFS_EP
                0x1fffc310                USBFS_interfaceSetting_last
                0x1fffc311                USBFS_lastPacketSize
                0x1fffc312                USBFS_ep0Count
                0x1fffc314                USBFS_transferByteCount
 *fill*         0x1fffc316        0x2 00
 COMMON         0x1fffc318        0x9 .\ARM_GCC_441\Debug\KitProg_Bootloader.a(USBFS_hid.o)
                0x1fffc318                USBFS_hidIdleRate
                0x1fffc31c                USBFS_hidIdleTimer
                0x1fffc320                USBFS_hidProtocol
 *fill*         0x1fffc321        0x3 00
 COMMON         0x1fffc324        0x8 .\ARM_GCC_441\Debug\KitProg_Bootloader.a(USBFS_std.o)
                0x1fffc324                USBFS_tBuffer
                0x1fffc328                USBFS_fwSerialNumberStringDescriptor
 COMMON         0x1fffc32c       0x90 .\ARM_GCC_441\Debug\KitProg_Bootloader.a(USBFS_descr.o)
                0x1fffc32c                USBFS_DEVICE0_CONFIGURATION0_INTERFACE0_ALTERNATE0_HID_IN_RPT_SCB
                0x1fffc330                USBFS_DEVICE0_CONFIGURATION0_INTERFACE0_ALTERNATE0_HID_IN_BUF
                0x1fffc374                USBFS_DEVICE0_CONFIGURATION0_INTERFACE0_ALTERNATE0_HID_OUT_BUF
                0x1fffc3b8                USBFS_DEVICE0_CONFIGURATION0_INTERFACE0_ALTERNATE0_HID_OUT_RPT_SCB
                0x1fffc3c0                . = ALIGN (0x8)
 *fill*         0x1fffc3bc        0x4 00
 *(.ram.b)
                0x1fffc3c0                _end = .
                0x1fffc3c0                __end = .
                0x1ffff000                __cs3_region_end_ram = (__cs3_region_start_ram + 0x3000)
                0x00003000                __cs3_region_size_ram = 0x3000
                0x00004ca8                __cs3_region_init_ram = LOADADDR (.data)
                0x00000040                __cs3_region_init_size_ram = (_edata - ADDR (.data))
                0x00000278                __cs3_region_zero_size_ram = (_end - _edata)

.stab
 *(.stab)

.stabstr
 *(.stabstr)

.debug
 *(.debug)

.line
 *(.line)

.debug_srcinfo
 *(.debug_srcinfo)

.debug_sfnames
 *(.debug_sfnames)

.comment        0x00000000      0x331
 .comment       0x00000000       0x2b .\ARM_GCC_441\Debug\main.o
 .comment       0x0000002b       0x2b .\ARM_GCC_441\Debug\Cm3Start.o
 .comment       0x00000056       0x2b .\ARM_GCC_441\Debug\KitProg_Bootloader.a(CyLib.o)
 .comment       0x00000081       0x2b .\ARM_GCC_441\Debug\KitProg_Bootloader.a(cyPm.o)
 .comment       0x000000ac       0x2b .\ARM_GCC_441\Debug\KitProg_Bootloader.a(Pin_PSoC4A_XRES.o)
 .comment       0x000000d7       0x2b .\ARM_GCC_441\Debug\KitProg_Bootloader.a(Bootloader.o)
 .comment       0x00000102       0x2b .\ARM_GCC_441\Debug\KitProg_Bootloader.a(USBFS_boot.o)
 .comment       0x0000012d       0x2b .\ARM_GCC_441\Debug\KitProg_Bootloader.a(PWM.o)
 .comment       0x00000158       0x2b .\ARM_GCC_441\Debug\KitProg_Bootloader.a(cyfitter_cfg.o)
 .comment       0x00000183       0x2b .\ARM_GCC_441\Debug\KitProg_Bootloader.a(CyFlash.o)
 .comment       0x000001ae       0x2b .\ARM_GCC_441\Debug\KitProg_Bootloader.a(CySpc.o)
 .comment       0x000001d9       0x2b .\ARM_GCC_441\Debug\KitProg_Bootloader.a(USBFS.o)
 .comment       0x00000204       0x2b .\ARM_GCC_441\Debug\KitProg_Bootloader.a(USBFS_drv.o)
 .comment       0x0000022f       0x2b .\ARM_GCC_441\Debug\KitProg_Bootloader.a(USBFS_episr.o)
 .comment       0x0000025a       0x2b .\ARM_GCC_441\Debug\KitProg_Bootloader.a(USBFS_hid.o)
 .comment       0x00000285       0x2b .\ARM_GCC_441\Debug\KitProg_Bootloader.a(USBFS_std.o)
 .comment       0x000002b0       0x2b .\ARM_GCC_441\Debug\KitProg_Bootloader.a(USBFS_vnd.o)
 .comment       0x000002db       0x2b .\ARM_GCC_441\Debug\KitProg_Bootloader.a(USBFS_cls.o)
 .comment       0x00000306       0x2b .\ARM_GCC_441\Debug\KitProg_Bootloader.a(USBFS_descr.o)

.debug_aranges  0x00000000      0x870
 *(.debug_aranges)
 .debug_aranges
                0x00000000       0x28 .\ARM_GCC_441\Debug\main.o
 .debug_aranges
                0x00000028       0x30 .\ARM_GCC_441\Debug\Cm3Start.o
 .debug_aranges
                0x00000058      0x218 .\ARM_GCC_441\Debug\KitProg_Bootloader.a(CyLib.o)
 .debug_aranges
                0x00000270       0xa0 .\ARM_GCC_441\Debug\KitProg_Bootloader.a(cyPm.o)
 .debug_aranges
                0x00000310       0x38 .\ARM_GCC_441\Debug\KitProg_Bootloader.a(Pin_PSoC4A_XRES.o)
 .debug_aranges
                0x00000348       0x68 .\ARM_GCC_441\Debug\KitProg_Bootloader.a(Bootloader.o)
 .debug_aranges
                0x000003b0       0x40 .\ARM_GCC_441\Debug\KitProg_Bootloader.a(USBFS_boot.o)
 .debug_aranges
                0x000003f0       0x98 .\ARM_GCC_441\Debug\KitProg_Bootloader.a(PWM.o)
 .debug_aranges
                0x00000488       0x58 .\ARM_GCC_441\Debug\KitProg_Bootloader.a(cyfitter_cfg.o)
 .debug_aranges
                0x000004e0       0x20 .\ARM_GCC_441\Debug\KitProg_Bootloader.a(CyBootAsmGnu.o)
 .debug_aranges
                0x00000500       0x80 .\ARM_GCC_441\Debug\KitProg_Bootloader.a(CyFlash.o)
 .debug_aranges
                0x00000580       0x68 .\ARM_GCC_441\Debug\KitProg_Bootloader.a(CySpc.o)
 .debug_aranges
                0x000005e8       0xb0 .\ARM_GCC_441\Debug\KitProg_Bootloader.a(USBFS.o)
 .debug_aranges
                0x00000698       0x98 .\ARM_GCC_441\Debug\KitProg_Bootloader.a(USBFS_drv.o)
 .debug_aranges
                0x00000730       0x38 .\ARM_GCC_441\Debug\KitProg_Bootloader.a(USBFS_episr.o)
 .debug_aranges
                0x00000768       0x48 .\ARM_GCC_441\Debug\KitProg_Bootloader.a(USBFS_hid.o)
 .debug_aranges
                0x000007b0       0x80 .\ARM_GCC_441\Debug\KitProg_Bootloader.a(USBFS_std.o)
 .debug_aranges
                0x00000830       0x20 .\ARM_GCC_441\Debug\KitProg_Bootloader.a(USBFS_vnd.o)
 .debug_aranges
                0x00000850       0x20 .\ARM_GCC_441\Debug\KitProg_Bootloader.a(USBFS_cls.o)

.debug_pubnames
                0x00000000     0x1995
 *(.debug_pubnames)
 .debug_pubnames
                0x00000000       0x32 .\ARM_GCC_441\Debug\main.o
 .debug_pubnames
                0x00000032       0x66 .\ARM_GCC_441\Debug\Cm3Start.o
 .debug_pubnames
                0x00000098      0x57a .\ARM_GCC_441\Debug\KitProg_Bootloader.a(CyLib.o)
 .debug_pubnames
                0x00000612       0xbb .\ARM_GCC_441\Debug\KitProg_Bootloader.a(cyPm.o)
 .debug_pubnames
                0x000006cd       0x86 .\ARM_GCC_441\Debug\KitProg_Bootloader.a(Pin_PSoC4A_XRES.o)
 .debug_pubnames
                0x00000753      0x1a0 .\ARM_GCC_441\Debug\KitProg_Bootloader.a(Bootloader.o)
 .debug_pubnames
                0x000008f3       0xc1 .\ARM_GCC_441\Debug\KitProg_Bootloader.a(USBFS_boot.o)
 .debug_pubnames
                0x000009b4      0x165 .\ARM_GCC_441\Debug\KitProg_Bootloader.a(PWM.o)
 .debug_pubnames
                0x00000b19       0x3d .\ARM_GCC_441\Debug\KitProg_Bootloader.a(cyfitter_cfg.o)
 .debug_pubnames
                0x00000b56      0x119 .\ARM_GCC_441\Debug\KitProg_Bootloader.a(CyFlash.o)
 .debug_pubnames
                0x00000c6f       0xd0 .\ARM_GCC_441\Debug\KitProg_Bootloader.a(CySpc.o)
 .debug_pubnames
                0x00000d3f      0x1ca .\ARM_GCC_441\Debug\KitProg_Bootloader.a(USBFS.o)
 .debug_pubnames
                0x00000f09      0x37c .\ARM_GCC_441\Debug\KitProg_Bootloader.a(USBFS_drv.o)
 .debug_pubnames
                0x00001285       0x62 .\ARM_GCC_441\Debug\KitProg_Bootloader.a(USBFS_episr.o)
 .debug_pubnames
                0x000012e7       0xf7 .\ARM_GCC_441\Debug\KitProg_Bootloader.a(USBFS_hid.o)
 .debug_pubnames
                0x000013de      0x1e6 .\ARM_GCC_441\Debug\KitProg_Bootloader.a(USBFS_std.o)
 .debug_pubnames
                0x000015c4       0x2d .\ARM_GCC_441\Debug\KitProg_Bootloader.a(USBFS_vnd.o)
 .debug_pubnames
                0x000015f1       0x2e .\ARM_GCC_441\Debug\KitProg_Bootloader.a(USBFS_cls.o)
 .debug_pubnames
                0x0000161f      0x376 .\ARM_GCC_441\Debug\KitProg_Bootloader.a(USBFS_descr.o)

.debug_info     0x00000000     0x4bb2
 *(.debug_info .gnu.linkonce.wi.*)
 .debug_info    0x00000000      0x131 .\ARM_GCC_441\Debug\main.o
 .debug_info    0x00000131      0x168 .\ARM_GCC_441\Debug\Cm3Start.o
 .debug_info    0x00000299      0xc71 .\ARM_GCC_441\Debug\KitProg_Bootloader.a(CyLib.o)
 .debug_info    0x00000f0a      0x5bb .\ARM_GCC_441\Debug\KitProg_Bootloader.a(cyPm.o)
 .debug_info    0x000014c5      0x120 .\ARM_GCC_441\Debug\KitProg_Bootloader.a(Pin_PSoC4A_XRES.o)
 .debug_info    0x000015e5      0x5e1 .\ARM_GCC_441\Debug\KitProg_Bootloader.a(Bootloader.o)
 .debug_info    0x00001bc6      0x1fc .\ARM_GCC_441\Debug\KitProg_Bootloader.a(USBFS_boot.o)
 .debug_info    0x00001dc2      0x2d1 .\ARM_GCC_441\Debug\KitProg_Bootloader.a(PWM.o)
 .debug_info    0x00002093      0x3fd .\ARM_GCC_441\Debug\KitProg_Bootloader.a(cyfitter_cfg.o)
 .debug_info    0x00002490       0xb5 .\ARM_GCC_441\Debug\KitProg_Bootloader.a(CyBootAsmGnu.o)
 .debug_info    0x00002545      0x3ab .\ARM_GCC_441\Debug\KitProg_Bootloader.a(CyFlash.o)
 .debug_info    0x000028f0      0x39f .\ARM_GCC_441\Debug\KitProg_Bootloader.a(CySpc.o)
 .debug_info    0x00002c8f      0x634 .\ARM_GCC_441\Debug\KitProg_Bootloader.a(USBFS.o)
 .debug_info    0x000032c3      0x53f .\ARM_GCC_441\Debug\KitProg_Bootloader.a(USBFS_drv.o)
 .debug_info    0x00003802      0x1a7 .\ARM_GCC_441\Debug\KitProg_Bootloader.a(USBFS_episr.o)
 .debug_info    0x000039a9      0x37c .\ARM_GCC_441\Debug\KitProg_Bootloader.a(USBFS_hid.o)
 .debug_info    0x00003d25      0x816 .\ARM_GCC_441\Debug\KitProg_Bootloader.a(USBFS_std.o)
 .debug_info    0x0000453b       0xbb .\ARM_GCC_441\Debug\KitProg_Bootloader.a(USBFS_vnd.o)
 .debug_info    0x000045f6      0x19d .\ARM_GCC_441\Debug\KitProg_Bootloader.a(USBFS_cls.o)
 .debug_info    0x00004793      0x41f .\ARM_GCC_441\Debug\KitProg_Bootloader.a(USBFS_descr.o)

.debug_abbrev   0x00000000     0x1439
 *(.debug_abbrev)
 .debug_abbrev  0x00000000       0xaf .\ARM_GCC_441\Debug\main.o
 .debug_abbrev  0x000000af       0xec .\ARM_GCC_441\Debug\Cm3Start.o
 .debug_abbrev  0x0000019b      0x182 .\ARM_GCC_441\Debug\KitProg_Bootloader.a(CyLib.o)
 .debug_abbrev  0x0000031d      0x14d .\ARM_GCC_441\Debug\KitProg_Bootloader.a(cyPm.o)
 .debug_abbrev  0x0000046a       0x85 .\ARM_GCC_441\Debug\KitProg_Bootloader.a(Pin_PSoC4A_XRES.o)
 .debug_abbrev  0x000004ef      0x199 .\ARM_GCC_441\Debug\KitProg_Bootloader.a(Bootloader.o)
 .debug_abbrev  0x00000688       0xa8 .\ARM_GCC_441\Debug\KitProg_Bootloader.a(USBFS_boot.o)
 .debug_abbrev  0x00000730      0x108 .\ARM_GCC_441\Debug\KitProg_Bootloader.a(PWM.o)
 .debug_abbrev  0x00000838      0x16e .\ARM_GCC_441\Debug\KitProg_Bootloader.a(cyfitter_cfg.o)
 .debug_abbrev  0x000009a6       0x14 .\ARM_GCC_441\Debug\KitProg_Bootloader.a(CyBootAsmGnu.o)
 .debug_abbrev  0x000009ba      0x14a .\ARM_GCC_441\Debug\KitProg_Bootloader.a(CyFlash.o)
 .debug_abbrev  0x00000b04      0x10e .\ARM_GCC_441\Debug\KitProg_Bootloader.a(CySpc.o)
 .debug_abbrev  0x00000c12      0x173 .\ARM_GCC_441\Debug\KitProg_Bootloader.a(USBFS.o)
 .debug_abbrev  0x00000d85      0x14f .\ARM_GCC_441\Debug\KitProg_Bootloader.a(USBFS_drv.o)
 .debug_abbrev  0x00000ed4       0xb0 .\ARM_GCC_441\Debug\KitProg_Bootloader.a(USBFS_episr.o)
 .debug_abbrev  0x00000f84      0x142 .\ARM_GCC_441\Debug\KitProg_Bootloader.a(USBFS_hid.o)
 .debug_abbrev  0x000010c6      0x197 .\ARM_GCC_441\Debug\KitProg_Bootloader.a(USBFS_std.o)
 .debug_abbrev  0x0000125d       0x68 .\ARM_GCC_441\Debug\KitProg_Bootloader.a(USBFS_vnd.o)
 .debug_abbrev  0x000012c5       0xb5 .\ARM_GCC_441\Debug\KitProg_Bootloader.a(USBFS_cls.o)
 .debug_abbrev  0x0000137a       0xbf .\ARM_GCC_441\Debug\KitProg_Bootloader.a(USBFS_descr.o)

.debug_line     0x00000000     0x20fe
 *(.debug_line)
 .debug_line    0x00000000       0x9c .\ARM_GCC_441\Debug\main.o
 .debug_line    0x0000009c       0xb8 .\ARM_GCC_441\Debug\Cm3Start.o
 .debug_line    0x00000154      0x659 .\ARM_GCC_441\Debug\KitProg_Bootloader.a(CyLib.o)
 .debug_line    0x000007ad      0x34d .\ARM_GCC_441\Debug\KitProg_Bootloader.a(cyPm.o)
 .debug_line    0x00000afa       0xba .\ARM_GCC_441\Debug\KitProg_Bootloader.a(Pin_PSoC4A_XRES.o)
 .debug_line    0x00000bb4      0x228 .\ARM_GCC_441\Debug\KitProg_Bootloader.a(Bootloader.o)
 .debug_line    0x00000ddc       0xf1 .\ARM_GCC_441\Debug\KitProg_Bootloader.a(USBFS_boot.o)
 .debug_line    0x00000ecd      0x1a4 .\ARM_GCC_441\Debug\KitProg_Bootloader.a(PWM.o)
 .debug_line    0x00001071      0x1b9 .\ARM_GCC_441\Debug\KitProg_Bootloader.a(cyfitter_cfg.o)
 .debug_line    0x0000122a       0x67 .\ARM_GCC_441\Debug\KitProg_Bootloader.a(CyBootAsmGnu.o)
 .debug_line    0x00001291      0x1ac .\ARM_GCC_441\Debug\KitProg_Bootloader.a(CyFlash.o)
 .debug_line    0x0000143d      0x18d .\ARM_GCC_441\Debug\KitProg_Bootloader.a(CySpc.o)
 .debug_line    0x000015ca      0x27d .\ARM_GCC_441\Debug\KitProg_Bootloader.a(USBFS.o)
 .debug_line    0x00001847      0x21d .\ARM_GCC_441\Debug\KitProg_Bootloader.a(USBFS_drv.o)
 .debug_line    0x00001a64       0xd0 .\ARM_GCC_441\Debug\KitProg_Bootloader.a(USBFS_episr.o)
 .debug_line    0x00001b34      0x163 .\ARM_GCC_441\Debug\KitProg_Bootloader.a(USBFS_hid.o)
 .debug_line    0x00001c97      0x2d7 .\ARM_GCC_441\Debug\KitProg_Bootloader.a(USBFS_std.o)
 .debug_line    0x00001f6e       0x83 .\ARM_GCC_441\Debug\KitProg_Bootloader.a(USBFS_vnd.o)
 .debug_line    0x00001ff1       0x94 .\ARM_GCC_441\Debug\KitProg_Bootloader.a(USBFS_cls.o)
 .debug_line    0x00002085       0x79 .\ARM_GCC_441\Debug\KitProg_Bootloader.a(USBFS_descr.o)

.debug_frame    0x00000000     0x1a40
 *(.debug_frame)
 .debug_frame   0x00000000       0x50 .\ARM_GCC_441\Debug\main.o
 .debug_frame   0x00000050       0x5c .\ARM_GCC_441\Debug\Cm3Start.o
 .debug_frame   0x000000ac      0x778 .\ARM_GCC_441\Debug\KitProg_Bootloader.a(CyLib.o)
 .debug_frame   0x00000824      0x208 .\ARM_GCC_441\Debug\KitProg_Bootloader.a(cyPm.o)
 .debug_frame   0x00000a2c       0x80 .\ARM_GCC_441\Debug\KitProg_Bootloader.a(Pin_PSoC4A_XRES.o)
 .debug_frame   0x00000aac      0x12c .\ARM_GCC_441\Debug\KitProg_Bootloader.a(Bootloader.o)
 .debug_frame   0x00000bd8       0xa4 .\ARM_GCC_441\Debug\KitProg_Bootloader.a(USBFS_boot.o)
 .debug_frame   0x00000c7c      0x1d4 .\ARM_GCC_441\Debug\KitProg_Bootloader.a(PWM.o)
 .debug_frame   0x00000e50      0x100 .\ARM_GCC_441\Debug\KitProg_Bootloader.a(cyfitter_cfg.o)
 .debug_frame   0x00000f50      0x198 .\ARM_GCC_441\Debug\KitProg_Bootloader.a(CyFlash.o)
 .debug_frame   0x000010e8      0x13c .\ARM_GCC_441\Debug\KitProg_Bootloader.a(CySpc.o)
 .debug_frame   0x00001224      0x234 .\ARM_GCC_441\Debug\KitProg_Bootloader.a(USBFS.o)
 .debug_frame   0x00001458      0x1e0 .\ARM_GCC_441\Debug\KitProg_Bootloader.a(USBFS_drv.o)
 .debug_frame   0x00001638       0x80 .\ARM_GCC_441\Debug\KitProg_Bootloader.a(USBFS_episr.o)
 .debug_frame   0x000016b8       0xc8 .\ARM_GCC_441\Debug\KitProg_Bootloader.a(USBFS_hid.o)
 .debug_frame   0x00001780      0x19c .\ARM_GCC_441\Debug\KitProg_Bootloader.a(USBFS_std.o)
 .debug_frame   0x0000191c       0x2c .\ARM_GCC_441\Debug\KitProg_Bootloader.a(USBFS_vnd.o)
 .debug_frame   0x00001948       0x30 .\ARM_GCC_441\Debug\KitProg_Bootloader.a(USBFS_cls.o)
 .debug_frame   0x00001978       0x34 c:/program files/cypress/psoc creator/2.2/psoc creator/import/gnu_cs/arm/4.4.1/bin/../lib/gcc/arm-none-eabi/4.4.1/../../../../arm-none-eabi/lib/thumb2\libc.a(lib_a-memcpy.o)
 .debug_frame   0x000019ac       0x28 c:/program files/cypress/psoc creator/2.2/psoc creator/import/gnu_cs/arm/4.4.1/bin/../lib/gcc/arm-none-eabi/4.4.1/../../../../arm-none-eabi/lib/thumb2\libc.a(lib_a-memset.o)
 .debug_frame   0x000019d4       0x40 c:/program files/cypress/psoc creator/2.2/psoc creator/import/gnu_cs/arm/4.4.1/bin/../lib/gcc/arm-none-eabi/4.4.1/../../../../arm-none-eabi/lib/thumb2\libcs3.a(start_c.o)
 .debug_frame   0x00001a14       0x2c c:/program files/cypress/psoc creator/2.2/psoc creator/import/gnu_cs/arm/4.4.1/bin/../lib/gcc/arm-none-eabi/4.4.1/../../../../arm-none-eabi/lib/thumb2\libc.a(lib_a-init.o)

.debug_str      0x00000000     0x221b
 *(.debug_str)
 .debug_str     0x00000000      0x15b .\ARM_GCC_441\Debug\main.o
                                0x194 (size before relaxing)
 .debug_str     0x0000015b       0x8e .\ARM_GCC_441\Debug\Cm3Start.o
                                0x1a7 (size before relaxing)
 .debug_str     0x000001e9      0x641 .\ARM_GCC_441\Debug\KitProg_Bootloader.a(CyLib.o)
                                0x794 (size before relaxing)
 .debug_str     0x0000082a      0x382 .\ARM_GCC_441\Debug\KitProg_Bootloader.a(cyPm.o)
                                0x4b9 (size before relaxing)
 .debug_str     0x00000bac       0xa0 .\ARM_GCC_441\Debug\KitProg_Bootloader.a(Pin_PSoC4A_XRES.o)
                                0x1b1 (size before relaxing)
 .debug_str     0x00000c4c      0x29c .\ARM_GCC_441\Debug\KitProg_Bootloader.a(Bootloader.o)
                                0x43e (size before relaxing)
 .debug_str     0x00000ee8       0xc4 .\ARM_GCC_441\Debug\KitProg_Bootloader.a(USBFS_boot.o)
                                0x1fa (size before relaxing)
 .debug_str     0x00000fac      0x172 .\ARM_GCC_441\Debug\KitProg_Bootloader.a(PWM.o)
                                0x28d (size before relaxing)
 .debug_str     0x0000111e      0x15c .\ARM_GCC_441\Debug\KitProg_Bootloader.a(cyfitter_cfg.o)
                                0x2ae (size before relaxing)
 .debug_str     0x0000127a      0x131 .\ARM_GCC_441\Debug\KitProg_Bootloader.a(CyFlash.o)
                                0x28d (size before relaxing)
 .debug_str     0x000013ab       0xfe .\ARM_GCC_441\Debug\KitProg_Bootloader.a(CySpc.o)
                                0x244 (size before relaxing)
 .debug_str     0x000014a9      0x313 .\ARM_GCC_441\Debug\KitProg_Bootloader.a(USBFS.o)
                                0x455 (size before relaxing)
 .debug_str     0x000017bc      0x2ce .\ARM_GCC_441\Debug\KitProg_Bootloader.a(USBFS_drv.o)
                                0x53f (size before relaxing)
 .debug_str     0x00001a8a       0x67 .\ARM_GCC_441\Debug\KitProg_Bootloader.a(USBFS_episr.o)
                                0x1fb (size before relaxing)
 .debug_str     0x00001af1      0x114 .\ARM_GCC_441\Debug\KitProg_Bootloader.a(USBFS_hid.o)
                                0x30a (size before relaxing)
 .debug_str     0x00001c05      0x2ae .\ARM_GCC_441\Debug\KitProg_Bootloader.a(USBFS_std.o)
                                0x5d5 (size before relaxing)
 .debug_str     0x00001eb3       0x3c .\ARM_GCC_441\Debug\KitProg_Bootloader.a(USBFS_vnd.o)
                                0x157 (size before relaxing)
 .debug_str     0x00001eef       0x3d .\ARM_GCC_441\Debug\KitProg_Bootloader.a(USBFS_cls.o)
                                0x205 (size before relaxing)
 .debug_str     0x00001f2c      0x2ef .\ARM_GCC_441\Debug\KitProg_Bootloader.a(USBFS_descr.o)
                                0x548 (size before relaxing)

.debug_loc      0x00000000     0x29aa
 *(.debug_loc)
 .debug_loc     0x00000000       0x6e .\ARM_GCC_441\Debug\main.o
 .debug_loc     0x0000006e       0x62 .\ARM_GCC_441\Debug\Cm3Start.o
 .debug_loc     0x000000d0      0xca0 .\ARM_GCC_441\Debug\KitProg_Bootloader.a(CyLib.o)
 .debug_loc     0x00000d70      0x32f .\ARM_GCC_441\Debug\KitProg_Bootloader.a(cyPm.o)
 .debug_loc     0x0000109f       0xc4 .\ARM_GCC_441\Debug\KitProg_Bootloader.a(Pin_PSoC4A_XRES.o)
 .debug_loc     0x00001163      0x1db .\ARM_GCC_441\Debug\KitProg_Bootloader.a(Bootloader.o)
 .debug_loc     0x0000133e       0xef .\ARM_GCC_441\Debug\KitProg_Bootloader.a(USBFS_boot.o)
 .debug_loc     0x0000142d      0x310 .\ARM_GCC_441\Debug\KitProg_Bootloader.a(PWM.o)
 .debug_loc     0x0000173d      0x1ac .\ARM_GCC_441\Debug\KitProg_Bootloader.a(cyfitter_cfg.o)
 .debug_loc     0x000018e9      0x283 .\ARM_GCC_441\Debug\KitProg_Bootloader.a(CyFlash.o)
 .debug_loc     0x00001b6c      0x226 .\ARM_GCC_441\Debug\KitProg_Bootloader.a(CySpc.o)
 .debug_loc     0x00001d92      0x3fd .\ARM_GCC_441\Debug\KitProg_Bootloader.a(USBFS.o)
 .debug_loc     0x0000218f      0x2f8 .\ARM_GCC_441\Debug\KitProg_Bootloader.a(USBFS_drv.o)
 .debug_loc     0x00002487       0xac .\ARM_GCC_441\Debug\KitProg_Bootloader.a(USBFS_episr.o)
 .debug_loc     0x00002533      0x14a .\ARM_GCC_441\Debug\KitProg_Bootloader.a(USBFS_hid.o)
 .debug_loc     0x0000267d      0x2bf .\ARM_GCC_441\Debug\KitProg_Bootloader.a(USBFS_std.o)
 .debug_loc     0x0000293c       0x37 .\ARM_GCC_441\Debug\KitProg_Bootloader.a(USBFS_vnd.o)
 .debug_loc     0x00002973       0x37 .\ARM_GCC_441\Debug\KitProg_Bootloader.a(USBFS_cls.o)

.debug_macinfo
 *(.debug_macinfo)

.debug_ranges   0x00000000      0x7c0
 *(.debug_ranges)
 .debug_ranges  0x00000000       0x20 .\ARM_GCC_441\Debug\main.o
 .debug_ranges  0x00000020       0x28 .\ARM_GCC_441\Debug\Cm3Start.o
 .debug_ranges  0x00000048      0x210 .\ARM_GCC_441\Debug\KitProg_Bootloader.a(CyLib.o)
 .debug_ranges  0x00000258       0x98 .\ARM_GCC_441\Debug\KitProg_Bootloader.a(cyPm.o)
 .debug_ranges  0x000002f0       0x30 .\ARM_GCC_441\Debug\KitProg_Bootloader.a(Pin_PSoC4A_XRES.o)
 .debug_ranges  0x00000320       0x60 .\ARM_GCC_441\Debug\KitProg_Bootloader.a(Bootloader.o)
 .debug_ranges  0x00000380       0x38 .\ARM_GCC_441\Debug\KitProg_Bootloader.a(USBFS_boot.o)
 .debug_ranges  0x000003b8       0x90 .\ARM_GCC_441\Debug\KitProg_Bootloader.a(PWM.o)
 .debug_ranges  0x00000448       0x50 .\ARM_GCC_441\Debug\KitProg_Bootloader.a(cyfitter_cfg.o)
 .debug_ranges  0x00000498       0x78 .\ARM_GCC_441\Debug\KitProg_Bootloader.a(CyFlash.o)
 .debug_ranges  0x00000510       0x60 .\ARM_GCC_441\Debug\KitProg_Bootloader.a(CySpc.o)
 .debug_ranges  0x00000570       0xa8 .\ARM_GCC_441\Debug\KitProg_Bootloader.a(USBFS.o)
 .debug_ranges  0x00000618       0x90 .\ARM_GCC_441\Debug\KitProg_Bootloader.a(USBFS_drv.o)
 .debug_ranges  0x000006a8       0x30 .\ARM_GCC_441\Debug\KitProg_Bootloader.a(USBFS_episr.o)
 .debug_ranges  0x000006d8       0x40 .\ARM_GCC_441\Debug\KitProg_Bootloader.a(USBFS_hid.o)
 .debug_ranges  0x00000718       0x78 .\ARM_GCC_441\Debug\KitProg_Bootloader.a(USBFS_std.o)
 .debug_ranges  0x00000790       0x18 .\ARM_GCC_441\Debug\KitProg_Bootloader.a(USBFS_vnd.o)
 .debug_ranges  0x000007a8       0x18 .\ARM_GCC_441\Debug\KitProg_Bootloader.a(USBFS_cls.o)

.debug_weaknames
 *(.debug_weaknames)

.debug_funcnames
 *(.debug_funcnames)

.debug_typenames
 *(.debug_typenames)

.debug_varnames
 *(.debug_varnames)

.note.gnu.arm.ident
 *(.note.gnu.arm.ident)

.ARM.attributes
                0x00000000       0x25
 *(.ARM.attributes)
 .ARM.attributes
                0x00000000       0x19 c:/program files/cypress/psoc creator/2.2/psoc creator/import/gnu_cs/arm/4.4.1/bin/../lib/gcc/arm-none-eabi/4.4.1/thumb2/crti.o
 .ARM.attributes
                0x00000019       0x29 c:/program files/cypress/psoc creator/2.2/psoc creator/import/gnu_cs/arm/4.4.1/bin/../lib/gcc/arm-none-eabi/4.4.1/thumb2/crtbegin.o
 .ARM.attributes
                0x00000042       0x31 .\ARM_GCC_441\Debug\main.o
 .ARM.attributes
                0x00000073       0x31 .\ARM_GCC_441\Debug\Cm3Start.o
 .ARM.attributes
                0x000000a4       0x31 .\ARM_GCC_441\Debug\KitProg_Bootloader.a(CyLib.o)
 .ARM.attributes
                0x000000d5       0x31 .\ARM_GCC_441\Debug\KitProg_Bootloader.a(cyPm.o)
 .ARM.attributes
                0x00000106       0x31 .\ARM_GCC_441\Debug\KitProg_Bootloader.a(Pin_PSoC4A_XRES.o)
 .ARM.attributes
                0x00000137       0x31 .\ARM_GCC_441\Debug\KitProg_Bootloader.a(Bootloader.o)
 .ARM.attributes
                0x00000168       0x31 .\ARM_GCC_441\Debug\KitProg_Bootloader.a(USBFS_boot.o)
 .ARM.attributes
                0x00000199       0x31 .\ARM_GCC_441\Debug\KitProg_Bootloader.a(PWM.o)
 .ARM.attributes
                0x000001ca       0x31 .\ARM_GCC_441\Debug\KitProg_Bootloader.a(cyfitter_cfg.o)
 .ARM.attributes
                0x000001fb       0x21 .\ARM_GCC_441\Debug\KitProg_Bootloader.a(CyBootAsmGnu.o)
 .ARM.attributes
                0x0000021c       0x31 .\ARM_GCC_441\Debug\KitProg_Bootloader.a(CyFlash.o)
 .ARM.attributes
                0x0000024d       0x31 .\ARM_GCC_441\Debug\KitProg_Bootloader.a(CySpc.o)
 .ARM.attributes
                0x0000027e       0x31 .\ARM_GCC_441\Debug\KitProg_Bootloader.a(USBFS.o)
 .ARM.attributes
                0x000002af       0x31 .\ARM_GCC_441\Debug\KitProg_Bootloader.a(USBFS_drv.o)
 .ARM.attributes
                0x000002e0       0x31 .\ARM_GCC_441\Debug\KitProg_Bootloader.a(USBFS_episr.o)
 .ARM.attributes
                0x00000311       0x31 .\ARM_GCC_441\Debug\KitProg_Bootloader.a(USBFS_hid.o)
 .ARM.attributes
                0x00000342       0x31 .\ARM_GCC_441\Debug\KitProg_Bootloader.a(USBFS_std.o)
 .ARM.attributes
                0x00000373       0x31 .\ARM_GCC_441\Debug\KitProg_Bootloader.a(USBFS_vnd.o)
 .ARM.attributes
                0x000003a4       0x31 .\ARM_GCC_441\Debug\KitProg_Bootloader.a(USBFS_cls.o)
 .ARM.attributes
                0x000003d5       0x31 .\ARM_GCC_441\Debug\KitProg_Bootloader.a(USBFS_descr.o)
 .ARM.attributes
                0x00000406       0x29 c:/program files/cypress/psoc creator/2.2/psoc creator/import/gnu_cs/arm/4.4.1/bin/../lib/gcc/arm-none-eabi/4.4.1/../../../../arm-none-eabi/lib/thumb2\libc.a(lib_a-memcpy.o)
 .ARM.attributes
                0x0000042f       0x29 c:/program files/cypress/psoc creator/2.2/psoc creator/import/gnu_cs/arm/4.4.1/bin/../lib/gcc/arm-none-eabi/4.4.1/../../../../arm-none-eabi/lib/thumb2\libc.a(lib_a-memset.o)
 .ARM.attributes
                0x00000458       0x29 c:/program files/cypress/psoc creator/2.2/psoc creator/import/gnu_cs/arm/4.4.1/bin/../lib/gcc/arm-none-eabi/4.4.1/thumb2/crtend.o
 .ARM.attributes
                0x00000481       0x19 c:/program files/cypress/psoc creator/2.2/psoc creator/import/gnu_cs/arm/4.4.1/bin/../lib/gcc/arm-none-eabi/4.4.1/thumb2/crtn.o
 .ARM.attributes
                0x0000049a       0x29 c:/program files/cypress/psoc creator/2.2/psoc creator/import/gnu_cs/arm/4.4.1/bin/../lib/gcc/arm-none-eabi/4.4.1/../../../../arm-none-eabi/lib/thumb2\libcs3.a(start_c.o)
 .ARM.attributes
                0x000004c3       0x19 c:/program files/cypress/psoc creator/2.2/psoc creator/import/gnu_cs/arm/4.4.1/bin/../lib/gcc/arm-none-eabi/4.4.1/../../../../arm-none-eabi/lib/thumb2\libcs3micro.a(micro_isr_interrupt.o)
 .ARM.attributes
                0x000004dc       0x29 c:/program files/cypress/psoc creator/2.2/psoc creator/import/gnu_cs/arm/4.4.1/bin/../lib/gcc/arm-none-eabi/4.4.1/../../../../arm-none-eabi/lib/thumb2\libc.a(lib_a-init.o)

/DISCARD/
 *(.note.GNU-stack)
OUTPUT(.\ARM_GCC_441\Debug\KitProg_Bootloader.elf elf32-littlearm)
